node.exe : INFO  
2026-03-15T08:16:56 
+851ms 
service=default 
version=1.2.4 
args=["run","Crea uno 
script python 
hello_world.py che 
stampi 'Hello from 
NVIDIA Nemotron'","--p
rint-logs","--log-leve
l","DEBUG"] opencode
At C:\Program Files\no
dejs\opencode.ps1:16 
char:5
+     & 
"$basedir/node$exe"  "
$basedir/node_modules/
opencode-ai/bin/ope 
...
+     ~~~~~~~~~~~~~~~~
~~~~~~~~~~~~~~~~~~~~~~
~~~~~~~~~~~~~~~~~~~~~~
~~~~~
    + CategoryInfo    
          : NotSpeci  
  fied: (INFO  2026   
 -03-1...EBUG"] op    
encode:String) []    
, RemoteException
    + FullyQualifiedE 
   rrorId : NativeCo  
  mmandError
 
INFO  
2026-03-15T08:16:56 
+2ms service=default d
irectory=C:\Users\dany
p\CODE\project-devs-te
am creating instance
INFO  
2026-03-15T08:16:56 
+0ms service=project d
irectory=C:\Users\dany
p\CODE\project-devs-te
am fromDirectory
INFO  
2026-03-15T08:16:56 
+279ms service=db path
=C:\Users\danyp\.local
\share\opencode\openco
de.db opening database
INFO  
2026-03-15T08:16:56 
+23ms service=db 
count=3 mode=bundled 
applying migrations
INFO  
2026-03-15T08:16:56 
+24ms service=default 
directory=C:\Users\dan
yp\CODE\project-devs-t
eam bootstrapping
INFO  
2026-03-15T08:16:56 
+12ms service=config p
ath=C:\Users\danyp\.co
nfig\opencode\config.j
son loading
INFO  
2026-03-15T08:16:56 
+1ms service=config pa
th=C:\Users\danyp\.con
fig\opencode\opencode.
json loading
INFO  
2026-03-15T08:16:56 
+22ms service=config p
ath=C:\Users\danyp\.co
nfig\opencode\opencode
.jsonc loading
INFO  
2026-03-15T08:16:56 
+18ms service=plugin 
name=CodexAuthPlugin 
loading internal 
plugin
INFO  
2026-03-15T08:16:56 
+1ms service=plugin na
me=CopilotAuthPlugin 
loading internal 
plugin
INFO  
2026-03-15T08:16:56 
+1ms service=plugin 
name=gitlabAuthPlugin 
loading internal 
plugin
INFO  
2026-03-15T08:16:56 
+0ms service=plugin pa
th=opencode-anthropic-
auth@0.0.13 loading 
plugin
INFO  
2026-03-15T08:16:56 
+115ms service=bus 
type=* subscribing
INFO  
2026-03-15T08:16:56 
+1ms service=bus 
type=session.updated 
subscribing
INFO  
2026-03-15T08:16:56 
+0ms service=bus 
type=message.updated 
subscribing
INFO  
2026-03-15T08:16:56 
+0ms service=bus type=
message.part.updated 
subscribing
INFO  
2026-03-15T08:16:56 
+0ms service=bus 
type=session.diff 
subscribing
INFO  
2026-03-15T08:16:56 
+0ms service=format 
init
INFO  
2026-03-15T08:16:56 
+0ms service=bus 
type=file.edited 
subscribing
INFO  
2026-03-15T08:16:56 
+2ms service=lsp 
serverIds=deno, 
typescript, vue, 
eslint, oxlint, 
biome, gopls, 
ruby-lsp, pyright, 
elixir-ls, zls, 
csharp, fsharp, 
sourcekit-lsp, rust, 
clangd, svelte, 
astro, jdtls, 
kotlin-ls, yaml-ls, 
lua-ls, php 
intelephense, prisma, 
dart, ocaml-lsp, 
bash, terraform, 
texlab, dockerfile, 
gleam, clojure-lsp, 
nixd, tinymist, haskel
l-language-server 
enabled LSP servers
INFO  
2026-03-15T08:16:56 
+1ms 
service=file.watcher 
init
INFO  
2026-03-15T08:16:56 
+10ms 
service=scheduler 
id=snapshot.cleanup 
run
INFO  
2026-03-15T08:16:56 
+1ms 
service=scheduler id=t
ool.truncation.cleanup
 run
INFO  
2026-03-15T08:16:56 
+1ms service=bus 
type=command.executed 
subscribing
INFO  
2026-03-15T08:16:56 
+10ms 
service=file.watcher 
platform=win32 
backend=windows 
watcher backend
INFO  
2026-03-15T08:16:56 
+217ms service=server 
method=POST 
path=/session request
INFO  
2026-03-15T08:16:56 
+1ms service=server 
status=started 
method=POST 
path=/session request
INFO  
2026-03-15T08:16:56 
+9ms service=session i
d=ses_30f6e242fffecCYR
rLZXaMu3NS 
slug=curious-falcon 
version=1.2.4 projectI
D=24660fcd62579a49b980
1128c2ea2544a9ead14f d
irectory=C:\Users\dany
p\CODE\project-devs-te
am title=New session 
- 2026-03-15T08:16:56.
785Z permission=[{"per
mission":"question","p
attern":"*","action":"
deny"},{"permission":"
plan_enter","pattern":
"*","action":"deny"},{
"permission":"plan_exi
t","pattern":"*","acti
on":"deny"}] time={"cr
eated":1773562616785,"
updated":1773562616785
} created
INFO  
2026-03-15T08:16:56 
+2ms service=bus 
type=session.created 
publishing
INFO  
2026-03-15T08:16:56 
+1ms service=bus 
type=session.updated 
publishing
INFO  
2026-03-15T08:16:56 
+2ms service=server 
status=completed 
duration=14 
method=POST 
path=/session request
INFO  
2026-03-15T08:16:56 
+2ms service=server 
method=GET 
path=/config request
INFO  
2026-03-15T08:16:56 
+0ms service=server 
status=started 
method=GET 
path=/config request
INFO  
2026-03-15T08:16:56 
+1ms service=server 
status=completed 
duration=1 method=GET 
path=/config request
INFO  
2026-03-15T08:16:56 
+5ms service=server 
method=GET 
path=/event request
INFO  
2026-03-15T08:16:56 
+1ms service=server 
status=started 
method=GET 
path=/event request
INFO  
2026-03-15T08:16:56 
+0ms service=server 
method=POST path=/sess
ion/ses_30f6e242fffecC
YRrLZXaMu3NS/message 
request
INFO  
2026-03-15T08:16:56 
+0ms service=server 
status=started 
method=POST path=/sess
ion/ses_30f6e242fffecC
YRrLZXaMu3NS/message 
request
INFO  
2026-03-15T08:16:56 
+0ms service=server 
event connected
INFO  
2026-03-15T08:16:56 
+5ms service=bus 
type=* subscribing
INFO  
2026-03-15T08:16:56 
+24ms service=server 
status=completed 
duration=29 
method=GET 
path=/event request
INFO  
2026-03-15T08:16:56 
+6ms service=server 
status=completed 
duration=35 
method=POST path=/sess
ion/ses_30f6e242fffecC
YRrLZXaMu3NS/message 
request
INFO  
2026-03-15T08:16:56 
+29ms service=vcs 
branch=main 
initialized
INFO  
2026-03-15T08:16:56 
+0ms service=bus type=
file.watcher.updated 
subscribing
INFO  
2026-03-15T08:16:56 
+35ms service=bus 
type=message.updated 
publishing
INFO  
2026-03-15T08:16:56 
+10ms 
service=provider 
status=started state
INFO  
2026-03-15T08:16:56 
+6ms service=bus type=
message.part.updated 
publishing
INFO  
2026-03-15T08:16:56 
+6ms service=bus 
type=session.updated 
publishing
INFO  
2026-03-15T08:16:56 
+12ms service=bus 
type=session.status 
publishing
INFO  
2026-03-15T08:16:56 
+1ms service=session.p
rompt step=0 sessionID
=ses_30f6e242fffecCYRr
LZXaMu3NS loop
INFO  
2026-03-15T08:16:57 
+158ms 
service=provider init
INFO  
2026-03-15T08:16:57 
+21ms 
service=provider 
providerID=nvidia 
found
INFO  
2026-03-15T08:16:57 
+1ms service=provider 
providerID=openrouter 
found
INFO  
2026-03-15T08:16:57 
+0ms service=provider 
providerID=opencode 
found
INFO  
2026-03-15T08:16:57 
+1ms service=provider 
providerID=openai 
found
INFO  
2026-03-15T08:16:57 
+1ms service=provider 
status=completed 
duration=207 state
INFO  
2026-03-15T08:16:57 
+6ms service=llm 
providerID=openai 
modelID=gpt-5-nano ses
sionID=ses_30f6e242fff
ecCYRrLZXaMu3NS 
small=true 
agent=title 
mode=primary stream
INFO  
2026-03-15T08:16:57 
+9ms service=bus 
type=message.updated 
publishing
INFO  
2026-03-15T08:16:57 
+2ms service=provider 
status=started 
providerID=openai 
getSDK
INFO  
2026-03-15T08:16:57 
+2ms service=session.p
rompt status=started 
resolveTools
INFO  
2026-03-15T08:16:57 
+2ms service=provider 
providerID=openai 
pkg=@ai-sdk/openai 
using bundled provider
INFO  
2026-03-15T08:16:57 
+0ms service=provider 
status=completed 
duration=4 
providerID=openai 
getSDK
[0m> build ┬À 
nemotron
[0m

INFO  
2026-03-15T08:16:57 
+3ms 
service=tool.registry 
status=started invalid
INFO  
2026-03-15T08:16:57 
+0ms 
service=tool.registry 
status=started 
question
INFO  
2026-03-15T08:16:57 
+1ms 
service=tool.registry 
status=started bash
INFO  
2026-03-15T08:16:57 
+5ms 
service=bash-tool 
shell=C:\Program Files
\Git\bin\bash.exe 
bash tool using shell
INFO  
2026-03-15T08:16:57 
+1ms 
service=tool.registry 
status=started read
INFO  
2026-03-15T08:16:57 
+0ms 
service=tool.registry 
status=started glob
INFO  
2026-03-15T08:16:57 
+0ms 
service=tool.registry 
status=started grep
INFO  
2026-03-15T08:16:57 
+0ms 
service=tool.registry 
status=started edit
INFO  
2026-03-15T08:16:57 
+0ms 
service=tool.registry 
status=started write
INFO  
2026-03-15T08:16:57 
+0ms 
service=tool.registry 
status=started task
INFO  
2026-03-15T08:16:57 
+1ms 
service=tool.registry 
status=started 
webfetch
INFO  
2026-03-15T08:16:57 
+0ms 
service=tool.registry 
status=started 
todowrite
INFO  
2026-03-15T08:16:57 
+0ms 
service=tool.registry 
status=started skill
INFO  
2026-03-15T08:16:57 
+2ms 
service=tool.registry 
status=completed 
duration=9 invalid
INFO  
2026-03-15T08:16:57 
+0ms 
service=tool.registry 
status=completed 
duration=10 question
INFO  
2026-03-15T08:16:57 
+0ms 
service=tool.registry 
status=completed 
duration=3 read
INFO  
2026-03-15T08:16:57 
+0ms 
service=tool.registry 
status=completed 
duration=3 glob
INFO  
2026-03-15T08:16:57 
+0ms 
service=tool.registry 
status=completed 
duration=3 grep
INFO  
2026-03-15T08:16:57 
+0ms 
service=tool.registry 
status=completed 
duration=3 edit
INFO  
2026-03-15T08:16:57 
+0ms 
service=tool.registry 
status=completed 
duration=3 write
INFO  
2026-03-15T08:16:57 
+1ms 
service=tool.registry 
status=completed 
duration=3 webfetch
INFO  
2026-03-15T08:16:57 
+0ms 
service=tool.registry 
status=completed 
duration=3 todowrite
INFO  
2026-03-15T08:16:57 
+0ms 
service=tool.registry 
status=completed 
duration=10 bash
INFO  
2026-03-15T08:16:57 
+0ms 
service=permission 
permission=task 
pattern=general rulese
t=[{"permission":"*","
action":"allow","patte
rn":"*"},{"permission"
:"doom_loop","action":
"ask","pattern":"*"},{
"permission":"external
_directory","pattern":
"*","action":"ask"},{"
permission":"external_
directory","pattern":"
C:\\Users\\danyp\\.loc
al\\share\\opencode\\t
ool-output\\*","action
":"allow"},{"permissio
n":"question","action"
:"deny","pattern":"*"}
,{"permission":"plan_e
nter","action":"deny",
"pattern":"*"},{"permi
ssion":"plan_exit","ac
tion":"deny","pattern"
:"*"},{"permission":"r
ead","pattern":"*","ac
tion":"allow"},{"permi
ssion":"read","pattern
":"*.env","action":"as
k"},{"permission":"rea
d","pattern":"*.env.*"
,"action":"ask"},{"per
mission":"read","patte
rn":"*.env.example","a
ction":"allow"},{"perm
ission":"question","ac
tion":"allow","pattern
":"*"},{"permission":"
plan_enter","action":"
allow","pattern":"*"},
{"permission":"externa
l_directory","pattern"
:"C:\\Users\\danyp\\.l
ocal\\share\\opencode\
\tool-output\\*","acti
on":"allow"}] evaluate
INFO  
2026-03-15T08:16:57 
+1ms 
service=permission 
permission=task 
pattern=explore rulese
t=[{"permission":"*","
action":"allow","patte
rn":"*"},{"permission"
:"doom_loop","action":
"ask","pattern":"*"},{
"permission":"external
_directory","pattern":
"*","action":"ask"},{"
permission":"external_
directory","pattern":"
C:\\Users\\danyp\\.loc
al\\share\\opencode\\t
ool-output\\*","action
":"allow"},{"permissio
n":"question","action"
:"deny","pattern":"*"}
,{"permission":"plan_e
nter","action":"deny",
"pattern":"*"},{"permi
ssion":"plan_exit","ac
tion":"deny","pattern"
:"*"},{"permission":"r
ead","pattern":"*","ac
tion":"allow"},{"permi
ssion":"read","pattern
":"*.env","action":"as
k"},{"permission":"rea
d","pattern":"*.env.*"
,"action":"ask"},{"per
mission":"read","patte
rn":"*.env.example","a
ction":"allow"},{"perm
ission":"question","ac
tion":"allow","pattern
":"*"},{"permission":"
plan_enter","action":"
allow","pattern":"*"},
{"permission":"externa
l_directory","pattern"
:"C:\\Users\\danyp\\.l
ocal\\share\\opencode\
\tool-output\\*","acti
on":"allow"}] evaluate
INFO  
2026-03-15T08:16:57 
+0ms 
service=tool.registry 
status=completed 
duration=4 skill
INFO  
2026-03-15T08:16:57 
+0ms 
service=tool.registry 
status=completed 
duration=5 task
INFO  
2026-03-15T08:16:57 
+12ms service=session.
prompt 
status=completed 
duration=29 
resolveTools
INFO  
2026-03-15T08:16:57 
+7ms service=bus 
type=session.updated 
publishing
INFO  
2026-03-15T08:16:57 
+2ms service=bus 
type=message.updated 
publishing
INFO  
2026-03-15T08:16:57 
+6ms service=llm 
providerID=openai 
modelID=gpt-5-nano ses
sionID=ses_30f6e242fff
ecCYRrLZXaMu3NS 
small=true 
agent=title 
mode=primary stream
INFO  
2026-03-15T08:16:57 
+8ms service=session.p
rocessor process
INFO  
2026-03-15T08:16:57 
+1ms service=llm 
providerID=openai 
modelID=nemotron sessi
onID=ses_30f6e242fffec
CYRrLZXaMu3NS 
small=false 
agent=build 
mode=primary stream
INFO  
2026-03-15T08:16:57 
+0ms service=provider 
status=started 
providerID=openai 
getSDK
INFO  
2026-03-15T08:16:57 
+1ms service=provider 
status=completed 
duration=0 
providerID=openai 
getSDK
INFO  
2026-03-15T08:16:57 
+78ms service=bus 
type=session.diff 
publishing
INFO  
2026-03-15T08:16:57 
+9ms service=bus 
type=session.status 
publishing
ERROR 
2026-03-15T08:16:57 
+447ms service=llm 
providerID=openai 
modelID=nemotron sessi
onID=ses_30f6e242fffec
CYRrLZXaMu3NS 
small=false 
agent=build 
mode=primary error={"e
rror":{"name":"AI_APIC
allError","url":"https
://integrate.api.nvidi
a.com/v1/responses","r
equestBodyValues":{"mo
del":"gpt-5-nano","inp
ut":[{"role":"develope
r","content":"You are 
a title generator. 
You output ONLY a 
thread title. Nothing 
else.\n\n<task>\nGener
ate a brief title 
that would help the 
user find this 
conversation 
later.\n\nFollow all 
rules in <rules>\nUse 
the <examples> so you 
know what a good 
title looks 
like.\nYour output 
must be:\n- A single 
line\n- Ôëñ50 
characters\n- No expla
nations\n</task>\n\n<r
ules>\n- you MUST use 
the same language as 
the user message you 
are summarizing\n- 
Title must be 
grammatically correct 
and read naturally - 
no word salad\n- 
Never include tool 
names in the title 
(e.g. \"read tool\", 
\"bash tool\", \"edit 
tool\")\n- Focus on 
the main topic or 
question the user 
needs to retrieve\n- 
Vary your phrasing - 
avoid repetitive 
patterns like always 
starting with 
\"Analyzing\"\n- When 
a file is mentioned, 
focus on WHAT the 
user wants to do WITH 
the file, not just 
that they shared 
it\n- Keep exact: 
technical terms, 
numbers, filenames, 
HTTP codes\n- Remove: 
the, this, my, a, 
an\n- Never assume 
tech stack\n- Never 
use tools\n- NEVER 
respond to questions, 
just generate a title 
for the 
conversation\n- The 
title should NEVER 
include 
\"summarizing\" or 
\"generating\" when 
generating a title\n- 
DO NOT SAY YOU CANNOT 
GENERATE A TITLE OR 
COMPLAIN ABOUT THE 
INPUT\n- Always 
output something 
meaningful, even if 
the input is 
minimal.\n- If the 
user message is short 
or conversational 
(e.g. \"hello\", 
\"lol\", \"what's 
up\", \"hey\"):\n  
ÔåÆ create a title 
that reflects the 
user's tone or intent 
(such as Greeting, 
Quick check-in, Light 
chat, Intro message, e
tc.)\n</rules>\n\n<exa
mples>\n\"debug 500 
errors in 
production\" ÔåÆ 
Debugging production 
500 
errors\n\"refactor 
user service\" ÔåÆ 
Refactoring user 
service\n\"why is 
app.js failing\" ÔåÆ 
app.js failure investi
gation\n\"implement 
rate limiting\" ÔåÆ 
Rate limiting 
implementation\n\"how 
do I connect postgres 
to my API\" ÔåÆ 
Postgres API 
connection\n\"best 
practices for React 
hooks\" ÔåÆ React 
hooks best practices\n
\"@src/auth.ts can 
you add refresh token 
support\" ÔåÆ Auth 
refresh token support\
n\"@utils/parser.ts 
this is broken\" ÔåÆ 
Parser bug 
fix\n\"look at 
@config.json\" ÔåÆ 
Config 
review\n\"@App.tsx 
add dark mode 
toggle\" ÔåÆ Dark 
mode toggle in App\n</
examples>\n"},{"role":
"user","content":[{"ty
pe":"input_text","text
":"Generate a title 
for this conversation:
\n"}]},{"role":"user",
"content":[{"type":"in
put_text","text":"\"Cr
ea uno script python 
hello_world.py che 
stampi 'Hello from 
NVIDIA Nemotron'\""}]}
],"max_output_tokens":
32000,"store":false,"i
nclude":["reasoning.en
crypted_content"],"rea
soning":{"effort":"min
imal"},"stream":true},
"statusCode":404,"resp
onseHeaders":{"connect
ion":"keep-alive","con
tent-length":"19","con
tent-type":"text/plain
; charset=utf-8","date
":"Sun, 15 Mar 2026 
08:16:56 GMT","vary":"
Origin","x-content-typ
e-options":"nosniff"},
"responseBody":"404 
page not found\n","isR
etryable":false}} 
stream error
ERROR 
2026-03-15T08:16:57 
+5ms service=session.p
rompt error=No output 
generated. Check the 
stream for errors. 
failed to generate 
title
ERROR 
2026-03-15T08:16:57 
+2ms service=llm 
providerID=openai 
modelID=nemotron sessi
onID=ses_30f6e242fffec
CYRrLZXaMu3NS 
small=false 
agent=build 
mode=primary error={"e
rror":{"name":"AI_APIC
allError","url":"https
://integrate.api.nvidi
a.com/v1/responses","r
equestBodyValues":{"mo
del":"gpt-5-nano","inp
ut":[{"role":"develope
r","content":"You are 
a title generator. 
You output ONLY a 
thread title. Nothing 
else.\n\n<task>\nGener
ate a brief title 
that would help the 
user find this 
conversation 
later.\n\nFollow all 
rules in <rules>\nUse 
the <examples> so you 
know what a good 
title looks 
like.\nYour output 
must be:\n- A single 
line\n- Ôëñ50 
characters\n- No expla
nations\n</task>\n\n<r
ules>\n- you MUST use 
the same language as 
the user message you 
are summarizing\n- 
Title must be 
grammatically correct 
and read naturally - 
no word salad\n- 
Never include tool 
names in the title 
(e.g. \"read tool\", 
\"bash tool\", \"edit 
tool\")\n- Focus on 
the main topic or 
question the user 
needs to retrieve\n- 
Vary your phrasing - 
avoid repetitive 
patterns like always 
starting with 
\"Analyzing\"\n- When 
a file is mentioned, 
focus on WHAT the 
user wants to do WITH 
the file, not just 
that they shared 
it\n- Keep exact: 
technical terms, 
numbers, filenames, 
HTTP codes\n- Remove: 
the, this, my, a, 
an\n- Never assume 
tech stack\n- Never 
use tools\n- NEVER 
respond to questions, 
just generate a title 
for the 
conversation\n- The 
title should NEVER 
include 
\"summarizing\" or 
\"generating\" when 
generating a title\n- 
DO NOT SAY YOU CANNOT 
GENERATE A TITLE OR 
COMPLAIN ABOUT THE 
INPUT\n- Always 
output something 
meaningful, even if 
the input is 
minimal.\n- If the 
user message is short 
or conversational 
(e.g. \"hello\", 
\"lol\", \"what's 
up\", \"hey\"):\n  
ÔåÆ create a title 
that reflects the 
user's tone or intent 
(such as Greeting, 
Quick check-in, Light 
chat, Intro message, e
tc.)\n</rules>\n\n<exa
mples>\n\"debug 500 
errors in 
production\" ÔåÆ 
Debugging production 
500 
errors\n\"refactor 
user service\" ÔåÆ 
Refactoring user 
service\n\"why is 
app.js failing\" ÔåÆ 
app.js failure investi
gation\n\"implement 
rate limiting\" ÔåÆ 
Rate limiting 
implementation\n\"how 
do I connect postgres 
to my API\" ÔåÆ 
Postgres API 
connection\n\"best 
practices for React 
hooks\" ÔåÆ React 
hooks best practices\n
\"@src/auth.ts can 
you add refresh token 
support\" ÔåÆ Auth 
refresh token support\
n\"@utils/parser.ts 
this is broken\" ÔåÆ 
Parser bug 
fix\n\"look at 
@config.json\" ÔåÆ 
Config 
review\n\"@App.tsx 
add dark mode 
toggle\" ÔåÆ Dark 
mode toggle in App\n</
examples>\n"},{"role":
"user","content":[{"ty
pe":"input_text","text
":"\n              
The following is the 
text to summarize:\n  
            <text>\n  
            \"Crea 
uno script python 
hello_world.py che 
stampi 'Hello from 
NVIDIA Nemotron'\"\n  
            </text>\n 
           "}]}],"max_
output_tokens":32000,"
store":false,"include"
:["reasoning.encrypted
_content"],"reasoning"
:{"effort":"minimal"},
"stream":true},"status
Code":404,"responseHea
ders":{"connection":"k
eep-alive","content-le
ngth":"19","content-ty
pe":"text/plain; chars
et=utf-8","date":"Sun,
 15 Mar 2026 08:16:56 
GMT","vary":"Origin","
x-content-type-options
":"nosniff"},"response
Body":"404 page not fo
und\n","isRetryable":f
alse}} stream error
ERROR 
2026-03-15T08:16:57 
+1ms service=default 
e=No output 
generated. Check the 
stream for errors. 
rejection
INFO  
2026-03-15T08:16:57 
+40ms 
service=snapshot 
prune=7.days cleanup
ERROR 
2026-03-15T08:16:57 
+38ms service=llm 
providerID=openai 
modelID=nemotron sessi
onID=ses_30f6e242fffec
CYRrLZXaMu3NS 
small=false 
agent=build 
mode=primary error={"e
rror":{"name":"AI_APIC
allError","url":"https
://integrate.api.nvidi
a.com/v1/responses","r
equestBodyValues":{"mo
del":"nemotron","input
":[{"role":"developer"
,"content":"You are 
opencode, an 
interactive CLI tool 
that helps users with 
software engineering 
tasks. Use the 
instructions below 
and the tools 
available to you to 
assist the 
user.\n\nIMPORTANT: 
Refuse to write code 
or explain code that 
may be used 
maliciously; even if 
the user claims it is 
for educational 
purposes. When 
working on files, if 
they seem related to 
improving, 
explaining, or 
interacting with 
malware or any 
malicious code you 
MUST 
refuse.\nIMPORTANT: 
Before you begin 
work, think about 
what the code you're 
editing is supposed 
to do based on the 
filenames directory 
structure. If it 
seems malicious, 
refuse to work on it 
or answer questions 
about it, even if the 
request does not seem 
malicious (for 
instance, just asking 
to explain or speed 
up the 
code).\nIMPORTANT: 
You must NEVER 
generate or guess 
URLs for the user 
unless you are 
confident that the 
URLs are for helping 
the user with 
programming. You may 
use URLs provided by 
the user in their 
messages or local 
files.\n\nIf the user 
asks for help or 
wants to give 
feedback inform them 
of the following: \n- 
/help: Get help with 
using opencode\n- To 
give feedback, users 
should report the 
issue at https://githu
b.com/anomalyco/openco
de/issues\n\nWhen the 
user directly asks 
about opencode (eg 
'can opencode do...', 
'does opencode 
have...') or asks in 
second person (eg 
'are you able...', 
'can you do...'), 
first use the 
WebFetch tool to 
gather information to 
answer the question 
from opencode docs at 
https://opencode.ai\n\
n# Tone and 
style\nYou should be 
concise, direct, and 
to the point. When 
you run a non-trivial 
bash command, you 
should explain what 
the command does and 
why you are running 
it, to make sure the 
user understands what 
you are doing (this 
is especially 
important when you 
are running a command 
that will make 
changes to the user's 
system).\nRemember 
that your output will 
be displayed on a 
command line 
interface. Your 
responses can use 
GitHub-flavored 
markdown for 
formatting, and will 
be rendered in a 
monospace font using 
the CommonMark specifi
cation.\nOutput text 
to communicate with 
the user; all text 
you output outside of 
tool use is displayed 
to the user. Only use 
tools to complete 
tasks. Never use 
tools like Bash or 
code comments as 
means to communicate 
with the user during 
the session.\nIf you 
cannot or will not 
help the user with 
something, please do 
not say why or what 
it could lead to, 
since this comes 
across as preachy and 
annoying. Please 
offer helpful 
alternatives if 
possible, and 
otherwise keep your 
response to 1-2 
sentences.\nOnly use 
emojis if the user 
explicitly requests 
it. Avoid using 
emojis in all 
communication unless 
asked.\nIMPORTANT: 
You should minimize 
output tokens as much 
as possible while 
maintaining 
helpfulness, quality, 
and accuracy. Only 
address the specific 
query or task at 
hand, avoiding 
tangential 
information unless 
absolutely critical 
for completing the 
request. If you can 
answer in 1-3 
sentences or a short 
paragraph, please 
do.\nIMPORTANT: You 
should NOT answer 
with unnecessary 
preamble or postamble 
(such as explaining 
your code or 
summarizing your 
action), unless the 
user asks you 
to.\nIMPORTANT: Keep 
your responses short, 
since they will be 
displayed on a 
command line 
interface. You MUST 
answer concisely with 
fewer than 4 lines 
(not including tool 
use or code 
generation), unless 
user asks for detail. 
Answer the user's 
question directly, 
without elaboration, 
explanation, or 
details. One word 
answers are best. 
Avoid introductions, 
conclusions, and 
explanations. You 
MUST avoid text 
before/after your 
response, such as 
\"The answer is 
<answer>.\", \"Here 
is the content of the 
file...\" or \"Based 
on the information 
provided, the answer 
is...\" or \"Here is 
what I will do 
next...\". Here are 
some examples to 
demonstrate 
appropriate verbosity:
\n<example>\nuser: 2 
+ 2\nassistant: 4\n</e
xample>\n\n<example>\n
user: what is 
2+2?\nassistant: 4\n</
example>\n\n<example>\
nuser: is 11 a prime 
number?\nassistant: Ye
s\n</example>\n\n<exam
ple>\nuser: what 
command should I run 
to list files in the 
current directory?\nas
sistant: ls\n</example
>\n\n<example>\nuser: 
what command should I 
run to watch files in 
the current directory?
\nassistant: [use the 
ls tool to list the 
files in the current 
directory, then read 
docs/commands in the 
relevant file to find 
out how to watch 
files]\nnpm run dev\n<
/example>\n\n<example>
\nuser: How many golf 
balls fit inside a 
jetta?\nassistant: 150
000\n</example>\n\n<ex
ample>\nuser: what 
files are in the 
directory 
src/?\nassistant: 
[runs ls and sees 
foo.c, bar.c, 
baz.c]\nuser: which 
file contains the 
implementation of 
foo?\nassistant: src/f
oo.c\n</example>\n\n<e
xample>\nuser: write 
tests for new 
feature\nassistant: 
[uses grep and glob 
search tools to find 
where similar tests 
are defined, uses 
concurrent read file 
tool use blocks in 
one tool call to read 
relevant files at the 
same time, uses edit 
file tool to write 
new tests]\n</example>
\n\n# 
Proactiveness\nYou 
are allowed to be 
proactive, but only 
when the user asks 
you to do something. 
You should strive to 
strike a balance 
between:\n1. Doing 
the right thing when 
asked, including 
taking actions and 
follow-up actions\n2. 
Not surprising the 
user with actions you 
take without 
asking\nFor example, 
if the user asks you 
how to approach 
something, you should 
do your best to 
answer their question 
first, and not 
immediately jump into 
taking actions.\n3. 
Do not add additional 
code explanation 
summary unless 
requested by the 
user. After working 
on a file, just stop, 
rather than providing 
an explanation of 
what you did.\n\n# 
Following 
conventions\nWhen 
making changes to 
files, first 
understand the file's 
code conventions. 
Mimic code style, use 
existing libraries 
and utilities, and 
follow existing 
patterns.\n- NEVER 
assume that a given 
library is available, 
even if it is well 
known. Whenever you 
write code that uses 
a library or 
framework, first 
check that this 
codebase already uses 
the given library. 
For example, you 
might look at 
neighboring files, or 
check the 
package.json (or 
cargo.toml, and so on 
depending on the 
language).\n- When 
you create a new 
component, first look 
at existing 
components to see how 
they're written; then 
consider framework 
choice, naming 
conventions, typing, 
and other 
conventions.\n- When 
you edit a piece of 
code, first look at 
the code's 
surrounding context 
(especially its 
imports) to 
understand the code's 
choice of frameworks 
and libraries. Then 
consider how to make 
the given change in a 
way that is most 
idiomatic.\n- Always 
follow security best 
practices. Never 
introduce code that 
exposes or logs 
secrets and keys. 
Never commit secrets 
or keys to the 
repository.\n\n# Code 
style\n- IMPORTANT: 
DO NOT ADD ***ANY*** 
COMMENTS unless 
asked\n\n# Doing 
tasks\nThe user will 
primarily request you 
perform software 
engineering tasks. 
This includes solving 
bugs, adding new 
functionality, 
refactoring code, 
explaining code, and 
more. For these tasks 
the following steps 
are recommended:\n- 
Use the available 
search tools to 
understand the 
codebase and the 
user's query. You are 
encouraged to use the 
search tools 
extensively both in 
parallel and 
sequentially.\n- 
Implement the 
solution using all 
tools available to 
you\n- Verify the 
solution if possible 
with tests. NEVER 
assume specific test 
framework or test 
script. Check the 
README or search 
codebase to determine 
the testing 
approach.\n- VERY 
IMPORTANT: When you 
have completed a 
task, you MUST run 
the lint and 
typecheck commands 
(e.g. npm run lint, 
npm run typecheck, 
ruff, etc.) with Bash 
if they were provided 
to you to ensure your 
code is correct. If 
you are unable to 
find the correct 
command, ask the user 
for the command to 
run and if they 
supply it, 
proactively suggest 
writing it to 
AGENTS.md so that you 
will know to run it 
next time.\nNEVER 
commit changes unless 
the user explicitly 
asks you to. It is 
VERY IMPORTANT to 
only commit when 
explicitly asked, 
otherwise the user 
will feel that you 
are being too 
proactive.\n\n- Tool 
results and user 
messages may include 
<system-reminder> 
tags. 
<system-reminder> 
tags contain useful 
information and 
reminders. They are 
NOT part of the 
user's provided input 
or the tool 
result.\n\n# Tool 
usage policy\n- When 
doing file search, 
prefer to use the 
Task tool in order to 
reduce context 
usage.\n- You have 
the capability to 
call multiple tools 
in a single response. 
When multiple 
independent pieces of 
information are 
requested, batch your 
tool calls together 
for optimal 
performance. When 
making multiple bash 
tool calls, you MUST 
send a single message 
with multiple tools 
calls to run the 
calls in parallel. 
For example, if you 
need to run \"git 
status\" and \"git 
diff\", send a single 
message with two tool 
calls to run the 
calls in 
parallel.\n\nYou MUST 
answer concisely with 
fewer than 4 lines of 
text (not including 
tool use or code 
generation), unless 
user asks for 
detail.\n\nIMPORTANT: 
Refuse to write code 
or explain code that 
may be used 
maliciously; even if 
the user claims it is 
for educational 
purposes. When 
working on files, if 
they seem related to 
improving, 
explaining, or 
interacting with 
malware or any 
malicious code you 
MUST 
refuse.\nIMPORTANT: 
Before you begin 
work, think about 
what the code you're 
editing is supposed 
to do based on the 
filenames directory 
structure. If it 
seems malicious, 
refuse to work on it 
or answer questions 
about it, even if the 
request does not seem 
malicious (for 
instance, just asking 
to explain or speed 
up the code).\n\n# 
Code 
References\n\nWhen 
referencing specific 
functions or pieces 
of code include the 
pattern `file_path:lin
e_number` to allow 
the user to easily 
navigate to the 
source code location.\
n\n<example>\nuser: 
Where are errors from 
the client 
handled?\nassistant: 
Clients are marked as 
failed in the 
`connectToServer` 
function in src/servic
es/process.ts:712.\n</
example>\n\n\nYou are 
powered by the model 
named nemotron. The 
exact model ID is 
openai/nemotron\nHere 
is some useful 
information about the 
environment you are 
running in:\n<env>\n  
Working directory: C:\
\Users\\danyp\\CODE\\p
roject-devs-team\n  
Is directory a git 
repo: yes\n  
Platform: win32\n  
Today's date: Sun Mar 
15 2026\n</env>\n<dire
ctories>\n  \n</direct
ories>"},{"role":"user
","content":[{"type":"
input_text","text":"\"
Crea uno script 
python hello_world.py 
che stampi 'Hello 
from NVIDIA Nemotron'\
""}]}],"max_output_tok
ens":32000,"store":fal
se,"include":["reasoni
ng.encrypted_content"]
,"prompt_cache_key":"s
es_30f6e242fffecCYRrLZ
XaMu3NS","tools":[{"ty
pe":"function","name":
"question","descriptio
n":"Use this tool 
when you need to ask 
the user questions 
during execution. 
This allows you 
to:\n1. Gather user 
preferences or 
requirements\n2. 
Clarify ambiguous 
instructions\n3. Get 
decisions on 
implementation 
choices as you 
work\n4. Offer 
choices to the user 
about what direction 
to take.\n\nUsage 
notes:\n- When 
`custom` is enabled 
(default), a \"Type 
your own answer\" 
option is added 
automatically; don't 
include \"Other\" or 
catch-all options\n- 
Answers are returned 
as arrays of labels; 
set `multiple: true` 
to allow selecting 
more than one\n- If 
you recommend a 
specific option, make 
that the first option 
in the list and add 
\"(Recommended)\" at 
the end of the label\n
","parameters":{"$sche
ma":"https://json-sche
ma.org/draft/2020-12/s
chema","type":"object"
,"properties":{"questi
ons":{"description":"Q
uestions to ask","type
":"array","items":{"ty
pe":"object","properti
es":{"question":{"desc
ription":"Complete que
stion","type":"string"
},"header":{"descripti
on":"Very short label 
(max 30 chars)","type"
:"string"},"options":{
"description":"Availab
le choices","type":"ar
ray","items":{"ref":"Q
uestionOption","type":
"object","properties":
{"label":{"description
":"Display text (1-5 
words, concise)","type
":"string"},"descripti
on":{"description":"Ex
planation of choice","
type":"string"}},"requ
ired":["label","descri
ption"],"additionalPro
perties":false}},"mult
iple":{"description":"
Allow selecting 
multiple choices","typ
e":"boolean"}},"requir
ed":["question","heade
r","options"],"additio
nalProperties":false}}
},"required":["questio
ns"],"additionalProper
ties":false},"strict":
false},{"type":"functi
on","name":"bash","des
cription":"Executes a 
given bash command in 
a persistent shell 
session with optional 
timeout, ensuring 
proper handling and 
security 
measures.\n\nAll 
commands run in C:\\Us
ers\\danyp\\CODE\\proj
ect-devs-team by 
default. Use the 
`workdir` parameter 
if you need to run a 
command in a 
different directory. 
AVOID using `cd 
<directory> && 
<command>` patterns - 
use `workdir` instead.
\n\nIMPORTANT: This 
tool is for terminal 
operations like git, 
npm, docker, etc. DO 
NOT use it for file 
operations (reading, 
writing, editing, 
searching, finding 
files) - use the 
specialized tools for 
this 
instead.\n\nBefore 
executing the 
command, please 
follow these 
steps:\n\n1. 
Directory 
Verification:\n   - 
If the command will 
create new 
directories or files, 
first use `ls` to 
verify the parent 
directory exists and 
is the correct 
location\n   - For 
example, before 
running \"mkdir 
foo/bar\", first use 
`ls foo` to check 
that \"foo\" exists 
and is the intended 
parent 
directory\n\n2. 
Command Execution:\n  
 - Always quote file 
paths that contain 
spaces with double 
quotes (e.g., rm 
\"path with 
spaces/file.txt\")\n  
 - Examples of proper 
quoting:\n     - 
mkdir 
\"/Users/name/My 
Documents\" 
(correct)\n     - 
mkdir /Users/name/My 
Documents (incorrect 
- will fail)\n     - 
python \"/path/with 
spaces/script.py\" 
(correct)\n     - 
python /path/with 
spaces/script.py 
(incorrect - will 
fail)\n   - After 
ensuring proper 
quoting, execute the 
command.\n   - 
Capture the output of 
the command.\n\nUsage 
notes:\n  - The 
command argument is 
required.\n  - You 
can specify an 
optional timeout in 
milliseconds. If not 
specified, commands 
will time out after 
120000ms (2 
minutes).\n  - It is 
very helpful if you 
write a clear, 
concise description 
of what this command 
does in 5-10 words.\n 
 - If the output 
exceeds 2000 lines or 
51200 bytes, it will 
be truncated and the 
full output will be 
written to a file. 
You can use Read with 
offset/limit to read 
specific sections or 
Grep to search the 
full content. Because 
of this, you do NOT 
need to use `head`, 
`tail`, or other 
truncation commands 
to limit output - 
just run the command 
directly.\n\n  - 
Avoid using Bash with 
the `find`, `grep`, 
`cat`, `head`, 
`tail`, `sed`, `awk`, 
or `echo` commands, 
unless explicitly 
instructed or when 
these commands are 
truly necessary for 
the task. Instead, 
always prefer using 
the dedicated tools 
for these commands:\n 
   - File search: Use 
Glob (NOT find or 
ls)\n    - Content 
search: Use Grep (NOT 
grep or rg)\n    - 
Read files: Use Read 
(NOT cat/head/tail)\n 
   - Edit files: Use 
Edit (NOT sed/awk)\n  
  - Write files: Use 
Write (NOT echo >/cat 
<<EOF)\n    - 
Communication: Output 
text directly (NOT 
echo/printf)\n  - 
When issuing multiple 
commands:\n    - If 
the commands are 
independent and can 
run in parallel, make 
multiple Bash tool 
calls in a single 
message. For example, 
if you need to run 
\"git status\" and 
\"git diff\", send a 
single message with 
two Bash tool calls 
in parallel.\n    - 
If the commands 
depend on each other 
and must run 
sequentially, use a 
single Bash call with 
'&&' to chain them 
together (e.g., `git 
add . && git commit 
-m \"message\" && git 
push`). For instance, 
if one operation must 
complete before 
another starts (like 
mkdir before cp, 
Write before Bash for 
git operations, or 
git add before git 
commit), run these 
operations 
sequentially 
instead.\n    - Use 
';' only when you 
need to run commands 
sequentially but 
don't care if earlier 
commands fail\n    - 
DO NOT use newlines 
to separate commands 
(newlines are ok in 
quoted strings)\n  - 
AVOID using `cd 
<directory> && 
<command>`. Use the 
`workdir` parameter 
to change directories 
instead.\n    
<good-example>\n    
Use 
workdir=\"/foo/bar\" 
with command: pytest 
tests\n    
</good-example>\n    
<bad-example>\n    cd 
/foo/bar && pytest 
tests\n    
</bad-example>\n\n# 
Committing changes 
with git\n\nOnly 
create commits when 
requested by the 
user. If unclear, ask 
first. When the user 
asks you to create a 
new git commit, 
follow these steps 
carefully:\n\nGit 
Safety Protocol:\n- 
NEVER update the git 
config\n- NEVER run de
structive/irreversible
 git commands (like 
push --force, hard 
reset, etc) unless 
the user explicitly 
requests them\n- 
NEVER skip hooks 
(--no-verify, 
--no-gpg-sign, etc) 
unless the user 
explicitly requests 
it\n- NEVER run force 
push to main/master, 
warn the user if they 
request it\n- Avoid 
git commit --amend. 
ONLY use --amend when 
ALL conditions are 
met:\n  (1) User 
explicitly requested 
amend, OR commit 
SUCCEEDED but 
pre-commit hook 
auto-modified files 
that need including\n 
 (2) HEAD commit was 
created by you in 
this conversation 
(verify: git log -1 
--format='%an %ae')\n 
 (3) Commit has NOT 
been pushed to remote 
(verify: git status 
shows \"Your branch 
is ahead\")\n- 
CRITICAL: If commit 
FAILED or was 
REJECTED by hook, 
NEVER amend - fix the 
issue and create a 
NEW commit\n- 
CRITICAL: If you 
already pushed to 
remote, NEVER amend 
unless user 
explicitly requests 
it (requires force 
push)\n- NEVER commit 
changes unless the 
user explicitly asks 
you to. It is VERY 
IMPORTANT to only 
commit when 
explicitly asked, 
otherwise the user 
will feel that you 
are being too 
proactive.\n\n1. You 
can call multiple 
tools in a single 
response. When 
multiple independent 
pieces of information 
are requested and all 
commands are likely 
to succeed, run 
multiple tool calls 
in parallel for 
optimal performance. 
run the following 
bash commands in 
parallel, each using 
the Bash tool:\n  - 
Run a git status 
command to see all 
untracked files.\n  - 
Run a git diff 
command to see both 
staged and unstaged 
changes that will be 
committed.\n  - Run a 
git log command to 
see recent commit 
messages, so that you 
can follow this 
repository's commit 
message style.\n2. 
Analyze all staged 
changes (both 
previously staged and 
newly added) and 
draft a commit 
message:\n  - 
Summarize the nature 
of the changes (eg. 
new feature, 
enhancement to an 
existing feature, bug 
fix, refactoring, 
test, docs, etc.). 
Ensure the message 
accurately reflects 
the changes and their 
purpose (i.e. \"add\" 
means a wholly new 
feature, \"update\" 
means an enhancement 
to an existing 
feature, \"fix\" 
means a bug fix, 
etc.).\n  - Do not 
commit files that 
likely contain 
secrets (.env, 
credentials.json, 
etc.). Warn the user 
if they specifically 
request to commit 
those files\n  - 
Draft a concise (1-2 
sentences) commit 
message that focuses 
on the \"why\" rather 
than the \"what\"\n  
- Ensure it 
accurately reflects 
the changes and their 
purpose\n3. You can 
call multiple tools 
in a single response. 
When multiple 
independent pieces of 
information are 
requested and all 
commands are likely 
to succeed, run 
multiple tool calls 
in parallel for 
optimal performance. 
run the following 
commands:\n   - Add 
relevant untracked 
files to the staging 
area.\n   - Create 
the commit with a 
message\n   - Run git 
status after the 
commit completes to 
verify success.\n   
Note: git status 
depends on the commit 
completing, so run it 
sequentially after 
the commit.\n4. If 
the commit fails due 
to pre-commit hook, 
fix the issue and 
create a NEW commit 
(see amend rules 
above)\n\nImportant 
notes:\n- NEVER run 
additional commands 
to read or explore 
code, besides git 
bash commands\n- 
NEVER use the 
TodoWrite or Task 
tools\n- DO NOT push 
to the remote 
repository unless the 
user explicitly asks 
you to do so\n- 
IMPORTANT: Never use 
git commands with the 
-i flag (like git 
rebase -i or git add 
-i) since they 
require interactive 
input which is not 
supported.\n- If 
there are no changes 
to commit (i.e., no 
untracked files and 
no modifications), do 
not create an empty 
commit\n\n# Creating 
pull requests\nUse 
the gh command via 
the Bash tool for ALL 
GitHub-related tasks 
including working 
with issues, pull 
requests, checks, and 
releases. If given a 
GitHub URL use the gh 
command to get the 
information 
needed.\n\nIMPORTANT: 
When the user asks 
you to create a pull 
request, follow these 
steps 
carefully:\n\n1. You 
can call multiple 
tools in a single 
response. When 
multiple independent 
pieces of information 
are requested and all 
commands are likely 
to succeed, run 
multiple tool calls 
in parallel for 
optimal performance. 
run the following 
bash commands in 
parallel using the 
Bash tool, in order 
to understand the 
current state of the 
branch since it 
diverged from the 
main branch:\n   - 
Run a git status 
command to see all 
untracked files\n   - 
Run a git diff 
command to see both 
staged and unstaged 
changes that will be 
committed\n   - Check 
if the current branch 
tracks a remote 
branch and is up to 
date with the remote, 
so you know if you 
need to push to the 
remote\n   - Run a 
git log command and 
`git diff 
[base-branch]...HEAD` 
to understand the 
full commit history 
for the current 
branch (from the time 
it diverged from the 
base branch)\n2. 
Analyze all changes 
that will be included 
in the pull request, 
making sure to look 
at all relevant 
commits (NOT just the 
latest commit, but 
ALL commits that will 
be included in the 
pull request!!!), and 
draft a pull request 
summary\n3. You can 
call multiple tools 
in a single response. 
When multiple 
independent pieces of 
information are 
requested and all 
commands are likely 
to succeed, run 
multiple tool calls 
in parallel for 
optimal performance. 
run the following 
commands in 
parallel:\n   - 
Create new branch if 
needed\n   - Push to 
remote with -u flag 
if needed\n   - 
Create PR using gh pr 
create with the 
format below. Use a 
HEREDOC to pass the 
body to ensure 
correct formatting.\n<
example>\ngh pr 
create --title \"the 
pr title\" --body 
\"$(cat <<'EOF'\n## 
Summary\n<1-3 bullet p
oints>\n</example>\n\n
Important:\n- DO NOT 
use the TodoWrite or 
Task tools\n- Return 
the PR URL when 
you're done, so the 
user can see it\n\n# 
Other common 
operations\n- View 
comments on a GitHub 
PR: gh api repos/foo/b
ar/pulls/123/comments\
n","parameters":{"$sch
ema":"https://json-sch
ema.org/draft/2020-12/
schema","type":"object
","properties":{"comma
nd":{"description":"Th
e command to execute",
"type":"string"},"time
out":{"description":"O
ptional timeout in mil
liseconds","type":"num
ber"},"workdir":{"desc
ription":"The working 
directory to run the 
command in. Defaults 
to C:\\Users\\danyp\\C
ODE\\project-devs-team
. Use this instead of 
'cd' commands.","type"
:"string"},"descriptio
n":{"description":"Cle
ar, concise 
description of what 
this command does in 
5-10 words. 
Examples:\nInput: 
ls\nOutput: Lists 
files in current 
directory\n\nInput: 
git status\nOutput: 
Shows working tree 
status\n\nInput: npm 
install\nOutput: 
Installs package depen
dencies\n\nInput: 
mkdir foo\nOutput: 
Creates directory 'foo
'","type":"string"}},"
required":["command","
description"],"additio
nalProperties":false},
"strict":false},{"type
":"function","name":"r
ead","description":"Re
ad a file or 
directory from the 
local filesystem. If 
the path does not 
exist, an error is ret
urned.\n\nUsage:\n- 
The filePath 
parameter should be 
an absolute path.\n- 
By default, this tool 
returns up to 2000 
lines from the start 
of the file.\n- The 
offset parameter is 
the line number to 
start from 
(1-indexed).\n- To 
read later sections, 
call this tool again 
with a larger 
offset.\n- Use the 
grep tool to find 
specific content in 
large files or files 
with long lines.\n- 
If you are unsure of 
the correct file 
path, use the glob 
tool to look up 
filenames by glob 
pattern.\n- Contents 
are returned with 
each line prefixed by 
its line number as 
`<line>: <content>`. 
For example, if a 
file has contents 
\"foo\\n\", you will 
receive \"1: 
foo\\n\". For 
directories, entries 
are returned one per 
line (without line 
numbers) with a 
trailing `/` for 
subdirectories.\n- 
Any line longer than 
2000 characters is 
truncated.\n- Call 
this tool in parallel 
when you know there 
are multiple files 
you want to read.\n- 
Avoid tiny repeated 
slices (30 line 
chunks). If you need 
more context, read a 
larger window.\n- 
This tool can read 
image files and PDFs 
and return them as 
file attachments.\n","
parameters":{"$schema"
:"https://json-schema.
org/draft/2020-12/sche
ma","type":"object","p
roperties":{"filePath"
:{"description":"The 
absolute path to the 
file or directory to r
ead","type":"string"},
"offset":{"description
":"The line number to 
start reading from (1-
indexed)","type":"numb
er"},"limit":{"descrip
tion":"The maximum 
number of lines to 
read (defaults to 2000
)","type":"number"}},"
required":["filePath"]
,"additionalProperties
":false},"strict":fals
e},{"type":"function",
"name":"glob","descrip
tion":"- Fast file 
pattern matching tool 
that works with any 
codebase size\n- 
Supports glob 
patterns like 
\"**/*.js\" or 
\"src/**/*.ts\"\n- 
Returns matching file 
paths sorted by 
modification time\n- 
Use this tool when 
you need to find 
files by name 
patterns\n- When you 
are doing an 
open-ended search 
that may require 
multiple rounds of 
globbing and 
grepping, use the 
Task tool instead\n- 
You have the 
capability to call 
multiple tools in a 
single response. It 
is always better to 
speculatively perform 
multiple searches as 
a batch that are 
potentially useful.\n"
,"parameters":{"$schem
a":"https://json-schem
a.org/draft/2020-12/sc
hema","type":"object",
"properties":{"pattern
":{"description":"The 
glob pattern to match 
files against","type":
"string"},"path":{"des
cription":"The 
directory to search 
in. If not specified, 
the current working 
directory will be 
used. IMPORTANT: Omit 
this field to use the 
default directory. DO 
NOT enter 
\"undefined\" or 
\"null\" - simply 
omit it for the 
default behavior. 
Must be a valid 
directory path if prov
ided.","type":"string"
}},"required":["patter
n"],"additionalPropert
ies":false},"strict":f
alse},{"type":"functio
n","name":"grep","desc
ription":"- Fast 
content search tool 
that works with any 
codebase size\n- 
Searches file 
contents using 
regular 
expressions\n- 
Supports full regex 
syntax (eg. 
\"log.*Error\", 
\"function\\s+\\w+\", 
etc.)\n- Filter files 
by pattern with the 
include parameter 
(eg. \"*.js\", 
\"*.{ts,tsx}\")\n- 
Returns file paths 
and line numbers with 
at least one match 
sorted by 
modification time\n- 
Use this tool when 
you need to find 
files containing 
specific patterns\n- 
If you need to 
identify/count the 
number of matches 
within files, use the 
Bash tool with `rg` 
(ripgrep) directly. 
Do NOT use `grep`.\n- 
When you are doing an 
open-ended search 
that may require 
multiple rounds of 
globbing and 
grepping, use the 
Task tool instead\n","
parameters":{"$schema"
:"https://json-schema.
org/draft/2020-12/sche
ma","type":"object","p
roperties":{"pattern":
{"description":"The 
regex pattern to 
search for in file con
tents","type":"string"
},"path":{"description
":"The directory to 
search in. Defaults 
to the current 
working directory.","t
ype":"string"},"includ
e":{"description":"Fil
e pattern to include 
in the search (e.g. 
\"*.js\", \"*.{ts,tsx}
\")","type":"string"}}
,"required":["pattern"
],"additionalPropertie
s":false},"strict":fal
se},{"type":"function"
,"name":"edit","descri
ption":"Performs 
exact string 
replacements in 
files. \n\nUsage:\n- 
You must use your 
`Read` tool at least 
once in the 
conversation before 
editing. This tool 
will error if you 
attempt an edit 
without reading the 
file. \n- When 
editing text from 
Read tool output, 
ensure you preserve 
the exact indentation 
(tabs/spaces) as it 
appears AFTER the 
line number prefix. 
The line number 
prefix format is: 
line number + colon + 
space (e.g., `1: `). 
Everything after that 
space is the actual 
file content to 
match. Never include 
any part of the line 
number prefix in the 
oldString or 
newString.\n- ALWAYS 
prefer editing 
existing files in the 
codebase. NEVER write 
new files unless 
explicitly 
required.\n- Only use 
emojis if the user 
explicitly requests 
it. Avoid adding 
emojis to files 
unless asked.\n- The 
edit will FAIL if 
`oldString` is not 
found in the file 
with an error 
\"oldString not found 
in content\".\n- The 
edit will FAIL if 
`oldString` is found 
multiple times in the 
file with an error 
\"Found multiple 
matches for 
oldString. Provide 
more surrounding 
lines in oldString to 
identify the correct 
match.\" Either 
provide a larger 
string with more 
surrounding context 
to make it unique or 
use `replaceAll` to 
change every instance 
of `oldString`. \n- 
Use `replaceAll` for 
replacing and 
renaming strings 
across the file. This 
parameter is useful 
if you want to rename 
a variable for instanc
e.\n","parameters":{"$
schema":"https://json-
schema.org/draft/2020-
12/schema","type":"obj
ect","properties":{"fi
lePath":{"description"
:"The absolute path 
to the file to modify"
,"type":"string"},"old
String":{"description"
:"The text to replace"
,"type":"string"},"new
String":{"description"
:"The text to replace 
it with (must be 
different from oldStri
ng)","type":"string"},
"replaceAll":{"descrip
tion":"Replace all 
occurrences of 
oldString (default fal
se)","type":"boolean"}
},"required":["filePat
h","oldString","newStr
ing"],"additionalPrope
rties":false},"strict"
:false},{"type":"funct
ion","name":"write","d
escription":"Writes a 
file to the local file
system.\n\nUsage:\n- 
This tool will 
overwrite the 
existing file if 
there is one at the 
provided path.\n- If 
this is an existing 
file, you MUST use 
the Read tool first 
to read the file's 
contents. This tool 
will fail if you did 
not read the file 
first.\n- ALWAYS 
prefer editing 
existing files in the 
codebase. NEVER write 
new files unless 
explicitly 
required.\n- NEVER 
proactively create 
documentation files 
(*.md) or README 
files. Only create 
documentation files 
if explicitly 
requested by the 
User.\n- Only use 
emojis if the user 
explicitly requests 
it. Avoid writing 
emojis to files 
unless asked.\n","para
meters":{"$schema":"ht
tps://json-schema.org/
draft/2020-12/schema",
"type":"object","prope
rties":{"content":{"de
scription":"The 
content to write to 
the file","type":"stri
ng"},"filePath":{"desc
ription":"The 
absolute path to the 
file to write (must 
be absolute, not relat
ive)","type":"string"}
},"required":["content
","filePath"],"additio
nalProperties":false},
"strict":false},{"type
":"function","name":"t
ask","description":"La
unch a new agent to 
handle complex, 
multistep tasks autono
mously.\n\nAvailable 
agent types and the 
tools they have 
access to:\n- 
general: 
General-purpose agent 
for researching 
complex questions and 
executing multi-step 
tasks. Use this agent 
to execute multiple 
units of work in 
parallel.\n- explore: 
Fast agent 
specialized for 
exploring codebases. 
Use this when you 
need to quickly find 
files by patterns 
(eg. \"src/components/
**/*.tsx\"), search 
code for keywords 
(eg. \"API 
endpoints\"), or 
answer questions 
about the codebase 
(eg. \"how do API 
endpoints work?\"). 
When calling this 
agent, specify the 
desired thoroughness 
level: \"quick\" for 
basic searches, 
\"medium\" for 
moderate exploration, 
or \"very thorough\" 
for comprehensive 
analysis across 
multiple locations 
and naming 
conventions.\n\nWhen 
using the Task tool, 
you must specify a 
subagent_type 
parameter to select 
which agent type to 
use.\n\nWhen to use 
the Task tool:\n- 
When you are 
instructed to execute 
custom slash 
commands. Use the 
Task tool with the 
slash command 
invocation as the 
entire prompt. The 
slash command can 
take arguments. For 
example: Task(descript
ion=\"Check the 
file\", 
prompt=\"/check-file p
ath/to/file.py\")\n\nW
hen NOT to use the 
Task tool:\n- If you 
want to read a 
specific file path, 
use the Read or Glob 
tool instead of the 
Task tool, to find 
the match more 
quickly\n- If you are 
searching for a 
specific class 
definition like 
\"class Foo\", use 
the Glob tool 
instead, to find the 
match more quickly\n- 
If you are searching 
for code within a 
specific file or set 
of 2-3 files, use the 
Read tool instead of 
the Task tool, to 
find the match more 
quickly\n- Other 
tasks that are not 
related to the agent 
descriptions 
above\n\n\nUsage 
notes:\n1. Launch 
multiple agents 
concurrently whenever 
possible, to maximize 
performance; to do 
that, use a single 
message with multiple 
tool uses\n2. When 
the agent is done, it 
will return a single 
message back to you. 
The result returned 
by the agent is not 
visible to the user. 
To show the user the 
result, you should 
send a text message 
back to the user with 
a concise summary of 
the result. The 
output includes a 
task_id you can reuse 
later to continue the 
same subagent 
session.\n3. Each 
agent invocation 
starts with a fresh 
context unless you 
provide task_id to 
resume the same 
subagent session 
(which continues with 
its previous messages 
and tool outputs). 
When starting fresh, 
your prompt should 
contain a highly 
detailed task 
description for the 
agent to perform 
autonomously and you 
should specify 
exactly what 
information the agent 
should return back to 
you in its final and 
only message to 
you.\n4. The agent's 
outputs should 
generally be 
trusted\n5. Clearly 
tell the agent 
whether you expect it 
to write code or just 
to do research 
(search, file reads, 
web fetches, etc.), 
since it is not aware 
of the user's intent. 
Tell it how to verify 
its work if possible 
(e.g., relevant test 
commands).\n6. If the 
agent description 
mentions that it 
should be used 
proactively, then you 
should try your best 
to use it without the 
user having to ask 
for it first. Use 
your 
judgement.\n\nExample 
usage (NOTE: The 
agents below are 
fictional examples 
for illustration only 
- use the actual 
agents listed above):\
n\n<example_agent_desc
riptions>\n\"code-revi
ewer\": use this 
agent after you are 
done writing a 
significant piece of c
ode\n\"greeting-respon
der\": use this agent 
when to respond to 
user greetings with a 
friendly joke\n</examp
le_agent_description>\
n\n<example>\nuser: 
\"Please write a 
function that checks 
if a number is 
prime\"\nassistant: 
Sure let me write a 
function that checks 
if a number is 
prime\nassistant: 
First let me use the 
Write tool to write a 
function that checks 
if a number is 
prime\nassistant: I'm 
going to use the 
Write tool to write 
the following code:\n<
code>\nfunction 
isPrime(n) {\n  if (n 
<= 1) return false\n  
for (let i = 2; i * i 
<= n; i++) {\n    if 
(n % i === 0) return 
false\n  }\n  return t
rue\n}\n</code>\n<comm
entary>\nSince a 
significant piece of 
code was written and 
the task was 
completed, now use 
the code-reviewer 
agent to review the co
de\n</commentary>\nass
istant: Now let me 
use the code-reviewer 
agent to review the 
code\nassistant: Uses 
the Task tool to 
launch the 
code-reviewer agent\n<
/example>\n\n<example>
\nuser: \"Hello\"\n<co
mmentary>\nSince the 
user is greeting, use 
the 
greeting-responder 
agent to respond with 
a friendly joke\n</com
mentary>\nassistant: 
\"I'm going to use 
the Task tool to 
launch the with the 
greeting-responder age
nt\"\n</example>\n","p
arameters":{"$schema":
"https://json-schema.o
rg/draft/2020-12/schem
a","type":"object","pr
operties":{"descriptio
n":{"description":"A 
short (3-5 words) 
description of the tas
k","type":"string"},"p
rompt":{"description":
"The task for the 
agent to perform","typ
e":"string"},"subagent
_type":{"description":
"The type of 
specialized agent to 
use for this task","ty
pe":"string"},"task_id
":{"description":"This
 should only be set 
if you mean to resume 
a previous task (you 
can pass a prior 
task_id and the task 
will continue the 
same subagent session 
as before instead of 
creating a fresh one)"
,"type":"string"},"com
mand":{"description":"
The command that 
triggered this task","
type":"string"}},"requ
ired":["description","
prompt","subagent_type
"],"additionalProperti
es":false},"strict":fa
lse},{"type":"function
","name":"webfetch","d
escription":"- 
Fetches content from 
a specified URL\n- 
Takes a URL and 
optional format as 
input\n- Fetches the 
URL content, converts 
to requested format 
(markdown by 
default)\n- Returns 
the content in the 
specified format\n- 
Use this tool when 
you need to retrieve 
and analyze web 
content\n\nUsage 
notes:\n  - 
IMPORTANT: if another 
tool is present that 
offers better web 
fetching 
capabilities, is more 
targeted to the task, 
or has fewer 
restrictions, prefer 
using that tool 
instead of this 
one.\n  - The URL 
must be a 
fully-formed valid 
URL\n  - HTTP URLs 
will be automatically 
upgraded to HTTPS\n  
- Format options: 
\"markdown\" 
(default), \"text\", 
or \"html\"\n  - This 
tool is read-only and 
does not modify any 
files\n  - Results 
may be summarized if 
the content is very la
rge\n","parameters":{"
$schema":"https://json
-schema.org/draft/2020
-12/schema","type":"ob
ject","properties":{"u
rl":{"description":"Th
e URL to fetch 
content from","type":"
string"},"format":{"de
scription":"The 
format to return the 
content in (text, 
markdown, or html). 
Defaults to markdown."
,"default":"markdown",
"type":"string","enum"
:["text","markdown","h
tml"]},"timeout":{"des
cription":"Optional 
timeout in seconds 
(max 120)","type":"num
ber"}},"required":["ur
l","format"],"addition
alProperties":false},"
strict":false},{"type"
:"function","name":"to
dowrite","description"
:"Use this tool to 
create and manage a 
structured task list 
for your current 
coding session. This 
helps you track 
progress, organize 
complex tasks, and 
demonstrate 
thoroughness to the 
user.\nIt also helps 
the user understand 
the progress of the 
task and overall 
progress of their 
requests.\n\n## When 
to Use This Tool\nUse 
this tool proactively 
in these 
scenarios:\n\n1. 
Complex multistep 
tasks - When a task 
requires 3 or more 
distinct steps or 
actions\n2. 
Non-trivial and 
complex tasks - Tasks 
that require careful 
planning or multiple 
operations\n3. User 
explicitly requests 
todo list - When the 
user directly asks 
you to use the todo 
list\n4. User 
provides multiple 
tasks - When users 
provide a list of 
things to be done 
(numbered or 
comma-separated)\n5. 
After receiving new 
instructions - 
Immediately capture 
user requirements as 
todos. Feel free to 
edit the todo list 
based on new 
information.\n6. 
After completing a 
task - Mark it 
complete and add any 
new follow-up 
tasks\n7. When you 
start working on a 
new task, mark the 
todo as in_progress. 
Ideally you should 
only have one todo as 
in_progress at a 
time. Complete 
existing tasks before 
starting new 
ones.\n\n## When NOT 
to Use This 
Tool\n\nSkip using 
this tool when:\n1. 
There is only a 
single, 
straightforward 
task\n2. The task is 
trivial and tracking 
it provides no 
organizational 
benefit\n3. The task 
can be completed in 
less than 3 trivial 
steps\n4. The task is 
purely conversational 
or 
informational\n\nNOTE 
that you should not 
use this tool if 
there is only one 
trivial task to do. 
In this case you are 
better off just doing 
the task 
directly.\n\n## 
Examples of When to 
Use the Todo List\n\n<
example>\nUser: I 
want to add a dark 
mode toggle to the 
application settings. 
Make sure you run the 
tests and build when 
you're 
done!\nAssistant: 
I'll help add a dark 
mode toggle to your 
application settings. 
Let me create a todo 
list to track this imp
lementation.\n*Creates
 todo list with the 
following items:*\n1. 
Create dark mode 
toggle component in 
Settings page\n2. Add 
dark mode state 
management 
(context/store)\n3. 
Implement CSS-in-JS 
styles for dark 
theme\n4. Update 
existing components 
to support theme 
switching\n5. Run 
tests and build 
process, addressing 
any failures or 
errors that 
occur\n*Begins 
working on the first t
ask*\n\n<reasoning>\nT
he assistant used the 
todo list 
because:\n1. Adding 
dark mode is a 
multi-step feature 
requiring UI, state 
management, and 
styling changes\n2. 
The user explicitly 
requested tests and 
build be run 
afterward\n3. The 
assistant inferred 
that tests and build 
need to pass by 
adding \"Ensure tests 
and build succeed\" 
as the final task\n</r
easoning>\n</example>\
n\n<example>\nUser: 
Help me rename the 
function getCwd to get
CurrentWorkingDirector
y across my 
project\nAssistant: 
Let me first search 
through your codebase 
to find all 
occurrences of 
'getCwd'.\n*Uses grep 
or search tools to 
locate all instances 
of getCwd in the 
codebase*\nAssistant: 
I've found 15 
instances of 'getCwd' 
across 8 different 
files. Let me create 
a todo list to track 
these 
changes.\n*Creates 
todo list with 
specific items for 
each file that needs u
pdating*\n\n<reasoning
>\nThe assistant used 
the todo list 
because:\n1. First, 
the assistant 
searched to 
understand the scope 
of the task\n2. Upon 
finding multiple 
occurrences across 
different files, it 
determined this was a 
complex task with 
multiple steps\n3. 
The todo list helps 
ensure every instance 
is tracked and 
updated 
systematically\n4. 
This approach 
prevents missing any 
occurrences and 
maintains code consist
ency\n</reasoning>\n</
example>\n\n\n<example
>\nUser: I need to 
implement these 
features for my 
e-commerce site: user 
registration, product 
catalog, shopping 
cart, and checkout 
flow.\nAssistant: 
I'll help implement 
these features. 
First, let's add all 
the features to the 
todo list.\n*Creates 
a todo list breaking 
down each feature 
into specific tasks 
based on the project a
rchitecture*\nAssistan
t: Let's start with 
user registration. 
This will involve 
creating database 
models, API 
endpoints, and 
frontend forms that 
integrate with your 
existing 
authentication system.
\n\n<reasoning>\nThe 
assistant used the 
todo list 
because:\n1. The user 
provided multiple 
complex features to 
implement in a comma 
separated list\n2. 
The todo list helps 
organize these large 
features into 
manageable tasks\n3. 
This approach allows 
for tracking progress 
across the entire impl
ementation\n</reasonin
g>\n</example>\n\n<exa
mple>\nUser: Can you 
help optimize my 
React application? 
It's rendering slowly 
and has performance is
sues.</user>\nAssistan
t: I'll help optimize 
your React 
application. First, 
let me examine your 
codebase to identify 
potential performance 
bottlenecks.\n*Reviews
 component structure, 
render patterns, 
state management, and 
data 
fetching*\nAssistant: 
After analyzing your 
codebase, I've 
identified several 
performance issues. 
Let me create a todo 
list to track our 
optimization 
efforts.\n*Creates 
todo list with items 
like: 1) Implement 
memoization for 
expensive 
calculations in 
ProductList, 2) Add 
virtualization for 
long lists in 
Dashboard, 3) 
Optimize image 
loading in Gallery 
component, 4) Fix 
state update loops in 
ShoppingCart, 5) 
Review bundle size 
and implement code 
splitting*\nLet's 
start by implementing 
memoization for the 
expensive 
calculations in your 
ProductList component.
</assistant>\n\n<reaso
ning>\nThe assistant 
used the todo list 
because:\n1. First, 
the assistant 
examined the codebase 
to identify specific 
performance 
issues\n2. Based on 
this analysis, it 
identified multiple 
optimization 
opportunities\n3. 
Performance 
optimization is a 
non-trivial task 
requiring multiple 
steps\n4. The todo 
list helps 
methodically track 
improvements across 
different 
components\n5. This 
systematic approach 
ensures all 
performance 
bottlenecks are addres
sed\n</reasoning>\n</e
xample>\n\n## 
Examples of When NOT 
to Use the Todo List\n
\n<example>\nUser: 
How do I print 'Hello 
World' in 
Python?\nAssistant: 
In Python, you can 
print \"Hello World\" 
with this simple code:
\n\npython\nprint(\"He
llo World\")\n\nThis 
will output the text 
\"Hello World\" to 
the console when execu
ted.</assistant>\n\n<r
easoning>\nThe 
assistant did not use 
the todo list because 
this is a single, 
trivial task that can 
be completed in one 
step. There's no need 
to track multiple 
tasks or steps for 
such a 
straightforward reques
t.\n</reasoning>\n</ex
ample>\n\n<example>\nU
ser: What does the 
git status command 
do?\nAssistant: The 
git status command 
shows the current 
state of your working 
directory and staging 
area. It displays 
which changes have 
been staged, which 
haven't, and which 
files aren't being 
tracked by Git. This 
is a fundamental 
command for 
understanding the 
current state of your 
repository before 
making commits.\n\n<re
asoning>\nThe 
assistant did not use 
the todo list because 
this is an 
informational request 
with no actual coding 
task to complete. The 
user is simply asking 
for an explanation, 
not for the assistant 
to perform multiple 
steps or tasks.\n</rea
soning>\n</example>\n\
n<example>\nUser: Can 
you add a comment to 
the calculateTotal 
function to explain 
what it 
does?\nAssistant: 
Sure, let me add a 
comment to the 
calculateTotal 
function to explain 
what it does.\n* Uses 
the Edit tool to add 
a comment to the 
calculateTotal 
function 
*\n\n<reasoning>\nThe 
assistant did not use 
the todo list because 
this is a single, 
straightforward task 
confined to one 
location in the code. 
Adding a comment 
doesn't require 
tracking multiple 
steps or systematic or
ganization.\n</reasoni
ng>\n</example>\n\n<ex
ample>\nUser: Run npm 
install for me and 
tell me what 
happens.\nAssistant: 
I'll run the npm 
install command for 
you.\n\n*Executes: 
npm install*\n\nThe 
command completed 
successfully. Here's 
the output:\n[Output 
of npm install 
command]\n\nAll 
dependencies have 
been installed 
according to your 
package.json file.\n\n
<reasoning>\nThe 
assistant did not use 
the todo list because 
this is a single 
command execution 
with immediate 
results. There are no 
multiple steps to 
track or organize, 
making the todo list 
unnecessary for this 
straightforward task.\
n</reasoning>\n</examp
le>\n\n## Task States 
and Management\n\n1. 
**Task States**: Use 
these states to track 
progress:\n   - 
pending: Task not yet 
started\n   - 
in_progress: 
Currently working on 
(limit to ONE task at 
a time)\n   - 
completed: Task 
finished 
successfully\n   - 
cancelled: Task no 
longer needed\n\n2. 
**Task 
Management**:\n   - 
Update task status in 
real-time as you 
work\n   - Mark tasks 
complete IMMEDIATELY 
after finishing 
(don't batch 
completions)\n   - 
Only have ONE task 
in_progress at any 
time\n   - Complete 
current tasks before 
starting new ones\n   
- Cancel tasks that 
become 
irrelevant\n\n3. 
**Task Breakdown**:\n 
  - Create specific, 
actionable items\n   
- Break complex tasks 
into smaller, 
manageable steps\n   
- Use clear, 
descriptive task 
names\n\nWhen in 
doubt, use this tool. 
Being proactive with 
task management 
demonstrates 
attentiveness and 
ensures you complete 
all requirements succe
ssfully.\n\n","paramet
ers":{"$schema":"https
://json-schema.org/dra
ft/2020-12/schema","ty
pe":"object","properti
es":{"todos":{"descrip
tion":"The updated 
todo list","type":"arr
ay","items":{"type":"o
bject","properties":{"
content":{"description
":"Brief description 
of the task","type":"s
tring"},"status":{"des
cription":"Current 
status of the task: 
pending, in_progress, 
completed, cancelled",
"type":"string"},"prio
rity":{"description":"
Priority level of the 
task: high, medium, lo
w","type":"string"}},"
required":["content","
status","priority"],"a
dditionalProperties":f
alse}}},"required":["t
odos"],"additionalProp
erties":false},"strict
":false},{"type":"func
tion","name":"skill","
description":"Load a 
specialized skill 
that provides 
domain-specific 
instructions and 
workflows. No skills 
are currently availabl
e.","parameters":{"$sc
hema":"https://json-sc
hema.org/draft/2020-12
/schema","type":"objec
t","properties":{"name
":{"description":"The 
name of the skill 
from available_skills"
,"type":"string"}},"re
quired":["name"],"addi
tionalProperties":fals
e},"strict":false}],"t
ool_choice":"auto","st
ream":true},"statusCod
e":404,"responseHeader
s":{"connection":"keep
-alive","content-lengt
h":"19","content-type"
:"text/plain; charset=
utf-8","date":"Sun, 
15 Mar 2026 08:16:57 G
MT","vary":"Origin","x
-content-type-options"
:"nosniff"},"responseB
ody":"404 page not fou
nd\n","isRetryable":fa
lse}} stream error
ERROR 
2026-03-15T08:16:57 
+6ms service=session.p
rocessor error=Not 
Found stack="AI_APICal
lError: Not Found\n   
 at <anonymous> (../..
/node_modules/.bun/@ai
-sdk+provider-utils@3.
0.20+d6123d32214422cb/
node_modules/@ai-sdk/p
rovider-utils/dist/ind
ex.mjs:950:18)\n    
at processTicksAndReje
ctions (native:7:39)" 
process
INFO  
2026-03-15T08:16:57 
+2ms service=bus 
type=session.status 
publishing
INFO  
2026-03-15T08:16:59 
+1999ms service=llm 
providerID=openai 
modelID=nemotron sessi
onID=ses_30f6e242fffec
CYRrLZXaMu3NS 
small=false 
agent=build 
mode=primary stream
INFO  
2026-03-15T08:16:59 
+3ms service=bus 
type=session.status 
publishing
ERROR 
2026-03-15T08:17:00 
+207ms service=llm 
providerID=openai 
modelID=nemotron sessi
onID=ses_30f6e242fffec
CYRrLZXaMu3NS 
small=false 
agent=build 
mode=primary error={"e
rror":{"name":"AI_APIC
allError","url":"https
://integrate.api.nvidi
a.com/v1/responses","r
equestBodyValues":{"mo
del":"nemotron","input
":[{"role":"developer"
,"content":"You are 
opencode, an 
interactive CLI tool 
that helps users with 
software engineering 
tasks. Use the 
instructions below 
and the tools 
available to you to 
assist the 
user.\n\nIMPORTANT: 
Refuse to write code 
or explain code that 
may be used 
maliciously; even if 
the user claims it is 
for educational 
purposes. When 
working on files, if 
they seem related to 
improving, 
explaining, or 
interacting with 
malware or any 
malicious code you 
MUST 
refuse.\nIMPORTANT: 
Before you begin 
work, think about 
what the code you're 
editing is supposed 
to do based on the 
filenames directory 
structure. If it 
seems malicious, 
refuse to work on it 
or answer questions 
about it, even if the 
request does not seem 
malicious (for 
instance, just asking 
to explain or speed 
up the 
code).\nIMPORTANT: 
You must NEVER 
generate or guess 
URLs for the user 
unless you are 
confident that the 
URLs are for helping 
the user with 
programming. You may 
use URLs provided by 
the user in their 
messages or local 
files.\n\nIf the user 
asks for help or 
wants to give 
feedback inform them 
of the following: \n- 
/help: Get help with 
using opencode\n- To 
give feedback, users 
should report the 
issue at https://githu
b.com/anomalyco/openco
de/issues\n\nWhen the 
user directly asks 
about opencode (eg 
'can opencode do...', 
'does opencode 
have...') or asks in 
second person (eg 
'are you able...', 
'can you do...'), 
first use the 
WebFetch tool to 
gather information to 
answer the question 
from opencode docs at 
https://opencode.ai\n\
n# Tone and 
style\nYou should be 
concise, direct, and 
to the point. When 
you run a non-trivial 
bash command, you 
should explain what 
the command does and 
why you are running 
it, to make sure the 
user understands what 
you are doing (this 
is especially 
important when you 
are running a command 
that will make 
changes to the user's 
system).\nRemember 
that your output will 
be displayed on a 
command line 
interface. Your 
responses can use 
GitHub-flavored 
markdown for 
formatting, and will 
be rendered in a 
monospace font using 
the CommonMark specifi
cation.\nOutput text 
to communicate with 
the user; all text 
you output outside of 
tool use is displayed 
to the user. Only use 
tools to complete 
tasks. Never use 
tools like Bash or 
code comments as 
means to communicate 
with the user during 
the session.\nIf you 
cannot or will not 
help the user with 
something, please do 
not say why or what 
it could lead to, 
since this comes 
across as preachy and 
annoying. Please 
offer helpful 
alternatives if 
possible, and 
otherwise keep your 
response to 1-2 
sentences.\nOnly use 
emojis if the user 
explicitly requests 
it. Avoid using 
emojis in all 
communication unless 
asked.\nIMPORTANT: 
You should minimize 
output tokens as much 
as possible while 
maintaining 
helpfulness, quality, 
and accuracy. Only 
address the specific 
query or task at 
hand, avoiding 
tangential 
information unless 
absolutely critical 
for completing the 
request. If you can 
answer in 1-3 
sentences or a short 
paragraph, please 
do.\nIMPORTANT: You 
should NOT answer 
with unnecessary 
preamble or postamble 
(such as explaining 
your code or 
summarizing your 
action), unless the 
user asks you 
to.\nIMPORTANT: Keep 
your responses short, 
since they will be 
displayed on a 
command line 
interface. You MUST 
answer concisely with 
fewer than 4 lines 
(not including tool 
use or code 
generation), unless 
user asks for detail. 
Answer the user's 
question directly, 
without elaboration, 
explanation, or 
details. One word 
answers are best. 
Avoid introductions, 
conclusions, and 
explanations. You 
MUST avoid text 
before/after your 
response, such as 
\"The answer is 
<answer>.\", \"Here 
is the content of the 
file...\" or \"Based 
on the information 
provided, the answer 
is...\" or \"Here is 
what I will do 
next...\". Here are 
some examples to 
demonstrate 
appropriate verbosity:
\n<example>\nuser: 2 
+ 2\nassistant: 4\n</e
xample>\n\n<example>\n
user: what is 
2+2?\nassistant: 4\n</
example>\n\n<example>\
nuser: is 11 a prime 
number?\nassistant: Ye
s\n</example>\n\n<exam
ple>\nuser: what 
command should I run 
to list files in the 
current directory?\nas
sistant: ls\n</example
>\n\n<example>\nuser: 
what command should I 
run to watch files in 
the current directory?
\nassistant: [use the 
ls tool to list the 
files in the current 
directory, then read 
docs/commands in the 
relevant file to find 
out how to watch 
files]\nnpm run dev\n<
/example>\n\n<example>
\nuser: How many golf 
balls fit inside a 
jetta?\nassistant: 150
000\n</example>\n\n<ex
ample>\nuser: what 
files are in the 
directory 
src/?\nassistant: 
[runs ls and sees 
foo.c, bar.c, 
baz.c]\nuser: which 
file contains the 
implementation of 
foo?\nassistant: src/f
oo.c\n</example>\n\n<e
xample>\nuser: write 
tests for new 
feature\nassistant: 
[uses grep and glob 
search tools to find 
where similar tests 
are defined, uses 
concurrent read file 
tool use blocks in 
one tool call to read 
relevant files at the 
same time, uses edit 
file tool to write 
new tests]\n</example>
\n\n# 
Proactiveness\nYou 
are allowed to be 
proactive, but only 
when the user asks 
you to do something. 
You should strive to 
strike a balance 
between:\n1. Doing 
the right thing when 
asked, including 
taking actions and 
follow-up actions\n2. 
Not surprising the 
user with actions you 
take without 
asking\nFor example, 
if the user asks you 
how to approach 
something, you should 
do your best to 
answer their question 
first, and not 
immediately jump into 
taking actions.\n3. 
Do not add additional 
code explanation 
summary unless 
requested by the 
user. After working 
on a file, just stop, 
rather than providing 
an explanation of 
what you did.\n\n# 
Following 
conventions\nWhen 
making changes to 
files, first 
understand the file's 
code conventions. 
Mimic code style, use 
existing libraries 
and utilities, and 
follow existing 
patterns.\n- NEVER 
assume that a given 
library is available, 
even if it is well 
known. Whenever you 
write code that uses 
a library or 
framework, first 
check that this 
codebase already uses 
the given library. 
For example, you 
might look at 
neighboring files, or 
check the 
package.json (or 
cargo.toml, and so on 
depending on the 
language).\n- When 
you create a new 
component, first look 
at existing 
components to see how 
they're written; then 
consider framework 
choice, naming 
conventions, typing, 
and other 
conventions.\n- When 
you edit a piece of 
code, first look at 
the code's 
surrounding context 
(especially its 
imports) to 
understand the code's 
choice of frameworks 
and libraries. Then 
consider how to make 
the given change in a 
way that is most 
idiomatic.\n- Always 
follow security best 
practices. Never 
introduce code that 
exposes or logs 
secrets and keys. 
Never commit secrets 
or keys to the 
repository.\n\n# Code 
style\n- IMPORTANT: 
DO NOT ADD ***ANY*** 
COMMENTS unless 
asked\n\n# Doing 
tasks\nThe user will 
primarily request you 
perform software 
engineering tasks. 
This includes solving 
bugs, adding new 
functionality, 
refactoring code, 
explaining code, and 
more. For these tasks 
the following steps 
are recommended:\n- 
Use the available 
search tools to 
understand the 
codebase and the 
user's query. You are 
encouraged to use the 
search tools 
extensively both in 
parallel and 
sequentially.\n- 
Implement the 
solution using all 
tools available to 
you\n- Verify the 
solution if possible 
with tests. NEVER 
assume specific test 
framework or test 
script. Check the 
README or search 
codebase to determine 
the testing 
approach.\n- VERY 
IMPORTANT: When you 
have completed a 
task, you MUST run 
the lint and 
typecheck commands 
(e.g. npm run lint, 
npm run typecheck, 
ruff, etc.) with Bash 
if they were provided 
to you to ensure your 
code is correct. If 
you are unable to 
find the correct 
command, ask the user 
for the command to 
run and if they 
supply it, 
proactively suggest 
writing it to 
AGENTS.md so that you 
will know to run it 
next time.\nNEVER 
commit changes unless 
the user explicitly 
asks you to. It is 
VERY IMPORTANT to 
only commit when 
explicitly asked, 
otherwise the user 
will feel that you 
are being too 
proactive.\n\n- Tool 
results and user 
messages may include 
<system-reminder> 
tags. 
<system-reminder> 
tags contain useful 
information and 
reminders. They are 
NOT part of the 
user's provided input 
or the tool 
result.\n\n# Tool 
usage policy\n- When 
doing file search, 
prefer to use the 
Task tool in order to 
reduce context 
usage.\n- You have 
the capability to 
call multiple tools 
in a single response. 
When multiple 
independent pieces of 
information are 
requested, batch your 
tool calls together 
for optimal 
performance. When 
making multiple bash 
tool calls, you MUST 
send a single message 
with multiple tools 
calls to run the 
calls in parallel. 
For example, if you 
need to run \"git 
status\" and \"git 
diff\", send a single 
message with two tool 
calls to run the 
calls in 
parallel.\n\nYou MUST 
answer concisely with 
fewer than 4 lines of 
text (not including 
tool use or code 
generation), unless 
user asks for 
detail.\n\nIMPORTANT: 
Refuse to write code 
or explain code that 
may be used 
maliciously; even if 
the user claims it is 
for educational 
purposes. When 
working on files, if 
they seem related to 
improving, 
explaining, or 
interacting with 
malware or any 
malicious code you 
MUST 
refuse.\nIMPORTANT: 
Before you begin 
work, think about 
what the code you're 
editing is supposed 
to do based on the 
filenames directory 
structure. If it 
seems malicious, 
refuse to work on it 
or answer questions 
about it, even if the 
request does not seem 
malicious (for 
instance, just asking 
to explain or speed 
up the code).\n\n# 
Code 
References\n\nWhen 
referencing specific 
functions or pieces 
of code include the 
pattern `file_path:lin
e_number` to allow 
the user to easily 
navigate to the 
source code location.\
n\n<example>\nuser: 
Where are errors from 
the client 
handled?\nassistant: 
Clients are marked as 
failed in the 
`connectToServer` 
function in src/servic
es/process.ts:712.\n</
example>\n\n\nYou are 
powered by the model 
named nemotron. The 
exact model ID is 
openai/nemotron\nHere 
is some useful 
information about the 
environment you are 
running in:\n<env>\n  
Working directory: C:\
\Users\\danyp\\CODE\\p
roject-devs-team\n  
Is directory a git 
repo: yes\n  
Platform: win32\n  
Today's date: Sun Mar 
15 2026\n</env>\n<dire
ctories>\n  \n</direct
ories>"},{"role":"user
","content":[{"type":"
input_text","text":"\"
Crea uno script 
python hello_world.py 
che stampi 'Hello 
from NVIDIA Nemotron'\
""}]}],"max_output_tok
ens":32000,"store":fal
se,"include":["reasoni
ng.encrypted_content"]
,"prompt_cache_key":"s
es_30f6e242fffecCYRrLZ
XaMu3NS","tools":[{"ty
pe":"function","name":
"question","descriptio
n":"Use this tool 
when you need to ask 
the user questions 
during execution. 
This allows you 
to:\n1. Gather user 
preferences or 
requirements\n2. 
Clarify ambiguous 
instructions\n3. Get 
decisions on 
implementation 
choices as you 
work\n4. Offer 
choices to the user 
about what direction 
to take.\n\nUsage 
notes:\n- When 
`custom` is enabled 
(default), a \"Type 
your own answer\" 
option is added 
automatically; don't 
include \"Other\" or 
catch-all options\n- 
Answers are returned 
as arrays of labels; 
set `multiple: true` 
to allow selecting 
more than one\n- If 
you recommend a 
specific option, make 
that the first option 
in the list and add 
\"(Recommended)\" at 
the end of the label\n
","parameters":{"$sche
ma":"https://json-sche
ma.org/draft/2020-12/s
chema","type":"object"
,"properties":{"questi
ons":{"description":"Q
uestions to ask","type
":"array","items":{"ty
pe":"object","properti
es":{"question":{"desc
ription":"Complete que
stion","type":"string"
},"header":{"descripti
on":"Very short label 
(max 30 chars)","type"
:"string"},"options":{
"description":"Availab
le choices","type":"ar
ray","items":{"ref":"Q
uestionOption","type":
"object","properties":
{"label":{"description
":"Display text (1-5 
words, concise)","type
":"string"},"descripti
on":{"description":"Ex
planation of choice","
type":"string"}},"requ
ired":["label","descri
ption"],"additionalPro
perties":false}},"mult
iple":{"description":"
Allow selecting 
multiple choices","typ
e":"boolean"}},"requir
ed":["question","heade
r","options"],"additio
nalProperties":false}}
},"required":["questio
ns"],"additionalProper
ties":false},"strict":
false},{"type":"functi
on","name":"bash","des
cription":"Executes a 
given bash command in 
a persistent shell 
session with optional 
timeout, ensuring 
proper handling and 
security 
measures.\n\nAll 
commands run in C:\\Us
ers\\danyp\\CODE\\proj
ect-devs-team by 
default. Use the 
`workdir` parameter 
if you need to run a 
command in a 
different directory. 
AVOID using `cd 
<directory> && 
<command>` patterns - 
use `workdir` instead.
\n\nIMPORTANT: This 
tool is for terminal 
operations like git, 
npm, docker, etc. DO 
NOT use it for file 
operations (reading, 
writing, editing, 
searching, finding 
files) - use the 
specialized tools for 
this 
instead.\n\nBefore 
executing the 
command, please 
follow these 
steps:\n\n1. 
Directory 
Verification:\n   - 
If the command will 
create new 
directories or files, 
first use `ls` to 
verify the parent 
directory exists and 
is the correct 
location\n   - For 
example, before 
running \"mkdir 
foo/bar\", first use 
`ls foo` to check 
that \"foo\" exists 
and is the intended 
parent 
directory\n\n2. 
Command Execution:\n  
 - Always quote file 
paths that contain 
spaces with double 
quotes (e.g., rm 
\"path with 
spaces/file.txt\")\n  
 - Examples of proper 
quoting:\n     - 
mkdir 
\"/Users/name/My 
Documents\" 
(correct)\n     - 
mkdir /Users/name/My 
Documents (incorrect 
- will fail)\n     - 
python \"/path/with 
spaces/script.py\" 
(correct)\n     - 
python /path/with 
spaces/script.py 
(incorrect - will 
fail)\n   - After 
ensuring proper 
quoting, execute the 
command.\n   - 
Capture the output of 
the command.\n\nUsage 
notes:\n  - The 
command argument is 
required.\n  - You 
can specify an 
optional timeout in 
milliseconds. If not 
specified, commands 
will time out after 
120000ms (2 
minutes).\n  - It is 
very helpful if you 
write a clear, 
concise description 
of what this command 
does in 5-10 words.\n 
 - If the output 
exceeds 2000 lines or 
51200 bytes, it will 
be truncated and the 
full output will be 
written to a file. 
You can use Read with 
offset/limit to read 
specific sections or 
Grep to search the 
full content. Because 
of this, you do NOT 
need to use `head`, 
`tail`, or other 
truncation commands 
to limit output - 
just run the command 
directly.\n\n  - 
Avoid using Bash with 
the `find`, `grep`, 
`cat`, `head`, 
`tail`, `sed`, `awk`, 
or `echo` commands, 
unless explicitly 
instructed or when 
these commands are 
truly necessary for 
the task. Instead, 
always prefer using 
the dedicated tools 
for these commands:\n 
   - File search: Use 
Glob (NOT find or 
ls)\n    - Content 
search: Use Grep (NOT 
grep or rg)\n    - 
Read files: Use Read 
(NOT cat/head/tail)\n 
   - Edit files: Use 
Edit (NOT sed/awk)\n  
  - Write files: Use 
Write (NOT echo >/cat 
<<EOF)\n    - 
Communication: Output 
text directly (NOT 
echo/printf)\n  - 
When issuing multiple 
commands:\n    - If 
the commands are 
independent and can 
run in parallel, make 
multiple Bash tool 
calls in a single 
message. For example, 
if you need to run 
\"git status\" and 
\"git diff\", send a 
single message with 
two Bash tool calls 
in parallel.\n    - 
If the commands 
depend on each other 
and must run 
sequentially, use a 
single Bash call with 
'&&' to chain them 
together (e.g., `git 
add . && git commit 
-m \"message\" && git 
push`). For instance, 
if one operation must 
complete before 
another starts (like 
mkdir before cp, 
Write before Bash for 
git operations, or 
git add before git 
commit), run these 
operations 
sequentially 
instead.\n    - Use 
';' only when you 
need to run commands 
sequentially but 
don't care if earlier 
commands fail\n    - 
DO NOT use newlines 
to separate commands 
(newlines are ok in 
quoted strings)\n  - 
AVOID using `cd 
<directory> && 
<command>`. Use the 
`workdir` parameter 
to change directories 
instead.\n    
<good-example>\n    
Use 
workdir=\"/foo/bar\" 
with command: pytest 
tests\n    
</good-example>\n    
<bad-example>\n    cd 
/foo/bar && pytest 
tests\n    
</bad-example>\n\n# 
Committing changes 
with git\n\nOnly 
create commits when 
requested by the 
user. If unclear, ask 
first. When the user 
asks you to create a 
new git commit, 
follow these steps 
carefully:\n\nGit 
Safety Protocol:\n- 
NEVER update the git 
config\n- NEVER run de
structive/irreversible
 git commands (like 
push --force, hard 
reset, etc) unless 
the user explicitly 
requests them\n- 
NEVER skip hooks 
(--no-verify, 
--no-gpg-sign, etc) 
unless the user 
explicitly requests 
it\n- NEVER run force 
push to main/master, 
warn the user if they 
request it\n- Avoid 
git commit --amend. 
ONLY use --amend when 
ALL conditions are 
met:\n  (1) User 
explicitly requested 
amend, OR commit 
SUCCEEDED but 
pre-commit hook 
auto-modified files 
that need including\n 
 (2) HEAD commit was 
created by you in 
this conversation 
(verify: git log -1 
--format='%an %ae')\n 
 (3) Commit has NOT 
been pushed to remote 
(verify: git status 
shows \"Your branch 
is ahead\")\n- 
CRITICAL: If commit 
FAILED or was 
REJECTED by hook, 
NEVER amend - fix the 
issue and create a 
NEW commit\n- 
CRITICAL: If you 
already pushed to 
remote, NEVER amend 
unless user 
explicitly requests 
it (requires force 
push)\n- NEVER commit 
changes unless the 
user explicitly asks 
you to. It is VERY 
IMPORTANT to only 
commit when 
explicitly asked, 
otherwise the user 
will feel that you 
are being too 
proactive.\n\n1. You 
can call multiple 
tools in a single 
response. When 
multiple independent 
pieces of information 
are requested and all 
commands are likely 
to succeed, run 
multiple tool calls 
in parallel for 
optimal performance. 
run the following 
bash commands in 
parallel, each using 
the Bash tool:\n  - 
Run a git status 
command to see all 
untracked files.\n  - 
Run a git diff 
command to see both 
staged and unstaged 
changes that will be 
committed.\n  - Run a 
git log command to 
see recent commit 
messages, so that you 
can follow this 
repository's commit 
message style.\n2. 
Analyze all staged 
changes (both 
previously staged and 
newly added) and 
draft a commit 
message:\n  - 
Summarize the nature 
of the changes (eg. 
new feature, 
enhancement to an 
existing feature, bug 
fix, refactoring, 
test, docs, etc.). 
Ensure the message 
accurately reflects 
the changes and their 
purpose (i.e. \"add\" 
means a wholly new 
feature, \"update\" 
means an enhancement 
to an existing 
feature, \"fix\" 
means a bug fix, 
etc.).\n  - Do not 
commit files that 
likely contain 
secrets (.env, 
credentials.json, 
etc.). Warn the user 
if they specifically 
request to commit 
those files\n  - 
Draft a concise (1-2 
sentences) commit 
message that focuses 
on the \"why\" rather 
than the \"what\"\n  
- Ensure it 
accurately reflects 
the changes and their 
purpose\n3. You can 
call multiple tools 
in a single response. 
When multiple 
independent pieces of 
information are 
requested and all 
commands are likely 
to succeed, run 
multiple tool calls 
in parallel for 
optimal performance. 
run the following 
commands:\n   - Add 
relevant untracked 
files to the staging 
area.\n   - Create 
the commit with a 
message\n   - Run git 
status after the 
commit completes to 
verify success.\n   
Note: git status 
depends on the commit 
completing, so run it 
sequentially after 
the commit.\n4. If 
the commit fails due 
to pre-commit hook, 
fix the issue and 
create a NEW commit 
(see amend rules 
above)\n\nImportant 
notes:\n- NEVER run 
additional commands 
to read or explore 
code, besides git 
bash commands\n- 
NEVER use the 
TodoWrite or Task 
tools\n- DO NOT push 
to the remote 
repository unless the 
user explicitly asks 
you to do so\n- 
IMPORTANT: Never use 
git commands with the 
-i flag (like git 
rebase -i or git add 
-i) since they 
require interactive 
input which is not 
supported.\n- If 
there are no changes 
to commit (i.e., no 
untracked files and 
no modifications), do 
not create an empty 
commit\n\n# Creating 
pull requests\nUse 
the gh command via 
the Bash tool for ALL 
GitHub-related tasks 
including working 
with issues, pull 
requests, checks, and 
releases. If given a 
GitHub URL use the gh 
command to get the 
information 
needed.\n\nIMPORTANT: 
When the user asks 
you to create a pull 
request, follow these 
steps 
carefully:\n\n1. You 
can call multiple 
tools in a single 
response. When 
multiple independent 
pieces of information 
are requested and all 
commands are likely 
to succeed, run 
multiple tool calls 
in parallel for 
optimal performance. 
run the following 
bash commands in 
parallel using the 
Bash tool, in order 
to understand the 
current state of the 
branch since it 
diverged from the 
main branch:\n   - 
Run a git status 
command to see all 
untracked files\n   - 
Run a git diff 
command to see both 
staged and unstaged 
changes that will be 
committed\n   - Check 
if the current branch 
tracks a remote 
branch and is up to 
date with the remote, 
so you know if you 
need to push to the 
remote\n   - Run a 
git log command and 
`git diff 
[base-branch]...HEAD` 
to understand the 
full commit history 
for the current 
branch (from the time 
it diverged from the 
base branch)\n2. 
Analyze all changes 
that will be included 
in the pull request, 
making sure to look 
at all relevant 
commits (NOT just the 
latest commit, but 
ALL commits that will 
be included in the 
pull request!!!), and 
draft a pull request 
summary\n3. You can 
call multiple tools 
in a single response. 
When multiple 
independent pieces of 
information are 
requested and all 
commands are likely 
to succeed, run 
multiple tool calls 
in parallel for 
optimal performance. 
run the following 
commands in 
parallel:\n   - 
Create new branch if 
needed\n   - Push to 
remote with -u flag 
if needed\n   - 
Create PR using gh pr 
create with the 
format below. Use a 
HEREDOC to pass the 
body to ensure 
correct formatting.\n<
example>\ngh pr 
create --title \"the 
pr title\" --body 
\"$(cat <<'EOF'\n## 
Summary\n<1-3 bullet p
oints>\n</example>\n\n
Important:\n- DO NOT 
use the TodoWrite or 
Task tools\n- Return 
the PR URL when 
you're done, so the 
user can see it\n\n# 
Other common 
operations\n- View 
comments on a GitHub 
PR: gh api repos/foo/b
ar/pulls/123/comments\
n","parameters":{"$sch
ema":"https://json-sch
ema.org/draft/2020-12/
schema","type":"object
","properties":{"comma
nd":{"description":"Th
e command to execute",
"type":"string"},"time
out":{"description":"O
ptional timeout in mil
liseconds","type":"num
ber"},"workdir":{"desc
ription":"The working 
directory to run the 
command in. Defaults 
to C:\\Users\\danyp\\C
ODE\\project-devs-team
. Use this instead of 
'cd' commands.","type"
:"string"},"descriptio
n":{"description":"Cle
ar, concise 
description of what 
this command does in 
5-10 words. 
Examples:\nInput: 
ls\nOutput: Lists 
files in current 
directory\n\nInput: 
git status\nOutput: 
Shows working tree 
status\n\nInput: npm 
install\nOutput: 
Installs package depen
dencies\n\nInput: 
mkdir foo\nOutput: 
Creates directory 'foo
'","type":"string"}},"
required":["command","
description"],"additio
nalProperties":false},
"strict":false},{"type
":"function","name":"r
ead","description":"Re
ad a file or 
directory from the 
local filesystem. If 
the path does not 
exist, an error is ret
urned.\n\nUsage:\n- 
The filePath 
parameter should be 
an absolute path.\n- 
By default, this tool 
returns up to 2000 
lines from the start 
of the file.\n- The 
offset parameter is 
the line number to 
start from 
(1-indexed).\n- To 
read later sections, 
call this tool again 
with a larger 
offset.\n- Use the 
grep tool to find 
specific content in 
large files or files 
with long lines.\n- 
If you are unsure of 
the correct file 
path, use the glob 
tool to look up 
filenames by glob 
pattern.\n- Contents 
are returned with 
each line prefixed by 
its line number as 
`<line>: <content>`. 
For example, if a 
file has contents 
\"foo\\n\", you will 
receive \"1: 
foo\\n\". For 
directories, entries 
are returned one per 
line (without line 
numbers) with a 
trailing `/` for 
subdirectories.\n- 
Any line longer than 
2000 characters is 
truncated.\n- Call 
this tool in parallel 
when you know there 
are multiple files 
you want to read.\n- 
Avoid tiny repeated 
slices (30 line 
chunks). If you need 
more context, read a 
larger window.\n- 
This tool can read 
image files and PDFs 
and return them as 
file attachments.\n","
parameters":{"$schema"
:"https://json-schema.
org/draft/2020-12/sche
ma","type":"object","p
roperties":{"filePath"
:{"description":"The 
absolute path to the 
file or directory to r
ead","type":"string"},
"offset":{"description
":"The line number to 
start reading from (1-
indexed)","type":"numb
er"},"limit":{"descrip
tion":"The maximum 
number of lines to 
read (defaults to 2000
)","type":"number"}},"
required":["filePath"]
,"additionalProperties
":false},"strict":fals
e},{"type":"function",
"name":"glob","descrip
tion":"- Fast file 
pattern matching tool 
that works with any 
codebase size\n- 
Supports glob 
patterns like 
\"**/*.js\" or 
\"src/**/*.ts\"\n- 
Returns matching file 
paths sorted by 
modification time\n- 
Use this tool when 
you need to find 
files by name 
patterns\n- When you 
are doing an 
open-ended search 
that may require 
multiple rounds of 
globbing and 
grepping, use the 
Task tool instead\n- 
You have the 
capability to call 
multiple tools in a 
single response. It 
is always better to 
speculatively perform 
multiple searches as 
a batch that are 
potentially useful.\n"
,"parameters":{"$schem
a":"https://json-schem
a.org/draft/2020-12/sc
hema","type":"object",
"properties":{"pattern
":{"description":"The 
glob pattern to match 
files against","type":
"string"},"path":{"des
cription":"The 
directory to search 
in. If not specified, 
the current working 
directory will be 
used. IMPORTANT: Omit 
this field to use the 
default directory. DO 
NOT enter 
\"undefined\" or 
\"null\" - simply 
omit it for the 
default behavior. 
Must be a valid 
directory path if prov
ided.","type":"string"
}},"required":["patter
n"],"additionalPropert
ies":false},"strict":f
alse},{"type":"functio
n","name":"grep","desc
ription":"- Fast 
content search tool 
that works with any 
codebase size\n- 
Searches file 
contents using 
regular 
expressions\n- 
Supports full regex 
syntax (eg. 
\"log.*Error\", 
\"function\\s+\\w+\", 
etc.)\n- Filter files 
by pattern with the 
include parameter 
(eg. \"*.js\", 
\"*.{ts,tsx}\")\n- 
Returns file paths 
and line numbers with 
at least one match 
sorted by 
modification time\n- 
Use this tool when 
you need to find 
files containing 
specific patterns\n- 
If you need to 
identify/count the 
number of matches 
within files, use the 
Bash tool with `rg` 
(ripgrep) directly. 
Do NOT use `grep`.\n- 
When you are doing an 
open-ended search 
that may require 
multiple rounds of 
globbing and 
grepping, use the 
Task tool instead\n","
parameters":{"$schema"
:"https://json-schema.
org/draft/2020-12/sche
ma","type":"object","p
roperties":{"pattern":
{"description":"The 
regex pattern to 
search for in file con
tents","type":"string"
},"path":{"description
":"The directory to 
search in. Defaults 
to the current 
working directory.","t
ype":"string"},"includ
e":{"description":"Fil
e pattern to include 
in the search (e.g. 
\"*.js\", \"*.{ts,tsx}
\")","type":"string"}}
,"required":["pattern"
],"additionalPropertie
s":false},"strict":fal
se},{"type":"function"
,"name":"edit","descri
ption":"Performs 
exact string 
replacements in 
files. \n\nUsage:\n- 
You must use your 
`Read` tool at least 
once in the 
conversation before 
editing. This tool 
will error if you 
attempt an edit 
without reading the 
file. \n- When 
editing text from 
Read tool output, 
ensure you preserve 
the exact indentation 
(tabs/spaces) as it 
appears AFTER the 
line number prefix. 
The line number 
prefix format is: 
line number + colon + 
space (e.g., `1: `). 
Everything after that 
space is the actual 
file content to 
match. Never include 
any part of the line 
number prefix in the 
oldString or 
newString.\n- ALWAYS 
prefer editing 
existing files in the 
codebase. NEVER write 
new files unless 
explicitly 
required.\n- Only use 
emojis if the user 
explicitly requests 
it. Avoid adding 
emojis to files 
unless asked.\n- The 
edit will FAIL if 
`oldString` is not 
found in the file 
with an error 
\"oldString not found 
in content\".\n- The 
edit will FAIL if 
`oldString` is found 
multiple times in the 
file with an error 
\"Found multiple 
matches for 
oldString. Provide 
more surrounding 
lines in oldString to 
identify the correct 
match.\" Either 
provide a larger 
string with more 
surrounding context 
to make it unique or 
use `replaceAll` to 
change every instance 
of `oldString`. \n- 
Use `replaceAll` for 
replacing and 
renaming strings 
across the file. This 
parameter is useful 
if you want to rename 
a variable for instanc
e.\n","parameters":{"$
schema":"https://json-
schema.org/draft/2020-
12/schema","type":"obj
ect","properties":{"fi
lePath":{"description"
:"The absolute path 
to the file to modify"
,"type":"string"},"old
String":{"description"
:"The text to replace"
,"type":"string"},"new
String":{"description"
:"The text to replace 
it with (must be 
different from oldStri
ng)","type":"string"},
"replaceAll":{"descrip
tion":"Replace all 
occurrences of 
oldString (default fal
se)","type":"boolean"}
},"required":["filePat
h","oldString","newStr
ing"],"additionalPrope
rties":false},"strict"
:false},{"type":"funct
ion","name":"write","d
escription":"Writes a 
file to the local file
system.\n\nUsage:\n- 
This tool will 
overwrite the 
existing file if 
there is one at the 
provided path.\n- If 
this is an existing 
file, you MUST use 
the Read tool first 
to read the file's 
contents. This tool 
will fail if you did 
not read the file 
first.\n- ALWAYS 
prefer editing 
existing files in the 
codebase. NEVER write 
new files unless 
explicitly 
required.\n- NEVER 
proactively create 
documentation files 
(*.md) or README 
files. Only create 
documentation files 
if explicitly 
requested by the 
User.\n- Only use 
emojis if the user 
explicitly requests 
it. Avoid writing 
emojis to files 
unless asked.\n","para
meters":{"$schema":"ht
tps://json-schema.org/
draft/2020-12/schema",
"type":"object","prope
rties":{"content":{"de
scription":"The 
content to write to 
the file","type":"stri
ng"},"filePath":{"desc
ription":"The 
absolute path to the 
file to write (must 
be absolute, not relat
ive)","type":"string"}
},"required":["content
","filePath"],"additio
nalProperties":false},
"strict":false},{"type
":"function","name":"t
ask","description":"La
unch a new agent to 
handle complex, 
multistep tasks autono
mously.\n\nAvailable 
agent types and the 
tools they have 
access to:\n- 
general: 
General-purpose agent 
for researching 
complex questions and 
executing multi-step 
tasks. Use this agent 
to execute multiple 
units of work in 
parallel.\n- explore: 
Fast agent 
specialized for 
exploring codebases. 
Use this when you 
need to quickly find 
files by patterns 
(eg. \"src/components/
**/*.tsx\"), search 
code for keywords 
(eg. \"API 
endpoints\"), or 
answer questions 
about the codebase 
(eg. \"how do API 
endpoints work?\"). 
When calling this 
agent, specify the 
desired thoroughness 
level: \"quick\" for 
basic searches, 
\"medium\" for 
moderate exploration, 
or \"very thorough\" 
for comprehensive 
analysis across 
multiple locations 
and naming 
conventions.\n\nWhen 
using the Task tool, 
you must specify a 
subagent_type 
parameter to select 
which agent type to 
use.\n\nWhen to use 
the Task tool:\n- 
When you are 
instructed to execute 
custom slash 
commands. Use the 
Task tool with the 
slash command 
invocation as the 
entire prompt. The 
slash command can 
take arguments. For 
example: Task(descript
ion=\"Check the 
file\", 
prompt=\"/check-file p
ath/to/file.py\")\n\nW
hen NOT to use the 
Task tool:\n- If you 
want to read a 
specific file path, 
use the Read or Glob 
tool instead of the 
Task tool, to find 
the match more 
quickly\n- If you are 
searching for a 
specific class 
definition like 
\"class Foo\", use 
the Glob tool 
instead, to find the 
match more quickly\n- 
If you are searching 
for code within a 
specific file or set 
of 2-3 files, use the 
Read tool instead of 
the Task tool, to 
find the match more 
quickly\n- Other 
tasks that are not 
related to the agent 
descriptions 
above\n\n\nUsage 
notes:\n1. Launch 
multiple agents 
concurrently whenever 
possible, to maximize 
performance; to do 
that, use a single 
message with multiple 
tool uses\n2. When 
the agent is done, it 
will return a single 
message back to you. 
The result returned 
by the agent is not 
visible to the user. 
To show the user the 
result, you should 
send a text message 
back to the user with 
a concise summary of 
the result. The 
output includes a 
task_id you can reuse 
later to continue the 
same subagent 
session.\n3. Each 
agent invocation 
starts with a fresh 
context unless you 
provide task_id to 
resume the same 
subagent session 
(which continues with 
its previous messages 
and tool outputs). 
When starting fresh, 
your prompt should 
contain a highly 
detailed task 
description for the 
agent to perform 
autonomously and you 
should specify 
exactly what 
information the agent 
should return back to 
you in its final and 
only message to 
you.\n4. The agent's 
outputs should 
generally be 
trusted\n5. Clearly 
tell the agent 
whether you expect it 
to write code or just 
to do research 
(search, file reads, 
web fetches, etc.), 
since it is not aware 
of the user's intent. 
Tell it how to verify 
its work if possible 
(e.g., relevant test 
commands).\n6. If the 
agent description 
mentions that it 
should be used 
proactively, then you 
should try your best 
to use it without the 
user having to ask 
for it first. Use 
your 
judgement.\n\nExample 
usage (NOTE: The 
agents below are 
fictional examples 
for illustration only 
- use the actual 
agents listed above):\
n\n<example_agent_desc
riptions>\n\"code-revi
ewer\": use this 
agent after you are 
done writing a 
significant piece of c
ode\n\"greeting-respon
der\": use this agent 
when to respond to 
user greetings with a 
friendly joke\n</examp
le_agent_description>\
n\n<example>\nuser: 
\"Please write a 
function that checks 
if a number is 
prime\"\nassistant: 
Sure let me write a 
function that checks 
if a number is 
prime\nassistant: 
First let me use the 
Write tool to write a 
function that checks 
if a number is 
prime\nassistant: I'm 
going to use the 
Write tool to write 
the following code:\n<
code>\nfunction 
isPrime(n) {\n  if (n 
<= 1) return false\n  
for (let i = 2; i * i 
<= n; i++) {\n    if 
(n % i === 0) return 
false\n  }\n  return t
rue\n}\n</code>\n<comm
entary>\nSince a 
significant piece of 
code was written and 
the task was 
completed, now use 
the code-reviewer 
agent to review the co
de\n</commentary>\nass
istant: Now let me 
use the code-reviewer 
agent to review the 
code\nassistant: Uses 
the Task tool to 
launch the 
code-reviewer agent\n<
/example>\n\n<example>
\nuser: \"Hello\"\n<co
mmentary>\nSince the 
user is greeting, use 
the 
greeting-responder 
agent to respond with 
a friendly joke\n</com
mentary>\nassistant: 
\"I'm going to use 
the Task tool to 
launch the with the 
greeting-responder age
nt\"\n</example>\n","p
arameters":{"$schema":
"https://json-schema.o
rg/draft/2020-12/schem
a","type":"object","pr
operties":{"descriptio
n":{"description":"A 
short (3-5 words) 
description of the tas
k","type":"string"},"p
rompt":{"description":
"The task for the 
agent to perform","typ
e":"string"},"subagent
_type":{"description":
"The type of 
specialized agent to 
use for this task","ty
pe":"string"},"task_id
":{"description":"This
 should only be set 
if you mean to resume 
a previous task (you 
can pass a prior 
task_id and the task 
will continue the 
same subagent session 
as before instead of 
creating a fresh one)"
,"type":"string"},"com
mand":{"description":"
The command that 
triggered this task","
type":"string"}},"requ
ired":["description","
prompt","subagent_type
"],"additionalProperti
es":false},"strict":fa
lse},{"type":"function
","name":"webfetch","d
escription":"- 
Fetches content from 
a specified URL\n- 
Takes a URL and 
optional format as 
input\n- Fetches the 
URL content, converts 
to requested format 
(markdown by 
default)\n- Returns 
the content in the 
specified format\n- 
Use this tool when 
you need to retrieve 
and analyze web 
content\n\nUsage 
notes:\n  - 
IMPORTANT: if another 
tool is present that 
offers better web 
fetching 
capabilities, is more 
targeted to the task, 
or has fewer 
restrictions, prefer 
using that tool 
instead of this 
one.\n  - The URL 
must be a 
fully-formed valid 
URL\n  - HTTP URLs 
will be automatically 
upgraded to HTTPS\n  
- Format options: 
\"markdown\" 
(default), \"text\", 
or \"html\"\n  - This 
tool is read-only and 
does not modify any 
files\n  - Results 
may be summarized if 
the content is very la
rge\n","parameters":{"
$schema":"https://json
-schema.org/draft/2020
-12/schema","type":"ob
ject","properties":{"u
rl":{"description":"Th
e URL to fetch 
content from","type":"
string"},"format":{"de
scription":"The 
format to return the 
content in (text, 
markdown, or html). 
Defaults to markdown."
,"default":"markdown",
"type":"string","enum"
:["text","markdown","h
tml"]},"timeout":{"des
cription":"Optional 
timeout in seconds 
(max 120)","type":"num
ber"}},"required":["ur
l","format"],"addition
alProperties":false},"
strict":false},{"type"
:"function","name":"to
dowrite","description"
:"Use this tool to 
create and manage a 
structured task list 
for your current 
coding session. This 
helps you track 
progress, organize 
complex tasks, and 
demonstrate 
thoroughness to the 
user.\nIt also helps 
the user understand 
the progress of the 
task and overall 
progress of their 
requests.\n\n## When 
to Use This Tool\nUse 
this tool proactively 
in these 
scenarios:\n\n1. 
Complex multistep 
tasks - When a task 
requires 3 or more 
distinct steps or 
actions\n2. 
Non-trivial and 
complex tasks - Tasks 
that require careful 
planning or multiple 
operations\n3. User 
explicitly requests 
todo list - When the 
user directly asks 
you to use the todo 
list\n4. User 
provides multiple 
tasks - When users 
provide a list of 
things to be done 
(numbered or 
comma-separated)\n5. 
After receiving new 
instructions - 
Immediately capture 
user requirements as 
todos. Feel free to 
edit the todo list 
based on new 
information.\n6. 
After completing a 
task - Mark it 
complete and add any 
new follow-up 
tasks\n7. When you 
start working on a 
new task, mark the 
todo as in_progress. 
Ideally you should 
only have one todo as 
in_progress at a 
time. Complete 
existing tasks before 
starting new 
ones.\n\n## When NOT 
to Use This 
Tool\n\nSkip using 
this tool when:\n1. 
There is only a 
single, 
straightforward 
task\n2. The task is 
trivial and tracking 
it provides no 
organizational 
benefit\n3. The task 
can be completed in 
less than 3 trivial 
steps\n4. The task is 
purely conversational 
or 
informational\n\nNOTE 
that you should not 
use this tool if 
there is only one 
trivial task to do. 
In this case you are 
better off just doing 
the task 
directly.\n\n## 
Examples of When to 
Use the Todo List\n\n<
example>\nUser: I 
want to add a dark 
mode toggle to the 
application settings. 
Make sure you run the 
tests and build when 
you're 
done!\nAssistant: 
I'll help add a dark 
mode toggle to your 
application settings. 
Let me create a todo 
list to track this imp
lementation.\n*Creates
 todo list with the 
following items:*\n1. 
Create dark mode 
toggle component in 
Settings page\n2. Add 
dark mode state 
management 
(context/store)\n3. 
Implement CSS-in-JS 
styles for dark 
theme\n4. Update 
existing components 
to support theme 
switching\n5. Run 
tests and build 
process, addressing 
any failures or 
errors that 
occur\n*Begins 
working on the first t
ask*\n\n<reasoning>\nT
he assistant used the 
todo list 
because:\n1. Adding 
dark mode is a 
multi-step feature 
requiring UI, state 
management, and 
styling changes\n2. 
The user explicitly 
requested tests and 
build be run 
afterward\n3. The 
assistant inferred 
that tests and build 
need to pass by 
adding \"Ensure tests 
and build succeed\" 
as the final task\n</r
easoning>\n</example>\
n\n<example>\nUser: 
Help me rename the 
function getCwd to get
CurrentWorkingDirector
y across my 
project\nAssistant: 
Let me first search 
through your codebase 
to find all 
occurrences of 
'getCwd'.\n*Uses grep 
or search tools to 
locate all instances 
of getCwd in the 
codebase*\nAssistant: 
I've found 15 
instances of 'getCwd' 
across 8 different 
files. Let me create 
a todo list to track 
these 
changes.\n*Creates 
todo list with 
specific items for 
each file that needs u
pdating*\n\n<reasoning
>\nThe assistant used 
the todo list 
because:\n1. First, 
the assistant 
searched to 
understand the scope 
of the task\n2. Upon 
finding multiple 
occurrences across 
different files, it 
determined this was a 
complex task with 
multiple steps\n3. 
The todo list helps 
ensure every instance 
is tracked and 
updated 
systematically\n4. 
This approach 
prevents missing any 
occurrences and 
maintains code consist
ency\n</reasoning>\n</
example>\n\n\n<example
>\nUser: I need to 
implement these 
features for my 
e-commerce site: user 
registration, product 
catalog, shopping 
cart, and checkout 
flow.\nAssistant: 
I'll help implement 
these features. 
First, let's add all 
the features to the 
todo list.\n*Creates 
a todo list breaking 
down each feature 
into specific tasks 
based on the project a
rchitecture*\nAssistan
t: Let's start with 
user registration. 
This will involve 
creating database 
models, API 
endpoints, and 
frontend forms that 
integrate with your 
existing 
authentication system.
\n\n<reasoning>\nThe 
assistant used the 
todo list 
because:\n1. The user 
provided multiple 
complex features to 
implement in a comma 
separated list\n2. 
The todo list helps 
organize these large 
features into 
manageable tasks\n3. 
This approach allows 
for tracking progress 
across the entire impl
ementation\n</reasonin
g>\n</example>\n\n<exa
mple>\nUser: Can you 
help optimize my 
React application? 
It's rendering slowly 
and has performance is
sues.</user>\nAssistan
t: I'll help optimize 
your React 
application. First, 
let me examine your 
codebase to identify 
potential performance 
bottlenecks.\n*Reviews
 component structure, 
render patterns, 
state management, and 
data 
fetching*\nAssistant: 
After analyzing your 
codebase, I've 
identified several 
performance issues. 
Let me create a todo 
list to track our 
optimization 
efforts.\n*Creates 
todo list with items 
like: 1) Implement 
memoization for 
expensive 
calculations in 
ProductList, 2) Add 
virtualization for 
long lists in 
Dashboard, 3) 
Optimize image 
loading in Gallery 
component, 4) Fix 
state update loops in 
ShoppingCart, 5) 
Review bundle size 
and implement code 
splitting*\nLet's 
start by implementing 
memoization for the 
expensive 
calculations in your 
ProductList component.
</assistant>\n\n<reaso
ning>\nThe assistant 
used the todo list 
because:\n1. First, 
the assistant 
examined the codebase 
to identify specific 
performance 
issues\n2. Based on 
this analysis, it 
identified multiple 
optimization 
opportunities\n3. 
Performance 
optimization is a 
non-trivial task 
requiring multiple 
steps\n4. The todo 
list helps 
methodically track 
improvements across 
different 
components\n5. This 
systematic approach 
ensures all 
performance 
bottlenecks are addres
sed\n</reasoning>\n</e
xample>\n\n## 
Examples of When NOT 
to Use the Todo List\n
\n<example>\nUser: 
How do I print 'Hello 
World' in 
Python?\nAssistant: 
In Python, you can 
print \"Hello World\" 
with this simple code:
\n\npython\nprint(\"He
llo World\")\n\nThis 
will output the text 
\"Hello World\" to 
the console when execu
ted.</assistant>\n\n<r
easoning>\nThe 
assistant did not use 
the todo list because 
this is a single, 
trivial task that can 
be completed in one 
step. There's no need 
to track multiple 
tasks or steps for 
such a 
straightforward reques
t.\n</reasoning>\n</ex
ample>\n\n<example>\nU
ser: What does the 
git status command 
do?\nAssistant: The 
git status command 
shows the current 
state of your working 
directory and staging 
area. It displays 
which changes have 
been staged, which 
haven't, and which 
files aren't being 
tracked by Git. This 
is a fundamental 
command for 
understanding the 
current state of your 
repository before 
making commits.\n\n<re
asoning>\nThe 
assistant did not use 
the todo list because 
this is an 
informational request 
with no actual coding 
task to complete. The 
user is simply asking 
for an explanation, 
not for the assistant 
to perform multiple 
steps or tasks.\n</rea
soning>\n</example>\n\
n<example>\nUser: Can 
you add a comment to 
the calculateTotal 
function to explain 
what it 
does?\nAssistant: 
Sure, let me add a 
comment to the 
calculateTotal 
function to explain 
what it does.\n* Uses 
the Edit tool to add 
a comment to the 
calculateTotal 
function 
*\n\n<reasoning>\nThe 
assistant did not use 
the todo list because 
this is a single, 
straightforward task 
confined to one 
location in the code. 
Adding a comment 
doesn't require 
tracking multiple 
steps or systematic or
ganization.\n</reasoni
ng>\n</example>\n\n<ex
ample>\nUser: Run npm 
install for me and 
tell me what 
happens.\nAssistant: 
I'll run the npm 
install command for 
you.\n\n*Executes: 
npm install*\n\nThe 
command completed 
successfully. Here's 
the output:\n[Output 
of npm install 
command]\n\nAll 
dependencies have 
been installed 
according to your 
package.json file.\n\n
<reasoning>\nThe 
assistant did not use 
the todo list because 
this is a single 
command execution 
with immediate 
results. There are no 
multiple steps to 
track or organize, 
making the todo list 
unnecessary for this 
straightforward task.\
n</reasoning>\n</examp
le>\n\n## Task States 
and Management\n\n1. 
**Task States**: Use 
these states to track 
progress:\n   - 
pending: Task not yet 
started\n   - 
in_progress: 
Currently working on 
(limit to ONE task at 
a time)\n   - 
completed: Task 
finished 
successfully\n   - 
cancelled: Task no 
longer needed\n\n2. 
**Task 
Management**:\n   - 
Update task status in 
real-time as you 
work\n   - Mark tasks 
complete IMMEDIATELY 
after finishing 
(don't batch 
completions)\n   - 
Only have ONE task 
in_progress at any 
time\n   - Complete 
current tasks before 
starting new ones\n   
- Cancel tasks that 
become 
irrelevant\n\n3. 
**Task Breakdown**:\n 
  - Create specific, 
actionable items\n   
- Break complex tasks 
into smaller, 
manageable steps\n   
- Use clear, 
descriptive task 
names\n\nWhen in 
doubt, use this tool. 
Being proactive with 
task management 
demonstrates 
attentiveness and 
ensures you complete 
all requirements succe
ssfully.\n\n","paramet
ers":{"$schema":"https
://json-schema.org/dra
ft/2020-12/schema","ty
pe":"object","properti
es":{"todos":{"descrip
tion":"The updated 
todo list","type":"arr
ay","items":{"type":"o
bject","properties":{"
content":{"description
":"Brief description 
of the task","type":"s
tring"},"status":{"des
cription":"Current 
status of the task: 
pending, in_progress, 
completed, cancelled",
"type":"string"},"prio
rity":{"description":"
Priority level of the 
task: high, medium, lo
w","type":"string"}},"
required":["content","
status","priority"],"a
dditionalProperties":f
alse}}},"required":["t
odos"],"additionalProp
erties":false},"strict
":false},{"type":"func
tion","name":"skill","
description":"Load a 
specialized skill 
that provides 
domain-specific 
instructions and 
workflows. No skills 
are currently availabl
e.","parameters":{"$sc
hema":"https://json-sc
hema.org/draft/2020-12
/schema","type":"objec
t","properties":{"name
":{"description":"The 
name of the skill 
from available_skills"
,"type":"string"}},"re
quired":["name"],"addi
tionalProperties":fals
e},"strict":false}],"t
ool_choice":"auto","st
ream":true},"statusCod
e":404,"responseHeader
s":{"connection":"keep
-alive","content-lengt
h":"19","content-type"
:"text/plain; charset=
utf-8","date":"Sun, 
15 Mar 2026 08:16:59 G
MT","vary":"Origin","x
-content-type-options"
:"nosniff"},"responseB
ody":"404 page not fou
nd\n","isRetryable":fa
lse}} stream error
ERROR 
2026-03-15T08:17:00 
+1ms service=session.p
rocessor error=Not 
Found stack="AI_APICal
lError: Not Found\n   
 at <anonymous> (../..
/node_modules/.bun/@ai
-sdk+provider-utils@3.
0.20+d6123d32214422cb/
node_modules/@ai-sdk/p
rovider-utils/dist/ind
ex.mjs:950:18)\n    
at processTicksAndReje
ctions (native:7:39)" 
process
INFO  
2026-03-15T08:17:00 
+0ms service=bus 
type=session.status 
publishing
INFO  
2026-03-15T08:17:04 
+4006ms service=llm 
providerID=openai 
modelID=nemotron sessi
onID=ses_30f6e242fffec
CYRrLZXaMu3NS 
small=false 
agent=build 
mode=primary stream
INFO  
2026-03-15T08:17:04 
+7ms service=bus 
type=session.status 
publishing
ERROR 
2026-03-15T08:17:04 
+209ms service=llm 
providerID=openai 
modelID=nemotron sessi
onID=ses_30f6e242fffec
CYRrLZXaMu3NS 
small=false 
agent=build 
mode=primary error={"e
rror":{"name":"AI_APIC
allError","url":"https
://integrate.api.nvidi
a.com/v1/responses","r
equestBodyValues":{"mo
del":"nemotron","input
":[{"role":"developer"
,"content":"You are 
opencode, an 
interactive CLI tool 
that helps users with 
software engineering 
tasks. Use the 
instructions below 
and the tools 
available to you to 
assist the 
user.\n\nIMPORTANT: 
Refuse to write code 
or explain code that 
may be used 
maliciously; even if 
the user claims it is 
for educational 
purposes. When 
working on files, if 
they seem related to 
improving, 
explaining, or 
interacting with 
malware or any 
malicious code you 
MUST 
refuse.\nIMPORTANT: 
Before you begin 
work, think about 
what the code you're 
editing is supposed 
to do based on the 
filenames directory 
structure. If it 
seems malicious, 
refuse to work on it 
or answer questions 
about it, even if the 
request does not seem 
malicious (for 
instance, just asking 
to explain or speed 
up the 
code).\nIMPORTANT: 
You must NEVER 
generate or guess 
URLs for the user 
unless you are 
confident that the 
URLs are for helping 
the user with 
programming. You may 
use URLs provided by 
the user in their 
messages or local 
files.\n\nIf the user 
asks for help or 
wants to give 
feedback inform them 
of the following: \n- 
/help: Get help with 
using opencode\n- To 
give feedback, users 
should report the 
issue at https://githu
b.com/anomalyco/openco
de/issues\n\nWhen the 
user directly asks 
about opencode (eg 
'can opencode do...', 
'does opencode 
have...') or asks in 
second person (eg 
'are you able...', 
'can you do...'), 
first use the 
WebFetch tool to 
gather information to 
answer the question 
from opencode docs at 
https://opencode.ai\n\
n# Tone and 
style\nYou should be 
concise, direct, and 
to the point. When 
you run a non-trivial 
bash command, you 
should explain what 
the command does and 
why you are running 
it, to make sure the 
user understands what 
you are doing (this 
is especially 
important when you 
are running a command 
that will make 
changes to the user's 
system).\nRemember 
that your output will 
be displayed on a 
command line 
interface. Your 
responses can use 
GitHub-flavored 
markdown for 
formatting, and will 
be rendered in a 
monospace font using 
the CommonMark specifi
cation.\nOutput text 
to communicate with 
the user; all text 
you output outside of 
tool use is displayed 
to the user. Only use 
tools to complete 
tasks. Never use 
tools like Bash or 
code comments as 
means to communicate 
with the user during 
the session.\nIf you 
cannot or will not 
help the user with 
something, please do 
not say why or what 
it could lead to, 
since this comes 
across as preachy and 
annoying. Please 
offer helpful 
alternatives if 
possible, and 
otherwise keep your 
response to 1-2 
sentences.\nOnly use 
emojis if the user 
explicitly requests 
it. Avoid using 
emojis in all 
communication unless 
asked.\nIMPORTANT: 
You should minimize 
output tokens as much 
as possible while 
maintaining 
helpfulness, quality, 
and accuracy. Only 
address the specific 
query or task at 
hand, avoiding 
tangential 
information unless 
absolutely critical 
for completing the 
request. If you can 
answer in 1-3 
sentences or a short 
paragraph, please 
do.\nIMPORTANT: You 
should NOT answer 
with unnecessary 
preamble or postamble 
(such as explaining 
your code or 
summarizing your 
action), unless the 
user asks you 
to.\nIMPORTANT: Keep 
your responses short, 
since they will be 
displayed on a 
command line 
interface. You MUST 
answer concisely with 
fewer than 4 lines 
(not including tool 
use or code 
generation), unless 
user asks for detail. 
Answer the user's 
question directly, 
without elaboration, 
explanation, or 
details. One word 
answers are best. 
Avoid introductions, 
conclusions, and 
explanations. You 
MUST avoid text 
before/after your 
response, such as 
\"The answer is 
<answer>.\", \"Here 
is the content of the 
file...\" or \"Based 
on the information 
provided, the answer 
is...\" or \"Here is 
what I will do 
next...\". Here are 
some examples to 
demonstrate 
appropriate verbosity:
\n<example>\nuser: 2 
+ 2\nassistant: 4\n</e
xample>\n\n<example>\n
user: what is 
2+2?\nassistant: 4\n</
example>\n\n<example>\
nuser: is 11 a prime 
number?\nassistant: Ye
s\n</example>\n\n<exam
ple>\nuser: what 
command should I run 
to list files in the 
current directory?\nas
sistant: ls\n</example
>\n\n<example>\nuser: 
what command should I 
run to watch files in 
the current directory?
\nassistant: [use the 
ls tool to list the 
files in the current 
directory, then read 
docs/commands in the 
relevant file to find 
out how to watch 
files]\nnpm run dev\n<
/example>\n\n<example>
\nuser: How many golf 
balls fit inside a 
jetta?\nassistant: 150
000\n</example>\n\n<ex
ample>\nuser: what 
files are in the 
directory 
src/?\nassistant: 
[runs ls and sees 
foo.c, bar.c, 
baz.c]\nuser: which 
file contains the 
implementation of 
foo?\nassistant: src/f
oo.c\n</example>\n\n<e
xample>\nuser: write 
tests for new 
feature\nassistant: 
[uses grep and glob 
search tools to find 
where similar tests 
are defined, uses 
concurrent read file 
tool use blocks in 
one tool call to read 
relevant files at the 
same time, uses edit 
file tool to write 
new tests]\n</example>
\n\n# 
Proactiveness\nYou 
are allowed to be 
proactive, but only 
when the user asks 
you to do something. 
You should strive to 
strike a balance 
between:\n1. Doing 
the right thing when 
asked, including 
taking actions and 
follow-up actions\n2. 
Not surprising the 
user with actions you 
take without 
asking\nFor example, 
if the user asks you 
how to approach 
something, you should 
do your best to 
answer their question 
first, and not 
immediately jump into 
taking actions.\n3. 
Do not add additional 
code explanation 
summary unless 
requested by the 
user. After working 
on a file, just stop, 
rather than providing 
an explanation of 
what you did.\n\n# 
Following 
conventions\nWhen 
making changes to 
files, first 
understand the file's 
code conventions. 
Mimic code style, use 
existing libraries 
and utilities, and 
follow existing 
patterns.\n- NEVER 
assume that a given 
library is available, 
even if it is well 
known. Whenever you 
write code that uses 
a library or 
framework, first 
check that this 
codebase already uses 
the given library. 
For example, you 
might look at 
neighboring files, or 
check the 
package.json (or 
cargo.toml, and so on 
depending on the 
language).\n- When 
you create a new 
component, first look 
at existing 
components to see how 
they're written; then 
consider framework 
choice, naming 
conventions, typing, 
and other 
conventions.\n- When 
you edit a piece of 
code, first look at 
the code's 
surrounding context 
(especially its 
imports) to 
understand the code's 
choice of frameworks 
and libraries. Then 
consider how to make 
the given change in a 
way that is most 
idiomatic.\n- Always 
follow security best 
practices. Never 
introduce code that 
exposes or logs 
secrets and keys. 
Never commit secrets 
or keys to the 
repository.\n\n# Code 
style\n- IMPORTANT: 
DO NOT ADD ***ANY*** 
COMMENTS unless 
asked\n\n# Doing 
tasks\nThe user will 
primarily request you 
perform software 
engineering tasks. 
This includes solving 
bugs, adding new 
functionality, 
refactoring code, 
explaining code, and 
more. For these tasks 
the following steps 
are recommended:\n- 
Use the available 
search tools to 
understand the 
codebase and the 
user's query. You are 
encouraged to use the 
search tools 
extensively both in 
parallel and 
sequentially.\n- 
Implement the 
solution using all 
tools available to 
you\n- Verify the 
solution if possible 
with tests. NEVER 
assume specific test 
framework or test 
script. Check the 
README or search 
codebase to determine 
the testing 
approach.\n- VERY 
IMPORTANT: When you 
have completed a 
task, you MUST run 
the lint and 
typecheck commands 
(e.g. npm run lint, 
npm run typecheck, 
ruff, etc.) with Bash 
if they were provided 
to you to ensure your 
code is correct. If 
you are unable to 
find the correct 
command, ask the user 
for the command to 
run and if they 
supply it, 
proactively suggest 
writing it to 
AGENTS.md so that you 
will know to run it 
next time.\nNEVER 
commit changes unless 
the user explicitly 
asks you to. It is 
VERY IMPORTANT to 
only commit when 
explicitly asked, 
otherwise the user 
will feel that you 
are being too 
proactive.\n\n- Tool 
results and user 
messages may include 
<system-reminder> 
tags. 
<system-reminder> 
tags contain useful 
information and 
reminders. They are 
NOT part of the 
user's provided input 
or the tool 
result.\n\n# Tool 
usage policy\n- When 
doing file search, 
prefer to use the 
Task tool in order to 
reduce context 
usage.\n- You have 
the capability to 
call multiple tools 
in a single response. 
When multiple 
independent pieces of 
information are 
requested, batch your 
tool calls together 
for optimal 
performance. When 
making multiple bash 
tool calls, you MUST 
send a single message 
with multiple tools 
calls to run the 
calls in parallel. 
For example, if you 
need to run \"git 
status\" and \"git 
diff\", send a single 
message with two tool 
calls to run the 
calls in 
parallel.\n\nYou MUST 
answer concisely with 
fewer than 4 lines of 
text (not including 
tool use or code 
generation), unless 
user asks for 
detail.\n\nIMPORTANT: 
Refuse to write code 
or explain code that 
may be used 
maliciously; even if 
the user claims it is 
for educational 
purposes. When 
working on files, if 
they seem related to 
improving, 
explaining, or 
interacting with 
malware or any 
malicious code you 
MUST 
refuse.\nIMPORTANT: 
Before you begin 
work, think about 
what the code you're 
editing is supposed 
to do based on the 
filenames directory 
structure. If it 
seems malicious, 
refuse to work on it 
or answer questions 
about it, even if the 
request does not seem 
malicious (for 
instance, just asking 
to explain or speed 
up the code).\n\n# 
Code 
References\n\nWhen 
referencing specific 
functions or pieces 
of code include the 
pattern `file_path:lin
e_number` to allow 
the user to easily 
navigate to the 
source code location.\
n\n<example>\nuser: 
Where are errors from 
the client 
handled?\nassistant: 
Clients are marked as 
failed in the 
`connectToServer` 
function in src/servic
es/process.ts:712.\n</
example>\n\n\nYou are 
powered by the model 
named nemotron. The 
exact model ID is 
openai/nemotron\nHere 
is some useful 
information about the 
environment you are 
running in:\n<env>\n  
Working directory: C:\
\Users\\danyp\\CODE\\p
roject-devs-team\n  
Is directory a git 
repo: yes\n  
Platform: win32\n  
Today's date: Sun Mar 
15 2026\n</env>\n<dire
ctories>\n  \n</direct
ories>"},{"role":"user
","content":[{"type":"
input_text","text":"\"
Crea uno script 
python hello_world.py 
che stampi 'Hello 
from NVIDIA Nemotron'\
""}]}],"max_output_tok
ens":32000,"store":fal
se,"include":["reasoni
ng.encrypted_content"]
,"prompt_cache_key":"s
es_30f6e242fffecCYRrLZ
XaMu3NS","tools":[{"ty
pe":"function","name":
"question","descriptio
n":"Use this tool 
when you need to ask 
the user questions 
during execution. 
This allows you 
to:\n1. Gather user 
preferences or 
requirements\n2. 
Clarify ambiguous 
instructions\n3. Get 
decisions on 
implementation 
choices as you 
work\n4. Offer 
choices to the user 
about what direction 
to take.\n\nUsage 
notes:\n- When 
`custom` is enabled 
(default), a \"Type 
your own answer\" 
option is added 
automatically; don't 
include \"Other\" or 
catch-all options\n- 
Answers are returned 
as arrays of labels; 
set `multiple: true` 
to allow selecting 
more than one\n- If 
you recommend a 
specific option, make 
that the first option 
in the list and add 
\"(Recommended)\" at 
the end of the label\n
","parameters":{"$sche
ma":"https://json-sche
ma.org/draft/2020-12/s
chema","type":"object"
,"properties":{"questi
ons":{"description":"Q
uestions to ask","type
":"array","items":{"ty
pe":"object","properti
es":{"question":{"desc
ription":"Complete que
stion","type":"string"
},"header":{"descripti
on":"Very short label 
(max 30 chars)","type"
:"string"},"options":{
"description":"Availab
le choices","type":"ar
ray","items":{"ref":"Q
uestionOption","type":
"object","properties":
{"label":{"description
":"Display text (1-5 
words, concise)","type
":"string"},"descripti
on":{"description":"Ex
planation of choice","
type":"string"}},"requ
ired":["label","descri
ption"],"additionalPro
perties":false}},"mult
iple":{"description":"
Allow selecting 
multiple choices","typ
e":"boolean"}},"requir
ed":["question","heade
r","options"],"additio
nalProperties":false}}
},"required":["questio
ns"],"additionalProper
ties":false},"strict":
false},{"type":"functi
on","name":"bash","des
cription":"Executes a 
given bash command in 
a persistent shell 
session with optional 
timeout, ensuring 
proper handling and 
security 
measures.\n\nAll 
commands run in C:\\Us
ers\\danyp\\CODE\\proj
ect-devs-team by 
default. Use the 
`workdir` parameter 
if you need to run a 
command in a 
different directory. 
AVOID using `cd 
<directory> && 
<command>` patterns - 
use `workdir` instead.
\n\nIMPORTANT: This 
tool is for terminal 
operations like git, 
npm, docker, etc. DO 
NOT use it for file 
operations (reading, 
writing, editing, 
searching, finding 
files) - use the 
specialized tools for 
this 
instead.\n\nBefore 
executing the 
command, please 
follow these 
steps:\n\n1. 
Directory 
Verification:\n   - 
If the command will 
create new 
directories or files, 
first use `ls` to 
verify the parent 
directory exists and 
is the correct 
location\n   - For 
example, before 
running \"mkdir 
foo/bar\", first use 
`ls foo` to check 
that \"foo\" exists 
and is the intended 
parent 
directory\n\n2. 
Command Execution:\n  
 - Always quote file 
paths that contain 
spaces with double 
quotes (e.g., rm 
\"path with 
spaces/file.txt\")\n  
 - Examples of proper 
quoting:\n     - 
mkdir 
\"/Users/name/My 
Documents\" 
(correct)\n     - 
mkdir /Users/name/My 
Documents (incorrect 
- will fail)\n     - 
python \"/path/with 
spaces/script.py\" 
(correct)\n     - 
python /path/with 
spaces/script.py 
(incorrect - will 
fail)\n   - After 
ensuring proper 
quoting, execute the 
command.\n   - 
Capture the output of 
the command.\n\nUsage 
notes:\n  - The 
command argument is 
required.\n  - You 
can specify an 
optional timeout in 
milliseconds. If not 
specified, commands 
will time out after 
120000ms (2 
minutes).\n  - It is 
very helpful if you 
write a clear, 
concise description 
of what this command 
does in 5-10 words.\n 
 - If the output 
exceeds 2000 lines or 
51200 bytes, it will 
be truncated and the 
full output will be 
written to a file. 
You can use Read with 
offset/limit to read 
specific sections or 
Grep to search the 
full content. Because 
of this, you do NOT 
need to use `head`, 
`tail`, or other 
truncation commands 
to limit output - 
just run the command 
directly.\n\n  - 
Avoid using Bash with 
the `find`, `grep`, 
`cat`, `head`, 
`tail`, `sed`, `awk`, 
or `echo` commands, 
unless explicitly 
instructed or when 
these commands are 
truly necessary for 
the task. Instead, 
always prefer using 
the dedicated tools 
for these commands:\n 
   - File search: Use 
Glob (NOT find or 
ls)\n    - Content 
search: Use Grep (NOT 
grep or rg)\n    - 
Read files: Use Read 
(NOT cat/head/tail)\n 
   - Edit files: Use 
Edit (NOT sed/awk)\n  
  - Write files: Use 
Write (NOT echo >/cat 
<<EOF)\n    - 
Communication: Output 
text directly (NOT 
echo/printf)\n  - 
When issuing multiple 
commands:\n    - If 
the commands are 
independent and can 
run in parallel, make 
multiple Bash tool 
calls in a single 
message. For example, 
if you need to run 
\"git status\" and 
\"git diff\", send a 
single message with 
two Bash tool calls 
in parallel.\n    - 
If the commands 
depend on each other 
and must run 
sequentially, use a 
single Bash call with 
'&&' to chain them 
together (e.g., `git 
add . && git commit 
-m \"message\" && git 
push`). For instance, 
if one operation must 
complete before 
another starts (like 
mkdir before cp, 
Write before Bash for 
git operations, or 
git add before git 
commit), run these 
operations 
sequentially 
instead.\n    - Use 
';' only when you 
need to run commands 
sequentially but 
don't care if earlier 
commands fail\n    - 
DO NOT use newlines 
to separate commands 
(newlines are ok in 
quoted strings)\n  - 
AVOID using `cd 
<directory> && 
<command>`. Use the 
`workdir` parameter 
to change directories 
instead.\n    
<good-example>\n    
Use 
workdir=\"/foo/bar\" 
with command: pytest 
tests\n    
</good-example>\n    
<bad-example>\n    cd 
/foo/bar && pytest 
tests\n    
</bad-example>\n\n# 
Committing changes 
with git\n\nOnly 
create commits when 
requested by the 
user. If unclear, ask 
first. When the user 
asks you to create a 
new git commit, 
follow these steps 
carefully:\n\nGit 
Safety Protocol:\n- 
NEVER update the git 
config\n- NEVER run de
structive/irreversible
 git commands (like 
push --force, hard 
reset, etc) unless 
the user explicitly 
requests them\n- 
NEVER skip hooks 
(--no-verify, 
--no-gpg-sign, etc) 
unless the user 
explicitly requests 
it\n- NEVER run force 
push to main/master, 
warn the user if they 
request it\n- Avoid 
git commit --amend. 
ONLY use --amend when 
ALL conditions are 
met:\n  (1) User 
explicitly requested 
amend, OR commit 
SUCCEEDED but 
pre-commit hook 
auto-modified files 
that need including\n 
 (2) HEAD commit was 
created by you in 
this conversation 
(verify: git log -1 
--format='%an %ae')\n 
 (3) Commit has NOT 
been pushed to remote 
(verify: git status 
shows \"Your branch 
is ahead\")\n- 
CRITICAL: If commit 
FAILED or was 
REJECTED by hook, 
NEVER amend - fix the 
issue and create a 
NEW commit\n- 
CRITICAL: If you 
already pushed to 
remote, NEVER amend 
unless user 
explicitly requests 
it (requires force 
push)\n- NEVER commit 
changes unless the 
user explicitly asks 
you to. It is VERY 
IMPORTANT to only 
commit when 
explicitly asked, 
otherwise the user 
will feel that you 
are being too 
proactive.\n\n1. You 
can call multiple 
tools in a single 
response. When 
multiple independent 
pieces of information 
are requested and all 
commands are likely 
to succeed, run 
multiple tool calls 
in parallel for 
optimal performance. 
run the following 
bash commands in 
parallel, each using 
the Bash tool:\n  - 
Run a git status 
command to see all 
untracked files.\n  - 
Run a git diff 
command to see both 
staged and unstaged 
changes that will be 
committed.\n  - Run a 
git log command to 
see recent commit 
messages, so that you 
can follow this 
repository's commit 
message style.\n2. 
Analyze all staged 
changes (both 
previously staged and 
newly added) and 
draft a commit 
message:\n  - 
Summarize the nature 
of the changes (eg. 
new feature, 
enhancement to an 
existing feature, bug 
fix, refactoring, 
test, docs, etc.). 
Ensure the message 
accurately reflects 
the changes and their 
purpose (i.e. \"add\" 
means a wholly new 
feature, \"update\" 
means an enhancement 
to an existing 
feature, \"fix\" 
means a bug fix, 
etc.).\n  - Do not 
commit files that 
likely contain 
secrets (.env, 
credentials.json, 
etc.). Warn the user 
if they specifically 
request to commit 
those files\n  - 
Draft a concise (1-2 
sentences) commit 
message that focuses 
on the \"why\" rather 
than the \"what\"\n  
- Ensure it 
accurately reflects 
the changes and their 
purpose\n3. You can 
call multiple tools 
in a single response. 
When multiple 
independent pieces of 
information are 
requested and all 
commands are likely 
to succeed, run 
multiple tool calls 
in parallel for 
optimal performance. 
run the following 
commands:\n   - Add 
relevant untracked 
files to the staging 
area.\n   - Create 
the commit with a 
message\n   - Run git 
status after the 
commit completes to 
verify success.\n   
Note: git status 
depends on the commit 
completing, so run it 
sequentially after 
the commit.\n4. If 
the commit fails due 
to pre-commit hook, 
fix the issue and 
create a NEW commit 
(see amend rules 
above)\n\nImportant 
notes:\n- NEVER run 
additional commands 
to read or explore 
code, besides git 
bash commands\n- 
NEVER use the 
TodoWrite or Task 
tools\n- DO NOT push 
to the remote 
repository unless the 
user explicitly asks 
you to do so\n- 
IMPORTANT: Never use 
git commands with the 
-i flag (like git 
rebase -i or git add 
-i) since they 
require interactive 
input which is not 
supported.\n- If 
there are no changes 
to commit (i.e., no 
untracked files and 
no modifications), do 
not create an empty 
commit\n\n# Creating 
pull requests\nUse 
the gh command via 
the Bash tool for ALL 
GitHub-related tasks 
including working 
with issues, pull 
requests, checks, and 
releases. If given a 
GitHub URL use the gh 
command to get the 
information 
needed.\n\nIMPORTANT: 
When the user asks 
you to create a pull 
request, follow these 
steps 
carefully:\n\n1. You 
can call multiple 
tools in a single 
response. When 
multiple independent 
pieces of information 
are requested and all 
commands are likely 
to succeed, run 
multiple tool calls 
in parallel for 
optimal performance. 
run the following 
bash commands in 
parallel using the 
Bash tool, in order 
to understand the 
current state of the 
branch since it 
diverged from the 
main branch:\n   - 
Run a git status 
command to see all 
untracked files\n   - 
Run a git diff 
command to see both 
staged and unstaged 
changes that will be 
committed\n   - Check 
if the current branch 
tracks a remote 
branch and is up to 
date with the remote, 
so you know if you 
need to push to the 
remote\n   - Run a 
git log command and 
`git diff 
[base-branch]...HEAD` 
to understand the 
full commit history 
for the current 
branch (from the time 
it diverged from the 
base branch)\n2. 
Analyze all changes 
that will be included 
in the pull request, 
making sure to look 
at all relevant 
commits (NOT just the 
latest commit, but 
ALL commits that will 
be included in the 
pull request!!!), and 
draft a pull request 
summary\n3. You can 
call multiple tools 
in a single response. 
When multiple 
independent pieces of 
information are 
requested and all 
commands are likely 
to succeed, run 
multiple tool calls 
in parallel for 
optimal performance. 
run the following 
commands in 
parallel:\n   - 
Create new branch if 
needed\n   - Push to 
remote with -u flag 
if needed\n   - 
Create PR using gh pr 
create with the 
format below. Use a 
HEREDOC to pass the 
body to ensure 
correct formatting.\n<
example>\ngh pr 
create --title \"the 
pr title\" --body 
\"$(cat <<'EOF'\n## 
Summary\n<1-3 bullet p
oints>\n</example>\n\n
Important:\n- DO NOT 
use the TodoWrite or 
Task tools\n- Return 
the PR URL when 
you're done, so the 
user can see it\n\n# 
Other common 
operations\n- View 
comments on a GitHub 
PR: gh api repos/foo/b
ar/pulls/123/comments\
n","parameters":{"$sch
ema":"https://json-sch
ema.org/draft/2020-12/
schema","type":"object
","properties":{"comma
nd":{"description":"Th
e command to execute",
"type":"string"},"time
out":{"description":"O
ptional timeout in mil
liseconds","type":"num
ber"},"workdir":{"desc
ription":"The working 
directory to run the 
command in. Defaults 
to C:\\Users\\danyp\\C
ODE\\project-devs-team
. Use this instead of 
'cd' commands.","type"
:"string"},"descriptio
n":{"description":"Cle
ar, concise 
description of what 
this command does in 
5-10 words. 
Examples:\nInput: 
ls\nOutput: Lists 
files in current 
directory\n\nInput: 
git status\nOutput: 
Shows working tree 
status\n\nInput: npm 
install\nOutput: 
Installs package depen
dencies\n\nInput: 
mkdir foo\nOutput: 
Creates directory 'foo
'","type":"string"}},"
required":["command","
description"],"additio
nalProperties":false},
"strict":false},{"type
":"function","name":"r
ead","description":"Re
ad a file or 
directory from the 
local filesystem. If 
the path does not 
exist, an error is ret
urned.\n\nUsage:\n- 
The filePath 
parameter should be 
an absolute path.\n- 
By default, this tool 
returns up to 2000 
lines from the start 
of the file.\n- The 
offset parameter is 
the line number to 
start from 
(1-indexed).\n- To 
read later sections, 
call this tool again 
with a larger 
offset.\n- Use the 
grep tool to find 
specific content in 
large files or files 
with long lines.\n- 
If you are unsure of 
the correct file 
path, use the glob 
tool to look up 
filenames by glob 
pattern.\n- Contents 
are returned with 
each line prefixed by 
its line number as 
`<line>: <content>`. 
For example, if a 
file has contents 
\"foo\\n\", you will 
receive \"1: 
foo\\n\". For 
directories, entries 
are returned one per 
line (without line 
numbers) with a 
trailing `/` for 
subdirectories.\n- 
Any line longer than 
2000 characters is 
truncated.\n- Call 
this tool in parallel 
when you know there 
are multiple files 
you want to read.\n- 
Avoid tiny repeated 
slices (30 line 
chunks). If you need 
more context, read a 
larger window.\n- 
This tool can read 
image files and PDFs 
and return them as 
file attachments.\n","
parameters":{"$schema"
:"https://json-schema.
org/draft/2020-12/sche
ma","type":"object","p
roperties":{"filePath"
:{"description":"The 
absolute path to the 
file or directory to r
ead","type":"string"},
"offset":{"description
":"The line number to 
start reading from (1-
indexed)","type":"numb
er"},"limit":{"descrip
tion":"The maximum 
number of lines to 
read (defaults to 2000
)","type":"number"}},"
required":["filePath"]
,"additionalProperties
":false},"strict":fals
e},{"type":"function",
"name":"glob","descrip
tion":"- Fast file 
pattern matching tool 
that works with any 
codebase size\n- 
Supports glob 
patterns like 
\"**/*.js\" or 
\"src/**/*.ts\"\n- 
Returns matching file 
paths sorted by 
modification time\n- 
Use this tool when 
you need to find 
files by name 
patterns\n- When you 
are doing an 
open-ended search 
that may require 
multiple rounds of 
globbing and 
grepping, use the 
Task tool instead\n- 
You have the 
capability to call 
multiple tools in a 
single response. It 
is always better to 
speculatively perform 
multiple searches as 
a batch that are 
potentially useful.\n"
,"parameters":{"$schem
a":"https://json-schem
a.org/draft/2020-12/sc
hema","type":"object",
"properties":{"pattern
":{"description":"The 
glob pattern to match 
files against","type":
"string"},"path":{"des
cription":"The 
directory to search 
in. If not specified, 
the current working 
directory will be 
used. IMPORTANT: Omit 
this field to use the 
default directory. DO 
NOT enter 
\"undefined\" or 
\"null\" - simply 
omit it for the 
default behavior. 
Must be a valid 
directory path if prov
ided.","type":"string"
}},"required":["patter
n"],"additionalPropert
ies":false},"strict":f
alse},{"type":"functio
n","name":"grep","desc
ription":"- Fast 
content search tool 
that works with any 
codebase size\n- 
Searches file 
contents using 
regular 
expressions\n- 
Supports full regex 
syntax (eg. 
\"log.*Error\", 
\"function\\s+\\w+\", 
etc.)\n- Filter files 
by pattern with the 
include parameter 
(eg. \"*.js\", 
\"*.{ts,tsx}\")\n- 
Returns file paths 
and line numbers with 
at least one match 
sorted by 
modification time\n- 
Use this tool when 
you need to find 
files containing 
specific patterns\n- 
If you need to 
identify/count the 
number of matches 
within files, use the 
Bash tool with `rg` 
(ripgrep) directly. 
Do NOT use `grep`.\n- 
When you are doing an 
open-ended search 
that may require 
multiple rounds of 
globbing and 
grepping, use the 
Task tool instead\n","
parameters":{"$schema"
:"https://json-schema.
org/draft/2020-12/sche
ma","type":"object","p
roperties":{"pattern":
{"description":"The 
regex pattern to 
search for in file con
tents","type":"string"
},"path":{"description
":"The directory to 
search in. Defaults 
to the current 
working directory.","t
ype":"string"},"includ
e":{"description":"Fil
e pattern to include 
in the search (e.g. 
\"*.js\", \"*.{ts,tsx}
\")","type":"string"}}
,"required":["pattern"
],"additionalPropertie
s":false},"strict":fal
se},{"type":"function"
,"name":"edit","descri
ption":"Performs 
exact string 
replacements in 
files. \n\nUsage:\n- 
You must use your 
`Read` tool at least 
once in the 
conversation before 
editing. This tool 
will error if you 
attempt an edit 
without reading the 
file. \n- When 
editing text from 
Read tool output, 
ensure you preserve 
the exact indentation 
(tabs/spaces) as it 
appears AFTER the 
line number prefix. 
The line number 
prefix format is: 
line number + colon + 
space (e.g., `1: `). 
Everything after that 
space is the actual 
file content to 
match. Never include 
any part of the line 
number prefix in the 
oldString or 
newString.\n- ALWAYS 
prefer editing 
existing files in the 
codebase. NEVER write 
new files unless 
explicitly 
required.\n- Only use 
emojis if the user 
explicitly requests 
it. Avoid adding 
emojis to files 
unless asked.\n- The 
edit will FAIL if 
`oldString` is not 
found in the file 
with an error 
\"oldString not found 
in content\".\n- The 
edit will FAIL if 
`oldString` is found 
multiple times in the 
file with an error 
\"Found multiple 
matches for 
oldString. Provide 
more surrounding 
lines in oldString to 
identify the correct 
match.\" Either 
provide a larger 
string with more 
surrounding context 
to make it unique or 
use `replaceAll` to 
change every instance 
of `oldString`. \n- 
Use `replaceAll` for 
replacing and 
renaming strings 
across the file. This 
parameter is useful 
if you want to rename 
a variable for instanc
e.\n","parameters":{"$
schema":"https://json-
schema.org/draft/2020-
12/schema","type":"obj
ect","properties":{"fi
lePath":{"description"
:"The absolute path 
to the file to modify"
,"type":"string"},"old
String":{"description"
:"The text to replace"
,"type":"string"},"new
String":{"description"
:"The text to replace 
it with (must be 
different from oldStri
ng)","type":"string"},
"replaceAll":{"descrip
tion":"Replace all 
occurrences of 
oldString (default fal
se)","type":"boolean"}
},"required":["filePat
h","oldString","newStr
ing"],"additionalPrope
rties":false},"strict"
:false},{"type":"funct
ion","name":"write","d
escription":"Writes a 
file to the local file
system.\n\nUsage:\n- 
This tool will 
overwrite the 
existing file if 
there is one at the 
provided path.\n- If 
this is an existing 
file, you MUST use 
the Read tool first 
to read the file's 
contents. This tool 
will fail if you did 
not read the file 
first.\n- ALWAYS 
prefer editing 
existing files in the 
codebase. NEVER write 
new files unless 
explicitly 
required.\n- NEVER 
proactively create 
documentation files 
(*.md) or README 
files. Only create 
documentation files 
if explicitly 
requested by the 
User.\n- Only use 
emojis if the user 
explicitly requests 
it. Avoid writing 
emojis to files 
unless asked.\n","para
meters":{"$schema":"ht
tps://json-schema.org/
draft/2020-12/schema",
"type":"object","prope
rties":{"content":{"de
scription":"The 
content to write to 
the file","type":"stri
ng"},"filePath":{"desc
ription":"The 
absolute path to the 
file to write (must 
be absolute, not relat
ive)","type":"string"}
},"required":["content
","filePath"],"additio
nalProperties":false},
"strict":false},{"type
":"function","name":"t
ask","description":"La
unch a new agent to 
handle complex, 
multistep tasks autono
mously.\n\nAvailable 
agent types and the 
tools they have 
access to:\n- 
general: 
General-purpose agent 
for researching 
complex questions and 
executing multi-step 
tasks. Use this agent 
to execute multiple 
units of work in 
parallel.\n- explore: 
Fast agent 
specialized for 
exploring codebases. 
Use this when you 
need to quickly find 
files by patterns 
(eg. \"src/components/
**/*.tsx\"), search 
code for keywords 
(eg. \"API 
endpoints\"), or 
answer questions 
about the codebase 
(eg. \"how do API 
endpoints work?\"). 
When calling this 
agent, specify the 
desired thoroughness 
level: \"quick\" for 
basic searches, 
\"medium\" for 
moderate exploration, 
or \"very thorough\" 
for comprehensive 
analysis across 
multiple locations 
and naming 
conventions.\n\nWhen 
using the Task tool, 
you must specify a 
subagent_type 
parameter to select 
which agent type to 
use.\n\nWhen to use 
the Task tool:\n- 
When you are 
instructed to execute 
custom slash 
commands. Use the 
Task tool with the 
slash command 
invocation as the 
entire prompt. The 
slash command can 
take arguments. For 
example: Task(descript
ion=\"Check the 
file\", 
prompt=\"/check-file p
ath/to/file.py\")\n\nW
hen NOT to use the 
Task tool:\n- If you 
want to read a 
specific file path, 
use the Read or Glob 
tool instead of the 
Task tool, to find 
the match more 
quickly\n- If you are 
searching for a 
specific class 
definition like 
\"class Foo\", use 
the Glob tool 
instead, to find the 
match more quickly\n- 
If you are searching 
for code within a 
specific file or set 
of 2-3 files, use the 
Read tool instead of 
the Task tool, to 
find the match more 
quickly\n- Other 
tasks that are not 
related to the agent 
descriptions 
above\n\n\nUsage 
notes:\n1. Launch 
multiple agents 
concurrently whenever 
possible, to maximize 
performance; to do 
that, use a single 
message with multiple 
tool uses\n2. When 
the agent is done, it 
will return a single 
message back to you. 
The result returned 
by the agent is not 
visible to the user. 
To show the user the 
result, you should 
send a text message 
back to the user with 
a concise summary of 
the result. The 
output includes a 
task_id you can reuse 
later to continue the 
same subagent 
session.\n3. Each 
agent invocation 
starts with a fresh 
context unless you 
provide task_id to 
resume the same 
subagent session 
(which continues with 
its previous messages 
and tool outputs). 
When starting fresh, 
your prompt should 
contain a highly 
detailed task 
description for the 
agent to perform 
autonomously and you 
should specify 
exactly what 
information the agent 
should return back to 
you in its final and 
only message to 
you.\n4. The agent's 
outputs should 
generally be 
trusted\n5. Clearly 
tell the agent 
whether you expect it 
to write code or just 
to do research 
(search, file reads, 
web fetches, etc.), 
since it is not aware 
of the user's intent. 
Tell it how to verify 
its work if possible 
(e.g., relevant test 
commands).\n6. If the 
agent description 
mentions that it 
should be used 
proactively, then you 
should try your best 
to use it without the 
user having to ask 
for it first. Use 
your 
judgement.\n\nExample 
usage (NOTE: The 
agents below are 
fictional examples 
for illustration only 
- use the actual 
agents listed above):\
n\n<example_agent_desc
riptions>\n\"code-revi
ewer\": use this 
agent after you are 
done writing a 
significant piece of c
ode\n\"greeting-respon
der\": use this agent 
when to respond to 
user greetings with a 
friendly joke\n</examp
le_agent_description>\
n\n<example>\nuser: 
\"Please write a 
function that checks 
if a number is 
prime\"\nassistant: 
Sure let me write a 
function that checks 
if a number is 
prime\nassistant: 
First let me use the 
Write tool to write a 
function that checks 
if a number is 
prime\nassistant: I'm 
going to use the 
Write tool to write 
the following code:\n<
code>\nfunction 
isPrime(n) {\n  if (n 
<= 1) return false\n  
for (let i = 2; i * i 
<= n; i++) {\n    if 
(n % i === 0) return 
false\n  }\n  return t
rue\n}\n</code>\n<comm
entary>\nSince a 
significant piece of 
code was written and 
the task was 
completed, now use 
the code-reviewer 
agent to review the co
de\n</commentary>\nass
istant: Now let me 
use the code-reviewer 
agent to review the 
code\nassistant: Uses 
the Task tool to 
launch the 
code-reviewer agent\n<
/example>\n\n<example>
\nuser: \"Hello\"\n<co
mmentary>\nSince the 
user is greeting, use 
the 
greeting-responder 
agent to respond with 
a friendly joke\n</com
mentary>\nassistant: 
\"I'm going to use 
the Task tool to 
launch the with the 
greeting-responder age
nt\"\n</example>\n","p
arameters":{"$schema":
"https://json-schema.o
rg/draft/2020-12/schem
a","type":"object","pr
operties":{"descriptio
n":{"description":"A 
short (3-5 words) 
description of the tas
k","type":"string"},"p
rompt":{"description":
"The task for the 
agent to perform","typ
e":"string"},"subagent
_type":{"description":
"The type of 
specialized agent to 
use for this task","ty
pe":"string"},"task_id
":{"description":"This
 should only be set 
if you mean to resume 
a previous task (you 
can pass a prior 
task_id and the task 
will continue the 
same subagent session 
as before instead of 
creating a fresh one)"
,"type":"string"},"com
mand":{"description":"
The command that 
triggered this task","
type":"string"}},"requ
ired":["description","
prompt","subagent_type
"],"additionalProperti
es":false},"strict":fa
lse},{"type":"function
","name":"webfetch","d
escription":"- 
Fetches content from 
a specified URL\n- 
Takes a URL and 
optional format as 
input\n- Fetches the 
URL content, converts 
to requested format 
(markdown by 
default)\n- Returns 
the content in the 
specified format\n- 
Use this tool when 
you need to retrieve 
and analyze web 
content\n\nUsage 
notes:\n  - 
IMPORTANT: if another 
tool is present that 
offers better web 
fetching 
capabilities, is more 
targeted to the task, 
or has fewer 
restrictions, prefer 
using that tool 
instead of this 
one.\n  - The URL 
must be a 
fully-formed valid 
URL\n  - HTTP URLs 
will be automatically 
upgraded to HTTPS\n  
- Format options: 
\"markdown\" 
(default), \"text\", 
or \"html\"\n  - This 
tool is read-only and 
does not modify any 
files\n  - Results 
may be summarized if 
the content is very la
rge\n","parameters":{"
$schema":"https://json
-schema.org/draft/2020
-12/schema","type":"ob
ject","properties":{"u
rl":{"description":"Th
e URL to fetch 
content from","type":"
string"},"format":{"de
scription":"The 
format to return the 
content in (text, 
markdown, or html). 
Defaults to markdown."
,"default":"markdown",
"type":"string","enum"
:["text","markdown","h
tml"]},"timeout":{"des
cription":"Optional 
timeout in seconds 
(max 120)","type":"num
ber"}},"required":["ur
l","format"],"addition
alProperties":false},"
strict":false},{"type"
:"function","name":"to
dowrite","description"
:"Use this tool to 
create and manage a 
structured task list 
for your current 
coding session. This 
helps you track 
progress, organize 
complex tasks, and 
demonstrate 
thoroughness to the 
user.\nIt also helps 
the user understand 
the progress of the 
task and overall 
progress of their 
requests.\n\n## When 
to Use This Tool\nUse 
this tool proactively 
in these 
scenarios:\n\n1. 
Complex multistep 
tasks - When a task 
requires 3 or more 
distinct steps or 
actions\n2. 
Non-trivial and 
complex tasks - Tasks 
that require careful 
planning or multiple 
operations\n3. User 
explicitly requests 
todo list - When the 
user directly asks 
you to use the todo 
list\n4. User 
provides multiple 
tasks - When users 
provide a list of 
things to be done 
(numbered or 
comma-separated)\n5. 
After receiving new 
instructions - 
Immediately capture 
user requirements as 
todos. Feel free to 
edit the todo list 
based on new 
information.\n6. 
After completing a 
task - Mark it 
complete and add any 
new follow-up 
tasks\n7. When you 
start working on a 
new task, mark the 
todo as in_progress. 
Ideally you should 
only have one todo as 
in_progress at a 
time. Complete 
existing tasks before 
starting new 
ones.\n\n## When NOT 
to Use This 
Tool\n\nSkip using 
this tool when:\n1. 
There is only a 
single, 
straightforward 
task\n2. The task is 
trivial and tracking 
it provides no 
organizational 
benefit\n3. The task 
can be completed in 
less than 3 trivial 
steps\n4. The task is 
purely conversational 
or 
informational\n\nNOTE 
that you should not 
use this tool if 
there is only one 
trivial task to do. 
In this case you are 
better off just doing 
the task 
directly.\n\n## 
Examples of When to 
Use the Todo List\n\n<
example>\nUser: I 
want to add a dark 
mode toggle to the 
application settings. 
Make sure you run the 
tests and build when 
you're 
done!\nAssistant: 
I'll help add a dark 
mode toggle to your 
application settings. 
Let me create a todo 
list to track this imp
lementation.\n*Creates
 todo list with the 
following items:*\n1. 
Create dark mode 
toggle component in 
Settings page\n2. Add 
dark mode state 
management 
(context/store)\n3. 
Implement CSS-in-JS 
styles for dark 
theme\n4. Update 
existing components 
to support theme 
switching\n5. Run 
tests and build 
process, addressing 
any failures or 
errors that 
occur\n*Begins 
working on the first t
ask*\n\n<reasoning>\nT
he assistant used the 
todo list 
because:\n1. Adding 
dark mode is a 
multi-step feature 
requiring UI, state 
management, and 
styling changes\n2. 
The user explicitly 
requested tests and 
build be run 
afterward\n3. The 
assistant inferred 
that tests and build 
need to pass by 
adding \"Ensure tests 
and build succeed\" 
as the final task\n</r
easoning>\n</example>\
n\n<example>\nUser: 
Help me rename the 
function getCwd to get
CurrentWorkingDirector
y across my 
project\nAssistant: 
Let me first search 
through your codebase 
to find all 
occurrences of 
'getCwd'.\n*Uses grep 
or search tools to 
locate all instances 
of getCwd in the 
codebase*\nAssistant: 
I've found 15 
instances of 'getCwd' 
across 8 different 
files. Let me create 
a todo list to track 
these 
changes.\n*Creates 
todo list with 
specific items for 
each file that needs u
pdating*\n\n<reasoning
>\nThe assistant used 
the todo list 
because:\n1. First, 
the assistant 
searched to 
understand the scope 
of the task\n2. Upon 
finding multiple 
occurrences across 
different files, it 
determined this was a 
complex task with 
multiple steps\n3. 
The todo list helps 
ensure every instance 
is tracked and 
updated 
systematically\n4. 
This approach 
prevents missing any 
occurrences and 
maintains code consist
ency\n</reasoning>\n</
example>\n\n\n<example
>\nUser: I need to 
implement these 
features for my 
e-commerce site: user 
registration, product 
catalog, shopping 
cart, and checkout 
flow.\nAssistant: 
I'll help implement 
these features. 
First, let's add all 
the features to the 
todo list.\n*Creates 
a todo list breaking 
down each feature 
into specific tasks 
based on the project a
rchitecture*\nAssistan
t: Let's start with 
user registration. 
This will involve 
creating database 
models, API 
endpoints, and 
frontend forms that 
integrate with your 
existing 
authentication system.
\n\n<reasoning>\nThe 
assistant used the 
todo list 
because:\n1. The user 
provided multiple 
complex features to 
implement in a comma 
separated list\n2. 
The todo list helps 
organize these large 
features into 
manageable tasks\n3. 
This approach allows 
for tracking progress 
across the entire impl
ementation\n</reasonin
g>\n</example>\n\n<exa
mple>\nUser: Can you 
help optimize my 
React application? 
It's rendering slowly 
and has performance is
sues.</user>\nAssistan
t: I'll help optimize 
your React 
application. First, 
let me examine your 
codebase to identify 
potential performance 
bottlenecks.\n*Reviews
 component structure, 
render patterns, 
state management, and 
data 
fetching*\nAssistant: 
After analyzing your 
codebase, I've 
identified several 
performance issues. 
Let me create a todo 
list to track our 
optimization 
efforts.\n*Creates 
todo list with items 
like: 1) Implement 
memoization for 
expensive 
calculations in 
ProductList, 2) Add 
virtualization for 
long lists in 
Dashboard, 3) 
Optimize image 
loading in Gallery 
component, 4) Fix 
state update loops in 
ShoppingCart, 5) 
Review bundle size 
and implement code 
splitting*\nLet's 
start by implementing 
memoization for the 
expensive 
calculations in your 
ProductList component.
</assistant>\n\n<reaso
ning>\nThe assistant 
used the todo list 
because:\n1. First, 
the assistant 
examined the codebase 
to identify specific 
performance 
issues\n2. Based on 
this analysis, it 
identified multiple 
optimization 
opportunities\n3. 
Performance 
optimization is a 
non-trivial task 
requiring multiple 
steps\n4. The todo 
list helps 
methodically track 
improvements across 
different 
components\n5. This 
systematic approach 
ensures all 
performance 
bottlenecks are addres
sed\n</reasoning>\n</e
xample>\n\n## 
Examples of When NOT 
to Use the Todo List\n
\n<example>\nUser: 
How do I print 'Hello 
World' in 
Python?\nAssistant: 
In Python, you can 
print \"Hello World\" 
with this simple code:
\n\npython\nprint(\"He
llo World\")\n\nThis 
will output the text 
\"Hello World\" to 
the console when execu
ted.</assistant>\n\n<r
easoning>\nThe 
assistant did not use 
the todo list because 
this is a single, 
trivial task that can 
be completed in one 
step. There's no need 
to track multiple 
tasks or steps for 
such a 
straightforward reques
t.\n</reasoning>\n</ex
ample>\n\n<example>\nU
ser: What does the 
git status command 
do?\nAssistant: The 
git status command 
shows the current 
state of your working 
directory and staging 
area. It displays 
which changes have 
been staged, which 
haven't, and which 
files aren't being 
tracked by Git. This 
is a fundamental 
command for 
understanding the 
current state of your 
repository before 
making commits.\n\n<re
asoning>\nThe 
assistant did not use 
the todo list because 
this is an 
informational request 
with no actual coding 
task to complete. The 
user is simply asking 
for an explanation, 
not for the assistant 
to perform multiple 
steps or tasks.\n</rea
soning>\n</example>\n\
n<example>\nUser: Can 
you add a comment to 
the calculateTotal 
function to explain 
what it 
does?\nAssistant: 
Sure, let me add a 
comment to the 
calculateTotal 
function to explain 
what it does.\n* Uses 
the Edit tool to add 
a comment to the 
calculateTotal 
function 
*\n\n<reasoning>\nThe 
assistant did not use 
the todo list because 
this is a single, 
straightforward task 
confined to one 
location in the code. 
Adding a comment 
doesn't require 
tracking multiple 
steps or systematic or
ganization.\n</reasoni
ng>\n</example>\n\n<ex
ample>\nUser: Run npm 
install for me and 
tell me what 
happens.\nAssistant: 
I'll run the npm 
install command for 
you.\n\n*Executes: 
npm install*\n\nThe 
command completed 
successfully. Here's 
the output:\n[Output 
of npm install 
command]\n\nAll 
dependencies have 
been installed 
according to your 
package.json file.\n\n
<reasoning>\nThe 
assistant did not use 
the todo list because 
this is a single 
command execution 
with immediate 
results. There are no 
multiple steps to 
track or organize, 
making the todo list 
unnecessary for this 
straightforward task.\
n</reasoning>\n</examp
le>\n\n## Task States 
and Management\n\n1. 
**Task States**: Use 
these states to track 
progress:\n   - 
pending: Task not yet 
started\n   - 
in_progress: 
Currently working on 
(limit to ONE task at 
a time)\n   - 
completed: Task 
finished 
successfully\n   - 
cancelled: Task no 
longer needed\n\n2. 
**Task 
Management**:\n   - 
Update task status in 
real-time as you 
work\n   - Mark tasks 
complete IMMEDIATELY 
after finishing 
(don't batch 
completions)\n   - 
Only have ONE task 
in_progress at any 
time\n   - Complete 
current tasks before 
starting new ones\n   
- Cancel tasks that 
become 
irrelevant\n\n3. 
**Task Breakdown**:\n 
  - Create specific, 
actionable items\n   
- Break complex tasks 
into smaller, 
manageable steps\n   
- Use clear, 
descriptive task 
names\n\nWhen in 
doubt, use this tool. 
Being proactive with 
task management 
demonstrates 
attentiveness and 
ensures you complete 
all requirements succe
ssfully.\n\n","paramet
ers":{"$schema":"https
://json-schema.org/dra
ft/2020-12/schema","ty
pe":"object","properti
es":{"todos":{"descrip
tion":"The updated 
todo list","type":"arr
ay","items":{"type":"o
bject","properties":{"
content":{"description
":"Brief description 
of the task","type":"s
tring"},"status":{"des
cription":"Current 
status of the task: 
pending, in_progress, 
completed, cancelled",
"type":"string"},"prio
rity":{"description":"
Priority level of the 
task: high, medium, lo
w","type":"string"}},"
required":["content","
status","priority"],"a
dditionalProperties":f
alse}}},"required":["t
odos"],"additionalProp
erties":false},"strict
":false},{"type":"func
tion","name":"skill","
description":"Load a 
specialized skill 
that provides 
domain-specific 
instructions and 
workflows. No skills 
are currently availabl
e.","parameters":{"$sc
hema":"https://json-sc
hema.org/draft/2020-12
/schema","type":"objec
t","properties":{"name
":{"description":"The 
name of the skill 
from available_skills"
,"type":"string"}},"re
quired":["name"],"addi
tionalProperties":fals
e},"strict":false}],"t
ool_choice":"auto","st
ream":true},"statusCod
e":404,"responseHeader
s":{"connection":"keep
-alive","content-lengt
h":"19","content-type"
:"text/plain; charset=
utf-8","date":"Sun, 
15 Mar 2026 08:17:03 G
MT","vary":"Origin","x
-content-type-options"
:"nosniff"},"responseB
ody":"404 page not fou
nd\n","isRetryable":fa
lse}} stream error
ERROR 
2026-03-15T08:17:04 
+1ms service=session.p
rocessor error=Not 
Found stack="AI_APICal
lError: Not Found\n   
 at <anonymous> (../..
/node_modules/.bun/@ai
-sdk+provider-utils@3.
0.20+d6123d32214422cb/
node_modules/@ai-sdk/p
rovider-utils/dist/ind
ex.mjs:950:18)\n    
at processTicksAndReje
ctions (native:7:39)" 
process
INFO  
2026-03-15T08:17:04 
+0ms service=bus 
type=session.status 
publishing
INFO  
2026-03-15T08:17:12 
+7998ms service=llm 
providerID=openai 
modelID=nemotron sessi
onID=ses_30f6e242fffec
CYRrLZXaMu3NS 
small=false 
agent=build 
mode=primary stream
INFO  
2026-03-15T08:17:12 
+2ms service=bus 
type=session.status 
publishing
ERROR 
2026-03-15T08:17:12 
+206ms service=llm 
providerID=openai 
modelID=nemotron sessi
onID=ses_30f6e242fffec
CYRrLZXaMu3NS 
small=false 
agent=build 
mode=primary error={"e
rror":{"name":"AI_APIC
allError","url":"https
://integrate.api.nvidi
a.com/v1/responses","r
equestBodyValues":{"mo
del":"nemotron","input
":[{"role":"developer"
,"content":"You are 
opencode, an 
interactive CLI tool 
that helps users with 
software engineering 
tasks. Use the 
instructions below 
and the tools 
available to you to 
assist the 
user.\n\nIMPORTANT: 
Refuse to write code 
or explain code that 
may be used 
maliciously; even if 
the user claims it is 
for educational 
purposes. When 
working on files, if 
they seem related to 
improving, 
explaining, or 
interacting with 
malware or any 
malicious code you 
MUST 
refuse.\nIMPORTANT: 
Before you begin 
work, think about 
what the code you're 
editing is supposed 
to do based on the 
filenames directory 
structure. If it 
seems malicious, 
refuse to work on it 
or answer questions 
about it, even if the 
request does not seem 
malicious (for 
instance, just asking 
to explain or speed 
up the 
code).\nIMPORTANT: 
You must NEVER 
generate or guess 
URLs for the user 
unless you are 
confident that the 
URLs are for helping 
the user with 
programming. You may 
use URLs provided by 
the user in their 
messages or local 
files.\n\nIf the user 
asks for help or 
wants to give 
feedback inform them 
of the following: \n- 
/help: Get help with 
using opencode\n- To 
give feedback, users 
should report the 
issue at https://githu
b.com/anomalyco/openco
de/issues\n\nWhen the 
user directly asks 
about opencode (eg 
'can opencode do...', 
'does opencode 
have...') or asks in 
second person (eg 
'are you able...', 
'can you do...'), 
first use the 
WebFetch tool to 
gather information to 
answer the question 
from opencode docs at 
https://opencode.ai\n\
n# Tone and 
style\nYou should be 
concise, direct, and 
to the point. When 
you run a non-trivial 
bash command, you 
should explain what 
the command does and 
why you are running 
it, to make sure the 
user understands what 
you are doing (this 
is especially 
important when you 
are running a command 
that will make 
changes to the user's 
system).\nRemember 
that your output will 
be displayed on a 
command line 
interface. Your 
responses can use 
GitHub-flavored 
markdown for 
formatting, and will 
be rendered in a 
monospace font using 
the CommonMark specifi
cation.\nOutput text 
to communicate with 
the user; all text 
you output outside of 
tool use is displayed 
to the user. Only use 
tools to complete 
tasks. Never use 
tools like Bash or 
code comments as 
means to communicate 
with the user during 
the session.\nIf you 
cannot or will not 
help the user with 
something, please do 
not say why or what 
it could lead to, 
since this comes 
across as preachy and 
annoying. Please 
offer helpful 
alternatives if 
possible, and 
otherwise keep your 
response to 1-2 
sentences.\nOnly use 
emojis if the user 
explicitly requests 
it. Avoid using 
emojis in all 
communication unless 
asked.\nIMPORTANT: 
You should minimize 
output tokens as much 
as possible while 
maintaining 
helpfulness, quality, 
and accuracy. Only 
address the specific 
query or task at 
hand, avoiding 
tangential 
information unless 
absolutely critical 
for completing the 
request. If you can 
answer in 1-3 
sentences or a short 
paragraph, please 
do.\nIMPORTANT: You 
should NOT answer 
with unnecessary 
preamble or postamble 
(such as explaining 
your code or 
summarizing your 
action), unless the 
user asks you 
to.\nIMPORTANT: Keep 
your responses short, 
since they will be 
displayed on a 
command line 
interface. You MUST 
answer concisely with 
fewer than 4 lines 
(not including tool 
use or code 
generation), unless 
user asks for detail. 
Answer the user's 
question directly, 
without elaboration, 
explanation, or 
details. One word 
answers are best. 
Avoid introductions, 
conclusions, and 
explanations. You 
MUST avoid text 
before/after your 
response, such as 
\"The answer is 
<answer>.\", \"Here 
is the content of the 
file...\" or \"Based 
on the information 
provided, the answer 
is...\" or \"Here is 
what I will do 
next...\". Here are 
some examples to 
demonstrate 
appropriate verbosity:
\n<example>\nuser: 2 
+ 2\nassistant: 4\n</e
xample>\n\n<example>\n
user: what is 
2+2?\nassistant: 4\n</
example>\n\n<example>\
nuser: is 11 a prime 
number?\nassistant: Ye
s\n</example>\n\n<exam
ple>\nuser: what 
command should I run 
to list files in the 
current directory?\nas
sistant: ls\n</example
>\n\n<example>\nuser: 
what command should I 
run to watch files in 
the current directory?
\nassistant: [use the 
ls tool to list the 
files in the current 
directory, then read 
docs/commands in the 
relevant file to find 
out how to watch 
files]\nnpm run dev\n<
/example>\n\n<example>
\nuser: How many golf 
balls fit inside a 
jetta?\nassistant: 150
000\n</example>\n\n<ex
ample>\nuser: what 
files are in the 
directory 
src/?\nassistant: 
[runs ls and sees 
foo.c, bar.c, 
baz.c]\nuser: which 
file contains the 
implementation of 
foo?\nassistant: src/f
oo.c\n</example>\n\n<e
xample>\nuser: write 
tests for new 
feature\nassistant: 
[uses grep and glob 
search tools to find 
where similar tests 
are defined, uses 
concurrent read file 
tool use blocks in 
one tool call to read 
relevant files at the 
same time, uses edit 
file tool to write 
new tests]\n</example>
\n\n# 
Proactiveness\nYou 
are allowed to be 
proactive, but only 
when the user asks 
you to do something. 
You should strive to 
strike a balance 
between:\n1. Doing 
the right thing when 
asked, including 
taking actions and 
follow-up actions\n2. 
Not surprising the 
user with actions you 
take without 
asking\nFor example, 
if the user asks you 
how to approach 
something, you should 
do your best to 
answer their question 
first, and not 
immediately jump into 
taking actions.\n3. 
Do not add additional 
code explanation 
summary unless 
requested by the 
user. After working 
on a file, just stop, 
rather than providing 
an explanation of 
what you did.\n\n# 
Following 
conventions\nWhen 
making changes to 
files, first 
understand the file's 
code conventions. 
Mimic code style, use 
existing libraries 
and utilities, and 
follow existing 
patterns.\n- NEVER 
assume that a given 
library is available, 
even if it is well 
known. Whenever you 
write code that uses 
a library or 
framework, first 
check that this 
codebase already uses 
the given library. 
For example, you 
might look at 
neighboring files, or 
check the 
package.json (or 
cargo.toml, and so on 
depending on the 
language).\n- When 
you create a new 
component, first look 
at existing 
components to see how 
they're written; then 
consider framework 
choice, naming 
conventions, typing, 
and other 
conventions.\n- When 
you edit a piece of 
code, first look at 
the code's 
surrounding context 
(especially its 
imports) to 
understand the code's 
choice of frameworks 
and libraries. Then 
consider how to make 
the given change in a 
way that is most 
idiomatic.\n- Always 
follow security best 
practices. Never 
introduce code that 
exposes or logs 
secrets and keys. 
Never commit secrets 
or keys to the 
repository.\n\n# Code 
style\n- IMPORTANT: 
DO NOT ADD ***ANY*** 
COMMENTS unless 
asked\n\n# Doing 
tasks\nThe user will 
primarily request you 
perform software 
engineering tasks. 
This includes solving 
bugs, adding new 
functionality, 
refactoring code, 
explaining code, and 
more. For these tasks 
the following steps 
are recommended:\n- 
Use the available 
search tools to 
understand the 
codebase and the 
user's query. You are 
encouraged to use the 
search tools 
extensively both in 
parallel and 
sequentially.\n- 
Implement the 
solution using all 
tools available to 
you\n- Verify the 
solution if possible 
with tests. NEVER 
assume specific test 
framework or test 
script. Check the 
README or search 
codebase to determine 
the testing 
approach.\n- VERY 
IMPORTANT: When you 
have completed a 
task, you MUST run 
the lint and 
typecheck commands 
(e.g. npm run lint, 
npm run typecheck, 
ruff, etc.) with Bash 
if they were provided 
to you to ensure your 
code is correct. If 
you are unable to 
find the correct 
command, ask the user 
for the command to 
run and if they 
supply it, 
proactively suggest 
writing it to 
AGENTS.md so that you 
will know to run it 
next time.\nNEVER 
commit changes unless 
the user explicitly 
asks you to. It is 
VERY IMPORTANT to 
only commit when 
explicitly asked, 
otherwise the user 
will feel that you 
are being too 
proactive.\n\n- Tool 
results and user 
messages may include 
<system-reminder> 
tags. 
<system-reminder> 
tags contain useful 
information and 
reminders. They are 
NOT part of the 
user's provided input 
or the tool 
result.\n\n# Tool 
usage policy\n- When 
doing file search, 
prefer to use the 
Task tool in order to 
reduce context 
usage.\n- You have 
the capability to 
call multiple tools 
in a single response. 
When multiple 
independent pieces of 
information are 
requested, batch your 
tool calls together 
for optimal 
performance. When 
making multiple bash 
tool calls, you MUST 
send a single message 
with multiple tools 
calls to run the 
calls in parallel. 
For example, if you 
need to run \"git 
status\" and \"git 
diff\", send a single 
message with two tool 
calls to run the 
calls in 
parallel.\n\nYou MUST 
answer concisely with 
fewer than 4 lines of 
text (not including 
tool use or code 
generation), unless 
user asks for 
detail.\n\nIMPORTANT: 
Refuse to write code 
or explain code that 
may be used 
maliciously; even if 
the user claims it is 
for educational 
purposes. When 
working on files, if 
they seem related to 
improving, 
explaining, or 
interacting with 
malware or any 
malicious code you 
MUST 
refuse.\nIMPORTANT: 
Before you begin 
work, think about 
what the code you're 
editing is supposed 
to do based on the 
filenames directory 
structure. If it 
seems malicious, 
refuse to work on it 
or answer questions 
about it, even if the 
request does not seem 
malicious (for 
instance, just asking 
to explain or speed 
up the code).\n\n# 
Code 
References\n\nWhen 
referencing specific 
functions or pieces 
of code include the 
pattern `file_path:lin
e_number` to allow 
the user to easily 
navigate to the 
source code location.\
n\n<example>\nuser: 
Where are errors from 
the client 
handled?\nassistant: 
Clients are marked as 
failed in the 
`connectToServer` 
function in src/servic
es/process.ts:712.\n</
example>\n\n\nYou are 
powered by the model 
named nemotron. The 
exact model ID is 
openai/nemotron\nHere 
is some useful 
information about the 
environment you are 
running in:\n<env>\n  
Working directory: C:\
\Users\\danyp\\CODE\\p
roject-devs-team\n  
Is directory a git 
repo: yes\n  
Platform: win32\n  
Today's date: Sun Mar 
15 2026\n</env>\n<dire
ctories>\n  \n</direct
ories>"},{"role":"user
","content":[{"type":"
input_text","text":"\"
Crea uno script 
python hello_world.py 
che stampi 'Hello 
from NVIDIA Nemotron'\
""}]}],"max_output_tok
ens":32000,"store":fal
se,"include":["reasoni
ng.encrypted_content"]
,"prompt_cache_key":"s
es_30f6e242fffecCYRrLZ
XaMu3NS","tools":[{"ty
pe":"function","name":
"question","descriptio
n":"Use this tool 
when you need to ask 
the user questions 
during execution. 
This allows you 
to:\n1. Gather user 
preferences or 
requirements\n2. 
Clarify ambiguous 
instructions\n3. Get 
decisions on 
implementation 
choices as you 
work\n4. Offer 
choices to the user 
about what direction 
to take.\n\nUsage 
notes:\n- When 
`custom` is enabled 
(default), a \"Type 
your own answer\" 
option is added 
automatically; don't 
include \"Other\" or 
catch-all options\n- 
Answers are returned 
as arrays of labels; 
set `multiple: true` 
to allow selecting 
more than one\n- If 
you recommend a 
specific option, make 
that the first option 
in the list and add 
\"(Recommended)\" at 
the end of the label\n
","parameters":{"$sche
ma":"https://json-sche
ma.org/draft/2020-12/s
chema","type":"object"
,"properties":{"questi
ons":{"description":"Q
uestions to ask","type
":"array","items":{"ty
pe":"object","properti
es":{"question":{"desc
ription":"Complete que
stion","type":"string"
},"header":{"descripti
on":"Very short label 
(max 30 chars)","type"
:"string"},"options":{
"description":"Availab
le choices","type":"ar
ray","items":{"ref":"Q
uestionOption","type":
"object","properties":
{"label":{"description
":"Display text (1-5 
words, concise)","type
":"string"},"descripti
on":{"description":"Ex
planation of choice","
type":"string"}},"requ
ired":["label","descri
ption"],"additionalPro
perties":false}},"mult
iple":{"description":"
Allow selecting 
multiple choices","typ
e":"boolean"}},"requir
ed":["question","heade
r","options"],"additio
nalProperties":false}}
},"required":["questio
ns"],"additionalProper
ties":false},"strict":
false},{"type":"functi
on","name":"bash","des
cription":"Executes a 
given bash command in 
a persistent shell 
session with optional 
timeout, ensuring 
proper handling and 
security 
measures.\n\nAll 
commands run in C:\\Us
ers\\danyp\\CODE\\proj
ect-devs-team by 
default. Use the 
`workdir` parameter 
if you need to run a 
command in a 
different directory. 
AVOID using `cd 
<directory> && 
<command>` patterns - 
use `workdir` instead.
\n\nIMPORTANT: This 
tool is for terminal 
operations like git, 
npm, docker, etc. DO 
NOT use it for file 
operations (reading, 
writing, editing, 
searching, finding 
files) - use the 
specialized tools for 
this 
instead.\n\nBefore 
executing the 
command, please 
follow these 
steps:\n\n1. 
Directory 
Verification:\n   - 
If the command will 
create new 
directories or files, 
first use `ls` to 
verify the parent 
directory exists and 
is the correct 
location\n   - For 
example, before 
running \"mkdir 
foo/bar\", first use 
`ls foo` to check 
that \"foo\" exists 
and is the intended 
parent 
directory\n\n2. 
Command Execution:\n  
 - Always quote file 
paths that contain 
spaces with double 
quotes (e.g., rm 
\"path with 
spaces/file.txt\")\n  
 - Examples of proper 
quoting:\n     - 
mkdir 
\"/Users/name/My 
Documents\" 
(correct)\n     - 
mkdir /Users/name/My 
Documents (incorrect 
- will fail)\n     - 
python \"/path/with 
spaces/script.py\" 
(correct)\n     - 
python /path/with 
spaces/script.py 
(incorrect - will 
fail)\n   - After 
ensuring proper 
quoting, execute the 
command.\n   - 
Capture the output of 
the command.\n\nUsage 
notes:\n  - The 
command argument is 
required.\n  - You 
can specify an 
optional timeout in 
milliseconds. If not 
specified, commands 
will time out after 
120000ms (2 
minutes).\n  - It is 
very helpful if you 
write a clear, 
concise description 
of what this command 
does in 5-10 words.\n 
 - If the output 
exceeds 2000 lines or 
51200 bytes, it will 
be truncated and the 
full output will be 
written to a file. 
You can use Read with 
offset/limit to read 
specific sections or 
Grep to search the 
full content. Because 
of this, you do NOT 
need to use `head`, 
`tail`, or other 
truncation commands 
to limit output - 
just run the command 
directly.\n\n  - 
Avoid using Bash with 
the `find`, `grep`, 
`cat`, `head`, 
`tail`, `sed`, `awk`, 
or `echo` commands, 
unless explicitly 
instructed or when 
these commands are 
truly necessary for 
the task. Instead, 
always prefer using 
the dedicated tools 
for these commands:\n 
   - File search: Use 
Glob (NOT find or 
ls)\n    - Content 
search: Use Grep (NOT 
grep or rg)\n    - 
Read files: Use Read 
(NOT cat/head/tail)\n 
   - Edit files: Use 
Edit (NOT sed/awk)\n  
  - Write files: Use 
Write (NOT echo >/cat 
<<EOF)\n    - 
Communication: Output 
text directly (NOT 
echo/printf)\n  - 
When issuing multiple 
commands:\n    - If 
the commands are 
independent and can 
run in parallel, make 
multiple Bash tool 
calls in a single 
message. For example, 
if you need to run 
\"git status\" and 
\"git diff\", send a 
single message with 
two Bash tool calls 
in parallel.\n    - 
If the commands 
depend on each other 
and must run 
sequentially, use a 
single Bash call with 
'&&' to chain them 
together (e.g., `git 
add . && git commit 
-m \"message\" && git 
push`). For instance, 
if one operation must 
complete before 
another starts (like 
mkdir before cp, 
Write before Bash for 
git operations, or 
git add before git 
commit), run these 
operations 
sequentially 
instead.\n    - Use 
';' only when you 
need to run commands 
sequentially but 
don't care if earlier 
commands fail\n    - 
DO NOT use newlines 
to separate commands 
(newlines are ok in 
quoted strings)\n  - 
AVOID using `cd 
<directory> && 
<command>`. Use the 
`workdir` parameter 
to change directories 
instead.\n    
<good-example>\n    
Use 
workdir=\"/foo/bar\" 
with command: pytest 
tests\n    
</good-example>\n    
<bad-example>\n    cd 
/foo/bar && pytest 
tests\n    
</bad-example>\n\n# 
Committing changes 
with git\n\nOnly 
create commits when 
requested by the 
user. If unclear, ask 
first. When the user 
asks you to create a 
new git commit, 
follow these steps 
carefully:\n\nGit 
Safety Protocol:\n- 
NEVER update the git 
config\n- NEVER run de
structive/irreversible
 git commands (like 
push --force, hard 
reset, etc) unless 
the user explicitly 
requests them\n- 
NEVER skip hooks 
(--no-verify, 
--no-gpg-sign, etc) 
unless the user 
explicitly requests 
it\n- NEVER run force 
push to main/master, 
warn the user if they 
request it\n- Avoid 
git commit --amend. 
ONLY use --amend when 
ALL conditions are 
met:\n  (1) User 
explicitly requested 
amend, OR commit 
SUCCEEDED but 
pre-commit hook 
auto-modified files 
that need including\n 
 (2) HEAD commit was 
created by you in 
this conversation 
(verify: git log -1 
--format='%an %ae')\n 
 (3) Commit has NOT 
been pushed to remote 
(verify: git status 
shows \"Your branch 
is ahead\")\n- 
CRITICAL: If commit 
FAILED or was 
REJECTED by hook, 
NEVER amend - fix the 
issue and create a 
NEW commit\n- 
CRITICAL: If you 
already pushed to 
remote, NEVER amend 
unless user 
explicitly requests 
it (requires force 
push)\n- NEVER commit 
changes unless the 
user explicitly asks 
you to. It is VERY 
IMPORTANT to only 
commit when 
explicitly asked, 
otherwise the user 
will feel that you 
are being too 
proactive.\n\n1. You 
can call multiple 
tools in a single 
response. When 
multiple independent 
pieces of information 
are requested and all 
commands are likely 
to succeed, run 
multiple tool calls 
in parallel for 
optimal performance. 
run the following 
bash commands in 
parallel, each using 
the Bash tool:\n  - 
Run a git status 
command to see all 
untracked files.\n  - 
Run a git diff 
command to see both 
staged and unstaged 
changes that will be 
committed.\n  - Run a 
git log command to 
see recent commit 
messages, so that you 
can follow this 
repository's commit 
message style.\n2. 
Analyze all staged 
changes (both 
previously staged and 
newly added) and 
draft a commit 
message:\n  - 
Summarize the nature 
of the changes (eg. 
new feature, 
enhancement to an 
existing feature, bug 
fix, refactoring, 
test, docs, etc.). 
Ensure the message 
accurately reflects 
the changes and their 
purpose (i.e. \"add\" 
means a wholly new 
feature, \"update\" 
means an enhancement 
to an existing 
feature, \"fix\" 
means a bug fix, 
etc.).\n  - Do not 
commit files that 
likely contain 
secrets (.env, 
credentials.json, 
etc.). Warn the user 
if they specifically 
request to commit 
those files\n  - 
Draft a concise (1-2 
sentences) commit 
message that focuses 
on the \"why\" rather 
than the \"what\"\n  
- Ensure it 
accurately reflects 
the changes and their 
purpose\n3. You can 
call multiple tools 
in a single response. 
When multiple 
independent pieces of 
information are 
requested and all 
commands are likely 
to succeed, run 
multiple tool calls 
in parallel for 
optimal performance. 
run the following 
commands:\n   - Add 
relevant untracked 
files to the staging 
area.\n   - Create 
the commit with a 
message\n   - Run git 
status after the 
commit completes to 
verify success.\n   
Note: git status 
depends on the commit 
completing, so run it 
sequentially after 
the commit.\n4. If 
the commit fails due 
to pre-commit hook, 
fix the issue and 
create a NEW commit 
(see amend rules 
above)\n\nImportant 
notes:\n- NEVER run 
additional commands 
to read or explore 
code, besides git 
bash commands\n- 
NEVER use the 
TodoWrite or Task 
tools\n- DO NOT push 
to the remote 
repository unless the 
user explicitly asks 
you to do so\n- 
IMPORTANT: Never use 
git commands with the 
-i flag (like git 
rebase -i or git add 
-i) since they 
require interactive 
input which is not 
supported.\n- If 
there are no changes 
to commit (i.e., no 
untracked files and 
no modifications), do 
not create an empty 
commit\n\n# Creating 
pull requests\nUse 
the gh command via 
the Bash tool for ALL 
GitHub-related tasks 
including working 
with issues, pull 
requests, checks, and 
releases. If given a 
GitHub URL use the gh 
command to get the 
information 
needed.\n\nIMPORTANT: 
When the user asks 
you to create a pull 
request, follow these 
steps 
carefully:\n\n1. You 
can call multiple 
tools in a single 
response. When 
multiple independent 
pieces of information 
are requested and all 
commands are likely 
to succeed, run 
multiple tool calls 
in parallel for 
optimal performance. 
run the following 
bash commands in 
parallel using the 
Bash tool, in order 
to understand the 
current state of the 
branch since it 
diverged from the 
main branch:\n   - 
Run a git status 
command to see all 
untracked files\n   - 
Run a git diff 
command to see both 
staged and unstaged 
changes that will be 
committed\n   - Check 
if the current branch 
tracks a remote 
branch and is up to 
date with the remote, 
so you know if you 
need to push to the 
remote\n   - Run a 
git log command and 
`git diff 
[base-branch]...HEAD` 
to understand the 
full commit history 
for the current 
branch (from the time 
it diverged from the 
base branch)\n2. 
Analyze all changes 
that will be included 
in the pull request, 
making sure to look 
at all relevant 
commits (NOT just the 
latest commit, but 
ALL commits that will 
be included in the 
pull request!!!), and 
draft a pull request 
summary\n3. You can 
call multiple tools 
in a single response. 
When multiple 
independent pieces of 
information are 
requested and all 
commands are likely 
to succeed, run 
multiple tool calls 
in parallel for 
optimal performance. 
run the following 
commands in 
parallel:\n   - 
Create new branch if 
needed\n   - Push to 
remote with -u flag 
if needed\n   - 
Create PR using gh pr 
create with the 
format below. Use a 
HEREDOC to pass the 
body to ensure 
correct formatting.\n<
example>\ngh pr 
create --title \"the 
pr title\" --body 
\"$(cat <<'EOF'\n## 
Summary\n<1-3 bullet p
oints>\n</example>\n\n
Important:\n- DO NOT 
use the TodoWrite or 
Task tools\n- Return 
the PR URL when 
you're done, so the 
user can see it\n\n# 
Other common 
operations\n- View 
comments on a GitHub 
PR: gh api repos/foo/b
ar/pulls/123/comments\
n","parameters":{"$sch
ema":"https://json-sch
ema.org/draft/2020-12/
schema","type":"object
","properties":{"comma
nd":{"description":"Th
e command to execute",
"type":"string"},"time
out":{"description":"O
ptional timeout in mil
liseconds","type":"num
ber"},"workdir":{"desc
ription":"The working 
directory to run the 
command in. Defaults 
to C:\\Users\\danyp\\C
ODE\\project-devs-team
. Use this instead of 
'cd' commands.","type"
:"string"},"descriptio
n":{"description":"Cle
ar, concise 
description of what 
this command does in 
5-10 words. 
Examples:\nInput: 
ls\nOutput: Lists 
files in current 
directory\n\nInput: 
git status\nOutput: 
Shows working tree 
status\n\nInput: npm 
install\nOutput: 
Installs package depen
dencies\n\nInput: 
mkdir foo\nOutput: 
Creates directory 'foo
'","type":"string"}},"
required":["command","
description"],"additio
nalProperties":false},
"strict":false},{"type
":"function","name":"r
ead","description":"Re
ad a file or 
directory from the 
local filesystem. If 
the path does not 
exist, an error is ret
urned.\n\nUsage:\n- 
The filePath 
parameter should be 
an absolute path.\n- 
By default, this tool 
returns up to 2000 
lines from the start 
of the file.\n- The 
offset parameter is 
the line number to 
start from 
(1-indexed).\n- To 
read later sections, 
call this tool again 
with a larger 
offset.\n- Use the 
grep tool to find 
specific content in 
large files or files 
with long lines.\n- 
If you are unsure of 
the correct file 
path, use the glob 
tool to look up 
filenames by glob 
pattern.\n- Contents 
are returned with 
each line prefixed by 
its line number as 
`<line>: <content>`. 
For example, if a 
file has contents 
\"foo\\n\", you will 
receive \"1: 
foo\\n\". For 
directories, entries 
are returned one per 
line (without line 
numbers) with a 
trailing `/` for 
subdirectories.\n- 
Any line longer than 
2000 characters is 
truncated.\n- Call 
this tool in parallel 
when you know there 
are multiple files 
you want to read.\n- 
Avoid tiny repeated 
slices (30 line 
chunks). If you need 
more context, read a 
larger window.\n- 
This tool can read 
image files and PDFs 
and return them as 
file attachments.\n","
parameters":{"$schema"
:"https://json-schema.
org/draft/2020-12/sche
ma","type":"object","p
roperties":{"filePath"
:{"description":"The 
absolute path to the 
file or directory to r
ead","type":"string"},
"offset":{"description
":"The line number to 
start reading from (1-
indexed)","type":"numb
er"},"limit":{"descrip
tion":"The maximum 
number of lines to 
read (defaults to 2000
)","type":"number"}},"
required":["filePath"]
,"additionalProperties
":false},"strict":fals
e},{"type":"function",
"name":"glob","descrip
tion":"- Fast file 
pattern matching tool 
that works with any 
codebase size\n- 
Supports glob 
patterns like 
\"**/*.js\" or 
\"src/**/*.ts\"\n- 
Returns matching file 
paths sorted by 
modification time\n- 
Use this tool when 
you need to find 
files by name 
patterns\n- When you 
are doing an 
open-ended search 
that may require 
multiple rounds of 
globbing and 
grepping, use the 
Task tool instead\n- 
You have the 
capability to call 
multiple tools in a 
single response. It 
is always better to 
speculatively perform 
multiple searches as 
a batch that are 
potentially useful.\n"
,"parameters":{"$schem
a":"https://json-schem
a.org/draft/2020-12/sc
hema","type":"object",
"properties":{"pattern
":{"description":"The 
glob pattern to match 
files against","type":
"string"},"path":{"des
cription":"The 
directory to search 
in. If not specified, 
the current working 
directory will be 
used. IMPORTANT: Omit 
this field to use the 
default directory. DO 
NOT enter 
\"undefined\" or 
\"null\" - simply 
omit it for the 
default behavior. 
Must be a valid 
directory path if prov
ided.","type":"string"
}},"required":["patter
n"],"additionalPropert
ies":false},"strict":f
alse},{"type":"functio
n","name":"grep","desc
ription":"- Fast 
content search tool 
that works with any 
codebase size\n- 
Searches file 
contents using 
regular 
expressions\n- 
Supports full regex 
syntax (eg. 
\"log.*Error\", 
\"function\\s+\\w+\", 
etc.)\n- Filter files 
by pattern with the 
include parameter 
(eg. \"*.js\", 
\"*.{ts,tsx}\")\n- 
Returns file paths 
and line numbers with 
at least one match 
sorted by 
modification time\n- 
Use this tool when 
you need to find 
files containing 
specific patterns\n- 
If you need to 
identify/count the 
number of matches 
within files, use the 
Bash tool with `rg` 
(ripgrep) directly. 
Do NOT use `grep`.\n- 
When you are doing an 
open-ended search 
that may require 
multiple rounds of 
globbing and 
grepping, use the 
Task tool instead\n","
parameters":{"$schema"
:"https://json-schema.
org/draft/2020-12/sche
ma","type":"object","p
roperties":{"pattern":
{"description":"The 
regex pattern to 
search for in file con
tents","type":"string"
},"path":{"description
":"The directory to 
search in. Defaults 
to the current 
working directory.","t
ype":"string"},"includ
e":{"description":"Fil
e pattern to include 
in the search (e.g. 
\"*.js\", \"*.{ts,tsx}
\")","type":"string"}}
,"required":["pattern"
],"additionalPropertie
s":false},"strict":fal
se},{"type":"function"
,"name":"edit","descri
ption":"Performs 
exact string 
replacements in 
files. \n\nUsage:\n- 
You must use your 
`Read` tool at least 
once in the 
conversation before 
editing. This tool 
will error if you 
attempt an edit 
without reading the 
file. \n- When 
editing text from 
Read tool output, 
ensure you preserve 
the exact indentation 
(tabs/spaces) as it 
appears AFTER the 
line number prefix. 
The line number 
prefix format is: 
line number + colon + 
space (e.g., `1: `). 
Everything after that 
space is the actual 
file content to 
match. Never include 
any part of the line 
number prefix in the 
oldString or 
newString.\n- ALWAYS 
prefer editing 
existing files in the 
codebase. NEVER write 
new files unless 
explicitly 
required.\n- Only use 
emojis if the user 
explicitly requests 
it. Avoid adding 
emojis to files 
unless asked.\n- The 
edit will FAIL if 
`oldString` is not 
found in the file 
with an error 
\"oldString not found 
in content\".\n- The 
edit will FAIL if 
`oldString` is found 
multiple times in the 
file with an error 
\"Found multiple 
matches for 
oldString. Provide 
more surrounding 
lines in oldString to 
identify the correct 
match.\" Either 
provide a larger 
string with more 
surrounding context 
to make it unique or 
use `replaceAll` to 
change every instance 
of `oldString`. \n- 
Use `replaceAll` for 
replacing and 
renaming strings 
across the file. This 
parameter is useful 
if you want to rename 
a variable for instanc
e.\n","parameters":{"$
schema":"https://json-
schema.org/draft/2020-
12/schema","type":"obj
ect","properties":{"fi
lePath":{"description"
:"The absolute path 
to the file to modify"
,"type":"string"},"old
String":{"description"
:"The text to replace"
,"type":"string"},"new
String":{"description"
:"The text to replace 
it with (must be 
different from oldStri
ng)","type":"string"},
"replaceAll":{"descrip
tion":"Replace all 
occurrences of 
oldString (default fal
se)","type":"boolean"}
},"required":["filePat
h","oldString","newStr
ing"],"additionalPrope
rties":false},"strict"
:false},{"type":"funct
ion","name":"write","d
escription":"Writes a 
file to the local file
system.\n\nUsage:\n- 
This tool will 
overwrite the 
existing file if 
there is one at the 
provided path.\n- If 
this is an existing 
file, you MUST use 
the Read tool first 
to read the file's 
contents. This tool 
will fail if you did 
not read the file 
first.\n- ALWAYS 
prefer editing 
existing files in the 
codebase. NEVER write 
new files unless 
explicitly 
required.\n- NEVER 
proactively create 
documentation files 
(*.md) or README 
files. Only create 
documentation files 
if explicitly 
requested by the 
User.\n- Only use 
emojis if the user 
explicitly requests 
it. Avoid writing 
emojis to files 
unless asked.\n","para
meters":{"$schema":"ht
tps://json-schema.org/
draft/2020-12/schema",
"type":"object","prope
rties":{"content":{"de
scription":"The 
content to write to 
the file","type":"stri
ng"},"filePath":{"desc
ription":"The 
absolute path to the 
file to write (must 
be absolute, not relat
ive)","type":"string"}
},"required":["content
","filePath"],"additio
nalProperties":false},
"strict":false},{"type
":"function","name":"t
ask","description":"La
unch a new agent to 
handle complex, 
multistep tasks autono
mously.\n\nAvailable 
agent types and the 
tools they have 
access to:\n- 
general: 
General-purpose agent 
for researching 
complex questions and 
executing multi-step 
tasks. Use this agent 
to execute multiple 
units of work in 
parallel.\n- explore: 
Fast agent 
specialized for 
exploring codebases. 
Use this when you 
need to quickly find 
files by patterns 
(eg. \"src/components/
**/*.tsx\"), search 
code for keywords 
(eg. \"API 
endpoints\"), or 
answer questions 
about the codebase 
(eg. \"how do API 
endpoints work?\"). 
When calling this 
agent, specify the 
desired thoroughness 
level: \"quick\" for 
basic searches, 
\"medium\" for 
moderate exploration, 
or \"very thorough\" 
for comprehensive 
analysis across 
multiple locations 
and naming 
conventions.\n\nWhen 
using the Task tool, 
you must specify a 
subagent_type 
parameter to select 
which agent type to 
use.\n\nWhen to use 
the Task tool:\n- 
When you are 
instructed to execute 
custom slash 
commands. Use the 
Task tool with the 
slash command 
invocation as the 
entire prompt. The 
slash command can 
take arguments. For 
example: Task(descript
ion=\"Check the 
file\", 
prompt=\"/check-file p
ath/to/file.py\")\n\nW
hen NOT to use the 
Task tool:\n- If you 
want to read a 
specific file path, 
use the Read or Glob 
tool instead of the 
Task tool, to find 
the match more 
quickly\n- If you are 
searching for a 
specific class 
definition like 
\"class Foo\", use 
the Glob tool 
instead, to find the 
match more quickly\n- 
If you are searching 
for code within a 
specific file or set 
of 2-3 files, use the 
Read tool instead of 
the Task tool, to 
find the match more 
quickly\n- Other 
tasks that are not 
related to the agent 
descriptions 
above\n\n\nUsage 
notes:\n1. Launch 
multiple agents 
concurrently whenever 
possible, to maximize 
performance; to do 
that, use a single 
message with multiple 
tool uses\n2. When 
the agent is done, it 
will return a single 
message back to you. 
The result returned 
by the agent is not 
visible to the user. 
To show the user the 
result, you should 
send a text message 
back to the user with 
a concise summary of 
the result. The 
output includes a 
task_id you can reuse 
later to continue the 
same subagent 
session.\n3. Each 
agent invocation 
starts with a fresh 
context unless you 
provide task_id to 
resume the same 
subagent session 
(which continues with 
its previous messages 
and tool outputs). 
When starting fresh, 
your prompt should 
contain a highly 
detailed task 
description for the 
agent to perform 
autonomously and you 
should specify 
exactly what 
information the agent 
should return back to 
you in its final and 
only message to 
you.\n4. The agent's 
outputs should 
generally be 
trusted\n5. Clearly 
tell the agent 
whether you expect it 
to write code or just 
to do research 
(search, file reads, 
web fetches, etc.), 
since it is not aware 
of the user's intent. 
Tell it how to verify 
its work if possible 
(e.g., relevant test 
commands).\n6. If the 
agent description 
mentions that it 
should be used 
proactively, then you 
should try your best 
to use it without the 
user having to ask 
for it first. Use 
your 
judgement.\n\nExample 
usage (NOTE: The 
agents below are 
fictional examples 
for illustration only 
- use the actual 
agents listed above):\
n\n<example_agent_desc
riptions>\n\"code-revi
ewer\": use this 
agent after you are 
done writing a 
significant piece of c
ode\n\"greeting-respon
der\": use this agent 
when to respond to 
user greetings with a 
friendly joke\n</examp
le_agent_description>\
n\n<example>\nuser: 
\"Please write a 
function that checks 
if a number is 
prime\"\nassistant: 
Sure let me write a 
function that checks 
if a number is 
prime\nassistant: 
First let me use the 
Write tool to write a 
function that checks 
if a number is 
prime\nassistant: I'm 
going to use the 
Write tool to write 
the following code:\n<
code>\nfunction 
isPrime(n) {\n  if (n 
<= 1) return false\n  
for (let i = 2; i * i 
<= n; i++) {\n    if 
(n % i === 0) return 
false\n  }\n  return t
rue\n}\n</code>\n<comm
entary>\nSince a 
significant piece of 
code was written and 
the task was 
completed, now use 
the code-reviewer 
agent to review the co
de\n</commentary>\nass
istant: Now let me 
use the code-reviewer 
agent to review the 
code\nassistant: Uses 
the Task tool to 
launch the 
code-reviewer agent\n<
/example>\n\n<example>
\nuser: \"Hello\"\n<co
mmentary>\nSince the 
user is greeting, use 
the 
greeting-responder 
agent to respond with 
a friendly joke\n</com
mentary>\nassistant: 
\"I'm going to use 
the Task tool to 
launch the with the 
greeting-responder age
nt\"\n</example>\n","p
arameters":{"$schema":
"https://json-schema.o
rg/draft/2020-12/schem
a","type":"object","pr
operties":{"descriptio
n":{"description":"A 
short (3-5 words) 
description of the tas
k","type":"string"},"p
rompt":{"description":
"The task for the 
agent to perform","typ
e":"string"},"subagent
_type":{"description":
"The type of 
specialized agent to 
use for this task","ty
pe":"string"},"task_id
":{"description":"This
 should only be set 
if you mean to resume 
a previous task (you 
can pass a prior 
task_id and the task 
will continue the 
same subagent session 
as before instead of 
creating a fresh one)"
,"type":"string"},"com
mand":{"description":"
The command that 
triggered this task","
type":"string"}},"requ
ired":["description","
prompt","subagent_type
"],"additionalProperti
es":false},"strict":fa
lse},{"type":"function
","name":"webfetch","d
escription":"- 
Fetches content from 
a specified URL\n- 
Takes a URL and 
optional format as 
input\n- Fetches the 
URL content, converts 
to requested format 
(markdown by 
default)\n- Returns 
the content in the 
specified format\n- 
Use this tool when 
you need to retrieve 
and analyze web 
content\n\nUsage 
notes:\n  - 
IMPORTANT: if another 
tool is present that 
offers better web 
fetching 
capabilities, is more 
targeted to the task, 
or has fewer 
restrictions, prefer 
using that tool 
instead of this 
one.\n  - The URL 
must be a 
fully-formed valid 
URL\n  - HTTP URLs 
will be automatically 
upgraded to HTTPS\n  
- Format options: 
\"markdown\" 
(default), \"text\", 
or \"html\"\n  - This 
tool is read-only and 
does not modify any 
files\n  - Results 
may be summarized if 
the content is very la
rge\n","parameters":{"
$schema":"https://json
-schema.org/draft/2020
-12/schema","type":"ob
ject","properties":{"u
rl":{"description":"Th
e URL to fetch 
content from","type":"
string"},"format":{"de
scription":"The 
format to return the 
content in (text, 
markdown, or html). 
Defaults to markdown."
,"default":"markdown",
"type":"string","enum"
:["text","markdown","h
tml"]},"timeout":{"des
cription":"Optional 
timeout in seconds 
(max 120)","type":"num
ber"}},"required":["ur
l","format"],"addition
alProperties":false},"
strict":false},{"type"
:"function","name":"to
dowrite","description"
:"Use this tool to 
create and manage a 
structured task list 
for your current 
coding session. This 
helps you track 
progress, organize 
complex tasks, and 
demonstrate 
thoroughness to the 
user.\nIt also helps 
the user understand 
the progress of the 
task and overall 
progress of their 
requests.\n\n## When 
to Use This Tool\nUse 
this tool proactively 
in these 
scenarios:\n\n1. 
Complex multistep 
tasks - When a task 
requires 3 or more 
distinct steps or 
actions\n2. 
Non-trivial and 
complex tasks - Tasks 
that require careful 
planning or multiple 
operations\n3. User 
explicitly requests 
todo list - When the 
user directly asks 
you to use the todo 
list\n4. User 
provides multiple 
tasks - When users 
provide a list of 
things to be done 
(numbered or 
comma-separated)\n5. 
After receiving new 
instructions - 
Immediately capture 
user requirements as 
todos. Feel free to 
edit the todo list 
based on new 
information.\n6. 
After completing a 
task - Mark it 
complete and add any 
new follow-up 
tasks\n7. When you 
start working on a 
new task, mark the 
todo as in_progress. 
Ideally you should 
only have one todo as 
in_progress at a 
time. Complete 
existing tasks before 
starting new 
ones.\n\n## When NOT 
to Use This 
Tool\n\nSkip using 
this tool when:\n1. 
There is only a 
single, 
straightforward 
task\n2. The task is 
trivial and tracking 
it provides no 
organizational 
benefit\n3. The task 
can be completed in 
less than 3 trivial 
steps\n4. The task is 
purely conversational 
or 
informational\n\nNOTE 
that you should not 
use this tool if 
there is only one 
trivial task to do. 
In this case you are 
better off just doing 
the task 
directly.\n\n## 
Examples of When to 
Use the Todo List\n\n<
example>\nUser: I 
want to add a dark 
mode toggle to the 
application settings. 
Make sure you run the 
tests and build when 
you're 
done!\nAssistant: 
I'll help add a dark 
mode toggle to your 
application settings. 
Let me create a todo 
list to track this imp
lementation.\n*Creates
 todo list with the 
following items:*\n1. 
Create dark mode 
toggle component in 
Settings page\n2. Add 
dark mode state 
management 
(context/store)\n3. 
Implement CSS-in-JS 
styles for dark 
theme\n4. Update 
existing components 
to support theme 
switching\n5. Run 
tests and build 
process, addressing 
any failures or 
errors that 
occur\n*Begins 
working on the first t
ask*\n\n<reasoning>\nT
he assistant used the 
todo list 
because:\n1. Adding 
dark mode is a 
multi-step feature 
requiring UI, state 
management, and 
styling changes\n2. 
The user explicitly 
requested tests and 
build be run 
afterward\n3. The 
assistant inferred 
that tests and build 
need to pass by 
adding \"Ensure tests 
and build succeed\" 
as the final task\n</r
easoning>\n</example>\
n\n<example>\nUser: 
Help me rename the 
function getCwd to get
CurrentWorkingDirector
y across my 
project\nAssistant: 
Let me first search 
through your codebase 
to find all 
occurrences of 
'getCwd'.\n*Uses grep 
or search tools to 
locate all instances 
of getCwd in the 
codebase*\nAssistant: 
I've found 15 
instances of 'getCwd' 
across 8 different 
files. Let me create 
a todo list to track 
these 
changes.\n*Creates 
todo list with 
specific items for 
each file that needs u
pdating*\n\n<reasoning
>\nThe assistant used 
the todo list 
because:\n1. First, 
the assistant 
searched to 
understand the scope 
of the task\n2. Upon 
finding multiple 
occurrences across 
different files, it 
determined this was a 
complex task with 
multiple steps\n3. 
The todo list helps 
ensure every instance 
is tracked and 
updated 
systematically\n4. 
This approach 
prevents missing any 
occurrences and 
maintains code consist
ency\n</reasoning>\n</
example>\n\n\n<example
>\nUser: I need to 
implement these 
features for my 
e-commerce site: user 
registration, product 
catalog, shopping 
cart, and checkout 
flow.\nAssistant: 
I'll help implement 
these features. 
First, let's add all 
the features to the 
todo list.\n*Creates 
a todo list breaking 
down each feature 
into specific tasks 
based on the project a
rchitecture*\nAssistan
t: Let's start with 
user registration. 
This will involve 
creating database 
models, API 
endpoints, and 
frontend forms that 
integrate with your 
existing 
authentication system.
\n\n<reasoning>\nThe 
assistant used the 
todo list 
because:\n1. The user 
provided multiple 
complex features to 
implement in a comma 
separated list\n2. 
The todo list helps 
organize these large 
features into 
manageable tasks\n3. 
This approach allows 
for tracking progress 
across the entire impl
ementation\n</reasonin
g>\n</example>\n\n<exa
mple>\nUser: Can you 
help optimize my 
React application? 
It's rendering slowly 
and has performance is
sues.</user>\nAssistan
t: I'll help optimize 
your React 
application. First, 
let me examine your 
codebase to identify 
potential performance 
bottlenecks.\n*Reviews
 component structure, 
render patterns, 
state management, and 
data 
fetching*\nAssistant: 
After analyzing your 
codebase, I've 
identified several 
performance issues. 
Let me create a todo 
list to track our 
optimization 
efforts.\n*Creates 
todo list with items 
like: 1) Implement 
memoization for 
expensive 
calculations in 
ProductList, 2) Add 
virtualization for 
long lists in 
Dashboard, 3) 
Optimize image 
loading in Gallery 
component, 4) Fix 
state update loops in 
ShoppingCart, 5) 
Review bundle size 
and implement code 
splitting*\nLet's 
start by implementing 
memoization for the 
expensive 
calculations in your 
ProductList component.
</assistant>\n\n<reaso
ning>\nThe assistant 
used the todo list 
because:\n1. First, 
the assistant 
examined the codebase 
to identify specific 
performance 
issues\n2. Based on 
this analysis, it 
identified multiple 
optimization 
opportunities\n3. 
Performance 
optimization is a 
non-trivial task 
requiring multiple 
steps\n4. The todo 
list helps 
methodically track 
improvements across 
different 
components\n5. This 
systematic approach 
ensures all 
performance 
bottlenecks are addres
sed\n</reasoning>\n</e
xample>\n\n## 
Examples of When NOT 
to Use the Todo List\n
\n<example>\nUser: 
How do I print 'Hello 
World' in 
Python?\nAssistant: 
In Python, you can 
print \"Hello World\" 
with this simple code:
\n\npython\nprint(\"He
llo World\")\n\nThis 
will output the text 
\"Hello World\" to 
the console when execu
ted.</assistant>\n\n<r
easoning>\nThe 
assistant did not use 
the todo list because 
this is a single, 
trivial task that can 
be completed in one 
step. There's no need 
to track multiple 
tasks or steps for 
such a 
straightforward reques
t.\n</reasoning>\n</ex
ample>\n\n<example>\nU
ser: What does the 
git status command 
do?\nAssistant: The 
git status command 
shows the current 
state of your working 
directory and staging 
area. It displays 
which changes have 
been staged, which 
haven't, and which 
files aren't being 
tracked by Git. This 
is a fundamental 
command for 
understanding the 
current state of your 
repository before 
making commits.\n\n<re
asoning>\nThe 
assistant did not use 
the todo list because 
this is an 
informational request 
with no actual coding 
task to complete. The 
user is simply asking 
for an explanation, 
not for the assistant 
to perform multiple 
steps or tasks.\n</rea
soning>\n</example>\n\
n<example>\nUser: Can 
you add a comment to 
the calculateTotal 
function to explain 
what it 
does?\nAssistant: 
Sure, let me add a 
comment to the 
calculateTotal 
function to explain 
what it does.\n* Uses 
the Edit tool to add 
a comment to the 
calculateTotal 
function 
*\n\n<reasoning>\nThe 
assistant did not use 
the todo list because 
this is a single, 
straightforward task 
confined to one 
location in the code. 
Adding a comment 
doesn't require 
tracking multiple 
steps or systematic or
ganization.\n</reasoni
ng>\n</example>\n\n<ex
ample>\nUser: Run npm 
install for me and 
tell me what 
happens.\nAssistant: 
I'll run the npm 
install command for 
you.\n\n*Executes: 
npm install*\n\nThe 
command completed 
successfully. Here's 
the output:\n[Output 
of npm install 
command]\n\nAll 
dependencies have 
been installed 
according to your 
package.json file.\n\n
<reasoning>\nThe 
assistant did not use 
the todo list because 
this is a single 
command execution 
with immediate 
results. There are no 
multiple steps to 
track or organize, 
making the todo list 
unnecessary for this 
straightforward task.\
n</reasoning>\n</examp
le>\n\n## Task States 
and Management\n\n1. 
**Task States**: Use 
these states to track 
progress:\n   - 
pending: Task not yet 
started\n   - 
in_progress: 
Currently working on 
(limit to ONE task at 
a time)\n   - 
completed: Task 
finished 
successfully\n   - 
cancelled: Task no 
longer needed\n\n2. 
**Task 
Management**:\n   - 
Update task status in 
real-time as you 
work\n   - Mark tasks 
complete IMMEDIATELY 
after finishing 
(don't batch 
completions)\n   - 
Only have ONE task 
in_progress at any 
time\n   - Complete 
current tasks before 
starting new ones\n   
- Cancel tasks that 
become 
irrelevant\n\n3. 
**Task Breakdown**:\n 
  - Create specific, 
actionable items\n   
- Break complex tasks 
into smaller, 
manageable steps\n   
- Use clear, 
descriptive task 
names\n\nWhen in 
doubt, use this tool. 
Being proactive with 
task management 
demonstrates 
attentiveness and 
ensures you complete 
all requirements succe
ssfully.\n\n","paramet
ers":{"$schema":"https
://json-schema.org/dra
ft/2020-12/schema","ty
pe":"object","properti
es":{"todos":{"descrip
tion":"The updated 
todo list","type":"arr
ay","items":{"type":"o
bject","properties":{"
content":{"description
":"Brief description 
of the task","type":"s
tring"},"status":{"des
cription":"Current 
status of the task: 
pending, in_progress, 
completed, cancelled",
"type":"string"},"prio
rity":{"description":"
Priority level of the 
task: high, medium, lo
w","type":"string"}},"
required":["content","
status","priority"],"a
dditionalProperties":f
alse}}},"required":["t
odos"],"additionalProp
erties":false},"strict
":false},{"type":"func
tion","name":"skill","
description":"Load a 
specialized skill 
that provides 
domain-specific 
instructions and 
workflows. No skills 
are currently availabl
e.","parameters":{"$sc
hema":"https://json-sc
hema.org/draft/2020-12
/schema","type":"objec
t","properties":{"name
":{"description":"The 
name of the skill 
from available_skills"
,"type":"string"}},"re
quired":["name"],"addi
tionalProperties":fals
e},"strict":false}],"t
ool_choice":"auto","st
ream":true},"statusCod
e":404,"responseHeader
s":{"connection":"keep
-alive","content-lengt
h":"19","content-type"
:"text/plain; charset=
utf-8","date":"Sun, 
15 Mar 2026 08:17:11 G
MT","vary":"Origin","x
-content-type-options"
:"nosniff"},"responseB
ody":"404 page not fou
nd\n","isRetryable":fa
lse}} stream error
ERROR 
2026-03-15T08:17:12 
+1ms service=session.p
rocessor error=Not 
Found stack="AI_APICal
lError: Not Found\n   
 at <anonymous> (../..
/node_modules/.bun/@ai
-sdk+provider-utils@3.
0.20+d6123d32214422cb/
node_modules/@ai-sdk/p
rovider-utils/dist/ind
ex.mjs:950:18)\n    
at processTicksAndReje
ctions (native:7:39)" 
process
INFO  
2026-03-15T08:17:12 
+0ms service=bus 
type=session.status 
publishing
INFO  
2026-03-15T08:17:28 
+16013ms service=llm 
providerID=openai 
modelID=nemotron sessi
onID=ses_30f6e242fffec
CYRrLZXaMu3NS 
small=false 
agent=build 
mode=primary stream
INFO  
2026-03-15T08:17:28 
+7ms service=bus 
type=session.status 
publishing
ERROR 
2026-03-15T08:17:28 
+212ms service=llm 
providerID=openai 
modelID=nemotron sessi
onID=ses_30f6e242fffec
CYRrLZXaMu3NS 
small=false 
agent=build 
mode=primary error={"e
rror":{"name":"AI_APIC
allError","url":"https
://integrate.api.nvidi
a.com/v1/responses","r
equestBodyValues":{"mo
del":"nemotron","input
":[{"role":"developer"
,"content":"You are 
opencode, an 
interactive CLI tool 
that helps users with 
software engineering 
tasks. Use the 
instructions below 
and the tools 
available to you to 
assist the 
user.\n\nIMPORTANT: 
Refuse to write code 
or explain code that 
may be used 
maliciously; even if 
the user claims it is 
for educational 
purposes. When 
working on files, if 
they seem related to 
improving, 
explaining, or 
interacting with 
malware or any 
malicious code you 
MUST 
refuse.\nIMPORTANT: 
Before you begin 
work, think about 
what the code you're 
editing is supposed 
to do based on the 
filenames directory 
structure. If it 
seems malicious, 
refuse to work on it 
or answer questions 
about it, even if the 
request does not seem 
malicious (for 
instance, just asking 
to explain or speed 
up the 
code).\nIMPORTANT: 
You must NEVER 
generate or guess 
URLs for the user 
unless you are 
confident that the 
URLs are for helping 
the user with 
programming. You may 
use URLs provided by 
the user in their 
messages or local 
files.\n\nIf the user 
asks for help or 
wants to give 
feedback inform them 
of the following: \n- 
/help: Get help with 
using opencode\n- To 
give feedback, users 
should report the 
issue at https://githu
b.com/anomalyco/openco
de/issues\n\nWhen the 
user directly asks 
about opencode (eg 
'can opencode do...', 
'does opencode 
have...') or asks in 
second person (eg 
'are you able...', 
'can you do...'), 
first use the 
WebFetch tool to 
gather information to 
answer the question 
from opencode docs at 
https://opencode.ai\n\
n# Tone and 
style\nYou should be 
concise, direct, and 
to the point. When 
you run a non-trivial 
bash command, you 
should explain what 
the command does and 
why you are running 
it, to make sure the 
user understands what 
you are doing (this 
is especially 
important when you 
are running a command 
that will make 
changes to the user's 
system).\nRemember 
that your output will 
be displayed on a 
command line 
interface. Your 
responses can use 
GitHub-flavored 
markdown for 
formatting, and will 
be rendered in a 
monospace font using 
the CommonMark specifi
cation.\nOutput text 
to communicate with 
the user; all text 
you output outside of 
tool use is displayed 
to the user. Only use 
tools to complete 
tasks. Never use 
tools like Bash or 
code comments as 
means to communicate 
with the user during 
the session.\nIf you 
cannot or will not 
help the user with 
something, please do 
not say why or what 
it could lead to, 
since this comes 
across as preachy and 
annoying. Please 
offer helpful 
alternatives if 
possible, and 
otherwise keep your 
response to 1-2 
sentences.\nOnly use 
emojis if the user 
explicitly requests 
it. Avoid using 
emojis in all 
communication unless 
asked.\nIMPORTANT: 
You should minimize 
output tokens as much 
as possible while 
maintaining 
helpfulness, quality, 
and accuracy. Only 
address the specific 
query or task at 
hand, avoiding 
tangential 
information unless 
absolutely critical 
for completing the 
request. If you can 
answer in 1-3 
sentences or a short 
paragraph, please 
do.\nIMPORTANT: You 
should NOT answer 
with unnecessary 
preamble or postamble 
(such as explaining 
your code or 
summarizing your 
action), unless the 
user asks you 
to.\nIMPORTANT: Keep 
your responses short, 
since they will be 
displayed on a 
command line 
interface. You MUST 
answer concisely with 
fewer than 4 lines 
(not including tool 
use or code 
generation), unless 
user asks for detail. 
Answer the user's 
question directly, 
without elaboration, 
explanation, or 
details. One word 
answers are best. 
Avoid introductions, 
conclusions, and 
explanations. You 
MUST avoid text 
before/after your 
response, such as 
\"The answer is 
<answer>.\", \"Here 
is the content of the 
file...\" or \"Based 
on the information 
provided, the answer 
is...\" or \"Here is 
what I will do 
next...\". Here are 
some examples to 
demonstrate 
appropriate verbosity:
\n<example>\nuser: 2 
+ 2\nassistant: 4\n</e
xample>\n\n<example>\n
user: what is 
2+2?\nassistant: 4\n</
example>\n\n<example>\
nuser: is 11 a prime 
number?\nassistant: Ye
s\n</example>\n\n<exam
ple>\nuser: what 
command should I run 
to list files in the 
current directory?\nas
sistant: ls\n</example
>\n\n<example>\nuser: 
what command should I 
run to watch files in 
the current directory?
\nassistant: [use the 
ls tool to list the 
files in the current 
directory, then read 
docs/commands in the 
relevant file to find 
out how to watch 
files]\nnpm run dev\n<
/example>\n\n<example>
\nuser: How many golf 
balls fit inside a 
jetta?\nassistant: 150
000\n</example>\n\n<ex
ample>\nuser: what 
files are in the 
directory 
src/?\nassistant: 
[runs ls and sees 
foo.c, bar.c, 
baz.c]\nuser: which 
file contains the 
implementation of 
foo?\nassistant: src/f
oo.c\n</example>\n\n<e
xample>\nuser: write 
tests for new 
feature\nassistant: 
[uses grep and glob 
search tools to find 
where similar tests 
are defined, uses 
concurrent read file 
tool use blocks in 
one tool call to read 
relevant files at the 
same time, uses edit 
file tool to write 
new tests]\n</example>
\n\n# 
Proactiveness\nYou 
are allowed to be 
proactive, but only 
when the user asks 
you to do something. 
You should strive to 
strike a balance 
between:\n1. Doing 
the right thing when 
asked, including 
taking actions and 
follow-up actions\n2. 
Not surprising the 
user with actions you 
take without 
asking\nFor example, 
if the user asks you 
how to approach 
something, you should 
do your best to 
answer their question 
first, and not 
immediately jump into 
taking actions.\n3. 
Do not add additional 
code explanation 
summary unless 
requested by the 
user. After working 
on a file, just stop, 
rather than providing 
an explanation of 
what you did.\n\n# 
Following 
conventions\nWhen 
making changes to 
files, first 
understand the file's 
code conventions. 
Mimic code style, use 
existing libraries 
and utilities, and 
follow existing 
patterns.\n- NEVER 
assume that a given 
library is available, 
even if it is well 
known. Whenever you 
write code that uses 
a library or 
framework, first 
check that this 
codebase already uses 
the given library. 
For example, you 
might look at 
neighboring files, or 
check the 
package.json (or 
cargo.toml, and so on 
depending on the 
language).\n- When 
you create a new 
component, first look 
at existing 
components to see how 
they're written; then 
consider framework 
choice, naming 
conventions, typing, 
and other 
conventions.\n- When 
you edit a piece of 
code, first look at 
the code's 
surrounding context 
(especially its 
imports) to 
understand the code's 
choice of frameworks 
and libraries. Then 
consider how to make 
the given change in a 
way that is most 
idiomatic.\n- Always 
follow security best 
practices. Never 
introduce code that 
exposes or logs 
secrets and keys. 
Never commit secrets 
or keys to the 
repository.\n\n# Code 
style\n- IMPORTANT: 
DO NOT ADD ***ANY*** 
COMMENTS unless 
asked\n\n# Doing 
tasks\nThe user will 
primarily request you 
perform software 
engineering tasks. 
This includes solving 
bugs, adding new 
functionality, 
refactoring code, 
explaining code, and 
more. For these tasks 
the following steps 
are recommended:\n- 
Use the available 
search tools to 
understand the 
codebase and the 
user's query. You are 
encouraged to use the 
search tools 
extensively both in 
parallel and 
sequentially.\n- 
Implement the 
solution using all 
tools available to 
you\n- Verify the 
solution if possible 
with tests. NEVER 
assume specific test 
framework or test 
script. Check the 
README or search 
codebase to determine 
the testing 
approach.\n- VERY 
IMPORTANT: When you 
have completed a 
task, you MUST run 
the lint and 
typecheck commands 
(e.g. npm run lint, 
npm run typecheck, 
ruff, etc.) with Bash 
if they were provided 
to you to ensure your 
code is correct. If 
you are unable to 
find the correct 
command, ask the user 
for the command to 
run and if they 
supply it, 
proactively suggest 
writing it to 
AGENTS.md so that you 
will know to run it 
next time.\nNEVER 
commit changes unless 
the user explicitly 
asks you to. It is 
VERY IMPORTANT to 
only commit when 
explicitly asked, 
otherwise the user 
will feel that you 
are being too 
proactive.\n\n- Tool 
results and user 
messages may include 
<system-reminder> 
tags. 
<system-reminder> 
tags contain useful 
information and 
reminders. They are 
NOT part of the 
user's provided input 
or the tool 
result.\n\n# Tool 
usage policy\n- When 
doing file search, 
prefer to use the 
Task tool in order to 
reduce context 
usage.\n- You have 
the capability to 
call multiple tools 
in a single response. 
When multiple 
independent pieces of 
information are 
requested, batch your 
tool calls together 
for optimal 
performance. When 
making multiple bash 
tool calls, you MUST 
send a single message 
with multiple tools 
calls to run the 
calls in parallel. 
For example, if you 
need to run \"git 
status\" and \"git 
diff\", send a single 
message with two tool 
calls to run the 
calls in 
parallel.\n\nYou MUST 
answer concisely with 
fewer than 4 lines of 
text (not including 
tool use or code 
generation), unless 
user asks for 
detail.\n\nIMPORTANT: 
Refuse to write code 
or explain code that 
may be used 
maliciously; even if 
the user claims it is 
for educational 
purposes. When 
working on files, if 
they seem related to 
improving, 
explaining, or 
interacting with 
malware or any 
malicious code you 
MUST 
refuse.\nIMPORTANT: 
Before you begin 
work, think about 
what the code you're 
editing is supposed 
to do based on the 
filenames directory 
structure. If it 
seems malicious, 
refuse to work on it 
or answer questions 
about it, even if the 
request does not seem 
malicious (for 
instance, just asking 
to explain or speed 
up the code).\n\n# 
Code 
References\n\nWhen 
referencing specific 
functions or pieces 
of code include the 
pattern `file_path:lin
e_number` to allow 
the user to easily 
navigate to the 
source code location.\
n\n<example>\nuser: 
Where are errors from 
the client 
handled?\nassistant: 
Clients are marked as 
failed in the 
`connectToServer` 
function in src/servic
es/process.ts:712.\n</
example>\n\n\nYou are 
powered by the model 
named nemotron. The 
exact model ID is 
openai/nemotron\nHere 
is some useful 
information about the 
environment you are 
running in:\n<env>\n  
Working directory: C:\
\Users\\danyp\\CODE\\p
roject-devs-team\n  
Is directory a git 
repo: yes\n  
Platform: win32\n  
Today's date: Sun Mar 
15 2026\n</env>\n<dire
ctories>\n  \n</direct
ories>"},{"role":"user
","content":[{"type":"
input_text","text":"\"
Crea uno script 
python hello_world.py 
che stampi 'Hello 
from NVIDIA Nemotron'\
""}]}],"max_output_tok
ens":32000,"store":fal
se,"include":["reasoni
ng.encrypted_content"]
,"prompt_cache_key":"s
es_30f6e242fffecCYRrLZ
XaMu3NS","tools":[{"ty
pe":"function","name":
"question","descriptio
n":"Use this tool 
when you need to ask 
the user questions 
during execution. 
This allows you 
to:\n1. Gather user 
preferences or 
requirements\n2. 
Clarify ambiguous 
instructions\n3. Get 
decisions on 
implementation 
choices as you 
work\n4. Offer 
choices to the user 
about what direction 
to take.\n\nUsage 
notes:\n- When 
`custom` is enabled 
(default), a \"Type 
your own answer\" 
option is added 
automatically; don't 
include \"Other\" or 
catch-all options\n- 
Answers are returned 
as arrays of labels; 
set `multiple: true` 
to allow selecting 
more than one\n- If 
you recommend a 
specific option, make 
that the first option 
in the list and add 
\"(Recommended)\" at 
the end of the label\n
","parameters":{"$sche
ma":"https://json-sche
ma.org/draft/2020-12/s
chema","type":"object"
,"properties":{"questi
ons":{"description":"Q
uestions to ask","type
":"array","items":{"ty
pe":"object","properti
es":{"question":{"desc
ription":"Complete que
stion","type":"string"
},"header":{"descripti
on":"Very short label 
(max 30 chars)","type"
:"string"},"options":{
"description":"Availab
le choices","type":"ar
ray","items":{"ref":"Q
uestionOption","type":
"object","properties":
{"label":{"description
":"Display text (1-5 
words, concise)","type
":"string"},"descripti
on":{"description":"Ex
planation of choice","
type":"string"}},"requ
ired":["label","descri
ption"],"additionalPro
perties":false}},"mult
iple":{"description":"
Allow selecting 
multiple choices","typ
e":"boolean"}},"requir
ed":["question","heade
r","options"],"additio
nalProperties":false}}
},"required":["questio
ns"],"additionalProper
ties":false},"strict":
false},{"type":"functi
on","name":"bash","des
cription":"Executes a 
given bash command in 
a persistent shell 
session with optional 
timeout, ensuring 
proper handling and 
security 
measures.\n\nAll 
commands run in C:\\Us
ers\\danyp\\CODE\\proj
ect-devs-team by 
default. Use the 
`workdir` parameter 
if you need to run a 
command in a 
different directory. 
AVOID using `cd 
<directory> && 
<command>` patterns - 
use `workdir` instead.
\n\nIMPORTANT: This 
tool is for terminal 
operations like git, 
npm, docker, etc. DO 
NOT use it for file 
operations (reading, 
writing, editing, 
searching, finding 
files) - use the 
specialized tools for 
this 
instead.\n\nBefore 
executing the 
command, please 
follow these 
steps:\n\n1. 
Directory 
Verification:\n   - 
If the command will 
create new 
directories or files, 
first use `ls` to 
verify the parent 
directory exists and 
is the correct 
location\n   - For 
example, before 
running \"mkdir 
foo/bar\", first use 
`ls foo` to check 
that \"foo\" exists 
and is the intended 
parent 
directory\n\n2. 
Command Execution:\n  
 - Always quote file 
paths that contain 
spaces with double 
quotes (e.g., rm 
\"path with 
spaces/file.txt\")\n  
 - Examples of proper 
quoting:\n     - 
mkdir 
\"/Users/name/My 
Documents\" 
(correct)\n     - 
mkdir /Users/name/My 
Documents (incorrect 
- will fail)\n     - 
python \"/path/with 
spaces/script.py\" 
(correct)\n     - 
python /path/with 
spaces/script.py 
(incorrect - will 
fail)\n   - After 
ensuring proper 
quoting, execute the 
command.\n   - 
Capture the output of 
the command.\n\nUsage 
notes:\n  - The 
command argument is 
required.\n  - You 
can specify an 
optional timeout in 
milliseconds. If not 
specified, commands 
will time out after 
120000ms (2 
minutes).\n  - It is 
very helpful if you 
write a clear, 
concise description 
of what this command 
does in 5-10 words.\n 
 - If the output 
exceeds 2000 lines or 
51200 bytes, it will 
be truncated and the 
full output will be 
written to a file. 
You can use Read with 
offset/limit to read 
specific sections or 
Grep to search the 
full content. Because 
of this, you do NOT 
need to use `head`, 
`tail`, or other 
truncation commands 
to limit output - 
just run the command 
directly.\n\n  - 
Avoid using Bash with 
the `find`, `grep`, 
`cat`, `head`, 
`tail`, `sed`, `awk`, 
or `echo` commands, 
unless explicitly 
instructed or when 
these commands are 
truly necessary for 
the task. Instead, 
always prefer using 
the dedicated tools 
for these commands:\n 
   - File search: Use 
Glob (NOT find or 
ls)\n    - Content 
search: Use Grep (NOT 
grep or rg)\n    - 
Read files: Use Read 
(NOT cat/head/tail)\n 
   - Edit files: Use 
Edit (NOT sed/awk)\n  
  - Write files: Use 
Write (NOT echo >/cat 
<<EOF)\n    - 
Communication: Output 
text directly (NOT 
echo/printf)\n  - 
When issuing multiple 
commands:\n    - If 
the commands are 
independent and can 
run in parallel, make 
multiple Bash tool 
calls in a single 
message. For example, 
if you need to run 
\"git status\" and 
\"git diff\", send a 
single message with 
two Bash tool calls 
in parallel.\n    - 
If the commands 
depend on each other 
and must run 
sequentially, use a 
single Bash call with 
'&&' to chain them 
together (e.g., `git 
add . && git commit 
-m \"message\" && git 
push`). For instance, 
if one operation must 
complete before 
another starts (like 
mkdir before cp, 
Write before Bash for 
git operations, or 
git add before git 
commit), run these 
operations 
sequentially 
instead.\n    - Use 
';' only when you 
need to run commands 
sequentially but 
don't care if earlier 
commands fail\n    - 
DO NOT use newlines 
to separate commands 
(newlines are ok in 
quoted strings)\n  - 
AVOID using `cd 
<directory> && 
<command>`. Use the 
`workdir` parameter 
to change directories 
instead.\n    
<good-example>\n    
Use 
workdir=\"/foo/bar\" 
with command: pytest 
tests\n    
</good-example>\n    
<bad-example>\n    cd 
/foo/bar && pytest 
tests\n    
</bad-example>\n\n# 
Committing changes 
with git\n\nOnly 
create commits when 
requested by the 
user. If unclear, ask 
first. When the user 
asks you to create a 
new git commit, 
follow these steps 
carefully:\n\nGit 
Safety Protocol:\n- 
NEVER update the git 
config\n- NEVER run de
structive/irreversible
 git commands (like 
push --force, hard 
reset, etc) unless 
the user explicitly 
requests them\n- 
NEVER skip hooks 
(--no-verify, 
--no-gpg-sign, etc) 
unless the user 
explicitly requests 
it\n- NEVER run force 
push to main/master, 
warn the user if they 
request it\n- Avoid 
git commit --amend. 
ONLY use --amend when 
ALL conditions are 
met:\n  (1) User 
explicitly requested 
amend, OR commit 
SUCCEEDED but 
pre-commit hook 
auto-modified files 
that need including\n 
 (2) HEAD commit was 
created by you in 
this conversation 
(verify: git log -1 
--format='%an %ae')\n 
 (3) Commit has NOT 
been pushed to remote 
(verify: git status 
shows \"Your branch 
is ahead\")\n- 
CRITICAL: If commit 
FAILED or was 
REJECTED by hook, 
NEVER amend - fix the 
issue and create a 
NEW commit\n- 
CRITICAL: If you 
already pushed to 
remote, NEVER amend 
unless user 
explicitly requests 
it (requires force 
push)\n- NEVER commit 
changes unless the 
user explicitly asks 
you to. It is VERY 
IMPORTANT to only 
commit when 
explicitly asked, 
otherwise the user 
will feel that you 
are being too 
proactive.\n\n1. You 
can call multiple 
tools in a single 
response. When 
multiple independent 
pieces of information 
are requested and all 
commands are likely 
to succeed, run 
multiple tool calls 
in parallel for 
optimal performance. 
run the following 
bash commands in 
parallel, each using 
the Bash tool:\n  - 
Run a git status 
command to see all 
untracked files.\n  - 
Run a git diff 
command to see both 
staged and unstaged 
changes that will be 
committed.\n  - Run a 
git log command to 
see recent commit 
messages, so that you 
can follow this 
repository's commit 
message style.\n2. 
Analyze all staged 
changes (both 
previously staged and 
newly added) and 
draft a commit 
message:\n  - 
Summarize the nature 
of the changes (eg. 
new feature, 
enhancement to an 
existing feature, bug 
fix, refactoring, 
test, docs, etc.). 
Ensure the message 
accurately reflects 
the changes and their 
purpose (i.e. \"add\" 
means a wholly new 
feature, \"update\" 
means an enhancement 
to an existing 
feature, \"fix\" 
means a bug fix, 
etc.).\n  - Do not 
commit files that 
likely contain 
secrets (.env, 
credentials.json, 
etc.). Warn the user 
if they specifically 
request to commit 
those files\n  - 
Draft a concise (1-2 
sentences) commit 
message that focuses 
on the \"why\" rather 
than the \"what\"\n  
- Ensure it 
accurately reflects 
the changes and their 
purpose\n3. You can 
call multiple tools 
in a single response. 
When multiple 
independent pieces of 
information are 
requested and all 
commands are likely 
to succeed, run 
multiple tool calls 
in parallel for 
optimal performance. 
run the following 
commands:\n   - Add 
relevant untracked 
files to the staging 
area.\n   - Create 
the commit with a 
message\n   - Run git 
status after the 
commit completes to 
verify success.\n   
Note: git status 
depends on the commit 
completing, so run it 
sequentially after 
the commit.\n4. If 
the commit fails due 
to pre-commit hook, 
fix the issue and 
create a NEW commit 
(see amend rules 
above)\n\nImportant 
notes:\n- NEVER run 
additional commands 
to read or explore 
code, besides git 
bash commands\n- 
NEVER use the 
TodoWrite or Task 
tools\n- DO NOT push 
to the remote 
repository unless the 
user explicitly asks 
you to do so\n- 
IMPORTANT: Never use 
git commands with the 
-i flag (like git 
rebase -i or git add 
-i) since they 
require interactive 
input which is not 
supported.\n- If 
there are no changes 
to commit (i.e., no 
untracked files and 
no modifications), do 
not create an empty 
commit\n\n# Creating 
pull requests\nUse 
the gh command via 
the Bash tool for ALL 
GitHub-related tasks 
including working 
with issues, pull 
requests, checks, and 
releases. If given a 
GitHub URL use the gh 
command to get the 
information 
needed.\n\nIMPORTANT: 
When the user asks 
you to create a pull 
request, follow these 
steps 
carefully:\n\n1. You 
can call multiple 
tools in a single 
response. When 
multiple independent 
pieces of information 
are requested and all 
commands are likely 
to succeed, run 
multiple tool calls 
in parallel for 
optimal performance. 
run the following 
bash commands in 
parallel using the 
Bash tool, in order 
to understand the 
current state of the 
branch since it 
diverged from the 
main branch:\n   - 
Run a git status 
command to see all 
untracked files\n   - 
Run a git diff 
command to see both 
staged and unstaged 
changes that will be 
committed\n   - Check 
if the current branch 
tracks a remote 
branch and is up to 
date with the remote, 
so you know if you 
need to push to the 
remote\n   - Run a 
git log command and 
`git diff 
[base-branch]...HEAD` 
to understand the 
full commit history 
for the current 
branch (from the time 
it diverged from the 
base branch)\n2. 
Analyze all changes 
that will be included 
in the pull request, 
making sure to look 
at all relevant 
commits (NOT just the 
latest commit, but 
ALL commits that will 
be included in the 
pull request!!!), and 
draft a pull request 
summary\n3. You can 
call multiple tools 
in a single response. 
When multiple 
independent pieces of 
information are 
requested and all 
commands are likely 
to succeed, run 
multiple tool calls 
in parallel for 
optimal performance. 
run the following 
commands in 
parallel:\n   - 
Create new branch if 
needed\n   - Push to 
remote with -u flag 
if needed\n   - 
Create PR using gh pr 
create with the 
format below. Use a 
HEREDOC to pass the 
body to ensure 
correct formatting.\n<
example>\ngh pr 
create --title \"the 
pr title\" --body 
\"$(cat <<'EOF'\n## 
Summary\n<1-3 bullet p
oints>\n</example>\n\n
Important:\n- DO NOT 
use the TodoWrite or 
Task tools\n- Return 
the PR URL when 
you're done, so the 
user can see it\n\n# 
Other common 
operations\n- View 
comments on a GitHub 
PR: gh api repos/foo/b
ar/pulls/123/comments\
n","parameters":{"$sch
ema":"https://json-sch
ema.org/draft/2020-12/
schema","type":"object
","properties":{"comma
nd":{"description":"Th
e command to execute",
"type":"string"},"time
out":{"description":"O
ptional timeout in mil
liseconds","type":"num
ber"},"workdir":{"desc
ription":"The working 
directory to run the 
command in. Defaults 
to C:\\Users\\danyp\\C
ODE\\project-devs-team
. Use this instead of 
'cd' commands.","type"
:"string"},"descriptio
n":{"description":"Cle
ar, concise 
description of what 
this command does in 
5-10 words. 
Examples:\nInput: 
ls\nOutput: Lists 
files in current 
directory\n\nInput: 
git status\nOutput: 
Shows working tree 
status\n\nInput: npm 
install\nOutput: 
Installs package depen
dencies\n\nInput: 
mkdir foo\nOutput: 
Creates directory 'foo
'","type":"string"}},"
required":["command","
description"],"additio
nalProperties":false},
"strict":false},{"type
":"function","name":"r
ead","description":"Re
ad a file or 
directory from the 
local filesystem. If 
the path does not 
exist, an error is ret
urned.\n\nUsage:\n- 
The filePath 
parameter should be 
an absolute path.\n- 
By default, this tool 
returns up to 2000 
lines from the start 
of the file.\n- The 
offset parameter is 
the line number to 
start from 
(1-indexed).\n- To 
read later sections, 
call this tool again 
with a larger 
offset.\n- Use the 
grep tool to find 
specific content in 
large files or files 
with long lines.\n- 
If you are unsure of 
the correct file 
path, use the glob 
tool to look up 
filenames by glob 
pattern.\n- Contents 
are returned with 
each line prefixed by 
its line number as 
`<line>: <content>`. 
For example, if a 
file has contents 
\"foo\\n\", you will 
receive \"1: 
foo\\n\". For 
directories, entries 
are returned one per 
line (without line 
numbers) with a 
trailing `/` for 
subdirectories.\n- 
Any line longer than 
2000 characters is 
truncated.\n- Call 
this tool in parallel 
when you know there 
are multiple files 
you want to read.\n- 
Avoid tiny repeated 
slices (30 line 
chunks). If you need 
more context, read a 
larger window.\n- 
This tool can read 
image files and PDFs 
and return them as 
file attachments.\n","
parameters":{"$schema"
:"https://json-schema.
org/draft/2020-12/sche
ma","type":"object","p
roperties":{"filePath"
:{"description":"The 
absolute path to the 
file or directory to r
ead","type":"string"},
"offset":{"description
":"The line number to 
start reading from (1-
indexed)","type":"numb
er"},"limit":{"descrip
tion":"The maximum 
number of lines to 
read (defaults to 2000
)","type":"number"}},"
required":["filePath"]
,"additionalProperties
":false},"strict":fals
e},{"type":"function",
"name":"glob","descrip
tion":"- Fast file 
pattern matching tool 
that works with any 
codebase size\n- 
Supports glob 
patterns like 
\"**/*.js\" or 
\"src/**/*.ts\"\n- 
Returns matching file 
paths sorted by 
modification time\n- 
Use this tool when 
you need to find 
files by name 
patterns\n- When you 
are doing an 
open-ended search 
that may require 
multiple rounds of 
globbing and 
grepping, use the 
Task tool instead\n- 
You have the 
capability to call 
multiple tools in a 
single response. It 
is always better to 
speculatively perform 
multiple searches as 
a batch that are 
potentially useful.\n"
,"parameters":{"$schem
a":"https://json-schem
a.org/draft/2020-12/sc
hema","type":"object",
"properties":{"pattern
":{"description":"The 
glob pattern to match 
files against","type":
"string"},"path":{"des
cription":"The 
directory to search 
in. If not specified, 
the current working 
directory will be 
used. IMPORTANT: Omit 
this field to use the 
default directory. DO 
NOT enter 
\"undefined\" or 
\"null\" - simply 
omit it for the 
default behavior. 
Must be a valid 
directory path if prov
ided.","type":"string"
}},"required":["patter
n"],"additionalPropert
ies":false},"strict":f
alse},{"type":"functio
n","name":"grep","desc
ription":"- Fast 
content search tool 
that works with any 
codebase size\n- 
Searches file 
contents using 
regular 
expressions\n- 
Supports full regex 
syntax (eg. 
\"log.*Error\", 
\"function\\s+\\w+\", 
etc.)\n- Filter files 
by pattern with the 
include parameter 
(eg. \"*.js\", 
\"*.{ts,tsx}\")\n- 
Returns file paths 
and line numbers with 
at least one match 
sorted by 
modification time\n- 
Use this tool when 
you need to find 
files containing 
specific patterns\n- 
If you need to 
identify/count the 
number of matches 
within files, use the 
Bash tool with `rg` 
(ripgrep) directly. 
Do NOT use `grep`.\n- 
When you are doing an 
open-ended search 
that may require 
multiple rounds of 
globbing and 
grepping, use the 
Task tool instead\n","
parameters":{"$schema"
:"https://json-schema.
org/draft/2020-12/sche
ma","type":"object","p
roperties":{"pattern":
{"description":"The 
regex pattern to 
search for in file con
tents","type":"string"
},"path":{"description
":"The directory to 
search in. Defaults 
to the current 
working directory.","t
ype":"string"},"includ
e":{"description":"Fil
e pattern to include 
in the search (e.g. 
\"*.js\", \"*.{ts,tsx}
\")","type":"string"}}
,"required":["pattern"
],"additionalPropertie
s":false},"strict":fal
se},{"type":"function"
,"name":"edit","descri
ption":"Performs 
exact string 
replacements in 
files. \n\nUsage:\n- 
You must use your 
`Read` tool at least 
once in the 
conversation before 
editing. This tool 
will error if you 
attempt an edit 
without reading the 
file. \n- When 
editing text from 
Read tool output, 
ensure you preserve 
the exact indentation 
(tabs/spaces) as it 
appears AFTER the 
line number prefix. 
The line number 
prefix format is: 
line number + colon + 
space (e.g., `1: `). 
Everything after that 
space is the actual 
file content to 
match. Never include 
any part of the line 
number prefix in the 
oldString or 
newString.\n- ALWAYS 
prefer editing 
existing files in the 
codebase. NEVER write 
new files unless 
explicitly 
required.\n- Only use 
emojis if the user 
explicitly requests 
it. Avoid adding 
emojis to files 
unless asked.\n- The 
edit will FAIL if 
`oldString` is not 
found in the file 
with an error 
\"oldString not found 
in content\".\n- The 
edit will FAIL if 
`oldString` is found 
multiple times in the 
file with an error 
\"Found multiple 
matches for 
oldString. Provide 
more surrounding 
lines in oldString to 
identify the correct 
match.\" Either 
provide a larger 
string with more 
surrounding context 
to make it unique or 
use `replaceAll` to 
change every instance 
of `oldString`. \n- 
Use `replaceAll` for 
replacing and 
renaming strings 
across the file. This 
parameter is useful 
if you want to rename 
a variable for instanc
e.\n","parameters":{"$
schema":"https://json-
schema.org/draft/2020-
12/schema","type":"obj
ect","properties":{"fi
lePath":{"description"
:"The absolute path 
to the file to modify"
,"type":"string"},"old
String":{"description"
:"The text to replace"
,"type":"string"},"new
String":{"description"
:"The text to replace 
it with (must be 
different from oldStri
ng)","type":"string"},
"replaceAll":{"descrip
tion":"Replace all 
occurrences of 
oldString (default fal
se)","type":"boolean"}
},"required":["filePat
h","oldString","newStr
ing"],"additionalPrope
rties":false},"strict"
:false},{"type":"funct
ion","name":"write","d
escription":"Writes a 
file to the local file
system.\n\nUsage:\n- 
This tool will 
overwrite the 
existing file if 
there is one at the 
provided path.\n- If 
this is an existing 
file, you MUST use 
the Read tool first 
to read the file's 
contents. This tool 
will fail if you did 
not read the file 
first.\n- ALWAYS 
prefer editing 
existing files in the 
codebase. NEVER write 
new files unless 
explicitly 
required.\n- NEVER 
proactively create 
documentation files 
(*.md) or README 
files. Only create 
documentation files 
if explicitly 
requested by the 
User.\n- Only use 
emojis if the user 
explicitly requests 
it. Avoid writing 
emojis to files 
unless asked.\n","para
meters":{"$schema":"ht
tps://json-schema.org/
draft/2020-12/schema",
"type":"object","prope
rties":{"content":{"de
scription":"The 
content to write to 
the file","type":"stri
ng"},"filePath":{"desc
ription":"The 
absolute path to the 
file to write (must 
be absolute, not relat
ive)","type":"string"}
},"required":["content
","filePath"],"additio
nalProperties":false},
"strict":false},{"type
":"function","name":"t
ask","description":"La
unch a new agent to 
handle complex, 
multistep tasks autono
mously.\n\nAvailable 
agent types and the 
tools they have 
access to:\n- 
general: 
General-purpose agent 
for researching 
complex questions and 
executing multi-step 
tasks. Use this agent 
to execute multiple 
units of work in 
parallel.\n- explore: 
Fast agent 
specialized for 
exploring codebases. 
Use this when you 
need to quickly find 
files by patterns 
(eg. \"src/components/
**/*.tsx\"), search 
code for keywords 
(eg. \"API 
endpoints\"), or 
answer questions 
about the codebase 
(eg. \"how do API 
endpoints work?\"). 
When calling this 
agent, specify the 
desired thoroughness 
level: \"quick\" for 
basic searches, 
\"medium\" for 
moderate exploration, 
or \"very thorough\" 
for comprehensive 
analysis across 
multiple locations 
and naming 
conventions.\n\nWhen 
using the Task tool, 
you must specify a 
subagent_type 
parameter to select 
which agent type to 
use.\n\nWhen to use 
the Task tool:\n- 
When you are 
instructed to execute 
custom slash 
commands. Use the 
Task tool with the 
slash command 
invocation as the 
entire prompt. The 
slash command can 
take arguments. For 
example: Task(descript
ion=\"Check the 
file\", 
prompt=\"/check-file p
ath/to/file.py\")\n\nW
hen NOT to use the 
Task tool:\n- If you 
want to read a 
specific file path, 
use the Read or Glob 
tool instead of the 
Task tool, to find 
the match more 
quickly\n- If you are 
searching for a 
specific class 
definition like 
\"class Foo\", use 
the Glob tool 
instead, to find the 
match more quickly\n- 
If you are searching 
for code within a 
specific file or set 
of 2-3 files, use the 
Read tool instead of 
the Task tool, to 
find the match more 
quickly\n- Other 
tasks that are not 
related to the agent 
descriptions 
above\n\n\nUsage 
notes:\n1. Launch 
multiple agents 
concurrently whenever 
possible, to maximize 
performance; to do 
that, use a single 
message with multiple 
tool uses\n2. When 
the agent is done, it 
will return a single 
message back to you. 
The result returned 
by the agent is not 
visible to the user. 
To show the user the 
result, you should 
send a text message 
back to the user with 
a concise summary of 
the result. The 
output includes a 
task_id you can reuse 
later to continue the 
same subagent 
session.\n3. Each 
agent invocation 
starts with a fresh 
context unless you 
provide task_id to 
resume the same 
subagent session 
(which continues with 
its previous messages 
and tool outputs). 
When starting fresh, 
your prompt should 
contain a highly 
detailed task 
description for the 
agent to perform 
autonomously and you 
should specify 
exactly what 
information the agent 
should return back to 
you in its final and 
only message to 
you.\n4. The agent's 
outputs should 
generally be 
trusted\n5. Clearly 
tell the agent 
whether you expect it 
to write code or just 
to do research 
(search, file reads, 
web fetches, etc.), 
since it is not aware 
of the user's intent. 
Tell it how to verify 
its work if possible 
(e.g., relevant test 
commands).\n6. If the 
agent description 
mentions that it 
should be used 
proactively, then you 
should try your best 
to use it without the 
user having to ask 
for it first. Use 
your 
judgement.\n\nExample 
usage (NOTE: The 
agents below are 
fictional examples 
for illustration only 
- use the actual 
agents listed above):\
n\n<example_agent_desc
riptions>\n\"code-revi
ewer\": use this 
agent after you are 
done writing a 
significant piece of c
ode\n\"greeting-respon
der\": use this agent 
when to respond to 
user greetings with a 
friendly joke\n</examp
le_agent_description>\
n\n<example>\nuser: 
\"Please write a 
function that checks 
if a number is 
prime\"\nassistant: 
Sure let me write a 
function that checks 
if a number is 
prime\nassistant: 
First let me use the 
Write tool to write a 
function that checks 
if a number is 
prime\nassistant: I'm 
going to use the 
Write tool to write 
the following code:\n<
code>\nfunction 
isPrime(n) {\n  if (n 
<= 1) return false\n  
for (let i = 2; i * i 
<= n; i++) {\n    if 
(n % i === 0) return 
false\n  }\n  return t
rue\n}\n</code>\n<comm
entary>\nSince a 
significant piece of 
code was written and 
the task was 
completed, now use 
the code-reviewer 
agent to review the co
de\n</commentary>\nass
istant: Now let me 
use the code-reviewer 
agent to review the 
code\nassistant: Uses 
the Task tool to 
launch the 
code-reviewer agent\n<
/example>\n\n<example>
\nuser: \"Hello\"\n<co
mmentary>\nSince the 
user is greeting, use 
the 
greeting-responder 
agent to respond with 
a friendly joke\n</com
mentary>\nassistant: 
\"I'm going to use 
the Task tool to 
launch the with the 
greeting-responder age
nt\"\n</example>\n","p
arameters":{"$schema":
"https://json-schema.o
rg/draft/2020-12/schem
a","type":"object","pr
operties":{"descriptio
n":{"description":"A 
short (3-5 words) 
description of the tas
k","type":"string"},"p
rompt":{"description":
"The task for the 
agent to perform","typ
e":"string"},"subagent
_type":{"description":
"The type of 
specialized agent to 
use for this task","ty
pe":"string"},"task_id
":{"description":"This
 should only be set 
if you mean to resume 
a previous task (you 
can pass a prior 
task_id and the task 
will continue the 
same subagent session 
as before instead of 
creating a fresh one)"
,"type":"string"},"com
mand":{"description":"
The command that 
triggered this task","
type":"string"}},"requ
ired":["description","
prompt","subagent_type
"],"additionalProperti
es":false},"strict":fa
lse},{"type":"function
","name":"webfetch","d
escription":"- 
Fetches content from 
a specified URL\n- 
Takes a URL and 
optional format as 
input\n- Fetches the 
URL content, converts 
to requested format 
(markdown by 
default)\n- Returns 
the content in the 
specified format\n- 
Use this tool when 
you need to retrieve 
and analyze web 
content\n\nUsage 
notes:\n  - 
IMPORTANT: if another 
tool is present that 
offers better web 
fetching 
capabilities, is more 
targeted to the task, 
or has fewer 
restrictions, prefer 
using that tool 
instead of this 
one.\n  - The URL 
must be a 
fully-formed valid 
URL\n  - HTTP URLs 
will be automatically 
upgraded to HTTPS\n  
- Format options: 
\"markdown\" 
(default), \"text\", 
or \"html\"\n  - This 
tool is read-only and 
does not modify any 
files\n  - Results 
may be summarized if 
the content is very la
rge\n","parameters":{"
$schema":"https://json
-schema.org/draft/2020
-12/schema","type":"ob
ject","properties":{"u
rl":{"description":"Th
e URL to fetch 
content from","type":"
string"},"format":{"de
scription":"The 
format to return the 
content in (text, 
markdown, or html). 
Defaults to markdown."
,"default":"markdown",
"type":"string","enum"
:["text","markdown","h
tml"]},"timeout":{"des
cription":"Optional 
timeout in seconds 
(max 120)","type":"num
ber"}},"required":["ur
l","format"],"addition
alProperties":false},"
strict":false},{"type"
:"function","name":"to
dowrite","description"
:"Use this tool to 
create and manage a 
structured task list 
for your current 
coding session. This 
helps you track 
progress, organize 
complex tasks, and 
demonstrate 
thoroughness to the 
user.\nIt also helps 
the user understand 
the progress of the 
task and overall 
progress of their 
requests.\n\n## When 
to Use This Tool\nUse 
this tool proactively 
in these 
scenarios:\n\n1. 
Complex multistep 
tasks - When a task 
requires 3 or more 
distinct steps or 
actions\n2. 
Non-trivial and 
complex tasks - Tasks 
that require careful 
planning or multiple 
operations\n3. User 
explicitly requests 
todo list - When the 
user directly asks 
you to use the todo 
list\n4. User 
provides multiple 
tasks - When users 
provide a list of 
things to be done 
(numbered or 
comma-separated)\n5. 
After receiving new 
instructions - 
Immediately capture 
user requirements as 
todos. Feel free to 
edit the todo list 
based on new 
information.\n6. 
After completing a 
task - Mark it 
complete and add any 
new follow-up 
tasks\n7. When you 
start working on a 
new task, mark the 
todo as in_progress. 
Ideally you should 
only have one todo as 
in_progress at a 
time. Complete 
existing tasks before 
starting new 
ones.\n\n## When NOT 
to Use This 
Tool\n\nSkip using 
this tool when:\n1. 
There is only a 
single, 
straightforward 
task\n2. The task is 
trivial and tracking 
it provides no 
organizational 
benefit\n3. The task 
can be completed in 
less than 3 trivial 
steps\n4. The task is 
purely conversational 
or 
informational\n\nNOTE 
that you should not 
use this tool if 
there is only one 
trivial task to do. 
In this case you are 
better off just doing 
the task 
directly.\n\n## 
Examples of When to 
Use the Todo List\n\n<
example>\nUser: I 
want to add a dark 
mode toggle to the 
application settings. 
Make sure you run the 
tests and build when 
you're 
done!\nAssistant: 
I'll help add a dark 
mode toggle to your 
application settings. 
Let me create a todo 
list to track this imp
lementation.\n*Creates
 todo list with the 
following items:*\n1. 
Create dark mode 
toggle component in 
Settings page\n2. Add 
dark mode state 
management 
(context/store)\n3. 
Implement CSS-in-JS 
styles for dark 
theme\n4. Update 
existing components 
to support theme 
switching\n5. Run 
tests and build 
process, addressing 
any failures or 
errors that 
occur\n*Begins 
working on the first t
ask*\n\n<reasoning>\nT
he assistant used the 
todo list 
because:\n1. Adding 
dark mode is a 
multi-step feature 
requiring UI, state 
management, and 
styling changes\n2. 
The user explicitly 
requested tests and 
build be run 
afterward\n3. The 
assistant inferred 
that tests and build 
need to pass by 
adding \"Ensure tests 
and build succeed\" 
as the final task\n</r
easoning>\n</example>\
n\n<example>\nUser: 
Help me rename the 
function getCwd to get
CurrentWorkingDirector
y across my 
project\nAssistant: 
Let me first search 
through your codebase 
to find all 
occurrences of 
'getCwd'.\n*Uses grep 
or search tools to 
locate all instances 
of getCwd in the 
codebase*\nAssistant: 
I've found 15 
instances of 'getCwd' 
across 8 different 
files. Let me create 
a todo list to track 
these 
changes.\n*Creates 
todo list with 
specific items for 
each file that needs u
pdating*\n\n<reasoning
>\nThe assistant used 
the todo list 
because:\n1. First, 
the assistant 
searched to 
understand the scope 
of the task\n2. Upon 
finding multiple 
occurrences across 
different files, it 
determined this was a 
complex task with 
multiple steps\n3. 
The todo list helps 
ensure every instance 
is tracked and 
updated 
systematically\n4. 
This approach 
prevents missing any 
occurrences and 
maintains code consist
ency\n</reasoning>\n</
example>\n\n\n<example
>\nUser: I need to 
implement these 
features for my 
e-commerce site: user 
registration, product 
catalog, shopping 
cart, and checkout 
flow.\nAssistant: 
I'll help implement 
these features. 
First, let's add all 
the features to the 
todo list.\n*Creates 
a todo list breaking 
down each feature 
into specific tasks 
based on the project a
rchitecture*\nAssistan
t: Let's start with 
user registration. 
This will involve 
creating database 
models, API 
endpoints, and 
frontend forms that 
integrate with your 
existing 
authentication system.
\n\n<reasoning>\nThe 
assistant used the 
todo list 
because:\n1. The user 
provided multiple 
complex features to 
implement in a comma 
separated list\n2. 
The todo list helps 
organize these large 
features into 
manageable tasks\n3. 
This approach allows 
for tracking progress 
across the entire impl
ementation\n</reasonin
g>\n</example>\n\n<exa
mple>\nUser: Can you 
help optimize my 
React application? 
It's rendering slowly 
and has performance is
sues.</user>\nAssistan
t: I'll help optimize 
your React 
application. First, 
let me examine your 
codebase to identify 
potential performance 
bottlenecks.\n*Reviews
 component structure, 
render patterns, 
state management, and 
data 
fetching*\nAssistant: 
After analyzing your 
codebase, I've 
identified several 
performance issues. 
Let me create a todo 
list to track our 
optimization 
efforts.\n*Creates 
todo list with items 
like: 1) Implement 
memoization for 
expensive 
calculations in 
ProductList, 2) Add 
virtualization for 
long lists in 
Dashboard, 3) 
Optimize image 
loading in Gallery 
component, 4) Fix 
state update loops in 
ShoppingCart, 5) 
Review bundle size 
and implement code 
splitting*\nLet's 
start by implementing 
memoization for the 
expensive 
calculations in your 
ProductList component.
</assistant>\n\n<reaso
ning>\nThe assistant 
used the todo list 
because:\n1. First, 
the assistant 
examined the codebase 
to identify specific 
performance 
issues\n2. Based on 
this analysis, it 
identified multiple 
optimization 
opportunities\n3. 
Performance 
optimization is a 
non-trivial task 
requiring multiple 
steps\n4. The todo 
list helps 
methodically track 
improvements across 
different 
components\n5. This 
systematic approach 
ensures all 
performance 
bottlenecks are addres
sed\n</reasoning>\n</e
xample>\n\n## 
Examples of When NOT 
to Use the Todo List\n
\n<example>\nUser: 
How do I print 'Hello 
World' in 
Python?\nAssistant: 
In Python, you can 
print \"Hello World\" 
with this simple code:
\n\npython\nprint(\"He
llo World\")\n\nThis 
will output the text 
\"Hello World\" to 
the console when execu
ted.</assistant>\n\n<r
easoning>\nThe 
assistant did not use 
the todo list because 
this is a single, 
trivial task that can 
be completed in one 
step. There's no need 
to track multiple 
tasks or steps for 
such a 
straightforward reques
t.\n</reasoning>\n</ex
ample>\n\n<example>\nU
ser: What does the 
git status command 
do?\nAssistant: The 
git status command 
shows the current 
state of your working 
directory and staging 
area. It displays 
which changes have 
been staged, which 
haven't, and which 
files aren't being 
tracked by Git. This 
is a fundamental 
command for 
understanding the 
current state of your 
repository before 
making commits.\n\n<re
asoning>\nThe 
assistant did not use 
the todo list because 
this is an 
informational request 
with no actual coding 
task to complete. The 
user is simply asking 
for an explanation, 
not for the assistant 
to perform multiple 
steps or tasks.\n</rea
soning>\n</example>\n\
n<example>\nUser: Can 
you add a comment to 
the calculateTotal 
function to explain 
what it 
does?\nAssistant: 
Sure, let me add a 
comment to the 
calculateTotal 
function to explain 
what it does.\n* Uses 
the Edit tool to add 
a comment to the 
calculateTotal 
function 
*\n\n<reasoning>\nThe 
assistant did not use 
the todo list because 
this is a single, 
straightforward task 
confined to one 
location in the code. 
Adding a comment 
doesn't require 
tracking multiple 
steps or systematic or
ganization.\n</reasoni
ng>\n</example>\n\n<ex
ample>\nUser: Run npm 
install for me and 
tell me what 
happens.\nAssistant: 
I'll run the npm 
install command for 
you.\n\n*Executes: 
npm install*\n\nThe 
command completed 
successfully. Here's 
the output:\n[Output 
of npm install 
command]\n\nAll 
dependencies have 
been installed 
according to your 
package.json file.\n\n
<reasoning>\nThe 
assistant did not use 
the todo list because 
this is a single 
command execution 
with immediate 
results. There are no 
multiple steps to 
track or organize, 
making the todo list 
unnecessary for this 
straightforward task.\
n</reasoning>\n</examp
le>\n\n## Task States 
and Management\n\n1. 
**Task States**: Use 
these states to track 
progress:\n   - 
pending: Task not yet 
started\n   - 
in_progress: 
Currently working on 
(limit to ONE task at 
a time)\n   - 
completed: Task 
finished 
successfully\n   - 
cancelled: Task no 
longer needed\n\n2. 
**Task 
Management**:\n   - 
Update task status in 
real-time as you 
work\n   - Mark tasks 
complete IMMEDIATELY 
after finishing 
(don't batch 
completions)\n   - 
Only have ONE task 
in_progress at any 
time\n   - Complete 
current tasks before 
starting new ones\n   
- Cancel tasks that 
become 
irrelevant\n\n3. 
**Task Breakdown**:\n 
  - Create specific, 
actionable items\n   
- Break complex tasks 
into smaller, 
manageable steps\n   
- Use clear, 
descriptive task 
names\n\nWhen in 
doubt, use this tool. 
Being proactive with 
task management 
demonstrates 
attentiveness and 
ensures you complete 
all requirements succe
ssfully.\n\n","paramet
ers":{"$schema":"https
://json-schema.org/dra
ft/2020-12/schema","ty
pe":"object","properti
es":{"todos":{"descrip
tion":"The updated 
todo list","type":"arr
ay","items":{"type":"o
bject","properties":{"
content":{"description
":"Brief description 
of the task","type":"s
tring"},"status":{"des
cription":"Current 
status of the task: 
pending, in_progress, 
completed, cancelled",
"type":"string"},"prio
rity":{"description":"
Priority level of the 
task: high, medium, lo
w","type":"string"}},"
required":["content","
status","priority"],"a
dditionalProperties":f
alse}}},"required":["t
odos"],"additionalProp
erties":false},"strict
":false},{"type":"func
tion","name":"skill","
description":"Load a 
specialized skill 
that provides 
domain-specific 
instructions and 
workflows. No skills 
are currently availabl
e.","parameters":{"$sc
hema":"https://json-sc
hema.org/draft/2020-12
/schema","type":"objec
t","properties":{"name
":{"description":"The 
name of the skill 
from available_skills"
,"type":"string"}},"re
quired":["name"],"addi
tionalProperties":fals
e},"strict":false}],"t
ool_choice":"auto","st
ream":true},"statusCod
e":404,"responseHeader
s":{"connection":"keep
-alive","content-lengt
h":"19","content-type"
:"text/plain; charset=
utf-8","date":"Sun, 
15 Mar 2026 08:17:27 G
MT","vary":"Origin","x
-content-type-options"
:"nosniff"},"responseB
ody":"404 page not fou
nd\n","isRetryable":fa
lse}} stream error
ERROR 
2026-03-15T08:17:28 
+2ms service=session.p
rocessor error=Not 
Found stack="AI_APICal
lError: Not Found\n   
 at <anonymous> (../..
/node_modules/.bun/@ai
-sdk+provider-utils@3.
0.20+d6123d32214422cb/
node_modules/@ai-sdk/p
rovider-utils/dist/ind
ex.mjs:950:18)\n    
at processTicksAndReje
ctions (native:7:39)" 
process
INFO  
2026-03-15T08:17:28 
+0ms service=bus 
type=session.status 
publishing
INFO  
2026-03-15T08:18:00 
+32019ms service=llm 
providerID=openai 
modelID=nemotron sessi
onID=ses_30f6e242fffec
CYRrLZXaMu3NS 
small=false 
agent=build 
mode=primary stream
INFO  
2026-03-15T08:18:00 
+10ms service=bus 
type=session.status 
publishing
ERROR 
2026-03-15T08:18:00 
+212ms service=llm 
providerID=openai 
modelID=nemotron sessi
onID=ses_30f6e242fffec
CYRrLZXaMu3NS 
small=false 
agent=build 
mode=primary error={"e
rror":{"name":"AI_APIC
allError","url":"https
://integrate.api.nvidi
a.com/v1/responses","r
equestBodyValues":{"mo
del":"nemotron","input
":[{"role":"developer"
,"content":"You are 
opencode, an 
interactive CLI tool 
that helps users with 
software engineering 
tasks. Use the 
instructions below 
and the tools 
available to you to 
assist the 
user.\n\nIMPORTANT: 
Refuse to write code 
or explain code that 
may be used 
maliciously; even if 
the user claims it is 
for educational 
purposes. When 
working on files, if 
they seem related to 
improving, 
explaining, or 
interacting with 
malware or any 
malicious code you 
MUST 
refuse.\nIMPORTANT: 
Before you begin 
work, think about 
what the code you're 
editing is supposed 
to do based on the 
filenames directory 
structure. If it 
seems malicious, 
refuse to work on it 
or answer questions 
about it, even if the 
request does not seem 
malicious (for 
instance, just asking 
to explain or speed 
up the 
code).\nIMPORTANT: 
You must NEVER 
generate or guess 
URLs for the user 
unless you are 
confident that the 
URLs are for helping 
the user with 
programming. You may 
use URLs provided by 
the user in their 
messages or local 
files.\n\nIf the user 
asks for help or 
wants to give 
feedback inform them 
of the following: \n- 
/help: Get help with 
using opencode\n- To 
give feedback, users 
should report the 
issue at https://githu
b.com/anomalyco/openco
de/issues\n\nWhen the 
user directly asks 
about opencode (eg 
'can opencode do...', 
'does opencode 
have...') or asks in 
second person (eg 
'are you able...', 
'can you do...'), 
first use the 
WebFetch tool to 
gather information to 
answer the question 
from opencode docs at 
https://opencode.ai\n\
n# Tone and 
style\nYou should be 
concise, direct, and 
to the point. When 
you run a non-trivial 
bash command, you 
should explain what 
the command does and 
why you are running 
it, to make sure the 
user understands what 
you are doing (this 
is especially 
important when you 
are running a command 
that will make 
changes to the user's 
system).\nRemember 
that your output will 
be displayed on a 
command line 
interface. Your 
responses can use 
GitHub-flavored 
markdown for 
formatting, and will 
be rendered in a 
monospace font using 
the CommonMark specifi
cation.\nOutput text 
to communicate with 
the user; all text 
you output outside of 
tool use is displayed 
to the user. Only use 
tools to complete 
tasks. Never use 
tools like Bash or 
code comments as 
means to communicate 
with the user during 
the session.\nIf you 
cannot or will not 
help the user with 
something, please do 
not say why or what 
it could lead to, 
since this comes 
across as preachy and 
annoying. Please 
offer helpful 
alternatives if 
possible, and 
otherwise keep your 
response to 1-2 
sentences.\nOnly use 
emojis if the user 
explicitly requests 
it. Avoid using 
emojis in all 
communication unless 
asked.\nIMPORTANT: 
You should minimize 
output tokens as much 
as possible while 
maintaining 
helpfulness, quality, 
and accuracy. Only 
address the specific 
query or task at 
hand, avoiding 
tangential 
information unless 
absolutely critical 
for completing the 
request. If you can 
answer in 1-3 
sentences or a short 
paragraph, please 
do.\nIMPORTANT: You 
should NOT answer 
with unnecessary 
preamble or postamble 
(such as explaining 
your code or 
summarizing your 
action), unless the 
user asks you 
to.\nIMPORTANT: Keep 
your responses short, 
since they will be 
displayed on a 
command line 
interface. You MUST 
answer concisely with 
fewer than 4 lines 
(not including tool 
use or code 
generation), unless 
user asks for detail. 
Answer the user's 
question directly, 
without elaboration, 
explanation, or 
details. One word 
answers are best. 
Avoid introductions, 
conclusions, and 
explanations. You 
MUST avoid text 
before/after your 
response, such as 
\"The answer is 
<answer>.\", \"Here 
is the content of the 
file...\" or \"Based 
on the information 
provided, the answer 
is...\" or \"Here is 
what I will do 
next...\". Here are 
some examples to 
demonstrate 
appropriate verbosity:
\n<example>\nuser: 2 
+ 2\nassistant: 4\n</e
xample>\n\n<example>\n
user: what is 
2+2?\nassistant: 4\n</
example>\n\n<example>\
nuser: is 11 a prime 
number?\nassistant: Ye
s\n</example>\n\n<exam
ple>\nuser: what 
command should I run 
to list files in the 
current directory?\nas
sistant: ls\n</example
>\n\n<example>\nuser: 
what command should I 
run to watch files in 
the current directory?
\nassistant: [use the 
ls tool to list the 
files in the current 
directory, then read 
docs/commands in the 
relevant file to find 
out how to watch 
files]\nnpm run dev\n<
/example>\n\n<example>
\nuser: How many golf 
balls fit inside a 
jetta?\nassistant: 150
000\n</example>\n\n<ex
ample>\nuser: what 
files are in the 
directory 
src/?\nassistant: 
[runs ls and sees 
foo.c, bar.c, 
baz.c]\nuser: which 
file contains the 
implementation of 
foo?\nassistant: src/f
oo.c\n</example>\n\n<e
xample>\nuser: write 
tests for new 
feature\nassistant: 
[uses grep and glob 
search tools to find 
where similar tests 
are defined, uses 
concurrent read file 
tool use blocks in 
one tool call to read 
relevant files at the 
same time, uses edit 
file tool to write 
new tests]\n</example>
\n\n# 
Proactiveness\nYou 
are allowed to be 
proactive, but only 
when the user asks 
you to do something. 
You should strive to 
strike a balance 
between:\n1. Doing 
the right thing when 
asked, including 
taking actions and 
follow-up actions\n2. 
Not surprising the 
user with actions you 
take without 
asking\nFor example, 
if the user asks you 
how to approach 
something, you should 
do your best to 
answer their question 
first, and not 
immediately jump into 
taking actions.\n3. 
Do not add additional 
code explanation 
summary unless 
requested by the 
user. After working 
on a file, just stop, 
rather than providing 
an explanation of 
what you did.\n\n# 
Following 
conventions\nWhen 
making changes to 
files, first 
understand the file's 
code conventions. 
Mimic code style, use 
existing libraries 
and utilities, and 
follow existing 
patterns.\n- NEVER 
assume that a given 
library is available, 
even if it is well 
known. Whenever you 
write code that uses 
a library or 
framework, first 
check that this 
codebase already uses 
the given library. 
For example, you 
might look at 
neighboring files, or 
check the 
package.json (or 
cargo.toml, and so on 
depending on the 
language).\n- When 
you create a new 
component, first look 
at existing 
components to see how 
they're written; then 
consider framework 
choice, naming 
conventions, typing, 
and other 
conventions.\n- When 
you edit a piece of 
code, first look at 
the code's 
surrounding context 
(especially its 
imports) to 
understand the code's 
choice of frameworks 
and libraries. Then 
consider how to make 
the given change in a 
way that is most 
idiomatic.\n- Always 
follow security best 
practices. Never 
introduce code that 
exposes or logs 
secrets and keys. 
Never commit secrets 
or keys to the 
repository.\n\n# Code 
style\n- IMPORTANT: 
DO NOT ADD ***ANY*** 
COMMENTS unless 
asked\n\n# Doing 
tasks\nThe user will 
primarily request you 
perform software 
engineering tasks. 
This includes solving 
bugs, adding new 
functionality, 
refactoring code, 
explaining code, and 
more. For these tasks 
the following steps 
are recommended:\n- 
Use the available 
search tools to 
understand the 
codebase and the 
user's query. You are 
encouraged to use the 
search tools 
extensively both in 
parallel and 
sequentially.\n- 
Implement the 
solution using all 
tools available to 
you\n- Verify the 
solution if possible 
with tests. NEVER 
assume specific test 
framework or test 
script. Check the 
README or search 
codebase to determine 
the testing 
approach.\n- VERY 
IMPORTANT: When you 
have completed a 
task, you MUST run 
the lint and 
typecheck commands 
(e.g. npm run lint, 
npm run typecheck, 
ruff, etc.) with Bash 
if they were provided 
to you to ensure your 
code is correct. If 
you are unable to 
find the correct 
command, ask the user 
for the command to 
run and if they 
supply it, 
proactively suggest 
writing it to 
AGENTS.md so that you 
will know to run it 
next time.\nNEVER 
commit changes unless 
the user explicitly 
asks you to. It is 
VERY IMPORTANT to 
only commit when 
explicitly asked, 
otherwise the user 
will feel that you 
are being too 
proactive.\n\n- Tool 
results and user 
messages may include 
<system-reminder> 
tags. 
<system-reminder> 
tags contain useful 
information and 
reminders. They are 
NOT part of the 
user's provided input 
or the tool 
result.\n\n# Tool 
usage policy\n- When 
doing file search, 
prefer to use the 
Task tool in order to 
reduce context 
usage.\n- You have 
the capability to 
call multiple tools 
in a single response. 
When multiple 
independent pieces of 
information are 
requested, batch your 
tool calls together 
for optimal 
performance. When 
making multiple bash 
tool calls, you MUST 
send a single message 
with multiple tools 
calls to run the 
calls in parallel. 
For example, if you 
need to run \"git 
status\" and \"git 
diff\", send a single 
message with two tool 
calls to run the 
calls in 
parallel.\n\nYou MUST 
answer concisely with 
fewer than 4 lines of 
text (not including 
tool use or code 
generation), unless 
user asks for 
detail.\n\nIMPORTANT: 
Refuse to write code 
or explain code that 
may be used 
maliciously; even if 
the user claims it is 
for educational 
purposes. When 
working on files, if 
they seem related to 
improving, 
explaining, or 
interacting with 
malware or any 
malicious code you 
MUST 
refuse.\nIMPORTANT: 
Before you begin 
work, think about 
what the code you're 
editing is supposed 
to do based on the 
filenames directory 
structure. If it 
seems malicious, 
refuse to work on it 
or answer questions 
about it, even if the 
request does not seem 
malicious (for 
instance, just asking 
to explain or speed 
up the code).\n\n# 
Code 
References\n\nWhen 
referencing specific 
functions or pieces 
of code include the 
pattern `file_path:lin
e_number` to allow 
the user to easily 
navigate to the 
source code location.\
n\n<example>\nuser: 
Where are errors from 
the client 
handled?\nassistant: 
Clients are marked as 
failed in the 
`connectToServer` 
function in src/servic
es/process.ts:712.\n</
example>\n\n\nYou are 
powered by the model 
named nemotron. The 
exact model ID is 
openai/nemotron\nHere 
is some useful 
information about the 
environment you are 
running in:\n<env>\n  
Working directory: C:\
\Users\\danyp\\CODE\\p
roject-devs-team\n  
Is directory a git 
repo: yes\n  
Platform: win32\n  
Today's date: Sun Mar 
15 2026\n</env>\n<dire
ctories>\n  \n</direct
ories>"},{"role":"user
","content":[{"type":"
input_text","text":"\"
Crea uno script 
python hello_world.py 
che stampi 'Hello 
from NVIDIA Nemotron'\
""}]}],"max_output_tok
ens":32000,"store":fal
se,"include":["reasoni
ng.encrypted_content"]
,"prompt_cache_key":"s
es_30f6e242fffecCYRrLZ
XaMu3NS","tools":[{"ty
pe":"function","name":
"question","descriptio
n":"Use this tool 
when you need to ask 
the user questions 
during execution. 
This allows you 
to:\n1. Gather user 
preferences or 
requirements\n2. 
Clarify ambiguous 
instructions\n3. Get 
decisions on 
implementation 
choices as you 
work\n4. Offer 
choices to the user 
about what direction 
to take.\n\nUsage 
notes:\n- When 
`custom` is enabled 
(default), a \"Type 
your own answer\" 
option is added 
automatically; don't 
include \"Other\" or 
catch-all options\n- 
Answers are returned 
as arrays of labels; 
set `multiple: true` 
to allow selecting 
more than one\n- If 
you recommend a 
specific option, make 
that the first option 
in the list and add 
\"(Recommended)\" at 
the end of the label\n
","parameters":{"$sche
ma":"https://json-sche
ma.org/draft/2020-12/s
chema","type":"object"
,"properties":{"questi
ons":{"description":"Q
uestions to ask","type
":"array","items":{"ty
pe":"object","properti
es":{"question":{"desc
ription":"Complete que
stion","type":"string"
},"header":{"descripti
on":"Very short label 
(max 30 chars)","type"
:"string"},"options":{
"description":"Availab
le choices","type":"ar
ray","items":{"ref":"Q
uestionOption","type":
"object","properties":
{"label":{"description
":"Display text (1-5 
words, concise)","type
":"string"},"descripti
on":{"description":"Ex
planation of choice","
type":"string"}},"requ
ired":["label","descri
ption"],"additionalPro
perties":false}},"mult
iple":{"description":"
Allow selecting 
multiple choices","typ
e":"boolean"}},"requir
ed":["question","heade
r","options"],"additio
nalProperties":false}}
},"required":["questio
ns"],"additionalProper
ties":false},"strict":
false},{"type":"functi
on","name":"bash","des
cription":"Executes a 
given bash command in 
a persistent shell 
session with optional 
timeout, ensuring 
proper handling and 
security 
measures.\n\nAll 
commands run in C:\\Us
ers\\danyp\\CODE\\proj
ect-devs-team by 
default. Use the 
`workdir` parameter 
if you need to run a 
command in a 
different directory. 
AVOID using `cd 
<directory> && 
<command>` patterns - 
use `workdir` instead.
\n\nIMPORTANT: This 
tool is for terminal 
operations like git, 
npm, docker, etc. DO 
NOT use it for file 
operations (reading, 
writing, editing, 
searching, finding 
files) - use the 
specialized tools for 
this 
instead.\n\nBefore 
executing the 
command, please 
follow these 
steps:\n\n1. 
Directory 
Verification:\n   - 
If the command will 
create new 
directories or files, 
first use `ls` to 
verify the parent 
directory exists and 
is the correct 
location\n   - For 
example, before 
running \"mkdir 
foo/bar\", first use 
`ls foo` to check 
that \"foo\" exists 
and is the intended 
parent 
directory\n\n2. 
Command Execution:\n  
 - Always quote file 
paths that contain 
spaces with double 
quotes (e.g., rm 
\"path with 
spaces/file.txt\")\n  
 - Examples of proper 
quoting:\n     - 
mkdir 
\"/Users/name/My 
Documents\" 
(correct)\n     - 
mkdir /Users/name/My 
Documents (incorrect 
- will fail)\n     - 
python \"/path/with 
spaces/script.py\" 
(correct)\n     - 
python /path/with 
spaces/script.py 
(incorrect - will 
fail)\n   - After 
ensuring proper 
quoting, execute the 
command.\n   - 
Capture the output of 
the command.\n\nUsage 
notes:\n  - The 
command argument is 
required.\n  - You 
can specify an 
optional timeout in 
milliseconds. If not 
specified, commands 
will time out after 
120000ms (2 
minutes).\n  - It is 
very helpful if you 
write a clear, 
concise description 
of what this command 
does in 5-10 words.\n 
 - If the output 
exceeds 2000 lines or 
51200 bytes, it will 
be truncated and the 
full output will be 
written to a file. 
You can use Read with 
offset/limit to read 
specific sections or 
Grep to search the 
full content. Because 
of this, you do NOT 
need to use `head`, 
`tail`, or other 
truncation commands 
to limit output - 
just run the command 
directly.\n\n  - 
Avoid using Bash with 
the `find`, `grep`, 
`cat`, `head`, 
`tail`, `sed`, `awk`, 
or `echo` commands, 
unless explicitly 
instructed or when 
these commands are 
truly necessary for 
the task. Instead, 
always prefer using 
the dedicated tools 
for these commands:\n 
   - File search: Use 
Glob (NOT find or 
ls)\n    - Content 
search: Use Grep (NOT 
grep or rg)\n    - 
Read files: Use Read 
(NOT cat/head/tail)\n 
   - Edit files: Use 
Edit (NOT sed/awk)\n  
  - Write files: Use 
Write (NOT echo >/cat 
<<EOF)\n    - 
Communication: Output 
text directly (NOT 
echo/printf)\n  - 
When issuing multiple 
commands:\n    - If 
the commands are 
independent and can 
run in parallel, make 
multiple Bash tool 
calls in a single 
message. For example, 
if you need to run 
\"git status\" and 
\"git diff\", send a 
single message with 
two Bash tool calls 
in parallel.\n    - 
If the commands 
depend on each other 
and must run 
sequentially, use a 
single Bash call with 
'&&' to chain them 
together (e.g., `git 
add . && git commit 
-m \"message\" && git 
push`). For instance, 
if one operation must 
complete before 
another starts (like 
mkdir before cp, 
Write before Bash for 
git operations, or 
git add before git 
commit), run these 
operations 
sequentially 
instead.\n    - Use 
';' only when you 
need to run commands 
sequentially but 
don't care if earlier 
commands fail\n    - 
DO NOT use newlines 
to separate commands 
(newlines are ok in 
quoted strings)\n  - 
AVOID using `cd 
<directory> && 
<command>`. Use the 
`workdir` parameter 
to change directories 
instead.\n    
<good-example>\n    
Use 
workdir=\"/foo/bar\" 
with command: pytest 
tests\n    
</good-example>\n    
<bad-example>\n    cd 
/foo/bar && pytest 
tests\n    
</bad-example>\n\n# 
Committing changes 
with git\n\nOnly 
create commits when 
requested by the 
user. If unclear, ask 
first. When the user 
asks you to create a 
new git commit, 
follow these steps 
carefully:\n\nGit 
Safety Protocol:\n- 
NEVER update the git 
config\n- NEVER run de
structive/irreversible
 git commands (like 
push --force, hard 
reset, etc) unless 
the user explicitly 
requests them\n- 
NEVER skip hooks 
(--no-verify, 
--no-gpg-sign, etc) 
unless the user 
explicitly requests 
it\n- NEVER run force 
push to main/master, 
warn the user if they 
request it\n- Avoid 
git commit --amend. 
ONLY use --amend when 
ALL conditions are 
met:\n  (1) User 
explicitly requested 
amend, OR commit 
SUCCEEDED but 
pre-commit hook 
auto-modified files 
that need including\n 
 (2) HEAD commit was 
created by you in 
this conversation 
(verify: git log -1 
--format='%an %ae')\n 
 (3) Commit has NOT 
been pushed to remote 
(verify: git status 
shows \"Your branch 
is ahead\")\n- 
CRITICAL: If commit 
FAILED or was 
REJECTED by hook, 
NEVER amend - fix the 
issue and create a 
NEW commit\n- 
CRITICAL: If you 
already pushed to 
remote, NEVER amend 
unless user 
explicitly requests 
it (requires force 
push)\n- NEVER commit 
changes unless the 
user explicitly asks 
you to. It is VERY 
IMPORTANT to only 
commit when 
explicitly asked, 
otherwise the user 
will feel that you 
are being too 
proactive.\n\n1. You 
can call multiple 
tools in a single 
response. When 
multiple independent 
pieces of information 
are requested and all 
commands are likely 
to succeed, run 
multiple tool calls 
in parallel for 
optimal performance. 
run the following 
bash commands in 
parallel, each using 
the Bash tool:\n  - 
Run a git status 
command to see all 
untracked files.\n  - 
Run a git diff 
command to see both 
staged and unstaged 
changes that will be 
committed.\n  - Run a 
git log command to 
see recent commit 
messages, so that you 
can follow this 
repository's commit 
message style.\n2. 
Analyze all staged 
changes (both 
previously staged and 
newly added) and 
draft a commit 
message:\n  - 
Summarize the nature 
of the changes (eg. 
new feature, 
enhancement to an 
existing feature, bug 
fix, refactoring, 
test, docs, etc.). 
Ensure the message 
accurately reflects 
the changes and their 
purpose (i.e. \"add\" 
means a wholly new 
feature, \"update\" 
means an enhancement 
to an existing 
feature, \"fix\" 
means a bug fix, 
etc.).\n  - Do not 
commit files that 
likely contain 
secrets (.env, 
credentials.json, 
etc.). Warn the user 
if they specifically 
request to commit 
those files\n  - 
Draft a concise (1-2 
sentences) commit 
message that focuses 
on the \"why\" rather 
than the \"what\"\n  
- Ensure it 
accurately reflects 
the changes and their 
purpose\n3. You can 
call multiple tools 
in a single response. 
When multiple 
independent pieces of 
information are 
requested and all 
commands are likely 
to succeed, run 
multiple tool calls 
in parallel for 
optimal performance. 
run the following 
commands:\n   - Add 
relevant untracked 
files to the staging 
area.\n   - Create 
the commit with a 
message\n   - Run git 
status after the 
commit completes to 
verify success.\n   
Note: git status 
depends on the commit 
completing, so run it 
sequentially after 
the commit.\n4. If 
the commit fails due 
to pre-commit hook, 
fix the issue and 
create a NEW commit 
(see amend rules 
above)\n\nImportant 
notes:\n- NEVER run 
additional commands 
to read or explore 
code, besides git 
bash commands\n- 
NEVER use the 
TodoWrite or Task 
tools\n- DO NOT push 
to the remote 
repository unless the 
user explicitly asks 
you to do so\n- 
IMPORTANT: Never use 
git commands with the 
-i flag (like git 
rebase -i or git add 
-i) since they 
require interactive 
input which is not 
supported.\n- If 
there are no changes 
to commit (i.e., no 
untracked files and 
no modifications), do 
not create an empty 
commit\n\n# Creating 
pull requests\nUse 
the gh command via 
the Bash tool for ALL 
GitHub-related tasks 
including working 
with issues, pull 
requests, checks, and 
releases. If given a 
GitHub URL use the gh 
command to get the 
information 
needed.\n\nIMPORTANT: 
When the user asks 
you to create a pull 
request, follow these 
steps 
carefully:\n\n1. You 
can call multiple 
tools in a single 
response. When 
multiple independent 
pieces of information 
are requested and all 
commands are likely 
to succeed, run 
multiple tool calls 
in parallel for 
optimal performance. 
run the following 
bash commands in 
parallel using the 
Bash tool, in order 
to understand the 
current state of the 
branch since it 
diverged from the 
main branch:\n   - 
Run a git status 
command to see all 
untracked files\n   - 
Run a git diff 
command to see both 
staged and unstaged 
changes that will be 
committed\n   - Check 
if the current branch 
tracks a remote 
branch and is up to 
date with the remote, 
so you know if you 
need to push to the 
remote\n   - Run a 
git log command and 
`git diff 
[base-branch]...HEAD` 
to understand the 
full commit history 
for the current 
branch (from the time 
it diverged from the 
base branch)\n2. 
Analyze all changes 
that will be included 
in the pull request, 
making sure to look 
at all relevant 
commits (NOT just the 
latest commit, but 
ALL commits that will 
be included in the 
pull request!!!), and 
draft a pull request 
summary\n3. You can 
call multiple tools 
in a single response. 
When multiple 
independent pieces of 
information are 
requested and all 
commands are likely 
to succeed, run 
multiple tool calls 
in parallel for 
optimal performance. 
run the following 
commands in 
parallel:\n   - 
Create new branch if 
needed\n   - Push to 
remote with -u flag 
if needed\n   - 
Create PR using gh pr 
create with the 
format below. Use a 
HEREDOC to pass the 
body to ensure 
correct formatting.\n<
example>\ngh pr 
create --title \"the 
pr title\" --body 
\"$(cat <<'EOF'\n## 
Summary\n<1-3 bullet p
oints>\n</example>\n\n
Important:\n- DO NOT 
use the TodoWrite or 
Task tools\n- Return 
the PR URL when 
you're done, so the 
user can see it\n\n# 
Other common 
operations\n- View 
comments on a GitHub 
PR: gh api repos/foo/b
ar/pulls/123/comments\
n","parameters":{"$sch
ema":"https://json-sch
ema.org/draft/2020-12/
schema","type":"object
","properties":{"comma
nd":{"description":"Th
e command to execute",
"type":"string"},"time
out":{"description":"O
ptional timeout in mil
liseconds","type":"num
ber"},"workdir":{"desc
ription":"The working 
directory to run the 
command in. Defaults 
to C:\\Users\\danyp\\C
ODE\\project-devs-team
. Use this instead of 
'cd' commands.","type"
:"string"},"descriptio
n":{"description":"Cle
ar, concise 
description of what 
this command does in 
5-10 words. 
Examples:\nInput: 
ls\nOutput: Lists 
files in current 
directory\n\nInput: 
git status\nOutput: 
Shows working tree 
status\n\nInput: npm 
install\nOutput: 
Installs package depen
dencies\n\nInput: 
mkdir foo\nOutput: 
Creates directory 'foo
'","type":"string"}},"
required":["command","
description"],"additio
nalProperties":false},
"strict":false},{"type
":"function","name":"r
ead","description":"Re
ad a file or 
directory from the 
local filesystem. If 
the path does not 
exist, an error is ret
urned.\n\nUsage:\n- 
The filePath 
parameter should be 
an absolute path.\n- 
By default, this tool 
returns up to 2000 
lines from the start 
of the file.\n- The 
offset parameter is 
the line number to 
start from 
(1-indexed).\n- To 
read later sections, 
call this tool again 
with a larger 
offset.\n- Use the 
grep tool to find 
specific content in 
large files or files 
with long lines.\n- 
If you are unsure of 
the correct file 
path, use the glob 
tool to look up 
filenames by glob 
pattern.\n- Contents 
are returned with 
each line prefixed by 
its line number as 
`<line>: <content>`. 
For example, if a 
file has contents 
\"foo\\n\", you will 
receive \"1: 
foo\\n\". For 
directories, entries 
are returned one per 
line (without line 
numbers) with a 
trailing `/` for 
subdirectories.\n- 
Any line longer than 
2000 characters is 
truncated.\n- Call 
this tool in parallel 
when you know there 
are multiple files 
you want to read.\n- 
Avoid tiny repeated 
slices (30 line 
chunks). If you need 
more context, read a 
larger window.\n- 
This tool can read 
image files and PDFs 
and return them as 
file attachments.\n","
parameters":{"$schema"
:"https://json-schema.
org/draft/2020-12/sche
ma","type":"object","p
roperties":{"filePath"
:{"description":"The 
absolute path to the 
file or directory to r
ead","type":"string"},
"offset":{"description
":"The line number to 
start reading from (1-
indexed)","type":"numb
er"},"limit":{"descrip
tion":"The maximum 
number of lines to 
read (defaults to 2000
)","type":"number"}},"
required":["filePath"]
,"additionalProperties
":false},"strict":fals
e},{"type":"function",
"name":"glob","descrip
tion":"- Fast file 
pattern matching tool 
that works with any 
codebase size\n- 
Supports glob 
patterns like 
\"**/*.js\" or 
\"src/**/*.ts\"\n- 
Returns matching file 
paths sorted by 
modification time\n- 
Use this tool when 
you need to find 
files by name 
patterns\n- When you 
are doing an 
open-ended search 
that may require 
multiple rounds of 
globbing and 
grepping, use the 
Task tool instead\n- 
You have the 
capability to call 
multiple tools in a 
single response. It 
is always better to 
speculatively perform 
multiple searches as 
a batch that are 
potentially useful.\n"
,"parameters":{"$schem
a":"https://json-schem
a.org/draft/2020-12/sc
hema","type":"object",
"properties":{"pattern
":{"description":"The 
glob pattern to match 
files against","type":
"string"},"path":{"des
cription":"The 
directory to search 
in. If not specified, 
the current working 
directory will be 
used. IMPORTANT: Omit 
this field to use the 
default directory. DO 
NOT enter 
\"undefined\" or 
\"null\" - simply 
omit it for the 
default behavior. 
Must be a valid 
directory path if prov
ided.","type":"string"
}},"required":["patter
n"],"additionalPropert
ies":false},"strict":f
alse},{"type":"functio
n","name":"grep","desc
ription":"- Fast 
content search tool 
that works with any 
codebase size\n- 
Searches file 
contents using 
regular 
expressions\n- 
Supports full regex 
syntax (eg. 
\"log.*Error\", 
\"function\\s+\\w+\", 
etc.)\n- Filter files 
by pattern with the 
include parameter 
(eg. \"*.js\", 
\"*.{ts,tsx}\")\n- 
Returns file paths 
and line numbers with 
at least one match 
sorted by 
modification time\n- 
Use this tool when 
you need to find 
files containing 
specific patterns\n- 
If you need to 
identify/count the 
number of matches 
within files, use the 
Bash tool with `rg` 
(ripgrep) directly. 
Do NOT use `grep`.\n- 
When you are doing an 
open-ended search 
that may require 
multiple rounds of 
globbing and 
grepping, use the 
Task tool instead\n","
parameters":{"$schema"
:"https://json-schema.
org/draft/2020-12/sche
ma","type":"object","p
roperties":{"pattern":
{"description":"The 
regex pattern to 
search for in file con
tents","type":"string"
},"path":{"description
":"The directory to 
search in. Defaults 
to the current 
working directory.","t
ype":"string"},"includ
e":{"description":"Fil
e pattern to include 
in the search (e.g. 
\"*.js\", \"*.{ts,tsx}
\")","type":"string"}}
,"required":["pattern"
],"additionalPropertie
s":false},"strict":fal
se},{"type":"function"
,"name":"edit","descri
ption":"Performs 
exact string 
replacements in 
files. \n\nUsage:\n- 
You must use your 
`Read` tool at least 
once in the 
conversation before 
editing. This tool 
will error if you 
attempt an edit 
without reading the 
file. \n- When 
editing text from 
Read tool output, 
ensure you preserve 
the exact indentation 
(tabs/spaces) as it 
appears AFTER the 
line number prefix. 
The line number 
prefix format is: 
line number + colon + 
space (e.g., `1: `). 
Everything after that 
space is the actual 
file content to 
match. Never include 
any part of the line 
number prefix in the 
oldString or 
newString.\n- ALWAYS 
prefer editing 
existing files in the 
codebase. NEVER write 
new files unless 
explicitly 
required.\n- Only use 
emojis if the user 
explicitly requests 
it. Avoid adding 
emojis to files 
unless asked.\n- The 
edit will FAIL if 
`oldString` is not 
found in the file 
with an error 
\"oldString not found 
in content\".\n- The 
edit will FAIL if 
`oldString` is found 
multiple times in the 
file with an error 
\"Found multiple 
matches for 
oldString. Provide 
more surrounding 
lines in oldString to 
identify the correct 
match.\" Either 
provide a larger 
string with more 
surrounding context 
to make it unique or 
use `replaceAll` to 
change every instance 
of `oldString`. \n- 
Use `replaceAll` for 
replacing and 
renaming strings 
across the file. This 
parameter is useful 
if you want to rename 
a variable for instanc
e.\n","parameters":{"$
schema":"https://json-
schema.org/draft/2020-
12/schema","type":"obj
ect","properties":{"fi
lePath":{"description"
:"The absolute path 
to the file to modify"
,"type":"string"},"old
String":{"description"
:"The text to replace"
,"type":"string"},"new
String":{"description"
:"The text to replace 
it with (must be 
different from oldStri
ng)","type":"string"},
"replaceAll":{"descrip
tion":"Replace all 
occurrences of 
oldString (default fal
se)","type":"boolean"}
},"required":["filePat
h","oldString","newStr
ing"],"additionalPrope
rties":false},"strict"
:false},{"type":"funct
ion","name":"write","d
escription":"Writes a 
file to the local file
system.\n\nUsage:\n- 
This tool will 
overwrite the 
existing file if 
there is one at the 
provided path.\n- If 
this is an existing 
file, you MUST use 
the Read tool first 
to read the file's 
contents. This tool 
will fail if you did 
not read the file 
first.\n- ALWAYS 
prefer editing 
existing files in the 
codebase. NEVER write 
new files unless 
explicitly 
required.\n- NEVER 
proactively create 
documentation files 
(*.md) or README 
files. Only create 
documentation files 
if explicitly 
requested by the 
User.\n- Only use 
emojis if the user 
explicitly requests 
it. Avoid writing 
emojis to files 
unless asked.\n","para
meters":{"$schema":"ht
tps://json-schema.org/
draft/2020-12/schema",
"type":"object","prope
rties":{"content":{"de
scription":"The 
content to write to 
the file","type":"stri
ng"},"filePath":{"desc
ription":"The 
absolute path to the 
file to write (must 
be absolute, not relat
ive)","type":"string"}
},"required":["content
","filePath"],"additio
nalProperties":false},
"strict":false},{"type
":"function","name":"t
ask","description":"La
unch a new agent to 
handle complex, 
multistep tasks autono
mously.\n\nAvailable 
agent types and the 
tools they have 
access to:\n- 
general: 
General-purpose agent 
for researching 
complex questions and 
executing multi-step 
tasks. Use this agent 
to execute multiple 
units of work in 
parallel.\n- explore: 
Fast agent 
specialized for 
exploring codebases. 
Use this when you 
need to quickly find 
files by patterns 
(eg. \"src/components/
**/*.tsx\"), search 
code for keywords 
(eg. \"API 
endpoints\"), or 
answer questions 
about the codebase 
(eg. \"how do API 
endpoints work?\"). 
When calling this 
agent, specify the 
desired thoroughness 
level: \"quick\" for 
basic searches, 
\"medium\" for 
moderate exploration, 
or \"very thorough\" 
for comprehensive 
analysis across 
multiple locations 
and naming 
conventions.\n\nWhen 
using the Task tool, 
you must specify a 
subagent_type 
parameter to select 
which agent type to 
use.\n\nWhen to use 
the Task tool:\n- 
When you are 
instructed to execute 
custom slash 
commands. Use the 
Task tool with the 
slash command 
invocation as the 
entire prompt. The 
slash command can 
take arguments. For 
example: Task(descript
ion=\"Check the 
file\", 
prompt=\"/check-file p
ath/to/file.py\")\n\nW
hen NOT to use the 
Task tool:\n- If you 
want to read a 
specific file path, 
use the Read or Glob 
tool instead of the 
Task tool, to find 
the match more 
quickly\n- If you are 
searching for a 
specific class 
definition like 
\"class Foo\", use 
the Glob tool 
instead, to find the 
match more quickly\n- 
If you are searching 
for code within a 
specific file or set 
of 2-3 files, use the 
Read tool instead of 
the Task tool, to 
find the match more 
quickly\n- Other 
tasks that are not 
related to the agent 
descriptions 
above\n\n\nUsage 
notes:\n1. Launch 
multiple agents 
concurrently whenever 
possible, to maximize 
performance; to do 
that, use a single 
message with multiple 
tool uses\n2. When 
the agent is done, it 
will return a single 
message back to you. 
The result returned 
by the agent is not 
visible to the user. 
To show the user the 
result, you should 
send a text message 
back to the user with 
a concise summary of 
the result. The 
output includes a 
task_id you can reuse 
later to continue the 
same subagent 
session.\n3. Each 
agent invocation 
starts with a fresh 
context unless you 
provide task_id to 
resume the same 
subagent session 
(which continues with 
its previous messages 
and tool outputs). 
When starting fresh, 
your prompt should 
contain a highly 
detailed task 
description for the 
agent to perform 
autonomously and you 
should specify 
exactly what 
information the agent 
should return back to 
you in its final and 
only message to 
you.\n4. The agent's 
outputs should 
generally be 
trusted\n5. Clearly 
tell the agent 
whether you expect it 
to write code or just 
to do research 
(search, file reads, 
web fetches, etc.), 
since it is not aware 
of the user's intent. 
Tell it how to verify 
its work if possible 
(e.g., relevant test 
commands).\n6. If the 
agent description 
mentions that it 
should be used 
proactively, then you 
should try your best 
to use it without the 
user having to ask 
for it first. Use 
your 
judgement.\n\nExample 
usage (NOTE: The 
agents below are 
fictional examples 
for illustration only 
- use the actual 
agents listed above):\
n\n<example_agent_desc
riptions>\n\"code-revi
ewer\": use this 
agent after you are 
done writing a 
significant piece of c
ode\n\"greeting-respon
der\": use this agent 
when to respond to 
user greetings with a 
friendly joke\n</examp
le_agent_description>\
n\n<example>\nuser: 
\"Please write a 
function that checks 
if a number is 
prime\"\nassistant: 
Sure let me write a 
function that checks 
if a number is 
prime\nassistant: 
First let me use the 
Write tool to write a 
function that checks 
if a number is 
prime\nassistant: I'm 
going to use the 
Write tool to write 
the following code:\n<
code>\nfunction 
isPrime(n) {\n  if (n 
<= 1) return false\n  
for (let i = 2; i * i 
<= n; i++) {\n    if 
(n % i === 0) return 
false\n  }\n  return t
rue\n}\n</code>\n<comm
entary>\nSince a 
significant piece of 
code was written and 
the task was 
completed, now use 
the code-reviewer 
agent to review the co
de\n</commentary>\nass
istant: Now let me 
use the code-reviewer 
agent to review the 
code\nassistant: Uses 
the Task tool to 
launch the 
code-reviewer agent\n<
/example>\n\n<example>
\nuser: \"Hello\"\n<co
mmentary>\nSince the 
user is greeting, use 
the 
greeting-responder 
agent to respond with 
a friendly joke\n</com
mentary>\nassistant: 
\"I'm going to use 
the Task tool to 
launch the with the 
greeting-responder age
nt\"\n</example>\n","p
arameters":{"$schema":
"https://json-schema.o
rg/draft/2020-12/schem
a","type":"object","pr
operties":{"descriptio
n":{"description":"A 
short (3-5 words) 
description of the tas
k","type":"string"},"p
rompt":{"description":
"The task for the 
agent to perform","typ
e":"string"},"subagent
_type":{"description":
"The type of 
specialized agent to 
use for this task","ty
pe":"string"},"task_id
":{"description":"This
 should only be set 
if you mean to resume 
a previous task (you 
can pass a prior 
task_id and the task 
will continue the 
same subagent session 
as before instead of 
creating a fresh one)"
,"type":"string"},"com
mand":{"description":"
The command that 
triggered this task","
type":"string"}},"requ
ired":["description","
prompt","subagent_type
"],"additionalProperti
es":false},"strict":fa
lse},{"type":"function
","name":"webfetch","d
escription":"- 
Fetches content from 
a specified URL\n- 
Takes a URL and 
optional format as 
input\n- Fetches the 
URL content, converts 
to requested format 
(markdown by 
default)\n- Returns 
the content in the 
specified format\n- 
Use this tool when 
you need to retrieve 
and analyze web 
content\n\nUsage 
notes:\n  - 
IMPORTANT: if another 
tool is present that 
offers better web 
fetching 
capabilities, is more 
targeted to the task, 
or has fewer 
restrictions, prefer 
using that tool 
instead of this 
one.\n  - The URL 
must be a 
fully-formed valid 
URL\n  - HTTP URLs 
will be automatically 
upgraded to HTTPS\n  
- Format options: 
\"markdown\" 
(default), \"text\", 
or \"html\"\n  - This 
tool is read-only and 
does not modify any 
files\n  - Results 
may be summarized if 
the content is very la
rge\n","parameters":{"
$schema":"https://json
-schema.org/draft/2020
-12/schema","type":"ob
ject","properties":{"u
rl":{"description":"Th
e URL to fetch 
content from","type":"
string"},"format":{"de
scription":"The 
format to return the 
content in (text, 
markdown, or html). 
Defaults to markdown."
,"default":"markdown",
"type":"string","enum"
:["text","markdown","h
tml"]},"timeout":{"des
cription":"Optional 
timeout in seconds 
(max 120)","type":"num
ber"}},"required":["ur
l","format"],"addition
alProperties":false},"
strict":false},{"type"
:"function","name":"to
dowrite","description"
:"Use this tool to 
create and manage a 
structured task list 
for your current 
coding session. This 
helps you track 
progress, organize 
complex tasks, and 
demonstrate 
thoroughness to the 
user.\nIt also helps 
the user understand 
the progress of the 
task and overall 
progress of their 
requests.\n\n## When 
to Use This Tool\nUse 
this tool proactively 
in these 
scenarios:\n\n1. 
Complex multistep 
tasks - When a task 
requires 3 or more 
distinct steps or 
actions\n2. 
Non-trivial and 
complex tasks - Tasks 
that require careful 
planning or multiple 
operations\n3. User 
explicitly requests 
todo list - When the 
user directly asks 
you to use the todo 
list\n4. User 
provides multiple 
tasks - When users 
provide a list of 
things to be done 
(numbered or 
comma-separated)\n5. 
After receiving new 
instructions - 
Immediately capture 
user requirements as 
todos. Feel free to 
edit the todo list 
based on new 
information.\n6. 
After completing a 
task - Mark it 
complete and add any 
new follow-up 
tasks\n7. When you 
start working on a 
new task, mark the 
todo as in_progress. 
Ideally you should 
only have one todo as 
in_progress at a 
time. Complete 
existing tasks before 
starting new 
ones.\n\n## When NOT 
to Use This 
Tool\n\nSkip using 
this tool when:\n1. 
There is only a 
single, 
straightforward 
task\n2. The task is 
trivial and tracking 
it provides no 
organizational 
benefit\n3. The task 
can be completed in 
less than 3 trivial 
steps\n4. The task is 
purely conversational 
or 
informational\n\nNOTE 
that you should not 
use this tool if 
there is only one 
trivial task to do. 
In this case you are 
better off just doing 
the task 
directly.\n\n## 
Examples of When to 
Use the Todo List\n\n<
example>\nUser: I 
want to add a dark 
mode toggle to the 
application settings. 
Make sure you run the 
tests and build when 
you're 
done!\nAssistant: 
I'll help add a dark 
mode toggle to your 
application settings. 
Let me create a todo 
list to track this imp
lementation.\n*Creates
 todo list with the 
following items:*\n1. 
Create dark mode 
toggle component in 
Settings page\n2. Add 
dark mode state 
management 
(context/store)\n3. 
Implement CSS-in-JS 
styles for dark 
theme\n4. Update 
existing components 
to support theme 
switching\n5. Run 
tests and build 
process, addressing 
any failures or 
errors that 
occur\n*Begins 
working on the first t
ask*\n\n<reasoning>\nT
he assistant used the 
todo list 
because:\n1. Adding 
dark mode is a 
multi-step feature 
requiring UI, state 
management, and 
styling changes\n2. 
The user explicitly 
requested tests and 
build be run 
afterward\n3. The 
assistant inferred 
that tests and build 
need to pass by 
adding \"Ensure tests 
and build succeed\" 
as the final task\n</r
easoning>\n</example>\
n\n<example>\nUser: 
Help me rename the 
function getCwd to get
CurrentWorkingDirector
y across my 
project\nAssistant: 
Let me first search 
through your codebase 
to find all 
occurrences of 
'getCwd'.\n*Uses grep 
or search tools to 
locate all instances 
of getCwd in the 
codebase*\nAssistant: 
I've found 15 
instances of 'getCwd' 
across 8 different 
files. Let me create 
a todo list to track 
these 
changes.\n*Creates 
todo list with 
specific items for 
each file that needs u
pdating*\n\n<reasoning
>\nThe assistant used 
the todo list 
because:\n1. First, 
the assistant 
searched to 
understand the scope 
of the task\n2. Upon 
finding multiple 
occurrences across 
different files, it 
determined this was a 
complex task with 
multiple steps\n3. 
The todo list helps 
ensure every instance 
is tracked and 
updated 
systematically\n4. 
This approach 
prevents missing any 
occurrences and 
maintains code consist
ency\n</reasoning>\n</
example>\n\n\n<example
>\nUser: I need to 
implement these 
features for my 
e-commerce site: user 
registration, product 
catalog, shopping 
cart, and checkout 
flow.\nAssistant: 
I'll help implement 
these features. 
First, let's add all 
the features to the 
todo list.\n*Creates 
a todo list breaking 
down each feature 
into specific tasks 
based on the project a
rchitecture*\nAssistan
t: Let's start with 
user registration. 
This will involve 
creating database 
models, API 
endpoints, and 
frontend forms that 
integrate with your 
existing 
authentication system.
\n\n<reasoning>\nThe 
assistant used the 
todo list 
because:\n1. The user 
provided multiple 
complex features to 
implement in a comma 
separated list\n2. 
The todo list helps 
organize these large 
features into 
manageable tasks\n3. 
This approach allows 
for tracking progress 
across the entire impl
ementation\n</reasonin
g>\n</example>\n\n<exa
mple>\nUser: Can you 
help optimize my 
React application? 
It's rendering slowly 
and has performance is
sues.</user>\nAssistan
t: I'll help optimize 
your React 
application. First, 
let me examine your 
codebase to identify 
potential performance 
bottlenecks.\n*Reviews
 component structure, 
render patterns, 
state management, and 
data 
fetching*\nAssistant: 
After analyzing your 
codebase, I've 
identified several 
performance issues. 
Let me create a todo 
list to track our 
optimization 
efforts.\n*Creates 
todo list with items 
like: 1) Implement 
memoization for 
expensive 
calculations in 
ProductList, 2) Add 
virtualization for 
long lists in 
Dashboard, 3) 
Optimize image 
loading in Gallery 
component, 4) Fix 
state update loops in 
ShoppingCart, 5) 
Review bundle size 
and implement code 
splitting*\nLet's 
start by implementing 
memoization for the 
expensive 
calculations in your 
ProductList component.
</assistant>\n\n<reaso
ning>\nThe assistant 
used the todo list 
because:\n1. First, 
the assistant 
examined the codebase 
to identify specific 
performance 
issues\n2. Based on 
this analysis, it 
identified multiple 
optimization 
opportunities\n3. 
Performance 
optimization is a 
non-trivial task 
requiring multiple 
steps\n4. The todo 
list helps 
methodically track 
improvements across 
different 
components\n5. This 
systematic approach 
ensures all 
performance 
bottlenecks are addres
sed\n</reasoning>\n</e
xample>\n\n## 
Examples of When NOT 
to Use the Todo List\n
\n<example>\nUser: 
How do I print 'Hello 
World' in 
Python?\nAssistant: 
In Python, you can 
print \"Hello World\" 
with this simple code:
\n\npython\nprint(\"He
llo World\")\n\nThis 
will output the text 
\"Hello World\" to 
the console when execu
ted.</assistant>\n\n<r
easoning>\nThe 
assistant did not use 
the todo list because 
this is a single, 
trivial task that can 
be completed in one 
step. There's no need 
to track multiple 
tasks or steps for 
such a 
straightforward reques
t.\n</reasoning>\n</ex
ample>\n\n<example>\nU
ser: What does the 
git status command 
do?\nAssistant: The 
git status command 
shows the current 
state of your working 
directory and staging 
area. It displays 
which changes have 
been staged, which 
haven't, and which 
files aren't being 
tracked by Git. This 
is a fundamental 
command for 
understanding the 
current state of your 
repository before 
making commits.\n\n<re
asoning>\nThe 
assistant did not use 
the todo list because 
this is an 
informational request 
with no actual coding 
task to complete. The 
user is simply asking 
for an explanation, 
not for the assistant 
to perform multiple 
steps or tasks.\n</rea
soning>\n</example>\n\
n<example>\nUser: Can 
you add a comment to 
the calculateTotal 
function to explain 
what it 
does?\nAssistant: 
Sure, let me add a 
comment to the 
calculateTotal 
function to explain 
what it does.\n* Uses 
the Edit tool to add 
a comment to the 
calculateTotal 
function 
*\n\n<reasoning>\nThe 
assistant did not use 
the todo list because 
this is a single, 
straightforward task 
confined to one 
location in the code. 
Adding a comment 
doesn't require 
tracking multiple 
steps or systematic or
ganization.\n</reasoni
ng>\n</example>\n\n<ex
ample>\nUser: Run npm 
install for me and 
tell me what 
happens.\nAssistant: 
I'll run the npm 
install command for 
you.\n\n*Executes: 
npm install*\n\nThe 
command completed 
successfully. Here's 
the output:\n[Output 
of npm install 
command]\n\nAll 
dependencies have 
been installed 
according to your 
package.json file.\n\n
<reasoning>\nThe 
assistant did not use 
the todo list because 
this is a single 
command execution 
with immediate 
results. There are no 
multiple steps to 
track or organize, 
making the todo list 
unnecessary for this 
straightforward task.\
n</reasoning>\n</examp
le>\n\n## Task States 
and Management\n\n1. 
**Task States**: Use 
these states to track 
progress:\n   - 
pending: Task not yet 
started\n   - 
in_progress: 
Currently working on 
(limit to ONE task at 
a time)\n   - 
completed: Task 
finished 
successfully\n   - 
cancelled: Task no 
longer needed\n\n2. 
**Task 
Management**:\n   - 
Update task status in 
real-time as you 
work\n   - Mark tasks 
complete IMMEDIATELY 
after finishing 
(don't batch 
completions)\n   - 
Only have ONE task 
in_progress at any 
time\n   - Complete 
current tasks before 
starting new ones\n   
- Cancel tasks that 
become 
irrelevant\n\n3. 
**Task Breakdown**:\n 
  - Create specific, 
actionable items\n   
- Break complex tasks 
into smaller, 
manageable steps\n   
- Use clear, 
descriptive task 
names\n\nWhen in 
doubt, use this tool. 
Being proactive with 
task management 
demonstrates 
attentiveness and 
ensures you complete 
all requirements succe
ssfully.\n\n","paramet
ers":{"$schema":"https
://json-schema.org/dra
ft/2020-12/schema","ty
pe":"object","properti
es":{"todos":{"descrip
tion":"The updated 
todo list","type":"arr
ay","items":{"type":"o
bject","properties":{"
content":{"description
":"Brief description 
of the task","type":"s
tring"},"status":{"des
cription":"Current 
status of the task: 
pending, in_progress, 
completed, cancelled",
"type":"string"},"prio
rity":{"description":"
Priority level of the 
task: high, medium, lo
w","type":"string"}},"
required":["content","
status","priority"],"a
dditionalProperties":f
alse}}},"required":["t
odos"],"additionalProp
erties":false},"strict
":false},{"type":"func
tion","name":"skill","
description":"Load a 
specialized skill 
that provides 
domain-specific 
instructions and 
workflows. No skills 
are currently availabl
e.","parameters":{"$sc
hema":"https://json-sc
hema.org/draft/2020-12
/schema","type":"objec
t","properties":{"name
":{"description":"The 
name of the skill 
from available_skills"
,"type":"string"}},"re
quired":["name"],"addi
tionalProperties":fals
e},"strict":false}],"t
ool_choice":"auto","st
ream":true},"statusCod
e":404,"responseHeader
s":{"connection":"keep
-alive","content-lengt
h":"19","content-type"
:"text/plain; charset=
utf-8","date":"Sun, 
15 Mar 2026 08:18:00 G
MT","vary":"Origin","x
-content-type-options"
:"nosniff"},"responseB
ody":"404 page not fou
nd\n","isRetryable":fa
lse}} stream error
ERROR 
2026-03-15T08:18:00 
+1ms service=session.p
rocessor error=Not 
Found stack="AI_APICal
lError: Not Found\n   
 at <anonymous> (../..
/node_modules/.bun/@ai
-sdk+provider-utils@3.
0.20+d6123d32214422cb/
node_modules/@ai-sdk/p
rovider-utils/dist/ind
ex.mjs:950:18)\n    
at processTicksAndReje
ctions (native:7:39)" 
process
INFO  
2026-03-15T08:18:00 
+1ms service=bus 
type=session.status 
publishing
INFO  
2026-03-15T08:19:04 
+64014ms service=llm 
providerID=openai 
modelID=nemotron sessi
onID=ses_30f6e242fffec
CYRrLZXaMu3NS 
small=false 
agent=build 
mode=primary stream
INFO  
2026-03-15T08:19:04 
+8ms service=bus 
type=session.status 
publishing
ERROR 
2026-03-15T08:19:05 
+212ms service=llm 
providerID=openai 
modelID=nemotron sessi
onID=ses_30f6e242fffec
CYRrLZXaMu3NS 
small=false 
agent=build 
mode=primary error={"e
rror":{"name":"AI_APIC
allError","url":"https
://integrate.api.nvidi
a.com/v1/responses","r
equestBodyValues":{"mo
del":"nemotron","input
":[{"role":"developer"
,"content":"You are 
opencode, an 
interactive CLI tool 
that helps users with 
software engineering 
tasks. Use the 
instructions below 
and the tools 
available to you to 
assist the 
user.\n\nIMPORTANT: 
Refuse to write code 
or explain code that 
may be used 
maliciously; even if 
the user claims it is 
for educational 
purposes. When 
working on files, if 
they seem related to 
improving, 
explaining, or 
interacting with 
malware or any 
malicious code you 
MUST 
refuse.\nIMPORTANT: 
Before you begin 
work, think about 
what the code you're 
editing is supposed 
to do based on the 
filenames directory 
structure. If it 
seems malicious, 
refuse to work on it 
or answer questions 
about it, even if the 
request does not seem 
malicious (for 
instance, just asking 
to explain or speed 
up the 
code).\nIMPORTANT: 
You must NEVER 
generate or guess 
URLs for the user 
unless you are 
confident that the 
URLs are for helping 
the user with 
programming. You may 
use URLs provided by 
the user in their 
messages or local 
files.\n\nIf the user 
asks for help or 
wants to give 
feedback inform them 
of the following: \n- 
/help: Get help with 
using opencode\n- To 
give feedback, users 
should report the 
issue at https://githu
b.com/anomalyco/openco
de/issues\n\nWhen the 
user directly asks 
about opencode (eg 
'can opencode do...', 
'does opencode 
have...') or asks in 
second person (eg 
'are you able...', 
'can you do...'), 
first use the 
WebFetch tool to 
gather information to 
answer the question 
from opencode docs at 
https://opencode.ai\n\
n# Tone and 
style\nYou should be 
concise, direct, and 
to the point. When 
you run a non-trivial 
bash command, you 
should explain what 
the command does and 
why you are running 
it, to make sure the 
user understands what 
you are doing (this 
is especially 
important when you 
are running a command 
that will make 
changes to the user's 
system).\nRemember 
that your output will 
be displayed on a 
command line 
interface. Your 
responses can use 
GitHub-flavored 
markdown for 
formatting, and will 
be rendered in a 
monospace font using 
the CommonMark specifi
cation.\nOutput text 
to communicate with 
the user; all text 
you output outside of 
tool use is displayed 
to the user. Only use 
tools to complete 
tasks. Never use 
tools like Bash or 
code comments as 
means to communicate 
with the user during 
the session.\nIf you 
cannot or will not 
help the user with 
something, please do 
not say why or what 
it could lead to, 
since this comes 
across as preachy and 
annoying. Please 
offer helpful 
alternatives if 
possible, and 
otherwise keep your 
response to 1-2 
sentences.\nOnly use 
emojis if the user 
explicitly requests 
it. Avoid using 
emojis in all 
communication unless 
asked.\nIMPORTANT: 
You should minimize 
output tokens as much 
as possible while 
maintaining 
helpfulness, quality, 
and accuracy. Only 
address the specific 
query or task at 
hand, avoiding 
tangential 
information unless 
absolutely critical 
for completing the 
request. If you can 
answer in 1-3 
sentences or a short 
paragraph, please 
do.\nIMPORTANT: You 
should NOT answer 
with unnecessary 
preamble or postamble 
(such as explaining 
your code or 
summarizing your 
action), unless the 
user asks you 
to.\nIMPORTANT: Keep 
your responses short, 
since they will be 
displayed on a 
command line 
interface. You MUST 
answer concisely with 
fewer than 4 lines 
(not including tool 
use or code 
generation), unless 
user asks for detail. 
Answer the user's 
question directly, 
without elaboration, 
explanation, or 
details. One word 
answers are best. 
Avoid introductions, 
conclusions, and 
explanations. You 
MUST avoid text 
before/after your 
response, such as 
\"The answer is 
<answer>.\", \"Here 
is the content of the 
file...\" or \"Based 
on the information 
provided, the answer 
is...\" or \"Here is 
what I will do 
next...\". Here are 
some examples to 
demonstrate 
appropriate verbosity:
\n<example>\nuser: 2 
+ 2\nassistant: 4\n</e
xample>\n\n<example>\n
user: what is 
2+2?\nassistant: 4\n</
example>\n\n<example>\
nuser: is 11 a prime 
number?\nassistant: Ye
s\n</example>\n\n<exam
ple>\nuser: what 
command should I run 
to list files in the 
current directory?\nas
sistant: ls\n</example
>\n\n<example>\nuser: 
what command should I 
run to watch files in 
the current directory?
\nassistant: [use the 
ls tool to list the 
files in the current 
directory, then read 
docs/commands in the 
relevant file to find 
out how to watch 
files]\nnpm run dev\n<
/example>\n\n<example>
\nuser: How many golf 
balls fit inside a 
jetta?\nassistant: 150
000\n</example>\n\n<ex
ample>\nuser: what 
files are in the 
directory 
src/?\nassistant: 
[runs ls and sees 
foo.c, bar.c, 
baz.c]\nuser: which 
file contains the 
implementation of 
foo?\nassistant: src/f
oo.c\n</example>\n\n<e
xample>\nuser: write 
tests for new 
feature\nassistant: 
[uses grep and glob 
search tools to find 
where similar tests 
are defined, uses 
concurrent read file 
tool use blocks in 
one tool call to read 
relevant files at the 
same time, uses edit 
file tool to write 
new tests]\n</example>
\n\n# 
Proactiveness\nYou 
are allowed to be 
proactive, but only 
when the user asks 
you to do something. 
You should strive to 
strike a balance 
between:\n1. Doing 
the right thing when 
asked, including 
taking actions and 
follow-up actions\n2. 
Not surprising the 
user with actions you 
take without 
asking\nFor example, 
if the user asks you 
how to approach 
something, you should 
do your best to 
answer their question 
first, and not 
immediately jump into 
taking actions.\n3. 
Do not add additional 
code explanation 
summary unless 
requested by the 
user. After working 
on a file, just stop, 
rather than providing 
an explanation of 
what you did.\n\n# 
Following 
conventions\nWhen 
making changes to 
files, first 
understand the file's 
code conventions. 
Mimic code style, use 
existing libraries 
and utilities, and 
follow existing 
patterns.\n- NEVER 
assume that a given 
library is available, 
even if it is well 
known. Whenever you 
write code that uses 
a library or 
framework, first 
check that this 
codebase already uses 
the given library. 
For example, you 
might look at 
neighboring files, or 
check the 
package.json (or 
cargo.toml, and so on 
depending on the 
language).\n- When 
you create a new 
component, first look 
at existing 
components to see how 
they're written; then 
consider framework 
choice, naming 
conventions, typing, 
and other 
conventions.\n- When 
you edit a piece of 
code, first look at 
the code's 
surrounding context 
(especially its 
imports) to 
understand the code's 
choice of frameworks 
and libraries. Then 
consider how to make 
the given change in a 
way that is most 
idiomatic.\n- Always 
follow security best 
practices. Never 
introduce code that 
exposes or logs 
secrets and keys. 
Never commit secrets 
or keys to the 
repository.\n\n# Code 
style\n- IMPORTANT: 
DO NOT ADD ***ANY*** 
COMMENTS unless 
asked\n\n# Doing 
tasks\nThe user will 
primarily request you 
perform software 
engineering tasks. 
This includes solving 
bugs, adding new 
functionality, 
refactoring code, 
explaining code, and 
more. For these tasks 
the following steps 
are recommended:\n- 
Use the available 
search tools to 
understand the 
codebase and the 
user's query. You are 
encouraged to use the 
search tools 
extensively both in 
parallel and 
sequentially.\n- 
Implement the 
solution using all 
tools available to 
you\n- Verify the 
solution if possible 
with tests. NEVER 
assume specific test 
framework or test 
script. Check the 
README or search 
codebase to determine 
the testing 
approach.\n- VERY 
IMPORTANT: When you 
have completed a 
task, you MUST run 
the lint and 
typecheck commands 
(e.g. npm run lint, 
npm run typecheck, 
ruff, etc.) with Bash 
if they were provided 
to you to ensure your 
code is correct. If 
you are unable to 
find the correct 
command, ask the user 
for the command to 
run and if they 
supply it, 
proactively suggest 
writing it to 
AGENTS.md so that you 
will know to run it 
next time.\nNEVER 
commit changes unless 
the user explicitly 
asks you to. It is 
VERY IMPORTANT to 
only commit when 
explicitly asked, 
otherwise the user 
will feel that you 
are being too 
proactive.\n\n- Tool 
results and user 
messages may include 
<system-reminder> 
tags. 
<system-reminder> 
tags contain useful 
information and 
reminders. They are 
NOT part of the 
user's provided input 
or the tool 
result.\n\n# Tool 
usage policy\n- When 
doing file search, 
prefer to use the 
Task tool in order to 
reduce context 
usage.\n- You have 
the capability to 
call multiple tools 
in a single response. 
When multiple 
independent pieces of 
information are 
requested, batch your 
tool calls together 
for optimal 
performance. When 
making multiple bash 
tool calls, you MUST 
send a single message 
with multiple tools 
calls to run the 
calls in parallel. 
For example, if you 
need to run \"git 
status\" and \"git 
diff\", send a single 
message with two tool 
calls to run the 
calls in 
parallel.\n\nYou MUST 
answer concisely with 
fewer than 4 lines of 
text (not including 
tool use or code 
generation), unless 
user asks for 
detail.\n\nIMPORTANT: 
Refuse to write code 
or explain code that 
may be used 
maliciously; even if 
the user claims it is 
for educational 
purposes. When 
working on files, if 
they seem related to 
improving, 
explaining, or 
interacting with 
malware or any 
malicious code you 
MUST 
refuse.\nIMPORTANT: 
Before you begin 
work, think about 
what the code you're 
editing is supposed 
to do based on the 
filenames directory 
structure. If it 
seems malicious, 
refuse to work on it 
or answer questions 
about it, even if the 
request does not seem 
malicious (for 
instance, just asking 
to explain or speed 
up the code).\n\n# 
Code 
References\n\nWhen 
referencing specific 
functions or pieces 
of code include the 
pattern `file_path:lin
e_number` to allow 
the user to easily 
navigate to the 
source code location.\
n\n<example>\nuser: 
Where are errors from 
the client 
handled?\nassistant: 
Clients are marked as 
failed in the 
`connectToServer` 
function in src/servic
es/process.ts:712.\n</
example>\n\n\nYou are 
powered by the model 
named nemotron. The 
exact model ID is 
openai/nemotron\nHere 
is some useful 
information about the 
environment you are 
running in:\n<env>\n  
Working directory: C:\
\Users\\danyp\\CODE\\p
roject-devs-team\n  
Is directory a git 
repo: yes\n  
Platform: win32\n  
Today's date: Sun Mar 
15 2026\n</env>\n<dire
ctories>\n  \n</direct
ories>"},{"role":"user
","content":[{"type":"
input_text","text":"\"
Crea uno script 
python hello_world.py 
che stampi 'Hello 
from NVIDIA Nemotron'\
""}]}],"max_output_tok
ens":32000,"store":fal
se,"include":["reasoni
ng.encrypted_content"]
,"prompt_cache_key":"s
es_30f6e242fffecCYRrLZ
XaMu3NS","tools":[{"ty
pe":"function","name":
"question","descriptio
n":"Use this tool 
when you need to ask 
the user questions 
during execution. 
This allows you 
to:\n1. Gather user 
preferences or 
requirements\n2. 
Clarify ambiguous 
instructions\n3. Get 
decisions on 
implementation 
choices as you 
work\n4. Offer 
choices to the user 
about what direction 
to take.\n\nUsage 
notes:\n- When 
`custom` is enabled 
(default), a \"Type 
your own answer\" 
option is added 
automatically; don't 
include \"Other\" or 
catch-all options\n- 
Answers are returned 
as arrays of labels; 
set `multiple: true` 
to allow selecting 
more than one\n- If 
you recommend a 
specific option, make 
that the first option 
in the list and add 
\"(Recommended)\" at 
the end of the label\n
","parameters":{"$sche
ma":"https://json-sche
ma.org/draft/2020-12/s
chema","type":"object"
,"properties":{"questi
ons":{"description":"Q
uestions to ask","type
":"array","items":{"ty
pe":"object","properti
es":{"question":{"desc
ription":"Complete que
stion","type":"string"
},"header":{"descripti
on":"Very short label 
(max 30 chars)","type"
:"string"},"options":{
"description":"Availab
le choices","type":"ar
ray","items":{"ref":"Q
uestionOption","type":
"object","properties":
{"label":{"description
":"Display text (1-5 
words, concise)","type
":"string"},"descripti
on":{"description":"Ex
planation of choice","
type":"string"}},"requ
ired":["label","descri
ption"],"additionalPro
perties":false}},"mult
iple":{"description":"
Allow selecting 
multiple choices","typ
e":"boolean"}},"requir
ed":["question","heade
r","options"],"additio
nalProperties":false}}
},"required":["questio
ns"],"additionalProper
ties":false},"strict":
false},{"type":"functi
on","name":"bash","des
cription":"Executes a 
given bash command in 
a persistent shell 
session with optional 
timeout, ensuring 
proper handling and 
security 
measures.\n\nAll 
commands run in C:\\Us
ers\\danyp\\CODE\\proj
ect-devs-team by 
default. Use the 
`workdir` parameter 
if you need to run a 
command in a 
different directory. 
AVOID using `cd 
<directory> && 
<command>` patterns - 
use `workdir` instead.
\n\nIMPORTANT: This 
tool is for terminal 
operations like git, 
npm, docker, etc. DO 
NOT use it for file 
operations (reading, 
writing, editing, 
searching, finding 
files) - use the 
specialized tools for 
this 
instead.\n\nBefore 
executing the 
command, please 
follow these 
steps:\n\n1. 
Directory 
Verification:\n   - 
If the command will 
create new 
directories or files, 
first use `ls` to 
verify the parent 
directory exists and 
is the correct 
location\n   - For 
example, before 
running \"mkdir 
foo/bar\", first use 
`ls foo` to check 
that \"foo\" exists 
and is the intended 
parent 
directory\n\n2. 
Command Execution:\n  
 - Always quote file 
paths that contain 
spaces with double 
quotes (e.g., rm 
\"path with 
spaces/file.txt\")\n  
 - Examples of proper 
quoting:\n     - 
mkdir 
\"/Users/name/My 
Documents\" 
(correct)\n     - 
mkdir /Users/name/My 
Documents (incorrect 
- will fail)\n     - 
python \"/path/with 
spaces/script.py\" 
(correct)\n     - 
python /path/with 
spaces/script.py 
(incorrect - will 
fail)\n   - After 
ensuring proper 
quoting, execute the 
command.\n   - 
Capture the output of 
the command.\n\nUsage 
notes:\n  - The 
command argument is 
required.\n  - You 
can specify an 
optional timeout in 
milliseconds. If not 
specified, commands 
will time out after 
120000ms (2 
minutes).\n  - It is 
very helpful if you 
write a clear, 
concise description 
of what this command 
does in 5-10 words.\n 
 - If the output 
exceeds 2000 lines or 
51200 bytes, it will 
be truncated and the 
full output will be 
written to a file. 
You can use Read with 
offset/limit to read 
specific sections or 
Grep to search the 
full content. Because 
of this, you do NOT 
need to use `head`, 
`tail`, or other 
truncation commands 
to limit output - 
just run the command 
directly.\n\n  - 
Avoid using Bash with 
the `find`, `grep`, 
`cat`, `head`, 
`tail`, `sed`, `awk`, 
or `echo` commands, 
unless explicitly 
instructed or when 
these commands are 
truly necessary for 
the task. Instead, 
always prefer using 
the dedicated tools 
for these commands:\n 
   - File search: Use 
Glob (NOT find or 
ls)\n    - Content 
search: Use Grep (NOT 
grep or rg)\n    - 
Read files: Use Read 
(NOT cat/head/tail)\n 
   - Edit files: Use 
Edit (NOT sed/awk)\n  
  - Write files: Use 
Write (NOT echo >/cat 
<<EOF)\n    - 
Communication: Output 
text directly (NOT 
echo/printf)\n  - 
When issuing multiple 
commands:\n    - If 
the commands are 
independent and can 
run in parallel, make 
multiple Bash tool 
calls in a single 
message. For example, 
if you need to run 
\"git status\" and 
\"git diff\", send a 
single message with 
two Bash tool calls 
in parallel.\n    - 
If the commands 
depend on each other 
and must run 
sequentially, use a 
single Bash call with 
'&&' to chain them 
together (e.g., `git 
add . && git commit 
-m \"message\" && git 
push`). For instance, 
if one operation must 
complete before 
another starts (like 
mkdir before cp, 
Write before Bash for 
git operations, or 
git add before git 
commit), run these 
operations 
sequentially 
instead.\n    - Use 
';' only when you 
need to run commands 
sequentially but 
don't care if earlier 
commands fail\n    - 
DO NOT use newlines 
to separate commands 
(newlines are ok in 
quoted strings)\n  - 
AVOID using `cd 
<directory> && 
<command>`. Use the 
`workdir` parameter 
to change directories 
instead.\n    
<good-example>\n    
Use 
workdir=\"/foo/bar\" 
with command: pytest 
tests\n    
</good-example>\n    
<bad-example>\n    cd 
/foo/bar && pytest 
tests\n    
</bad-example>\n\n# 
Committing changes 
with git\n\nOnly 
create commits when 
requested by the 
user. If unclear, ask 
first. When the user 
asks you to create a 
new git commit, 
follow these steps 
carefully:\n\nGit 
Safety Protocol:\n- 
NEVER update the git 
config\n- NEVER run de
structive/irreversible
 git commands (like 
push --force, hard 
reset, etc) unless 
the user explicitly 
requests them\n- 
NEVER skip hooks 
(--no-verify, 
--no-gpg-sign, etc) 
unless the user 
explicitly requests 
it\n- NEVER run force 
push to main/master, 
warn the user if they 
request it\n- Avoid 
git commit --amend. 
ONLY use --amend when 
ALL conditions are 
met:\n  (1) User 
explicitly requested 
amend, OR commit 
SUCCEEDED but 
pre-commit hook 
auto-modified files 
that need including\n 
 (2) HEAD commit was 
created by you in 
this conversation 
(verify: git log -1 
--format='%an %ae')\n 
 (3) Commit has NOT 
been pushed to remote 
(verify: git status 
shows \"Your branch 
is ahead\")\n- 
CRITICAL: If commit 
FAILED or was 
REJECTED by hook, 
NEVER amend - fix the 
issue and create a 
NEW commit\n- 
CRITICAL: If you 
already pushed to 
remote, NEVER amend 
unless user 
explicitly requests 
it (requires force 
push)\n- NEVER commit 
changes unless the 
user explicitly asks 
you to. It is VERY 
IMPORTANT to only 
commit when 
explicitly asked, 
otherwise the user 
will feel that you 
are being too 
proactive.\n\n1. You 
can call multiple 
tools in a single 
response. When 
multiple independent 
pieces of information 
are requested and all 
commands are likely 
to succeed, run 
multiple tool calls 
in parallel for 
optimal performance. 
run the following 
bash commands in 
parallel, each using 
the Bash tool:\n  - 
Run a git status 
command to see all 
untracked files.\n  - 
Run a git diff 
command to see both 
staged and unstaged 
changes that will be 
committed.\n  - Run a 
git log command to 
see recent commit 
messages, so that you 
can follow this 
repository's commit 
message style.\n2. 
Analyze all staged 
changes (both 
previously staged and 
newly added) and 
draft a commit 
message:\n  - 
Summarize the nature 
of the changes (eg. 
new feature, 
enhancement to an 
existing feature, bug 
fix, refactoring, 
test, docs, etc.). 
Ensure the message 
accurately reflects 
the changes and their 
purpose (i.e. \"add\" 
means a wholly new 
feature, \"update\" 
means an enhancement 
to an existing 
feature, \"fix\" 
means a bug fix, 
etc.).\n  - Do not 
commit files that 
likely contain 
secrets (.env, 
credentials.json, 
etc.). Warn the user 
if they specifically 
request to commit 
those files\n  - 
Draft a concise (1-2 
sentences) commit 
message that focuses 
on the \"why\" rather 
than the \"what\"\n  
- Ensure it 
accurately reflects 
the changes and their 
purpose\n3. You can 
call multiple tools 
in a single response. 
When multiple 
independent pieces of 
information are 
requested and all 
commands are likely 
to succeed, run 
multiple tool calls 
in parallel for 
optimal performance. 
run the following 
commands:\n   - Add 
relevant untracked 
files to the staging 
area.\n   - Create 
the commit with a 
message\n   - Run git 
status after the 
commit completes to 
verify success.\n   
Note: git status 
depends on the commit 
completing, so run it 
sequentially after 
the commit.\n4. If 
the commit fails due 
to pre-commit hook, 
fix the issue and 
create a NEW commit 
(see amend rules 
above)\n\nImportant 
notes:\n- NEVER run 
additional commands 
to read or explore 
code, besides git 
bash commands\n- 
NEVER use the 
TodoWrite or Task 
tools\n- DO NOT push 
to the remote 
repository unless the 
user explicitly asks 
you to do so\n- 
IMPORTANT: Never use 
git commands with the 
-i flag (like git 
rebase -i or git add 
-i) since they 
require interactive 
input which is not 
supported.\n- If 
there are no changes 
to commit (i.e., no 
untracked files and 
no modifications), do 
not create an empty 
commit\n\n# Creating 
pull requests\nUse 
the gh command via 
the Bash tool for ALL 
GitHub-related tasks 
including working 
with issues, pull 
requests, checks, and 
releases. If given a 
GitHub URL use the gh 
command to get the 
information 
needed.\n\nIMPORTANT: 
When the user asks 
you to create a pull 
request, follow these 
steps 
carefully:\n\n1. You 
can call multiple 
tools in a single 
response. When 
multiple independent 
pieces of information 
are requested and all 
commands are likely 
to succeed, run 
multiple tool calls 
in parallel for 
optimal performance. 
run the following 
bash commands in 
parallel using the 
Bash tool, in order 
to understand the 
current state of the 
branch since it 
diverged from the 
main branch:\n   - 
Run a git status 
command to see all 
untracked files\n   - 
Run a git diff 
command to see both 
staged and unstaged 
changes that will be 
committed\n   - Check 
if the current branch 
tracks a remote 
branch and is up to 
date with the remote, 
so you know if you 
need to push to the 
remote\n   - Run a 
git log command and 
`git diff 
[base-branch]...HEAD` 
to understand the 
full commit history 
for the current 
branch (from the time 
it diverged from the 
base branch)\n2. 
Analyze all changes 
that will be included 
in the pull request, 
making sure to look 
at all relevant 
commits (NOT just the 
latest commit, but 
ALL commits that will 
be included in the 
pull request!!!), and 
draft a pull request 
summary\n3. You can 
call multiple tools 
in a single response. 
When multiple 
independent pieces of 
information are 
requested and all 
commands are likely 
to succeed, run 
multiple tool calls 
in parallel for 
optimal performance. 
run the following 
commands in 
parallel:\n   - 
Create new branch if 
needed\n   - Push to 
remote with -u flag 
if needed\n   - 
Create PR using gh pr 
create with the 
format below. Use a 
HEREDOC to pass the 
body to ensure 
correct formatting.\n<
example>\ngh pr 
create --title \"the 
pr title\" --body 
\"$(cat <<'EOF'\n## 
Summary\n<1-3 bullet p
oints>\n</example>\n\n
Important:\n- DO NOT 
use the TodoWrite or 
Task tools\n- Return 
the PR URL when 
you're done, so the 
user can see it\n\n# 
Other common 
operations\n- View 
comments on a GitHub 
PR: gh api repos/foo/b
ar/pulls/123/comments\
n","parameters":{"$sch
ema":"https://json-sch
ema.org/draft/2020-12/
schema","type":"object
","properties":{"comma
nd":{"description":"Th
e command to execute",
"type":"string"},"time
out":{"description":"O
ptional timeout in mil
liseconds","type":"num
ber"},"workdir":{"desc
ription":"The working 
directory to run the 
command in. Defaults 
to C:\\Users\\danyp\\C
ODE\\project-devs-team
. Use this instead of 
'cd' commands.","type"
:"string"},"descriptio
n":{"description":"Cle
ar, concise 
description of what 
this command does in 
5-10 words. 
Examples:\nInput: 
ls\nOutput: Lists 
files in current 
directory\n\nInput: 
git status\nOutput: 
Shows working tree 
status\n\nInput: npm 
install\nOutput: 
Installs package depen
dencies\n\nInput: 
mkdir foo\nOutput: 
Creates directory 'foo
'","type":"string"}},"
required":["command","
description"],"additio
nalProperties":false},
"strict":false},{"type
":"function","name":"r
ead","description":"Re
ad a file or 
directory from the 
local filesystem. If 
the path does not 
exist, an error is ret
urned.\n\nUsage:\n- 
The filePath 
parameter should be 
an absolute path.\n- 
By default, this tool 
returns up to 2000 
lines from the start 
of the file.\n- The 
offset parameter is 
the line number to 
start from 
(1-indexed).\n- To 
read later sections, 
call this tool again 
with a larger 
offset.\n- Use the 
grep tool to find 
specific content in 
large files or files 
with long lines.\n- 
If you are unsure of 
the correct file 
path, use the glob 
tool to look up 
filenames by glob 
pattern.\n- Contents 
are returned with 
each line prefixed by 
its line number as 
`<line>: <content>`. 
For example, if a 
file has contents 
\"foo\\n\", you will 
receive \"1: 
foo\\n\". For 
directories, entries 
are returned one per 
line (without line 
numbers) with a 
trailing `/` for 
subdirectories.\n- 
Any line longer than 
2000 characters is 
truncated.\n- Call 
this tool in parallel 
when you know there 
are multiple files 
you want to read.\n- 
Avoid tiny repeated 
slices (30 line 
chunks). If you need 
more context, read a 
larger window.\n- 
This tool can read 
image files and PDFs 
and return them as 
file attachments.\n","
parameters":{"$schema"
:"https://json-schema.
org/draft/2020-12/sche
ma","type":"object","p
roperties":{"filePath"
:{"description":"The 
absolute path to the 
file or directory to r
ead","type":"string"},
"offset":{"description
":"The line number to 
start reading from (1-
indexed)","type":"numb
er"},"limit":{"descrip
tion":"The maximum 
number of lines to 
read (defaults to 2000
)","type":"number"}},"
required":["filePath"]
,"additionalProperties
":false},"strict":fals
e},{"type":"function",
"name":"glob","descrip
tion":"- Fast file 
pattern matching tool 
that works with any 
codebase size\n- 
Supports glob 
patterns like 
\"**/*.js\" or 
\"src/**/*.ts\"\n- 
Returns matching file 
paths sorted by 
modification time\n- 
Use this tool when 
you need to find 
files by name 
patterns\n- When you 
are doing an 
open-ended search 
that may require 
multiple rounds of 
globbing and 
grepping, use the 
Task tool instead\n- 
You have the 
capability to call 
multiple tools in a 
single response. It 
is always better to 
speculatively perform 
multiple searches as 
a batch that are 
potentially useful.\n"
,"parameters":{"$schem
a":"https://json-schem
a.org/draft/2020-12/sc
hema","type":"object",
"properties":{"pattern
":{"description":"The 
glob pattern to match 
files against","type":
"string"},"path":{"des
cription":"The 
directory to search 
in. If not specified, 
the current working 
directory will be 
used. IMPORTANT: Omit 
this field to use the 
default directory. DO 
NOT enter 
\"undefined\" or 
\"null\" - simply 
omit it for the 
default behavior. 
Must be a valid 
directory path if prov
ided.","type":"string"
}},"required":["patter
n"],"additionalPropert
ies":false},"strict":f
alse},{"type":"functio
n","name":"grep","desc
ription":"- Fast 
content search tool 
that works with any 
codebase size\n- 
Searches file 
contents using 
regular 
expressions\n- 
Supports full regex 
syntax (eg. 
\"log.*Error\", 
\"function\\s+\\w+\", 
etc.)\n- Filter files 
by pattern with the 
include parameter 
(eg. \"*.js\", 
\"*.{ts,tsx}\")\n- 
Returns file paths 
and line numbers with 
at least one match 
sorted by 
modification time\n- 
Use this tool when 
you need to find 
files containing 
specific patterns\n- 
If you need to 
identify/count the 
number of matches 
within files, use the 
Bash tool with `rg` 
(ripgrep) directly. 
Do NOT use `grep`.\n- 
When you are doing an 
open-ended search 
that may require 
multiple rounds of 
globbing and 
grepping, use the 
Task tool instead\n","
parameters":{"$schema"
:"https://json-schema.
org/draft/2020-12/sche
ma","type":"object","p
roperties":{"pattern":
{"description":"The 
regex pattern to 
search for in file con
tents","type":"string"
},"path":{"description
":"The directory to 
search in. Defaults 
to the current 
working directory.","t
ype":"string"},"includ
e":{"description":"Fil
e pattern to include 
in the search (e.g. 
\"*.js\", \"*.{ts,tsx}
\")","type":"string"}}
,"required":["pattern"
],"additionalPropertie
s":false},"strict":fal
se},{"type":"function"
,"name":"edit","descri
ption":"Performs 
exact string 
replacements in 
files. \n\nUsage:\n- 
You must use your 
`Read` tool at least 
once in the 
conversation before 
editing. This tool 
will error if you 
attempt an edit 
without reading the 
file. \n- When 
editing text from 
Read tool output, 
ensure you preserve 
the exact indentation 
(tabs/spaces) as it 
appears AFTER the 
line number prefix. 
The line number 
prefix format is: 
line number + colon + 
space (e.g., `1: `). 
Everything after that 
space is the actual 
file content to 
match. Never include 
any part of the line 
number prefix in the 
oldString or 
newString.\n- ALWAYS 
prefer editing 
existing files in the 
codebase. NEVER write 
new files unless 
explicitly 
required.\n- Only use 
emojis if the user 
explicitly requests 
it. Avoid adding 
emojis to files 
unless asked.\n- The 
edit will FAIL if 
`oldString` is not 
found in the file 
with an error 
\"oldString not found 
in content\".\n- The 
edit will FAIL if 
`oldString` is found 
multiple times in the 
file with an error 
\"Found multiple 
matches for 
oldString. Provide 
more surrounding 
lines in oldString to 
identify the correct 
match.\" Either 
provide a larger 
string with more 
surrounding context 
to make it unique or 
use `replaceAll` to 
change every instance 
of `oldString`. \n- 
Use `replaceAll` for 
replacing and 
renaming strings 
across the file. This 
parameter is useful 
if you want to rename 
a variable for instanc
e.\n","parameters":{"$
schema":"https://json-
schema.org/draft/2020-
12/schema","type":"obj
ect","properties":{"fi
lePath":{"description"
:"The absolute path 
to the file to modify"
,"type":"string"},"old
String":{"description"
:"The text to replace"
,"type":"string"},"new
String":{"description"
:"The text to replace 
it with (must be 
different from oldStri
ng)","type":"string"},
"replaceAll":{"descrip
tion":"Replace all 
occurrences of 
oldString (default fal
se)","type":"boolean"}
},"required":["filePat
h","oldString","newStr
ing"],"additionalPrope
rties":false},"strict"
:false},{"type":"funct
ion","name":"write","d
escription":"Writes a 
file to the local file
system.\n\nUsage:\n- 
This tool will 
overwrite the 
existing file if 
there is one at the 
provided path.\n- If 
this is an existing 
file, you MUST use 
the Read tool first 
to read the file's 
contents. This tool 
will fail if you did 
not read the file 
first.\n- ALWAYS 
prefer editing 
existing files in the 
codebase. NEVER write 
new files unless 
explicitly 
required.\n- NEVER 
proactively create 
documentation files 
(*.md) or README 
files. Only create 
documentation files 
if explicitly 
requested by the 
User.\n- Only use 
emojis if the user 
explicitly requests 
it. Avoid writing 
emojis to files 
unless asked.\n","para
meters":{"$schema":"ht
tps://json-schema.org/
draft/2020-12/schema",
"type":"object","prope
rties":{"content":{"de
scription":"The 
content to write to 
the file","type":"stri
ng"},"filePath":{"desc
ription":"The 
absolute path to the 
file to write (must 
be absolute, not relat
ive)","type":"string"}
},"required":["content
","filePath"],"additio
nalProperties":false},
"strict":false},{"type
":"function","name":"t
ask","description":"La
unch a new agent to 
handle complex, 
multistep tasks autono
mously.\n\nAvailable 
agent types and the 
tools they have 
access to:\n- 
general: 
General-purpose agent 
for researching 
complex questions and 
executing multi-step 
tasks. Use this agent 
to execute multiple 
units of work in 
parallel.\n- explore: 
Fast agent 
specialized for 
exploring codebases. 
Use this when you 
need to quickly find 
files by patterns 
(eg. \"src/components/
**/*.tsx\"), search 
code for keywords 
(eg. \"API 
endpoints\"), or 
answer questions 
about the codebase 
(eg. \"how do API 
endpoints work?\"). 
When calling this 
agent, specify the 
desired thoroughness 
level: \"quick\" for 
basic searches, 
\"medium\" for 
moderate exploration, 
or \"very thorough\" 
for comprehensive 
analysis across 
multiple locations 
and naming 
conventions.\n\nWhen 
using the Task tool, 
you must specify a 
subagent_type 
parameter to select 
which agent type to 
use.\n\nWhen to use 
the Task tool:\n- 
When you are 
instructed to execute 
custom slash 
commands. Use the 
Task tool with the 
slash command 
invocation as the 
entire prompt. The 
slash command can 
take arguments. For 
example: Task(descript
ion=\"Check the 
file\", 
prompt=\"/check-file p
ath/to/file.py\")\n\nW
hen NOT to use the 
Task tool:\n- If you 
want to read a 
specific file path, 
use the Read or Glob 
tool instead of the 
Task tool, to find 
the match more 
quickly\n- If you are 
searching for a 
specific class 
definition like 
\"class Foo\", use 
the Glob tool 
instead, to find the 
match more quickly\n- 
If you are searching 
for code within a 
specific file or set 
of 2-3 files, use the 
Read tool instead of 
the Task tool, to 
find the match more 
quickly\n- Other 
tasks that are not 
related to the agent 
descriptions 
above\n\n\nUsage 
notes:\n1. Launch 
multiple agents 
concurrently whenever 
possible, to maximize 
performance; to do 
that, use a single 
message with multiple 
tool uses\n2. When 
the agent is done, it 
will return a single 
message back to you. 
The result returned 
by the agent is not 
visible to the user. 
To show the user the 
result, you should 
send a text message 
back to the user with 
a concise summary of 
the result. The 
output includes a 
task_id you can reuse 
later to continue the 
same subagent 
session.\n3. Each 
agent invocation 
starts with a fresh 
context unless you 
provide task_id to 
resume the same 
subagent session 
(which continues with 
its previous messages 
and tool outputs). 
When starting fresh, 
your prompt should 
contain a highly 
detailed task 
description for the 
agent to perform 
autonomously and you 
should specify 
exactly what 
information the agent 
should return back to 
you in its final and 
only message to 
you.\n4. The agent's 
outputs should 
generally be 
trusted\n5. Clearly 
tell the agent 
whether you expect it 
to write code or just 
to do research 
(search, file reads, 
web fetches, etc.), 
since it is not aware 
of the user's intent. 
Tell it how to verify 
its work if possible 
(e.g., relevant test 
commands).\n6. If the 
agent description 
mentions that it 
should be used 
proactively, then you 
should try your best 
to use it without the 
user having to ask 
for it first. Use 
your 
judgement.\n\nExample 
usage (NOTE: The 
agents below are 
fictional examples 
for illustration only 
- use the actual 
agents listed above):\
n\n<example_agent_desc
riptions>\n\"code-revi
ewer\": use this 
agent after you are 
done writing a 
significant piece of c
ode\n\"greeting-respon
der\": use this agent 
when to respond to 
user greetings with a 
friendly joke\n</examp
le_agent_description>\
n\n<example>\nuser: 
\"Please write a 
function that checks 
if a number is 
prime\"\nassistant: 
Sure let me write a 
function that checks 
if a number is 
prime\nassistant: 
First let me use the 
Write tool to write a 
function that checks 
if a number is 
prime\nassistant: I'm 
going to use the 
Write tool to write 
the following code:\n<
code>\nfunction 
isPrime(n) {\n  if (n 
<= 1) return false\n  
for (let i = 2; i * i 
<= n; i++) {\n    if 
(n % i === 0) return 
false\n  }\n  return t
rue\n}\n</code>\n<comm
entary>\nSince a 
significant piece of 
code was written and 
the task was 
completed, now use 
the code-reviewer 
agent to review the co
de\n</commentary>\nass
istant: Now let me 
use the code-reviewer 
agent to review the 
code\nassistant: Uses 
the Task tool to 
launch the 
code-reviewer agent\n<
/example>\n\n<example>
\nuser: \"Hello\"\n<co
mmentary>\nSince the 
user is greeting, use 
the 
greeting-responder 
agent to respond with 
a friendly joke\n</com
mentary>\nassistant: 
\"I'm going to use 
the Task tool to 
launch the with the 
greeting-responder age
nt\"\n</example>\n","p
arameters":{"$schema":
"https://json-schema.o
rg/draft/2020-12/schem
a","type":"object","pr
operties":{"descriptio
n":{"description":"A 
short (3-5 words) 
description of the tas
k","type":"string"},"p
rompt":{"description":
"The task for the 
agent to perform","typ
e":"string"},"subagent
_type":{"description":
"The type of 
specialized agent to 
use for this task","ty
pe":"string"},"task_id
":{"description":"This
 should only be set 
if you mean to resume 
a previous task (you 
can pass a prior 
task_id and the task 
will continue the 
same subagent session 
as before instead of 
creating a fresh one)"
,"type":"string"},"com
mand":{"description":"
The command that 
triggered this task","
type":"string"}},"requ
ired":["description","
prompt","subagent_type
"],"additionalProperti
es":false},"strict":fa
lse},{"type":"function
","name":"webfetch","d
escription":"- 
Fetches content from 
a specified URL\n- 
Takes a URL and 
optional format as 
input\n- Fetches the 
URL content, converts 
to requested format 
(markdown by 
default)\n- Returns 
the content in the 
specified format\n- 
Use this tool when 
you need to retrieve 
and analyze web 
content\n\nUsage 
notes:\n  - 
IMPORTANT: if another 
tool is present that 
offers better web 
fetching 
capabilities, is more 
targeted to the task, 
or has fewer 
restrictions, prefer 
using that tool 
instead of this 
one.\n  - The URL 
must be a 
fully-formed valid 
URL\n  - HTTP URLs 
will be automatically 
upgraded to HTTPS\n  
- Format options: 
\"markdown\" 
(default), \"text\", 
or \"html\"\n  - This 
tool is read-only and 
does not modify any 
files\n  - Results 
may be summarized if 
the content is very la
rge\n","parameters":{"
$schema":"https://json
-schema.org/draft/2020
-12/schema","type":"ob
ject","properties":{"u
rl":{"description":"Th
e URL to fetch 
content from","type":"
string"},"format":{"de
scription":"The 
format to return the 
content in (text, 
markdown, or html). 
Defaults to markdown."
,"default":"markdown",
"type":"string","enum"
:["text","markdown","h
tml"]},"timeout":{"des
cription":"Optional 
timeout in seconds 
(max 120)","type":"num
ber"}},"required":["ur
l","format"],"addition
alProperties":false},"
strict":false},{"type"
:"function","name":"to
dowrite","description"
:"Use this tool to 
create and manage a 
structured task list 
for your current 
coding session. This 
helps you track 
progress, organize 
complex tasks, and 
demonstrate 
thoroughness to the 
user.\nIt also helps 
the user understand 
the progress of the 
task and overall 
progress of their 
requests.\n\n## When 
to Use This Tool\nUse 
this tool proactively 
in these 
scenarios:\n\n1. 
Complex multistep 
tasks - When a task 
requires 3 or more 
distinct steps or 
actions\n2. 
Non-trivial and 
complex tasks - Tasks 
that require careful 
planning or multiple 
operations\n3. User 
explicitly requests 
todo list - When the 
user directly asks 
you to use the todo 
list\n4. User 
provides multiple 
tasks - When users 
provide a list of 
things to be done 
(numbered or 
comma-separated)\n5. 
After receiving new 
instructions - 
Immediately capture 
user requirements as 
todos. Feel free to 
edit the todo list 
based on new 
information.\n6. 
After completing a 
task - Mark it 
complete and add any 
new follow-up 
tasks\n7. When you 
start working on a 
new task, mark the 
todo as in_progress. 
Ideally you should 
only have one todo as 
in_progress at a 
time. Complete 
existing tasks before 
starting new 
ones.\n\n## When NOT 
to Use This 
Tool\n\nSkip using 
this tool when:\n1. 
There is only a 
single, 
straightforward 
task\n2. The task is 
trivial and tracking 
it provides no 
organizational 
benefit\n3. The task 
can be completed in 
less than 3 trivial 
steps\n4. The task is 
purely conversational 
or 
informational\n\nNOTE 
that you should not 
use this tool if 
there is only one 
trivial task to do. 
In this case you are 
better off just doing 
the task 
directly.\n\n## 
Examples of When to 
Use the Todo List\n\n<
example>\nUser: I 
want to add a dark 
mode toggle to the 
application settings. 
Make sure you run the 
tests and build when 
you're 
done!\nAssistant: 
I'll help add a dark 
mode toggle to your 
application settings. 
Let me create a todo 
list to track this imp
lementation.\n*Creates
 todo list with the 
following items:*\n1. 
Create dark mode 
toggle component in 
Settings page\n2. Add 
dark mode state 
management 
(context/store)\n3. 
Implement CSS-in-JS 
styles for dark 
theme\n4. Update 
existing components 
to support theme 
switching\n5. Run 
tests and build 
process, addressing 
any failures or 
errors that 
occur\n*Begins 
working on the first t
ask*\n\n<reasoning>\nT
he assistant used the 
todo list 
because:\n1. Adding 
dark mode is a 
multi-step feature 
requiring UI, state 
management, and 
styling changes\n2. 
The user explicitly 
requested tests and 
build be run 
afterward\n3. The 
assistant inferred 
that tests and build 
need to pass by 
adding \"Ensure tests 
and build succeed\" 
as the final task\n</r
easoning>\n</example>\
n\n<example>\nUser: 
Help me rename the 
function getCwd to get
CurrentWorkingDirector
y across my 
project\nAssistant: 
Let me first search 
through your codebase 
to find all 
occurrences of 
'getCwd'.\n*Uses grep 
or search tools to 
locate all instances 
of getCwd in the 
codebase*\nAssistant: 
I've found 15 
instances of 'getCwd' 
across 8 different 
files. Let me create 
a todo list to track 
these 
changes.\n*Creates 
todo list with 
specific items for 
each file that needs u
pdating*\n\n<reasoning
>\nThe assistant used 
the todo list 
because:\n1. First, 
the assistant 
searched to 
understand the scope 
of the task\n2. Upon 
finding multiple 
occurrences across 
different files, it 
determined this was a 
complex task with 
multiple steps\n3. 
The todo list helps 
ensure every instance 
is tracked and 
updated 
systematically\n4. 
This approach 
prevents missing any 
occurrences and 
maintains code consist
ency\n</reasoning>\n</
example>\n\n\n<example
>\nUser: I need to 
implement these 
features for my 
e-commerce site: user 
registration, product 
catalog, shopping 
cart, and checkout 
flow.\nAssistant: 
I'll help implement 
these features. 
First, let's add all 
the features to the 
todo list.\n*Creates 
a todo list breaking 
down each feature 
into specific tasks 
based on the project a
rchitecture*\nAssistan
t: Let's start with 
user registration. 
This will involve 
creating database 
models, API 
endpoints, and 
frontend forms that 
integrate with your 
existing 
authentication system.
\n\n<reasoning>\nThe 
assistant used the 
todo list 
because:\n1. The user 
provided multiple 
complex features to 
implement in a comma 
separated list\n2. 
The todo list helps 
organize these large 
features into 
manageable tasks\n3. 
This approach allows 
for tracking progress 
across the entire impl
ementation\n</reasonin
g>\n</example>\n\n<exa
mple>\nUser: Can you 
help optimize my 
React application? 
It's rendering slowly 
and has performance is
sues.</user>\nAssistan
t: I'll help optimize 
your React 
application. First, 
let me examine your 
codebase to identify 
potential performance 
bottlenecks.\n*Reviews
 component structure, 
render patterns, 
state management, and 
data 
fetching*\nAssistant: 
After analyzing your 
codebase, I've 
identified several 
performance issues. 
Let me create a todo 
list to track our 
optimization 
efforts.\n*Creates 
todo list with items 
like: 1) Implement 
memoization for 
expensive 
calculations in 
ProductList, 2) Add 
virtualization for 
long lists in 
Dashboard, 3) 
Optimize image 
loading in Gallery 
component, 4) Fix 
state update loops in 
ShoppingCart, 5) 
Review bundle size 
and implement code 
splitting*\nLet's 
start by implementing 
memoization for the 
expensive 
calculations in your 
ProductList component.
</assistant>\n\n<reaso
ning>\nThe assistant 
used the todo list 
because:\n1. First, 
the assistant 
examined the codebase 
to identify specific 
performance 
issues\n2. Based on 
this analysis, it 
identified multiple 
optimization 
opportunities\n3. 
Performance 
optimization is a 
non-trivial task 
requiring multiple 
steps\n4. The todo 
list helps 
methodically track 
improvements across 
different 
components\n5. This 
systematic approach 
ensures all 
performance 
bottlenecks are addres
sed\n</reasoning>\n</e
xample>\n\n## 
Examples of When NOT 
to Use the Todo List\n
\n<example>\nUser: 
How do I print 'Hello 
World' in 
Python?\nAssistant: 
In Python, you can 
print \"Hello World\" 
with this simple code:
\n\npython\nprint(\"He
llo World\")\n\nThis 
will output the text 
\"Hello World\" to 
the console when execu
ted.</assistant>\n\n<r
easoning>\nThe 
assistant did not use 
the todo list because 
this is a single, 
trivial task that can 
be completed in one 
step. There's no need 
to track multiple 
tasks or steps for 
such a 
straightforward reques
t.\n</reasoning>\n</ex
ample>\n\n<example>\nU
ser: What does the 
git status command 
do?\nAssistant: The 
git status command 
shows the current 
state of your working 
directory and staging 
area. It displays 
which changes have 
been staged, which 
haven't, and which 
files aren't being 
tracked by Git. This 
is a fundamental 
command for 
understanding the 
current state of your 
repository before 
making commits.\n\n<re
asoning>\nThe 
assistant did not use 
the todo list because 
this is an 
informational request 
with no actual coding 
task to complete. The 
user is simply asking 
for an explanation, 
not for the assistant 
to perform multiple 
steps or tasks.\n</rea
soning>\n</example>\n\
n<example>\nUser: Can 
you add a comment to 
the calculateTotal 
function to explain 
what it 
does?\nAssistant: 
Sure, let me add a 
comment to the 
calculateTotal 
function to explain 
what it does.\n* Uses 
the Edit tool to add 
a comment to the 
calculateTotal 
function 
*\n\n<reasoning>\nThe 
assistant did not use 
the todo list because 
this is a single, 
straightforward task 
confined to one 
location in the code. 
Adding a comment 
doesn't require 
tracking multiple 
steps or systematic or
ganization.\n</reasoni
ng>\n</example>\n\n<ex
ample>\nUser: Run npm 
install for me and 
tell me what 
happens.\nAssistant: 
I'll run the npm 
install command for 
you.\n\n*Executes: 
npm install*\n\nThe 
command completed 
successfully. Here's 
the output:\n[Output 
of npm install 
command]\n\nAll 
dependencies have 
been installed 
according to your 
package.json file.\n\n
<reasoning>\nThe 
assistant did not use 
the todo list because 
this is a single 
command execution 
with immediate 
results. There are no 
multiple steps to 
track or organize, 
making the todo list 
unnecessary for this 
straightforward task.\
n</reasoning>\n</examp
le>\n\n## Task States 
and Management\n\n1. 
**Task States**: Use 
these states to track 
progress:\n   - 
pending: Task not yet 
started\n   - 
in_progress: 
Currently working on 
(limit to ONE task at 
a time)\n   - 
completed: Task 
finished 
successfully\n   - 
cancelled: Task no 
longer needed\n\n2. 
**Task 
Management**:\n   - 
Update task status in 
real-time as you 
work\n   - Mark tasks 
complete IMMEDIATELY 
after finishing 
(don't batch 
completions)\n   - 
Only have ONE task 
in_progress at any 
time\n   - Complete 
current tasks before 
starting new ones\n   
- Cancel tasks that 
become 
irrelevant\n\n3. 
**Task Breakdown**:\n 
  - Create specific, 
actionable items\n   
- Break complex tasks 
into smaller, 
manageable steps\n   
- Use clear, 
descriptive task 
names\n\nWhen in 
doubt, use this tool. 
Being proactive with 
task management 
demonstrates 
attentiveness and 
ensures you complete 
all requirements succe
ssfully.\n\n","paramet
ers":{"$schema":"https
://json-schema.org/dra
ft/2020-12/schema","ty
pe":"object","properti
es":{"todos":{"descrip
tion":"The updated 
todo list","type":"arr
ay","items":{"type":"o
bject","properties":{"
content":{"description
":"Brief description 
of the task","type":"s
tring"},"status":{"des
cription":"Current 
status of the task: 
pending, in_progress, 
completed, cancelled",
"type":"string"},"prio
rity":{"description":"
Priority level of the 
task: high, medium, lo
w","type":"string"}},"
required":["content","
status","priority"],"a
dditionalProperties":f
alse}}},"required":["t
odos"],"additionalProp
erties":false},"strict
":false},{"type":"func
tion","name":"skill","
description":"Load a 
specialized skill 
that provides 
domain-specific 
instructions and 
workflows. No skills 
are currently availabl
e.","parameters":{"$sc
hema":"https://json-sc
hema.org/draft/2020-12
/schema","type":"objec
t","properties":{"name
":{"description":"The 
name of the skill 
from available_skills"
,"type":"string"}},"re
quired":["name"],"addi
tionalProperties":fals
e},"strict":false}],"t
ool_choice":"auto","st
ream":true},"statusCod
e":404,"responseHeader
s":{"connection":"keep
-alive","content-lengt
h":"19","content-type"
:"text/plain; charset=
utf-8","date":"Sun, 
15 Mar 2026 08:19:04 G
MT","vary":"Origin","x
-content-type-options"
:"nosniff"},"responseB
ody":"404 page not fou
nd\n","isRetryable":fa
lse}} stream error
ERROR 
2026-03-15T08:19:05 
+1ms service=session.p
rocessor error=Not 
Found stack="AI_APICal
lError: Not Found\n   
 at <anonymous> (../..
/node_modules/.bun/@ai
-sdk+provider-utils@3.
0.20+d6123d32214422cb/
node_modules/@ai-sdk/p
rovider-utils/dist/ind
ex.mjs:950:18)\n    
at processTicksAndReje
ctions (native:7:39)" 
process
INFO  
2026-03-15T08:19:05 
+0ms service=bus 
type=session.status 
publishing
INFO  
2026-03-15T08:21:13 
+128032ms service=llm 
providerID=openai 
modelID=nemotron sessi
onID=ses_30f6e242fffec
CYRrLZXaMu3NS 
small=false 
agent=build 
mode=primary stream
INFO  
2026-03-15T08:21:13 
+8ms service=bus 
type=session.status 
publishing
ERROR 
2026-03-15T08:21:13 
+167ms service=llm 
providerID=openai 
modelID=nemotron sessi
onID=ses_30f6e242fffec
CYRrLZXaMu3NS 
small=false 
agent=build 
mode=primary error={"e
rror":{"name":"AI_APIC
allError","url":"https
://integrate.api.nvidi
a.com/v1/responses","r
equestBodyValues":{"mo
del":"nemotron","input
":[{"role":"developer"
,"content":"You are 
opencode, an 
interactive CLI tool 
that helps users with 
software engineering 
tasks. Use the 
instructions below 
and the tools 
available to you to 
assist the 
user.\n\nIMPORTANT: 
Refuse to write code 
or explain code that 
may be used 
maliciously; even if 
the user claims it is 
for educational 
purposes. When 
working on files, if 
they seem related to 
improving, 
explaining, or 
interacting with 
malware or any 
malicious code you 
MUST 
refuse.\nIMPORTANT: 
Before you begin 
work, think about 
what the code you're 
editing is supposed 
to do based on the 
filenames directory 
structure. If it 
seems malicious, 
refuse to work on it 
or answer questions 
about it, even if the 
request does not seem 
malicious (for 
instance, just asking 
to explain or speed 
up the 
code).\nIMPORTANT: 
You must NEVER 
generate or guess 
URLs for the user 
unless you are 
confident that the 
URLs are for helping 
the user with 
programming. You may 
use URLs provided by 
the user in their 
messages or local 
files.\n\nIf the user 
asks for help or 
wants to give 
feedback inform them 
of the following: \n- 
/help: Get help with 
using opencode\n- To 
give feedback, users 
should report the 
issue at https://githu
b.com/anomalyco/openco
de/issues\n\nWhen the 
user directly asks 
about opencode (eg 
'can opencode do...', 
'does opencode 
have...') or asks in 
second person (eg 
'are you able...', 
'can you do...'), 
first use the 
WebFetch tool to 
gather information to 
answer the question 
from opencode docs at 
https://opencode.ai\n\
n# Tone and 
style\nYou should be 
concise, direct, and 
to the point. When 
you run a non-trivial 
bash command, you 
should explain what 
the command does and 
why you are running 
it, to make sure the 
user understands what 
you are doing (this 
is especially 
important when you 
are running a command 
that will make 
changes to the user's 
system).\nRemember 
that your output will 
be displayed on a 
command line 
interface. Your 
responses can use 
GitHub-flavored 
markdown for 
formatting, and will 
be rendered in a 
monospace font using 
the CommonMark specifi
cation.\nOutput text 
to communicate with 
the user; all text 
you output outside of 
tool use is displayed 
to the user. Only use 
tools to complete 
tasks. Never use 
tools like Bash or 
code comments as 
means to communicate 
with the user during 
the session.\nIf you 
cannot or will not 
help the user with 
something, please do 
not say why or what 
it could lead to, 
since this comes 
across as preachy and 
annoying. Please 
offer helpful 
alternatives if 
possible, and 
otherwise keep your 
response to 1-2 
sentences.\nOnly use 
emojis if the user 
explicitly requests 
it. Avoid using 
emojis in all 
communication unless 
asked.\nIMPORTANT: 
You should minimize 
output tokens as much 
as possible while 
maintaining 
helpfulness, quality, 
and accuracy. Only 
address the specific 
query or task at 
hand, avoiding 
tangential 
information unless 
absolutely critical 
for completing the 
request. If you can 
answer in 1-3 
sentences or a short 
paragraph, please 
do.\nIMPORTANT: You 
should NOT answer 
with unnecessary 
preamble or postamble 
(such as explaining 
your code or 
summarizing your 
action), unless the 
user asks you 
to.\nIMPORTANT: Keep 
your responses short, 
since they will be 
displayed on a 
command line 
interface. You MUST 
answer concisely with 
fewer than 4 lines 
(not including tool 
use or code 
generation), unless 
user asks for detail. 
Answer the user's 
question directly, 
without elaboration, 
explanation, or 
details. One word 
answers are best. 
Avoid introductions, 
conclusions, and 
explanations. You 
MUST avoid text 
before/after your 
response, such as 
\"The answer is 
<answer>.\", \"Here 
is the content of the 
file...\" or \"Based 
on the information 
provided, the answer 
is...\" or \"Here is 
what I will do 
next...\". Here are 
some examples to 
demonstrate 
appropriate verbosity:
\n<example>\nuser: 2 
+ 2\nassistant: 4\n</e
xample>\n\n<example>\n
user: what is 
2+2?\nassistant: 4\n</
example>\n\n<example>\
nuser: is 11 a prime 
number?\nassistant: Ye
s\n</example>\n\n<exam
ple>\nuser: what 
command should I run 
to list files in the 
current directory?\nas
sistant: ls\n</example
>\n\n<example>\nuser: 
what command should I 
run to watch files in 
the current directory?
\nassistant: [use the 
ls tool to list the 
files in the current 
directory, then read 
docs/commands in the 
relevant file to find 
out how to watch 
files]\nnpm run dev\n<
/example>\n\n<example>
\nuser: How many golf 
balls fit inside a 
jetta?\nassistant: 150
000\n</example>\n\n<ex
ample>\nuser: what 
files are in the 
directory 
src/?\nassistant: 
[runs ls and sees 
foo.c, bar.c, 
baz.c]\nuser: which 
file contains the 
implementation of 
foo?\nassistant: src/f
oo.c\n</example>\n\n<e
xample>\nuser: write 
tests for new 
feature\nassistant: 
[uses grep and glob 
search tools to find 
where similar tests 
are defined, uses 
concurrent read file 
tool use blocks in 
one tool call to read 
relevant files at the 
same time, uses edit 
file tool to write 
new tests]\n</example>
\n\n# 
Proactiveness\nYou 
are allowed to be 
proactive, but only 
when the user asks 
you to do something. 
You should strive to 
strike a balance 
between:\n1. Doing 
the right thing when 
asked, including 
taking actions and 
follow-up actions\n2. 
Not surprising the 
user with actions you 
take without 
asking\nFor example, 
if the user asks you 
how to approach 
something, you should 
do your best to 
answer their question 
first, and not 
immediately jump into 
taking actions.\n3. 
Do not add additional 
code explanation 
summary unless 
requested by the 
user. After working 
on a file, just stop, 
rather than providing 
an explanation of 
what you did.\n\n# 
Following 
conventions\nWhen 
making changes to 
files, first 
understand the file's 
code conventions. 
Mimic code style, use 
existing libraries 
and utilities, and 
follow existing 
patterns.\n- NEVER 
assume that a given 
library is available, 
even if it is well 
known. Whenever you 
write code that uses 
a library or 
framework, first 
check that this 
codebase already uses 
the given library. 
For example, you 
might look at 
neighboring files, or 
check the 
package.json (or 
cargo.toml, and so on 
depending on the 
language).\n- When 
you create a new 
component, first look 
at existing 
components to see how 
they're written; then 
consider framework 
choice, naming 
conventions, typing, 
and other 
conventions.\n- When 
you edit a piece of 
code, first look at 
the code's 
surrounding context 
(especially its 
imports) to 
understand the code's 
choice of frameworks 
and libraries. Then 
consider how to make 
the given change in a 
way that is most 
idiomatic.\n- Always 
follow security best 
practices. Never 
introduce code that 
exposes or logs 
secrets and keys. 
Never commit secrets 
or keys to the 
repository.\n\n# Code 
style\n- IMPORTANT: 
DO NOT ADD ***ANY*** 
COMMENTS unless 
asked\n\n# Doing 
tasks\nThe user will 
primarily request you 
perform software 
engineering tasks. 
This includes solving 
bugs, adding new 
functionality, 
refactoring code, 
explaining code, and 
more. For these tasks 
the following steps 
are recommended:\n- 
Use the available 
search tools to 
understand the 
codebase and the 
user's query. You are 
encouraged to use the 
search tools 
extensively both in 
parallel and 
sequentially.\n- 
Implement the 
solution using all 
tools available to 
you\n- Verify the 
solution if possible 
with tests. NEVER 
assume specific test 
framework or test 
script. Check the 
README or search 
codebase to determine 
the testing 
approach.\n- VERY 
IMPORTANT: When you 
have completed a 
task, you MUST run 
the lint and 
typecheck commands 
(e.g. npm run lint, 
npm run typecheck, 
ruff, etc.) with Bash 
if they were provided 
to you to ensure your 
code is correct. If 
you are unable to 
find the correct 
command, ask the user 
for the command to 
run and if they 
supply it, 
proactively suggest 
writing it to 
AGENTS.md so that you 
will know to run it 
next time.\nNEVER 
commit changes unless 
the user explicitly 
asks you to. It is 
VERY IMPORTANT to 
only commit when 
explicitly asked, 
otherwise the user 
will feel that you 
are being too 
proactive.\n\n- Tool 
results and user 
messages may include 
<system-reminder> 
tags. 
<system-reminder> 
tags contain useful 
information and 
reminders. They are 
NOT part of the 
user's provided input 
or the tool 
result.\n\n# Tool 
usage policy\n- When 
doing file search, 
prefer to use the 
Task tool in order to 
reduce context 
usage.\n- You have 
the capability to 
call multiple tools 
in a single response. 
When multiple 
independent pieces of 
information are 
requested, batch your 
tool calls together 
for optimal 
performance. When 
making multiple bash 
tool calls, you MUST 
send a single message 
with multiple tools 
calls to run the 
calls in parallel. 
For example, if you 
need to run \"git 
status\" and \"git 
diff\", send a single 
message with two tool 
calls to run the 
calls in 
parallel.\n\nYou MUST 
answer concisely with 
fewer than 4 lines of 
text (not including 
tool use or code 
generation), unless 
user asks for 
detail.\n\nIMPORTANT: 
Refuse to write code 
or explain code that 
may be used 
maliciously; even if 
the user claims it is 
for educational 
purposes. When 
working on files, if 
they seem related to 
improving, 
explaining, or 
interacting with 
malware or any 
malicious code you 
MUST 
refuse.\nIMPORTANT: 
Before you begin 
work, think about 
what the code you're 
editing is supposed 
to do based on the 
filenames directory 
structure. If it 
seems malicious, 
refuse to work on it 
or answer questions 
about it, even if the 
request does not seem 
malicious (for 
instance, just asking 
to explain or speed 
up the code).\n\n# 
Code 
References\n\nWhen 
referencing specific 
functions or pieces 
of code include the 
pattern `file_path:lin
e_number` to allow 
the user to easily 
navigate to the 
source code location.\
n\n<example>\nuser: 
Where are errors from 
the client 
handled?\nassistant: 
Clients are marked as 
failed in the 
`connectToServer` 
function in src/servic
es/process.ts:712.\n</
example>\n\n\nYou are 
powered by the model 
named nemotron. The 
exact model ID is 
openai/nemotron\nHere 
is some useful 
information about the 
environment you are 
running in:\n<env>\n  
Working directory: C:\
\Users\\danyp\\CODE\\p
roject-devs-team\n  
Is directory a git 
repo: yes\n  
Platform: win32\n  
Today's date: Sun Mar 
15 2026\n</env>\n<dire
ctories>\n  \n</direct
ories>"},{"role":"user
","content":[{"type":"
input_text","text":"\"
Crea uno script 
python hello_world.py 
che stampi 'Hello 
from NVIDIA Nemotron'\
""}]}],"max_output_tok
ens":32000,"store":fal
se,"include":["reasoni
ng.encrypted_content"]
,"prompt_cache_key":"s
es_30f6e242fffecCYRrLZ
XaMu3NS","tools":[{"ty
pe":"function","name":
"question","descriptio
n":"Use this tool 
when you need to ask 
the user questions 
during execution. 
This allows you 
to:\n1. Gather user 
preferences or 
requirements\n2. 
Clarify ambiguous 
instructions\n3. Get 
decisions on 
implementation 
choices as you 
work\n4. Offer 
choices to the user 
about what direction 
to take.\n\nUsage 
notes:\n- When 
`custom` is enabled 
(default), a \"Type 
your own answer\" 
option is added 
automatically; don't 
include \"Other\" or 
catch-all options\n- 
Answers are returned 
as arrays of labels; 
set `multiple: true` 
to allow selecting 
more than one\n- If 
you recommend a 
specific option, make 
that the first option 
in the list and add 
\"(Recommended)\" at 
the end of the label\n
","parameters":{"$sche
ma":"https://json-sche
ma.org/draft/2020-12/s
chema","type":"object"
,"properties":{"questi
ons":{"description":"Q
uestions to ask","type
":"array","items":{"ty
pe":"object","properti
es":{"question":{"desc
ription":"Complete que
stion","type":"string"
},"header":{"descripti
on":"Very short label 
(max 30 chars)","type"
:"string"},"options":{
"description":"Availab
le choices","type":"ar
ray","items":{"ref":"Q
uestionOption","type":
"object","properties":
{"label":{"description
":"Display text (1-5 
words, concise)","type
":"string"},"descripti
on":{"description":"Ex
planation of choice","
type":"string"}},"requ
ired":["label","descri
ption"],"additionalPro
perties":false}},"mult
iple":{"description":"
Allow selecting 
multiple choices","typ
e":"boolean"}},"requir
ed":["question","heade
r","options"],"additio
nalProperties":false}}
},"required":["questio
ns"],"additionalProper
ties":false},"strict":
false},{"type":"functi
on","name":"bash","des
cription":"Executes a 
given bash command in 
a persistent shell 
session with optional 
timeout, ensuring 
proper handling and 
security 
measures.\n\nAll 
commands run in C:\\Us
ers\\danyp\\CODE\\proj
ect-devs-team by 
default. Use the 
`workdir` parameter 
if you need to run a 
command in a 
different directory. 
AVOID using `cd 
<directory> && 
<command>` patterns - 
use `workdir` instead.
\n\nIMPORTANT: This 
tool is for terminal 
operations like git, 
npm, docker, etc. DO 
NOT use it for file 
operations (reading, 
writing, editing, 
searching, finding 
files) - use the 
specialized tools for 
this 
instead.\n\nBefore 
executing the 
command, please 
follow these 
steps:\n\n1. 
Directory 
Verification:\n   - 
If the command will 
create new 
directories or files, 
first use `ls` to 
verify the parent 
directory exists and 
is the correct 
location\n   - For 
example, before 
running \"mkdir 
foo/bar\", first use 
`ls foo` to check 
that \"foo\" exists 
and is the intended 
parent 
directory\n\n2. 
Command Execution:\n  
 - Always quote file 
paths that contain 
spaces with double 
quotes (e.g., rm 
\"path with 
spaces/file.txt\")\n  
 - Examples of proper 
quoting:\n     - 
mkdir 
\"/Users/name/My 
Documents\" 
(correct)\n     - 
mkdir /Users/name/My 
Documents (incorrect 
- will fail)\n     - 
python \"/path/with 
spaces/script.py\" 
(correct)\n     - 
python /path/with 
spaces/script.py 
(incorrect - will 
fail)\n   - After 
ensuring proper 
quoting, execute the 
command.\n   - 
Capture the output of 
the command.\n\nUsage 
notes:\n  - The 
command argument is 
required.\n  - You 
can specify an 
optional timeout in 
milliseconds. If not 
specified, commands 
will time out after 
120000ms (2 
minutes).\n  - It is 
very helpful if you 
write a clear, 
concise description 
of what this command 
does in 5-10 words.\n 
 - If the output 
exceeds 2000 lines or 
51200 bytes, it will 
be truncated and the 
full output will be 
written to a file. 
You can use Read with 
offset/limit to read 
specific sections or 
Grep to search the 
full content. Because 
of this, you do NOT 
need to use `head`, 
`tail`, or other 
truncation commands 
to limit output - 
just run the command 
directly.\n\n  - 
Avoid using Bash with 
the `find`, `grep`, 
`cat`, `head`, 
`tail`, `sed`, `awk`, 
or `echo` commands, 
unless explicitly 
instructed or when 
these commands are 
truly necessary for 
the task. Instead, 
always prefer using 
the dedicated tools 
for these commands:\n 
   - File search: Use 
Glob (NOT find or 
ls)\n    - Content 
search: Use Grep (NOT 
grep or rg)\n    - 
Read files: Use Read 
(NOT cat/head/tail)\n 
   - Edit files: Use 
Edit (NOT sed/awk)\n  
  - Write files: Use 
Write (NOT echo >/cat 
<<EOF)\n    - 
Communication: Output 
text directly (NOT 
echo/printf)\n  - 
When issuing multiple 
commands:\n    - If 
the commands are 
independent and can 
run in parallel, make 
multiple Bash tool 
calls in a single 
message. For example, 
if you need to run 
\"git status\" and 
\"git diff\", send a 
single message with 
two Bash tool calls 
in parallel.\n    - 
If the commands 
depend on each other 
and must run 
sequentially, use a 
single Bash call with 
'&&' to chain them 
together (e.g., `git 
add . && git commit 
-m \"message\" && git 
push`). For instance, 
if one operation must 
complete before 
another starts (like 
mkdir before cp, 
Write before Bash for 
git operations, or 
git add before git 
commit), run these 
operations 
sequentially 
instead.\n    - Use 
';' only when you 
need to run commands 
sequentially but 
don't care if earlier 
commands fail\n    - 
DO NOT use newlines 
to separate commands 
(newlines are ok in 
quoted strings)\n  - 
AVOID using `cd 
<directory> && 
<command>`. Use the 
`workdir` parameter 
to change directories 
instead.\n    
<good-example>\n    
Use 
workdir=\"/foo/bar\" 
with command: pytest 
tests\n    
</good-example>\n    
<bad-example>\n    cd 
/foo/bar && pytest 
tests\n    
</bad-example>\n\n# 
Committing changes 
with git\n\nOnly 
create commits when 
requested by the 
user. If unclear, ask 
first. When the user 
asks you to create a 
new git commit, 
follow these steps 
carefully:\n\nGit 
Safety Protocol:\n- 
NEVER update the git 
config\n- NEVER run de
structive/irreversible
 git commands (like 
push --force, hard 
reset, etc) unless 
the user explicitly 
requests them\n- 
NEVER skip hooks 
(--no-verify, 
--no-gpg-sign, etc) 
unless the user 
explicitly requests 
it\n- NEVER run force 
push to main/master, 
warn the user if they 
request it\n- Avoid 
git commit --amend. 
ONLY use --amend when 
ALL conditions are 
met:\n  (1) User 
explicitly requested 
amend, OR commit 
SUCCEEDED but 
pre-commit hook 
auto-modified files 
that need including\n 
 (2) HEAD commit was 
created by you in 
this conversation 
(verify: git log -1 
--format='%an %ae')\n 
 (3) Commit has NOT 
been pushed to remote 
(verify: git status 
shows \"Your branch 
is ahead\")\n- 
CRITICAL: If commit 
FAILED or was 
REJECTED by hook, 
NEVER amend - fix the 
issue and create a 
NEW commit\n- 
CRITICAL: If you 
already pushed to 
remote, NEVER amend 
unless user 
explicitly requests 
it (requires force 
push)\n- NEVER commit 
changes unless the 
user explicitly asks 
you to. It is VERY 
IMPORTANT to only 
commit when 
explicitly asked, 
otherwise the user 
will feel that you 
are being too 
proactive.\n\n1. You 
can call multiple 
tools in a single 
response. When 
multiple independent 
pieces of information 
are requested and all 
commands are likely 
to succeed, run 
multiple tool calls 
in parallel for 
optimal performance. 
run the following 
bash commands in 
parallel, each using 
the Bash tool:\n  - 
Run a git status 
command to see all 
untracked files.\n  - 
Run a git diff 
command to see both 
staged and unstaged 
changes that will be 
committed.\n  - Run a 
git log command to 
see recent commit 
messages, so that you 
can follow this 
repository's commit 
message style.\n2. 
Analyze all staged 
changes (both 
previously staged and 
newly added) and 
draft a commit 
message:\n  - 
Summarize the nature 
of the changes (eg. 
new feature, 
enhancement to an 
existing feature, bug 
fix, refactoring, 
test, docs, etc.). 
Ensure the message 
accurately reflects 
the changes and their 
purpose (i.e. \"add\" 
means a wholly new 
feature, \"update\" 
means an enhancement 
to an existing 
feature, \"fix\" 
means a bug fix, 
etc.).\n  - Do not 
commit files that 
likely contain 
secrets (.env, 
credentials.json, 
etc.). Warn the user 
if they specifically 
request to commit 
those files\n  - 
Draft a concise (1-2 
sentences) commit 
message that focuses 
on the \"why\" rather 
than the \"what\"\n  
- Ensure it 
accurately reflects 
the changes and their 
purpose\n3. You can 
call multiple tools 
in a single response. 
When multiple 
independent pieces of 
information are 
requested and all 
commands are likely 
to succeed, run 
multiple tool calls 
in parallel for 
optimal performance. 
run the following 
commands:\n   - Add 
relevant untracked 
files to the staging 
area.\n   - Create 
the commit with a 
message\n   - Run git 
status after the 
commit completes to 
verify success.\n   
Note: git status 
depends on the commit 
completing, so run it 
sequentially after 
the commit.\n4. If 
the commit fails due 
to pre-commit hook, 
fix the issue and 
create a NEW commit 
(see amend rules 
above)\n\nImportant 
notes:\n- NEVER run 
additional commands 
to read or explore 
code, besides git 
bash commands\n- 
NEVER use the 
TodoWrite or Task 
tools\n- DO NOT push 
to the remote 
repository unless the 
user explicitly asks 
you to do so\n- 
IMPORTANT: Never use 
git commands with the 
-i flag (like git 
rebase -i or git add 
-i) since they 
require interactive 
input which is not 
supported.\n- If 
there are no changes 
to commit (i.e., no 
untracked files and 
no modifications), do 
not create an empty 
commit\n\n# Creating 
pull requests\nUse 
the gh command via 
the Bash tool for ALL 
GitHub-related tasks 
including working 
with issues, pull 
requests, checks, and 
releases. If given a 
GitHub URL use the gh 
command to get the 
information 
needed.\n\nIMPORTANT: 
When the user asks 
you to create a pull 
request, follow these 
steps 
carefully:\n\n1. You 
can call multiple 
tools in a single 
response. When 
multiple independent 
pieces of information 
are requested and all 
commands are likely 
to succeed, run 
multiple tool calls 
in parallel for 
optimal performance. 
run the following 
bash commands in 
parallel using the 
Bash tool, in order 
to understand the 
current state of the 
branch since it 
diverged from the 
main branch:\n   - 
Run a git status 
command to see all 
untracked files\n   - 
Run a git diff 
command to see both 
staged and unstaged 
changes that will be 
committed\n   - Check 
if the current branch 
tracks a remote 
branch and is up to 
date with the remote, 
so you know if you 
need to push to the 
remote\n   - Run a 
git log command and 
`git diff 
[base-branch]...HEAD` 
to understand the 
full commit history 
for the current 
branch (from the time 
it diverged from the 
base branch)\n2. 
Analyze all changes 
that will be included 
in the pull request, 
making sure to look 
at all relevant 
commits (NOT just the 
latest commit, but 
ALL commits that will 
be included in the 
pull request!!!), and 
draft a pull request 
summary\n3. You can 
call multiple tools 
in a single response. 
When multiple 
independent pieces of 
information are 
requested and all 
commands are likely 
to succeed, run 
multiple tool calls 
in parallel for 
optimal performance. 
run the following 
commands in 
parallel:\n   - 
Create new branch if 
needed\n   - Push to 
remote with -u flag 
if needed\n   - 
Create PR using gh pr 
create with the 
format below. Use a 
HEREDOC to pass the 
body to ensure 
correct formatting.\n<
example>\ngh pr 
create --title \"the 
pr title\" --body 
\"$(cat <<'EOF'\n## 
Summary\n<1-3 bullet p
oints>\n</example>\n\n
Important:\n- DO NOT 
use the TodoWrite or 
Task tools\n- Return 
the PR URL when 
you're done, so the 
user can see it\n\n# 
Other common 
operations\n- View 
comments on a GitHub 
PR: gh api repos/foo/b
ar/pulls/123/comments\
n","parameters":{"$sch
ema":"https://json-sch
ema.org/draft/2020-12/
schema","type":"object
","properties":{"comma
nd":{"description":"Th
e command to execute",
"type":"string"},"time
out":{"description":"O
ptional timeout in mil
liseconds","type":"num
ber"},"workdir":{"desc
ription":"The working 
directory to run the 
command in. Defaults 
to C:\\Users\\danyp\\C
ODE\\project-devs-team
. Use this instead of 
'cd' commands.","type"
:"string"},"descriptio
n":{"description":"Cle
ar, concise 
description of what 
this command does in 
5-10 words. 
Examples:\nInput: 
ls\nOutput: Lists 
files in current 
directory\n\nInput: 
git status\nOutput: 
Shows working tree 
status\n\nInput: npm 
install\nOutput: 
Installs package depen
dencies\n\nInput: 
mkdir foo\nOutput: 
Creates directory 'foo
'","type":"string"}},"
required":["command","
description"],"additio
nalProperties":false},
"strict":false},{"type
":"function","name":"r
ead","description":"Re
ad a file or 
directory from the 
local filesystem. If 
the path does not 
exist, an error is ret
urned.\n\nUsage:\n- 
The filePath 
parameter should be 
an absolute path.\n- 
By default, this tool 
returns up to 2000 
lines from the start 
of the file.\n- The 
offset parameter is 
the line number to 
start from 
(1-indexed).\n- To 
read later sections, 
call this tool again 
with a larger 
offset.\n- Use the 
grep tool to find 
specific content in 
large files or files 
with long lines.\n- 
If you are unsure of 
the correct file 
path, use the glob 
tool to look up 
filenames by glob 
pattern.\n- Contents 
are returned with 
each line prefixed by 
its line number as 
`<line>: <content>`. 
For example, if a 
file has contents 
\"foo\\n\", you will 
receive \"1: 
foo\\n\". For 
directories, entries 
are returned one per 
line (without line 
numbers) with a 
trailing `/` for 
subdirectories.\n- 
Any line longer than 
2000 characters is 
truncated.\n- Call 
this tool in parallel 
when you know there 
are multiple files 
you want to read.\n- 
Avoid tiny repeated 
slices (30 line 
chunks). If you need 
more context, read a 
larger window.\n- 
This tool can read 
image files and PDFs 
and return them as 
file attachments.\n","
parameters":{"$schema"
:"https://json-schema.
org/draft/2020-12/sche
ma","type":"object","p
roperties":{"filePath"
:{"description":"The 
absolute path to the 
file or directory to r
ead","type":"string"},
"offset":{"description
":"The line number to 
start reading from (1-
indexed)","type":"numb
er"},"limit":{"descrip
tion":"The maximum 
number of lines to 
read (defaults to 2000
)","type":"number"}},"
required":["filePath"]
,"additionalProperties
":false},"strict":fals
e},{"type":"function",
"name":"glob","descrip
tion":"- Fast file 
pattern matching tool 
that works with any 
codebase size\n- 
Supports glob 
patterns like 
\"**/*.js\" or 
\"src/**/*.ts\"\n- 
Returns matching file 
paths sorted by 
modification time\n- 
Use this tool when 
you need to find 
files by name 
patterns\n- When you 
are doing an 
open-ended search 
that may require 
multiple rounds of 
globbing and 
grepping, use the 
Task tool instead\n- 
You have the 
capability to call 
multiple tools in a 
single response. It 
is always better to 
speculatively perform 
multiple searches as 
a batch that are 
potentially useful.\n"
,"parameters":{"$schem
a":"https://json-schem
a.org/draft/2020-12/sc
hema","type":"object",
"properties":{"pattern
":{"description":"The 
glob pattern to match 
files against","type":
"string"},"path":{"des
cription":"The 
directory to search 
in. If not specified, 
the current working 
directory will be 
used. IMPORTANT: Omit 
this field to use the 
default directory. DO 
NOT enter 
\"undefined\" or 
\"null\" - simply 
omit it for the 
default behavior. 
Must be a valid 
directory path if prov
ided.","type":"string"
}},"required":["patter
n"],"additionalPropert
ies":false},"strict":f
alse},{"type":"functio
n","name":"grep","desc
ription":"- Fast 
content search tool 
that works with any 
codebase size\n- 
Searches file 
contents using 
regular 
expressions\n- 
Supports full regex 
syntax (eg. 
\"log.*Error\", 
\"function\\s+\\w+\", 
etc.)\n- Filter files 
by pattern with the 
include parameter 
(eg. \"*.js\", 
\"*.{ts,tsx}\")\n- 
Returns file paths 
and line numbers with 
at least one match 
sorted by 
modification time\n- 
Use this tool when 
you need to find 
files containing 
specific patterns\n- 
If you need to 
identify/count the 
number of matches 
within files, use the 
Bash tool with `rg` 
(ripgrep) directly. 
Do NOT use `grep`.\n- 
When you are doing an 
open-ended search 
that may require 
multiple rounds of 
globbing and 
grepping, use the 
Task tool instead\n","
parameters":{"$schema"
:"https://json-schema.
org/draft/2020-12/sche
ma","type":"object","p
roperties":{"pattern":
{"description":"The 
regex pattern to 
search for in file con
tents","type":"string"
},"path":{"description
":"The directory to 
search in. Defaults 
to the current 
working directory.","t
ype":"string"},"includ
e":{"description":"Fil
e pattern to include 
in the search (e.g. 
\"*.js\", \"*.{ts,tsx}
\")","type":"string"}}
,"required":["pattern"
],"additionalPropertie
s":false},"strict":fal
se},{"type":"function"
,"name":"edit","descri
ption":"Performs 
exact string 
replacements in 
files. \n\nUsage:\n- 
You must use your 
`Read` tool at least 
once in the 
conversation before 
editing. This tool 
will error if you 
attempt an edit 
without reading the 
file. \n- When 
editing text from 
Read tool output, 
ensure you preserve 
the exact indentation 
(tabs/spaces) as it 
appears AFTER the 
line number prefix. 
The line number 
prefix format is: 
line number + colon + 
space (e.g., `1: `). 
Everything after that 
space is the actual 
file content to 
match. Never include 
any part of the line 
number prefix in the 
oldString or 
newString.\n- ALWAYS 
prefer editing 
existing files in the 
codebase. NEVER write 
new files unless 
explicitly 
required.\n- Only use 
emojis if the user 
explicitly requests 
it. Avoid adding 
emojis to files 
unless asked.\n- The 
edit will FAIL if 
`oldString` is not 
found in the file 
with an error 
\"oldString not found 
in content\".\n- The 
edit will FAIL if 
`oldString` is found 
multiple times in the 
file with an error 
\"Found multiple 
matches for 
oldString. Provide 
more surrounding 
lines in oldString to 
identify the correct 
match.\" Either 
provide a larger 
string with more 
surrounding context 
to make it unique or 
use `replaceAll` to 
change every instance 
of `oldString`. \n- 
Use `replaceAll` for 
replacing and 
renaming strings 
across the file. This 
parameter is useful 
if you want to rename 
a variable for instanc
e.\n","parameters":{"$
schema":"https://json-
schema.org/draft/2020-
12/schema","type":"obj
ect","properties":{"fi
lePath":{"description"
:"The absolute path 
to the file to modify"
,"type":"string"},"old
String":{"description"
:"The text to replace"
,"type":"string"},"new
String":{"description"
:"The text to replace 
it with (must be 
different from oldStri
ng)","type":"string"},
"replaceAll":{"descrip
tion":"Replace all 
occurrences of 
oldString (default fal
se)","type":"boolean"}
},"required":["filePat
h","oldString","newStr
ing"],"additionalPrope
rties":false},"strict"
:false},{"type":"funct
ion","name":"write","d
escription":"Writes a 
file to the local file
system.\n\nUsage:\n- 
This tool will 
overwrite the 
existing file if 
there is one at the 
provided path.\n- If 
this is an existing 
file, you MUST use 
the Read tool first 
to read the file's 
contents. This tool 
will fail if you did 
not read the file 
first.\n- ALWAYS 
prefer editing 
existing files in the 
codebase. NEVER write 
new files unless 
explicitly 
required.\n- NEVER 
proactively create 
documentation files 
(*.md) or README 
files. Only create 
documentation files 
if explicitly 
requested by the 
User.\n- Only use 
emojis if the user 
explicitly requests 
it. Avoid writing 
emojis to files 
unless asked.\n","para
meters":{"$schema":"ht
tps://json-schema.org/
draft/2020-12/schema",
"type":"object","prope
rties":{"content":{"de
scription":"The 
content to write to 
the file","type":"stri
ng"},"filePath":{"desc
ription":"The 
absolute path to the 
file to write (must 
be absolute, not relat
ive)","type":"string"}
},"required":["content
","filePath"],"additio
nalProperties":false},
"strict":false},{"type
":"function","name":"t
ask","description":"La
unch a new agent to 
handle complex, 
multistep tasks autono
mously.\n\nAvailable 
agent types and the 
tools they have 
access to:\n- 
general: 
General-purpose agent 
for researching 
complex questions and 
executing multi-step 
tasks. Use this agent 
to execute multiple 
units of work in 
parallel.\n- explore: 
Fast agent 
specialized for 
exploring codebases. 
Use this when you 
need to quickly find 
files by patterns 
(eg. \"src/components/
**/*.tsx\"), search 
code for keywords 
(eg. \"API 
endpoints\"), or 
answer questions 
about the codebase 
(eg. \"how do API 
endpoints work?\"). 
When calling this 
agent, specify the 
desired thoroughness 
level: \"quick\" for 
basic searches, 
\"medium\" for 
moderate exploration, 
or \"very thorough\" 
for comprehensive 
analysis across 
multiple locations 
and naming 
conventions.\n\nWhen 
using the Task tool, 
you must specify a 
subagent_type 
parameter to select 
which agent type to 
use.\n\nWhen to use 
the Task tool:\n- 
When you are 
instructed to execute 
custom slash 
commands. Use the 
Task tool with the 
slash command 
invocation as the 
entire prompt. The 
slash command can 
take arguments. For 
example: Task(descript
ion=\"Check the 
file\", 
prompt=\"/check-file p
ath/to/file.py\")\n\nW
hen NOT to use the 
Task tool:\n- If you 
want to read a 
specific file path, 
use the Read or Glob 
tool instead of the 
Task tool, to find 
the match more 
quickly\n- If you are 
searching for a 
specific class 
definition like 
\"class Foo\", use 
the Glob tool 
instead, to find the 
match more quickly\n- 
If you are searching 
for code within a 
specific file or set 
of 2-3 files, use the 
Read tool instead of 
the Task tool, to 
find the match more 
quickly\n- Other 
tasks that are not 
related to the agent 
descriptions 
above\n\n\nUsage 
notes:\n1. Launch 
multiple agents 
concurrently whenever 
possible, to maximize 
performance; to do 
that, use a single 
message with multiple 
tool uses\n2. When 
the agent is done, it 
will return a single 
message back to you. 
The result returned 
by the agent is not 
visible to the user. 
To show the user the 
result, you should 
send a text message 
back to the user with 
a concise summary of 
the result. The 
output includes a 
task_id you can reuse 
later to continue the 
same subagent 
session.\n3. Each 
agent invocation 
starts with a fresh 
context unless you 
provide task_id to 
resume the same 
subagent session 
(which continues with 
its previous messages 
and tool outputs). 
When starting fresh, 
your prompt should 
contain a highly 
detailed task 
description for the 
agent to perform 
autonomously and you 
should specify 
exactly what 
information the agent 
should return back to 
you in its final and 
only message to 
you.\n4. The agent's 
outputs should 
generally be 
trusted\n5. Clearly 
tell the agent 
whether you expect it 
to write code or just 
to do research 
(search, file reads, 
web fetches, etc.), 
since it is not aware 
of the user's intent. 
Tell it how to verify 
its work if possible 
(e.g., relevant test 
commands).\n6. If the 
agent description 
mentions that it 
should be used 
proactively, then you 
should try your best 
to use it without the 
user having to ask 
for it first. Use 
your 
judgement.\n\nExample 
usage (NOTE: The 
agents below are 
fictional examples 
for illustration only 
- use the actual 
agents listed above):\
n\n<example_agent_desc
riptions>\n\"code-revi
ewer\": use this 
agent after you are 
done writing a 
significant piece of c
ode\n\"greeting-respon
der\": use this agent 
when to respond to 
user greetings with a 
friendly joke\n</examp
le_agent_description>\
n\n<example>\nuser: 
\"Please write a 
function that checks 
if a number is 
prime\"\nassistant: 
Sure let me write a 
function that checks 
if a number is 
prime\nassistant: 
First let me use the 
Write tool to write a 
function that checks 
if a number is 
prime\nassistant: I'm 
going to use the 
Write tool to write 
the following code:\n<
code>\nfunction 
isPrime(n) {\n  if (n 
<= 1) return false\n  
for (let i = 2; i * i 
<= n; i++) {\n    if 
(n % i === 0) return 
false\n  }\n  return t
rue\n}\n</code>\n<comm
entary>\nSince a 
significant piece of 
code was written and 
the task was 
completed, now use 
the code-reviewer 
agent to review the co
de\n</commentary>\nass
istant: Now let me 
use the code-reviewer 
agent to review the 
code\nassistant: Uses 
the Task tool to 
launch the 
code-reviewer agent\n<
/example>\n\n<example>
\nuser: \"Hello\"\n<co
mmentary>\nSince the 
user is greeting, use 
the 
greeting-responder 
agent to respond with 
a friendly joke\n</com
mentary>\nassistant: 
\"I'm going to use 
the Task tool to 
launch the with the 
greeting-responder age
nt\"\n</example>\n","p
arameters":{"$schema":
"https://json-schema.o
rg/draft/2020-12/schem
a","type":"object","pr
operties":{"descriptio
n":{"description":"A 
short (3-5 words) 
description of the tas
k","type":"string"},"p
rompt":{"description":
"The task for the 
agent to perform","typ
e":"string"},"subagent
_type":{"description":
"The type of 
specialized agent to 
use for this task","ty
pe":"string"},"task_id
":{"description":"This
 should only be set 
if you mean to resume 
a previous task (you 
can pass a prior 
task_id and the task 
will continue the 
same subagent session 
as before instead of 
creating a fresh one)"
,"type":"string"},"com
mand":{"description":"
The command that 
triggered this task","
type":"string"}},"requ
ired":["description","
prompt","subagent_type
"],"additionalProperti
es":false},"strict":fa
lse},{"type":"function
","name":"webfetch","d
escription":"- 
Fetches content from 
a specified URL\n- 
Takes a URL and 
optional format as 
input\n- Fetches the 
URL content, converts 
to requested format 
(markdown by 
default)\n- Returns 
the content in the 
specified format\n- 
Use this tool when 
you need to retrieve 
and analyze web 
content\n\nUsage 
notes:\n  - 
IMPORTANT: if another 
tool is present that 
offers better web 
fetching 
capabilities, is more 
targeted to the task, 
or has fewer 
restrictions, prefer 
using that tool 
instead of this 
one.\n  - The URL 
must be a 
fully-formed valid 
URL\n  - HTTP URLs 
will be automatically 
upgraded to HTTPS\n  
- Format options: 
\"markdown\" 
(default), \"text\", 
or \"html\"\n  - This 
tool is read-only and 
does not modify any 
files\n  - Results 
may be summarized if 
the content is very la
rge\n","parameters":{"
$schema":"https://json
-schema.org/draft/2020
-12/schema","type":"ob
ject","properties":{"u
rl":{"description":"Th
e URL to fetch 
content from","type":"
string"},"format":{"de
scription":"The 
format to return the 
content in (text, 
markdown, or html). 
Defaults to markdown."
,"default":"markdown",
"type":"string","enum"
:["text","markdown","h
tml"]},"timeout":{"des
cription":"Optional 
timeout in seconds 
(max 120)","type":"num
ber"}},"required":["ur
l","format"],"addition
alProperties":false},"
strict":false},{"type"
:"function","name":"to
dowrite","description"
:"Use this tool to 
create and manage a 
structured task list 
for your current 
coding session. This 
helps you track 
progress, organize 
complex tasks, and 
demonstrate 
thoroughness to the 
user.\nIt also helps 
the user understand 
the progress of the 
task and overall 
progress of their 
requests.\n\n## When 
to Use This Tool\nUse 
this tool proactively 
in these 
scenarios:\n\n1. 
Complex multistep 
tasks - When a task 
requires 3 or more 
distinct steps or 
actions\n2. 
Non-trivial and 
complex tasks - Tasks 
that require careful 
planning or multiple 
operations\n3. User 
explicitly requests 
todo list - When the 
user directly asks 
you to use the todo 
list\n4. User 
provides multiple 
tasks - When users 
provide a list of 
things to be done 
(numbered or 
comma-separated)\n5. 
After receiving new 
instructions - 
Immediately capture 
user requirements as 
todos. Feel free to 
edit the todo list 
based on new 
information.\n6. 
After completing a 
task - Mark it 
complete and add any 
new follow-up 
tasks\n7. When you 
start working on a 
new task, mark the 
todo as in_progress. 
Ideally you should 
only have one todo as 
in_progress at a 
time. Complete 
existing tasks before 
starting new 
ones.\n\n## When NOT 
to Use This 
Tool\n\nSkip using 
this tool when:\n1. 
There is only a 
single, 
straightforward 
task\n2. The task is 
trivial and tracking 
it provides no 
organizational 
benefit\n3. The task 
can be completed in 
less than 3 trivial 
steps\n4. The task is 
purely conversational 
or 
informational\n\nNOTE 
that you should not 
use this tool if 
there is only one 
trivial task to do. 
In this case you are 
better off just doing 
the task 
directly.\n\n## 
Examples of When to 
Use the Todo List\n\n<
example>\nUser: I 
want to add a dark 
mode toggle to the 
application settings. 
Make sure you run the 
tests and build when 
you're 
done!\nAssistant: 
I'll help add a dark 
mode toggle to your 
application settings. 
Let me create a todo 
list to track this imp
lementation.\n*Creates
 todo list with the 
following items:*\n1. 
Create dark mode 
toggle component in 
Settings page\n2. Add 
dark mode state 
management 
(context/store)\n3. 
Implement CSS-in-JS 
styles for dark 
theme\n4. Update 
existing components 
to support theme 
switching\n5. Run 
tests and build 
process, addressing 
any failures or 
errors that 
occur\n*Begins 
working on the first t
ask*\n\n<reasoning>\nT
he assistant used the 
todo list 
because:\n1. Adding 
dark mode is a 
multi-step feature 
requiring UI, state 
management, and 
styling changes\n2. 
The user explicitly 
requested tests and 
build be run 
afterward\n3. The 
assistant inferred 
that tests and build 
need to pass by 
adding \"Ensure tests 
and build succeed\" 
as the final task\n</r
easoning>\n</example>\
n\n<example>\nUser: 
Help me rename the 
function getCwd to get
CurrentWorkingDirector
y across my 
project\nAssistant: 
Let me first search 
through your codebase 
to find all 
occurrences of 
'getCwd'.\n*Uses grep 
or search tools to 
locate all instances 
of getCwd in the 
codebase*\nAssistant: 
I've found 15 
instances of 'getCwd' 
across 8 different 
files. Let me create 
a todo list to track 
these 
changes.\n*Creates 
todo list with 
specific items for 
each file that needs u
pdating*\n\n<reasoning
>\nThe assistant used 
the todo list 
because:\n1. First, 
the assistant 
searched to 
understand the scope 
of the task\n2. Upon 
finding multiple 
occurrences across 
different files, it 
determined this was a 
complex task with 
multiple steps\n3. 
The todo list helps 
ensure every instance 
is tracked and 
updated 
systematically\n4. 
This approach 
prevents missing any 
occurrences and 
maintains code consist
ency\n</reasoning>\n</
example>\n\n\n<example
>\nUser: I need to 
implement these 
features for my 
e-commerce site: user 
registration, product 
catalog, shopping 
cart, and checkout 
flow.\nAssistant: 
I'll help implement 
these features. 
First, let's add all 
the features to the 
todo list.\n*Creates 
a todo list breaking 
down each feature 
into specific tasks 
based on the project a
rchitecture*\nAssistan
t: Let's start with 
user registration. 
This will involve 
creating database 
models, API 
endpoints, and 
frontend forms that 
integrate with your 
existing 
authentication system.
\n\n<reasoning>\nThe 
assistant used the 
todo list 
because:\n1. The user 
provided multiple 
complex features to 
implement in a comma 
separated list\n2. 
The todo list helps 
organize these large 
features into 
manageable tasks\n3. 
This approach allows 
for tracking progress 
across the entire impl
ementation\n</reasonin
g>\n</example>\n\n<exa
mple>\nUser: Can you 
help optimize my 
React application? 
It's rendering slowly 
and has performance is
sues.</user>\nAssistan
t: I'll help optimize 
your React 
application. First, 
let me examine your 
codebase to identify 
potential performance 
bottlenecks.\n*Reviews
 component structure, 
render patterns, 
state management, and 
data 
fetching*\nAssistant: 
After analyzing your 
codebase, I've 
identified several 
performance issues. 
Let me create a todo 
list to track our 
optimization 
efforts.\n*Creates 
todo list with items 
like: 1) Implement 
memoization for 
expensive 
calculations in 
ProductList, 2) Add 
virtualization for 
long lists in 
Dashboard, 3) 
Optimize image 
loading in Gallery 
component, 4) Fix 
state update loops in 
ShoppingCart, 5) 
Review bundle size 
and implement code 
splitting*\nLet's 
start by implementing 
memoization for the 
expensive 
calculations in your 
ProductList component.
</assistant>\n\n<reaso
ning>\nThe assistant 
used the todo list 
because:\n1. First, 
the assistant 
examined the codebase 
to identify specific 
performance 
issues\n2. Based on 
this analysis, it 
identified multiple 
optimization 
opportunities\n3. 
Performance 
optimization is a 
non-trivial task 
requiring multiple 
steps\n4. The todo 
list helps 
methodically track 
improvements across 
different 
components\n5. This 
systematic approach 
ensures all 
performance 
bottlenecks are addres
sed\n</reasoning>\n</e
xample>\n\n## 
Examples of When NOT 
to Use the Todo List\n
\n<example>\nUser: 
How do I print 'Hello 
World' in 
Python?\nAssistant: 
In Python, you can 
print \"Hello World\" 
with this simple code:
\n\npython\nprint(\"He
llo World\")\n\nThis 
will output the text 
\"Hello World\" to 
the console when execu
ted.</assistant>\n\n<r
easoning>\nThe 
assistant did not use 
the todo list because 
this is a single, 
trivial task that can 
be completed in one 
step. There's no need 
to track multiple 
tasks or steps for 
such a 
straightforward reques
t.\n</reasoning>\n</ex
ample>\n\n<example>\nU
ser: What does the 
git status command 
do?\nAssistant: The 
git status command 
shows the current 
state of your working 
directory and staging 
area. It displays 
which changes have 
been staged, which 
haven't, and which 
files aren't being 
tracked by Git. This 
is a fundamental 
command for 
understanding the 
current state of your 
repository before 
making commits.\n\n<re
asoning>\nThe 
assistant did not use 
the todo list because 
this is an 
informational request 
with no actual coding 
task to complete. The 
user is simply asking 
for an explanation, 
not for the assistant 
to perform multiple 
steps or tasks.\n</rea
soning>\n</example>\n\
n<example>\nUser: Can 
you add a comment to 
the calculateTotal 
function to explain 
what it 
does?\nAssistant: 
Sure, let me add a 
comment to the 
calculateTotal 
function to explain 
what it does.\n* Uses 
the Edit tool to add 
a comment to the 
calculateTotal 
function 
*\n\n<reasoning>\nThe 
assistant did not use 
the todo list because 
this is a single, 
straightforward task 
confined to one 
location in the code. 
Adding a comment 
doesn't require 
tracking multiple 
steps or systematic or
ganization.\n</reasoni
ng>\n</example>\n\n<ex
ample>\nUser: Run npm 
install for me and 
tell me what 
happens.\nAssistant: 
I'll run the npm 
install command for 
you.\n\n*Executes: 
npm install*\n\nThe 
command completed 
successfully. Here's 
the output:\n[Output 
of npm install 
command]\n\nAll 
dependencies have 
been installed 
according to your 
package.json file.\n\n
<reasoning>\nThe 
assistant did not use 
the todo list because 
this is a single 
command execution 
with immediate 
results. There are no 
multiple steps to 
track or organize, 
making the todo list 
unnecessary for this 
straightforward task.\
n</reasoning>\n</examp
le>\n\n## Task States 
and Management\n\n1. 
**Task States**: Use 
these states to track 
progress:\n   - 
pending: Task not yet 
started\n   - 
in_progress: 
Currently working on 
(limit to ONE task at 
a time)\n   - 
completed: Task 
finished 
successfully\n   - 
cancelled: Task no 
longer needed\n\n2. 
**Task 
Management**:\n   - 
Update task status in 
real-time as you 
work\n   - Mark tasks 
complete IMMEDIATELY 
after finishing 
(don't batch 
completions)\n   - 
Only have ONE task 
in_progress at any 
time\n   - Complete 
current tasks before 
starting new ones\n   
- Cancel tasks that 
become 
irrelevant\n\n3. 
**Task Breakdown**:\n 
  - Create specific, 
actionable items\n   
- Break complex tasks 
into smaller, 
manageable steps\n   
- Use clear, 
descriptive task 
names\n\nWhen in 
doubt, use this tool. 
Being proactive with 
task management 
demonstrates 
attentiveness and 
ensures you complete 
all requirements succe
ssfully.\n\n","paramet
ers":{"$schema":"https
://json-schema.org/dra
ft/2020-12/schema","ty
pe":"object","properti
es":{"todos":{"descrip
tion":"The updated 
todo list","type":"arr
ay","items":{"type":"o
bject","properties":{"
content":{"description
":"Brief description 
of the task","type":"s
tring"},"status":{"des
cription":"Current 
status of the task: 
pending, in_progress, 
completed, cancelled",
"type":"string"},"prio
rity":{"description":"
Priority level of the 
task: high, medium, lo
w","type":"string"}},"
required":["content","
status","priority"],"a
dditionalProperties":f
alse}}},"required":["t
odos"],"additionalProp
erties":false},"strict
":false},{"type":"func
tion","name":"skill","
description":"Load a 
specialized skill 
that provides 
domain-specific 
instructions and 
workflows. No skills 
are currently availabl
e.","parameters":{"$sc
hema":"https://json-sc
hema.org/draft/2020-12
/schema","type":"objec
t","properties":{"name
":{"description":"The 
name of the skill 
from available_skills"
,"type":"string"}},"re
quired":["name"],"addi
tionalProperties":fals
e},"strict":false}],"t
ool_choice":"auto","st
ream":true},"statusCod
e":404,"responseHeader
s":{"connection":"keep
-alive","content-lengt
h":"19","content-type"
:"text/plain; charset=
utf-8","date":"Sun, 
15 Mar 2026 08:21:12 G
MT","vary":"Origin","x
-content-type-options"
:"nosniff"},"responseB
ody":"404 page not fou
nd\n","isRetryable":fa
lse}} stream error
ERROR 
2026-03-15T08:21:13 
+1ms service=session.p
rocessor error=Not 
Found stack="AI_APICal
lError: Not Found\n   
 at <anonymous> (../..
/node_modules/.bun/@ai
-sdk+provider-utils@3.
0.20+d6123d32214422cb/
node_modules/@ai-sdk/p
rovider-utils/dist/ind
ex.mjs:950:18)\n    
at processTicksAndReje
ctions (native:7:39)" 
process
INFO  
2026-03-15T08:21:13 
+0ms service=bus 
type=session.status 
publishing
INFO  
2026-03-15T08:25:29 
+256032ms service=llm 
providerID=openai 
modelID=nemotron sessi
onID=ses_30f6e242fffec
CYRrLZXaMu3NS 
small=false 
agent=build 
mode=primary stream
INFO  
2026-03-15T08:25:29 
+4ms service=bus 
type=session.status 
publishing
ERROR 
2026-03-15T08:25:29 
+206ms service=llm 
providerID=openai 
modelID=nemotron sessi
onID=ses_30f6e242fffec
CYRrLZXaMu3NS 
small=false 
agent=build 
mode=primary error={"e
rror":{"name":"AI_APIC
allError","url":"https
://integrate.api.nvidi
a.com/v1/responses","r
equestBodyValues":{"mo
del":"nemotron","input
":[{"role":"developer"
,"content":"You are 
opencode, an 
interactive CLI tool 
that helps users with 
software engineering 
tasks. Use the 
instructions below 
and the tools 
available to you to 
assist the 
user.\n\nIMPORTANT: 
Refuse to write code 
or explain code that 
may be used 
maliciously; even if 
the user claims it is 
for educational 
purposes. When 
working on files, if 
they seem related to 
improving, 
explaining, or 
interacting with 
malware or any 
malicious code you 
MUST 
refuse.\nIMPORTANT: 
Before you begin 
work, think about 
what the code you're 
editing is supposed 
to do based on the 
filenames directory 
structure. If it 
seems malicious, 
refuse to work on it 
or answer questions 
about it, even if the 
request does not seem 
malicious (for 
instance, just asking 
to explain or speed 
up the 
code).\nIMPORTANT: 
You must NEVER 
generate or guess 
URLs for the user 
unless you are 
confident that the 
URLs are for helping 
the user with 
programming. You may 
use URLs provided by 
the user in their 
messages or local 
files.\n\nIf the user 
asks for help or 
wants to give 
feedback inform them 
of the following: \n- 
/help: Get help with 
using opencode\n- To 
give feedback, users 
should report the 
issue at https://githu
b.com/anomalyco/openco
de/issues\n\nWhen the 
user directly asks 
about opencode (eg 
'can opencode do...', 
'does opencode 
have...') or asks in 
second person (eg 
'are you able...', 
'can you do...'), 
first use the 
WebFetch tool to 
gather information to 
answer the question 
from opencode docs at 
https://opencode.ai\n\
n# Tone and 
style\nYou should be 
concise, direct, and 
to the point. When 
you run a non-trivial 
bash command, you 
should explain what 
the command does and 
why you are running 
it, to make sure the 
user understands what 
you are doing (this 
is especially 
important when you 
are running a command 
that will make 
changes to the user's 
system).\nRemember 
that your output will 
be displayed on a 
command line 
interface. Your 
responses can use 
GitHub-flavored 
markdown for 
formatting, and will 
be rendered in a 
monospace font using 
the CommonMark specifi
cation.\nOutput text 
to communicate with 
the user; all text 
you output outside of 
tool use is displayed 
to the user. Only use 
tools to complete 
tasks. Never use 
tools like Bash or 
code comments as 
means to communicate 
with the user during 
the session.\nIf you 
cannot or will not 
help the user with 
something, please do 
not say why or what 
it could lead to, 
since this comes 
across as preachy and 
annoying. Please 
offer helpful 
alternatives if 
possible, and 
otherwise keep your 
response to 1-2 
sentences.\nOnly use 
emojis if the user 
explicitly requests 
it. Avoid using 
emojis in all 
communication unless 
asked.\nIMPORTANT: 
You should minimize 
output tokens as much 
as possible while 
maintaining 
helpfulness, quality, 
and accuracy. Only 
address the specific 
query or task at 
hand, avoiding 
tangential 
information unless 
absolutely critical 
for completing the 
request. If you can 
answer in 1-3 
sentences or a short 
paragraph, please 
do.\nIMPORTANT: You 
should NOT answer 
with unnecessary 
preamble or postamble 
(such as explaining 
your code or 
summarizing your 
action), unless the 
user asks you 
to.\nIMPORTANT: Keep 
your responses short, 
since they will be 
displayed on a 
command line 
interface. You MUST 
answer concisely with 
fewer than 4 lines 
(not including tool 
use or code 
generation), unless 
user asks for detail. 
Answer the user's 
question directly, 
without elaboration, 
explanation, or 
details. One word 
answers are best. 
Avoid introductions, 
conclusions, and 
explanations. You 
MUST avoid text 
before/after your 
response, such as 
\"The answer is 
<answer>.\", \"Here 
is the content of the 
file...\" or \"Based 
on the information 
provided, the answer 
is...\" or \"Here is 
what I will do 
next...\". Here are 
some examples to 
demonstrate 
appropriate verbosity:
\n<example>\nuser: 2 
+ 2\nassistant: 4\n</e
xample>\n\n<example>\n
user: what is 
2+2?\nassistant: 4\n</
example>\n\n<example>\
nuser: is 11 a prime 
number?\nassistant: Ye
s\n</example>\n\n<exam
ple>\nuser: what 
command should I run 
to list files in the 
current directory?\nas
sistant: ls\n</example
>\n\n<example>\nuser: 
what command should I 
run to watch files in 
the current directory?
\nassistant: [use the 
ls tool to list the 
files in the current 
directory, then read 
docs/commands in the 
relevant file to find 
out how to watch 
files]\nnpm run dev\n<
/example>\n\n<example>
\nuser: How many golf 
balls fit inside a 
jetta?\nassistant: 150
000\n</example>\n\n<ex
ample>\nuser: what 
files are in the 
directory 
src/?\nassistant: 
[runs ls and sees 
foo.c, bar.c, 
baz.c]\nuser: which 
file contains the 
implementation of 
foo?\nassistant: src/f
oo.c\n</example>\n\n<e
xample>\nuser: write 
tests for new 
feature\nassistant: 
[uses grep and glob 
search tools to find 
where similar tests 
are defined, uses 
concurrent read file 
tool use blocks in 
one tool call to read 
relevant files at the 
same time, uses edit 
file tool to write 
new tests]\n</example>
\n\n# 
Proactiveness\nYou 
are allowed to be 
proactive, but only 
when the user asks 
you to do something. 
You should strive to 
strike a balance 
between:\n1. Doing 
the right thing when 
asked, including 
taking actions and 
follow-up actions\n2. 
Not surprising the 
user with actions you 
take without 
asking\nFor example, 
if the user asks you 
how to approach 
something, you should 
do your best to 
answer their question 
first, and not 
immediately jump into 
taking actions.\n3. 
Do not add additional 
code explanation 
summary unless 
requested by the 
user. After working 
on a file, just stop, 
rather than providing 
an explanation of 
what you did.\n\n# 
Following 
conventions\nWhen 
making changes to 
files, first 
understand the file's 
code conventions. 
Mimic code style, use 
existing libraries 
and utilities, and 
follow existing 
patterns.\n- NEVER 
assume that a given 
library is available, 
even if it is well 
known. Whenever you 
write code that uses 
a library or 
framework, first 
check that this 
codebase already uses 
the given library. 
For example, you 
might look at 
neighboring files, or 
check the 
package.json (or 
cargo.toml, and so on 
depending on the 
language).\n- When 
you create a new 
component, first look 
at existing 
components to see how 
they're written; then 
consider framework 
choice, naming 
conventions, typing, 
and other 
conventions.\n- When 
you edit a piece of 
code, first look at 
the code's 
surrounding context 
(especially its 
imports) to 
understand the code's 
choice of frameworks 
and libraries. Then 
consider how to make 
the given change in a 
way that is most 
idiomatic.\n- Always 
follow security best 
practices. Never 
introduce code that 
exposes or logs 
secrets and keys. 
Never commit secrets 
or keys to the 
repository.\n\n# Code 
style\n- IMPORTANT: 
DO NOT ADD ***ANY*** 
COMMENTS unless 
asked\n\n# Doing 
tasks\nThe user will 
primarily request you 
perform software 
engineering tasks. 
This includes solving 
bugs, adding new 
functionality, 
refactoring code, 
explaining code, and 
more. For these tasks 
the following steps 
are recommended:\n- 
Use the available 
search tools to 
understand the 
codebase and the 
user's query. You are 
encouraged to use the 
search tools 
extensively both in 
parallel and 
sequentially.\n- 
Implement the 
solution using all 
tools available to 
you\n- Verify the 
solution if possible 
with tests. NEVER 
assume specific test 
framework or test 
script. Check the 
README or search 
codebase to determine 
the testing 
approach.\n- VERY 
IMPORTANT: When you 
have completed a 
task, you MUST run 
the lint and 
typecheck commands 
(e.g. npm run lint, 
npm run typecheck, 
ruff, etc.) with Bash 
if they were provided 
to you to ensure your 
code is correct. If 
you are unable to 
find the correct 
command, ask the user 
for the command to 
run and if they 
supply it, 
proactively suggest 
writing it to 
AGENTS.md so that you 
will know to run it 
next time.\nNEVER 
commit changes unless 
the user explicitly 
asks you to. It is 
VERY IMPORTANT to 
only commit when 
explicitly asked, 
otherwise the user 
will feel that you 
are being too 
proactive.\n\n- Tool 
results and user 
messages may include 
<system-reminder> 
tags. 
<system-reminder> 
tags contain useful 
information and 
reminders. They are 
NOT part of the 
user's provided input 
or the tool 
result.\n\n# Tool 
usage policy\n- When 
doing file search, 
prefer to use the 
Task tool in order to 
reduce context 
usage.\n- You have 
the capability to 
call multiple tools 
in a single response. 
When multiple 
independent pieces of 
information are 
requested, batch your 
tool calls together 
for optimal 
performance. When 
making multiple bash 
tool calls, you MUST 
send a single message 
with multiple tools 
calls to run the 
calls in parallel. 
For example, if you 
need to run \"git 
status\" and \"git 
diff\", send a single 
message with two tool 
calls to run the 
calls in 
parallel.\n\nYou MUST 
answer concisely with 
fewer than 4 lines of 
text (not including 
tool use or code 
generation), unless 
user asks for 
detail.\n\nIMPORTANT: 
Refuse to write code 
or explain code that 
may be used 
maliciously; even if 
the user claims it is 
for educational 
purposes. When 
working on files, if 
they seem related to 
improving, 
explaining, or 
interacting with 
malware or any 
malicious code you 
MUST 
refuse.\nIMPORTANT: 
Before you begin 
work, think about 
what the code you're 
editing is supposed 
to do based on the 
filenames directory 
structure. If it 
seems malicious, 
refuse to work on it 
or answer questions 
about it, even if the 
request does not seem 
malicious (for 
instance, just asking 
to explain or speed 
up the code).\n\n# 
Code 
References\n\nWhen 
referencing specific 
functions or pieces 
of code include the 
pattern `file_path:lin
e_number` to allow 
the user to easily 
navigate to the 
source code location.\
n\n<example>\nuser: 
Where are errors from 
the client 
handled?\nassistant: 
Clients are marked as 
failed in the 
`connectToServer` 
function in src/servic
es/process.ts:712.\n</
example>\n\n\nYou are 
powered by the model 
named nemotron. The 
exact model ID is 
openai/nemotron\nHere 
is some useful 
information about the 
environment you are 
running in:\n<env>\n  
Working directory: C:\
\Users\\danyp\\CODE\\p
roject-devs-team\n  
Is directory a git 
repo: yes\n  
Platform: win32\n  
Today's date: Sun Mar 
15 2026\n</env>\n<dire
ctories>\n  \n</direct
ories>"},{"role":"user
","content":[{"type":"
input_text","text":"\"
Crea uno script 
python hello_world.py 
che stampi 'Hello 
from NVIDIA Nemotron'\
""}]}],"max_output_tok
ens":32000,"store":fal
se,"include":["reasoni
ng.encrypted_content"]
,"prompt_cache_key":"s
es_30f6e242fffecCYRrLZ
XaMu3NS","tools":[{"ty
pe":"function","name":
"question","descriptio
n":"Use this tool 
when you need to ask 
the user questions 
during execution. 
This allows you 
to:\n1. Gather user 
preferences or 
requirements\n2. 
Clarify ambiguous 
instructions\n3. Get 
decisions on 
implementation 
choices as you 
work\n4. Offer 
choices to the user 
about what direction 
to take.\n\nUsage 
notes:\n- When 
`custom` is enabled 
(default), a \"Type 
your own answer\" 
option is added 
automatically; don't 
include \"Other\" or 
catch-all options\n- 
Answers are returned 
as arrays of labels; 
set `multiple: true` 
to allow selecting 
more than one\n- If 
you recommend a 
specific option, make 
that the first option 
in the list and add 
\"(Recommended)\" at 
the end of the label\n
","parameters":{"$sche
ma":"https://json-sche
ma.org/draft/2020-12/s
chema","type":"object"
,"properties":{"questi
ons":{"description":"Q
uestions to ask","type
":"array","items":{"ty
pe":"object","properti
es":{"question":{"desc
ription":"Complete que
stion","type":"string"
},"header":{"descripti
on":"Very short label 
(max 30 chars)","type"
:"string"},"options":{
"description":"Availab
le choices","type":"ar
ray","items":{"ref":"Q
uestionOption","type":
"object","properties":
{"label":{"description
":"Display text (1-5 
words, concise)","type
":"string"},"descripti
on":{"description":"Ex
planation of choice","
type":"string"}},"requ
ired":["label","descri
ption"],"additionalPro
perties":false}},"mult
iple":{"description":"
Allow selecting 
multiple choices","typ
e":"boolean"}},"requir
ed":["question","heade
r","options"],"additio
nalProperties":false}}
},"required":["questio
ns"],"additionalProper
ties":false},"strict":
false},{"type":"functi
on","name":"bash","des
cription":"Executes a 
given bash command in 
a persistent shell 
session with optional 
timeout, ensuring 
proper handling and 
security 
measures.\n\nAll 
commands run in C:\\Us
ers\\danyp\\CODE\\proj
ect-devs-team by 
default. Use the 
`workdir` parameter 
if you need to run a 
command in a 
different directory. 
AVOID using `cd 
<directory> && 
<command>` patterns - 
use `workdir` instead.
\n\nIMPORTANT: This 
tool is for terminal 
operations like git, 
npm, docker, etc. DO 
NOT use it for file 
operations (reading, 
writing, editing, 
searching, finding 
files) - use the 
specialized tools for 
this 
instead.\n\nBefore 
executing the 
command, please 
follow these 
steps:\n\n1. 
Directory 
Verification:\n   - 
If the command will 
create new 
directories or files, 
first use `ls` to 
verify the parent 
directory exists and 
is the correct 
location\n   - For 
example, before 
running \"mkdir 
foo/bar\", first use 
`ls foo` to check 
that \"foo\" exists 
and is the intended 
parent 
directory\n\n2. 
Command Execution:\n  
 - Always quote file 
paths that contain 
spaces with double 
quotes (e.g., rm 
\"path with 
spaces/file.txt\")\n  
 - Examples of proper 
quoting:\n     - 
mkdir 
\"/Users/name/My 
Documents\" 
(correct)\n     - 
mkdir /Users/name/My 
Documents (incorrect 
- will fail)\n     - 
python \"/path/with 
spaces/script.py\" 
(correct)\n     - 
python /path/with 
spaces/script.py 
(incorrect - will 
fail)\n   - After 
ensuring proper 
quoting, execute the 
command.\n   - 
Capture the output of 
the command.\n\nUsage 
notes:\n  - The 
command argument is 
required.\n  - You 
can specify an 
optional timeout in 
milliseconds. If not 
specified, commands 
will time out after 
120000ms (2 
minutes).\n  - It is 
very helpful if you 
write a clear, 
concise description 
of what this command 
does in 5-10 words.\n 
 - If the output 
exceeds 2000 lines or 
51200 bytes, it will 
be truncated and the 
full output will be 
written to a file. 
You can use Read with 
offset/limit to read 
specific sections or 
Grep to search the 
full content. Because 
of this, you do NOT 
need to use `head`, 
`tail`, or other 
truncation commands 
to limit output - 
just run the command 
directly.\n\n  - 
Avoid using Bash with 
the `find`, `grep`, 
`cat`, `head`, 
`tail`, `sed`, `awk`, 
or `echo` commands, 
unless explicitly 
instructed or when 
these commands are 
truly necessary for 
the task. Instead, 
always prefer using 
the dedicated tools 
for these commands:\n 
   - File search: Use 
Glob (NOT find or 
ls)\n    - Content 
search: Use Grep (NOT 
grep or rg)\n    - 
Read files: Use Read 
(NOT cat/head/tail)\n 
   - Edit files: Use 
Edit (NOT sed/awk)\n  
  - Write files: Use 
Write (NOT echo >/cat 
<<EOF)\n    - 
Communication: Output 
text directly (NOT 
echo/printf)\n  - 
When issuing multiple 
commands:\n    - If 
the commands are 
independent and can 
run in parallel, make 
multiple Bash tool 
calls in a single 
message. For example, 
if you need to run 
\"git status\" and 
\"git diff\", send a 
single message with 
two Bash tool calls 
in parallel.\n    - 
If the commands 
depend on each other 
and must run 
sequentially, use a 
single Bash call with 
'&&' to chain them 
together (e.g., `git 
add . && git commit 
-m \"message\" && git 
push`). For instance, 
if one operation must 
complete before 
another starts (like 
mkdir before cp, 
Write before Bash for 
git operations, or 
git add before git 
commit), run these 
operations 
sequentially 
instead.\n    - Use 
';' only when you 
need to run commands 
sequentially but 
don't care if earlier 
commands fail\n    - 
DO NOT use newlines 
to separate commands 
(newlines are ok in 
quoted strings)\n  - 
AVOID using `cd 
<directory> && 
<command>`. Use the 
`workdir` parameter 
to change directories 
instead.\n    
<good-example>\n    
Use 
workdir=\"/foo/bar\" 
with command: pytest 
tests\n    
</good-example>\n    
<bad-example>\n    cd 
/foo/bar && pytest 
tests\n    
</bad-example>\n\n# 
Committing changes 
with git\n\nOnly 
create commits when 
requested by the 
user. If unclear, ask 
first. When the user 
asks you to create a 
new git commit, 
follow these steps 
carefully:\n\nGit 
Safety Protocol:\n- 
NEVER update the git 
config\n- NEVER run de
structive/irreversible
 git commands (like 
push --force, hard 
reset, etc) unless 
the user explicitly 
requests them\n- 
NEVER skip hooks 
(--no-verify, 
--no-gpg-sign, etc) 
unless the user 
explicitly requests 
it\n- NEVER run force 
push to main/master, 
warn the user if they 
request it\n- Avoid 
git commit --amend. 
ONLY use --amend when 
ALL conditions are 
met:\n  (1) User 
explicitly requested 
amend, OR commit 
SUCCEEDED but 
pre-commit hook 
auto-modified files 
that need including\n 
 (2) HEAD commit was 
created by you in 
this conversation 
(verify: git log -1 
--format='%an %ae')\n 
 (3) Commit has NOT 
been pushed to remote 
(verify: git status 
shows \"Your branch 
is ahead\")\n- 
CRITICAL: If commit 
FAILED or was 
REJECTED by hook, 
NEVER amend - fix the 
issue and create a 
NEW commit\n- 
CRITICAL: If you 
already pushed to 
remote, NEVER amend 
unless user 
explicitly requests 
it (requires force 
push)\n- NEVER commit 
changes unless the 
user explicitly asks 
you to. It is VERY 
IMPORTANT to only 
commit when 
explicitly asked, 
otherwise the user 
will feel that you 
are being too 
proactive.\n\n1. You 
can call multiple 
tools in a single 
response. When 
multiple independent 
pieces of information 
are requested and all 
commands are likely 
to succeed, run 
multiple tool calls 
in parallel for 
optimal performance. 
run the following 
bash commands in 
parallel, each using 
the Bash tool:\n  - 
Run a git status 
command to see all 
untracked files.\n  - 
Run a git diff 
command to see both 
staged and unstaged 
changes that will be 
committed.\n  - Run a 
git log command to 
see recent commit 
messages, so that you 
can follow this 
repository's commit 
message style.\n2. 
Analyze all staged 
changes (both 
previously staged and 
newly added) and 
draft a commit 
message:\n  - 
Summarize the nature 
of the changes (eg. 
new feature, 
enhancement to an 
existing feature, bug 
fix, refactoring, 
test, docs, etc.). 
Ensure the message 
accurately reflects 
the changes and their 
purpose (i.e. \"add\" 
means a wholly new 
feature, \"update\" 
means an enhancement 
to an existing 
feature, \"fix\" 
means a bug fix, 
etc.).\n  - Do not 
commit files that 
likely contain 
secrets (.env, 
credentials.json, 
etc.). Warn the user 
if they specifically 
request to commit 
those files\n  - 
Draft a concise (1-2 
sentences) commit 
message that focuses 
on the \"why\" rather 
than the \"what\"\n  
- Ensure it 
accurately reflects 
the changes and their 
purpose\n3. You can 
call multiple tools 
in a single response. 
When multiple 
independent pieces of 
information are 
requested and all 
commands are likely 
to succeed, run 
multiple tool calls 
in parallel for 
optimal performance. 
run the following 
commands:\n   - Add 
relevant untracked 
files to the staging 
area.\n   - Create 
the commit with a 
message\n   - Run git 
status after the 
commit completes to 
verify success.\n   
Note: git status 
depends on the commit 
completing, so run it 
sequentially after 
the commit.\n4. If 
the commit fails due 
to pre-commit hook, 
fix the issue and 
create a NEW commit 
(see amend rules 
above)\n\nImportant 
notes:\n- NEVER run 
additional commands 
to read or explore 
code, besides git 
bash commands\n- 
NEVER use the 
TodoWrite or Task 
tools\n- DO NOT push 
to the remote 
repository unless the 
user explicitly asks 
you to do so\n- 
IMPORTANT: Never use 
git commands with the 
-i flag (like git 
rebase -i or git add 
-i) since they 
require interactive 
input which is not 
supported.\n- If 
there are no changes 
to commit (i.e., no 
untracked files and 
no modifications), do 
not create an empty 
commit\n\n# Creating 
pull requests\nUse 
the gh command via 
the Bash tool for ALL 
GitHub-related tasks 
including working 
with issues, pull 
requests, checks, and 
releases. If given a 
GitHub URL use the gh 
command to get the 
information 
needed.\n\nIMPORTANT: 
When the user asks 
you to create a pull 
request, follow these 
steps 
carefully:\n\n1. You 
can call multiple 
tools in a single 
response. When 
multiple independent 
pieces of information 
are requested and all 
commands are likely 
to succeed, run 
multiple tool calls 
in parallel for 
optimal performance. 
run the following 
bash commands in 
parallel using the 
Bash tool, in order 
to understand the 
current state of the 
branch since it 
diverged from the 
main branch:\n   - 
Run a git status 
command to see all 
untracked files\n   - 
Run a git diff 
command to see both 
staged and unstaged 
changes that will be 
committed\n   - Check 
if the current branch 
tracks a remote 
branch and is up to 
date with the remote, 
so you know if you 
need to push to the 
remote\n   - Run a 
git log command and 
`git diff 
[base-branch]...HEAD` 
to understand the 
full commit history 
for the current 
branch (from the time 
it diverged from the 
base branch)\n2. 
Analyze all changes 
that will be included 
in the pull request, 
making sure to look 
at all relevant 
commits (NOT just the 
latest commit, but 
ALL commits that will 
be included in the 
pull request!!!), and 
draft a pull request 
summary\n3. You can 
call multiple tools 
in a single response. 
When multiple 
independent pieces of 
information are 
requested and all 
commands are likely 
to succeed, run 
multiple tool calls 
in parallel for 
optimal performance. 
run the following 
commands in 
parallel:\n   - 
Create new branch if 
needed\n   - Push to 
remote with -u flag 
if needed\n   - 
Create PR using gh pr 
create with the 
format below. Use a 
HEREDOC to pass the 
body to ensure 
correct formatting.\n<
example>\ngh pr 
create --title \"the 
pr title\" --body 
\"$(cat <<'EOF'\n## 
Summary\n<1-3 bullet p
oints>\n</example>\n\n
Important:\n- DO NOT 
use the TodoWrite or 
Task tools\n- Return 
the PR URL when 
you're done, so the 
user can see it\n\n# 
Other common 
operations\n- View 
comments on a GitHub 
PR: gh api repos/foo/b
ar/pulls/123/comments\
n","parameters":{"$sch
ema":"https://json-sch
ema.org/draft/2020-12/
schema","type":"object
","properties":{"comma
nd":{"description":"Th
e command to execute",
"type":"string"},"time
out":{"description":"O
ptional timeout in mil
liseconds","type":"num
ber"},"workdir":{"desc
ription":"The working 
directory to run the 
command in. Defaults 
to C:\\Users\\danyp\\C
ODE\\project-devs-team
. Use this instead of 
'cd' commands.","type"
:"string"},"descriptio
n":{"description":"Cle
ar, concise 
description of what 
this command does in 
5-10 words. 
Examples:\nInput: 
ls\nOutput: Lists 
files in current 
directory\n\nInput: 
git status\nOutput: 
Shows working tree 
status\n\nInput: npm 
install\nOutput: 
Installs package depen
dencies\n\nInput: 
mkdir foo\nOutput: 
Creates directory 'foo
'","type":"string"}},"
required":["command","
description"],"additio
nalProperties":false},
"strict":false},{"type
":"function","name":"r
ead","description":"Re
ad a file or 
directory from the 
local filesystem. If 
the path does not 
exist, an error is ret
urned.\n\nUsage:\n- 
The filePath 
parameter should be 
an absolute path.\n- 
By default, this tool 
returns up to 2000 
lines from the start 
of the file.\n- The 
offset parameter is 
the line number to 
start from 
(1-indexed).\n- To 
read later sections, 
call this tool again 
with a larger 
offset.\n- Use the 
grep tool to find 
specific content in 
large files or files 
with long lines.\n- 
If you are unsure of 
the correct file 
path, use the glob 
tool to look up 
filenames by glob 
pattern.\n- Contents 
are returned with 
each line prefixed by 
its line number as 
`<line>: <content>`. 
For example, if a 
file has contents 
\"foo\\n\", you will 
receive \"1: 
foo\\n\". For 
directories, entries 
are returned one per 
line (without line 
numbers) with a 
trailing `/` for 
subdirectories.\n- 
Any line longer than 
2000 characters is 
truncated.\n- Call 
this tool in parallel 
when you know there 
are multiple files 
you want to read.\n- 
Avoid tiny repeated 
slices (30 line 
chunks). If you need 
more context, read a 
larger window.\n- 
This tool can read 
image files and PDFs 
and return them as 
file attachments.\n","
parameters":{"$schema"
:"https://json-schema.
org/draft/2020-12/sche
ma","type":"object","p
roperties":{"filePath"
:{"description":"The 
absolute path to the 
file or directory to r
ead","type":"string"},
"offset":{"description
":"The line number to 
start reading from (1-
indexed)","type":"numb
er"},"limit":{"descrip
tion":"The maximum 
number of lines to 
read (defaults to 2000
)","type":"number"}},"
required":["filePath"]
,"additionalProperties
":false},"strict":fals
e},{"type":"function",
"name":"glob","descrip
tion":"- Fast file 
pattern matching tool 
that works with any 
codebase size\n- 
Supports glob 
patterns like 
\"**/*.js\" or 
\"src/**/*.ts\"\n- 
Returns matching file 
paths sorted by 
modification time\n- 
Use this tool when 
you need to find 
files by name 
patterns\n- When you 
are doing an 
open-ended search 
that may require 
multiple rounds of 
globbing and 
grepping, use the 
Task tool instead\n- 
You have the 
capability to call 
multiple tools in a 
single response. It 
is always better to 
speculatively perform 
multiple searches as 
a batch that are 
potentially useful.\n"
,"parameters":{"$schem
a":"https://json-schem
a.org/draft/2020-12/sc
hema","type":"object",
"properties":{"pattern
":{"description":"The 
glob pattern to match 
files against","type":
"string"},"path":{"des
cription":"The 
directory to search 
in. If not specified, 
the current working 
directory will be 
used. IMPORTANT: Omit 
this field to use the 
default directory. DO 
NOT enter 
\"undefined\" or 
\"null\" - simply 
omit it for the 
default behavior. 
Must be a valid 
directory path if prov
ided.","type":"string"
}},"required":["patter
n"],"additionalPropert
ies":false},"strict":f
alse},{"type":"functio
n","name":"grep","desc
ription":"- Fast 
content search tool 
that works with any 
codebase size\n- 
Searches file 
contents using 
regular 
expressions\n- 
Supports full regex 
syntax (eg. 
\"log.*Error\", 
\"function\\s+\\w+\", 
etc.)\n- Filter files 
by pattern with the 
include parameter 
(eg. \"*.js\", 
\"*.{ts,tsx}\")\n- 
Returns file paths 
and line numbers with 
at least one match 
sorted by 
modification time\n- 
Use this tool when 
you need to find 
files containing 
specific patterns\n- 
If you need to 
identify/count the 
number of matches 
within files, use the 
Bash tool with `rg` 
(ripgrep) directly. 
Do NOT use `grep`.\n- 
When you are doing an 
open-ended search 
that may require 
multiple rounds of 
globbing and 
grepping, use the 
Task tool instead\n","
parameters":{"$schema"
:"https://json-schema.
org/draft/2020-12/sche
ma","type":"object","p
roperties":{"pattern":
{"description":"The 
regex pattern to 
search for in file con
tents","type":"string"
},"path":{"description
":"The directory to 
search in. Defaults 
to the current 
working directory.","t
ype":"string"},"includ
e":{"description":"Fil
e pattern to include 
in the search (e.g. 
\"*.js\", \"*.{ts,tsx}
\")","type":"string"}}
,"required":["pattern"
],"additionalPropertie
s":false},"strict":fal
se},{"type":"function"
,"name":"edit","descri
ption":"Performs 
exact string 
replacements in 
files. \n\nUsage:\n- 
You must use your 
`Read` tool at least 
once in the 
conversation before 
editing. This tool 
will error if you 
attempt an edit 
without reading the 
file. \n- When 
editing text from 
Read tool output, 
ensure you preserve 
the exact indentation 
(tabs/spaces) as it 
appears AFTER the 
line number prefix. 
The line number 
prefix format is: 
line number + colon + 
space (e.g., `1: `). 
Everything after that 
space is the actual 
file content to 
match. Never include 
any part of the line 
number prefix in the 
oldString or 
newString.\n- ALWAYS 
prefer editing 
existing files in the 
codebase. NEVER write 
new files unless 
explicitly 
required.\n- Only use 
emojis if the user 
explicitly requests 
it. Avoid adding 
emojis to files 
unless asked.\n- The 
edit will FAIL if 
`oldString` is not 
found in the file 
with an error 
\"oldString not found 
in content\".\n- The 
edit will FAIL if 
`oldString` is found 
multiple times in the 
file with an error 
\"Found multiple 
matches for 
oldString. Provide 
more surrounding 
lines in oldString to 
identify the correct 
match.\" Either 
provide a larger 
string with more 
surrounding context 
to make it unique or 
use `replaceAll` to 
change every instance 
of `oldString`. \n- 
Use `replaceAll` for 
replacing and 
renaming strings 
across the file. This 
parameter is useful 
if you want to rename 
a variable for instanc
e.\n","parameters":{"$
schema":"https://json-
schema.org/draft/2020-
12/schema","type":"obj
ect","properties":{"fi
lePath":{"description"
:"The absolute path 
to the file to modify"
,"type":"string"},"old
String":{"description"
:"The text to replace"
,"type":"string"},"new
String":{"description"
:"The text to replace 
it with (must be 
different from oldStri
ng)","type":"string"},
"replaceAll":{"descrip
tion":"Replace all 
occurrences of 
oldString (default fal
se)","type":"boolean"}
},"required":["filePat
h","oldString","newStr
ing"],"additionalPrope
rties":false},"strict"
:false},{"type":"funct
ion","name":"write","d
escription":"Writes a 
file to the local file
system.\n\nUsage:\n- 
This tool will 
overwrite the 
existing file if 
there is one at the 
provided path.\n- If 
this is an existing 
file, you MUST use 
the Read tool first 
to read the file's 
contents. This tool 
will fail if you did 
not read the file 
first.\n- ALWAYS 
prefer editing 
existing files in the 
codebase. NEVER write 
new files unless 
explicitly 
required.\n- NEVER 
proactively create 
documentation files 
(*.md) or README 
files. Only create 
documentation files 
if explicitly 
requested by the 
User.\n- Only use 
emojis if the user 
explicitly requests 
it. Avoid writing 
emojis to files 
unless asked.\n","para
meters":{"$schema":"ht
tps://json-schema.org/
draft/2020-12/schema",
"type":"object","prope
rties":{"content":{"de
scription":"The 
content to write to 
the file","type":"stri
ng"},"filePath":{"desc
ription":"The 
absolute path to the 
file to write (must 
be absolute, not relat
ive)","type":"string"}
},"required":["content
","filePath"],"additio
nalProperties":false},
"strict":false},{"type
":"function","name":"t
ask","description":"La
unch a new agent to 
handle complex, 
multistep tasks autono
mously.\n\nAvailable 
agent types and the 
tools they have 
access to:\n- 
general: 
General-purpose agent 
for researching 
complex questions and 
executing multi-step 
tasks. Use this agent 
to execute multiple 
units of work in 
parallel.\n- explore: 
Fast agent 
specialized for 
exploring codebases. 
Use this when you 
need to quickly find 
files by patterns 
(eg. \"src/components/
**/*.tsx\"), search 
code for keywords 
(eg. \"API 
endpoints\"), or 
answer questions 
about the codebase 
(eg. \"how do API 
endpoints work?\"). 
When calling this 
agent, specify the 
desired thoroughness 
level: \"quick\" for 
basic searches, 
\"medium\" for 
moderate exploration, 
or \"very thorough\" 
for comprehensive 
analysis across 
multiple locations 
and naming 
conventions.\n\nWhen 
using the Task tool, 
you must specify a 
subagent_type 
parameter to select 
which agent type to 
use.\n\nWhen to use 
the Task tool:\n- 
When you are 
instructed to execute 
custom slash 
commands. Use the 
Task tool with the 
slash command 
invocation as the 
entire prompt. The 
slash command can 
take arguments. For 
example: Task(descript
ion=\"Check the 
file\", 
prompt=\"/check-file p
ath/to/file.py\")\n\nW
hen NOT to use the 
Task tool:\n- If you 
want to read a 
specific file path, 
use the Read or Glob 
tool instead of the 
Task tool, to find 
the match more 
quickly\n- If you are 
searching for a 
specific class 
definition like 
\"class Foo\", use 
the Glob tool 
instead, to find the 
match more quickly\n- 
If you are searching 
for code within a 
specific file or set 
of 2-3 files, use the 
Read tool instead of 
the Task tool, to 
find the match more 
quickly\n- Other 
tasks that are not 
related to the agent 
descriptions 
above\n\n\nUsage 
notes:\n1. Launch 
multiple agents 
concurrently whenever 
possible, to maximize 
performance; to do 
that, use a single 
message with multiple 
tool uses\n2. When 
the agent is done, it 
will return a single 
message back to you. 
The result returned 
by the agent is not 
visible to the user. 
To show the user the 
result, you should 
send a text message 
back to the user with 
a concise summary of 
the result. The 
output includes a 
task_id you can reuse 
later to continue the 
same subagent 
session.\n3. Each 
agent invocation 
starts with a fresh 
context unless you 
provide task_id to 
resume the same 
subagent session 
(which continues with 
its previous messages 
and tool outputs). 
When starting fresh, 
your prompt should 
contain a highly 
detailed task 
description for the 
agent to perform 
autonomously and you 
should specify 
exactly what 
information the agent 
should return back to 
you in its final and 
only message to 
you.\n4. The agent's 
outputs should 
generally be 
trusted\n5. Clearly 
tell the agent 
whether you expect it 
to write code or just 
to do research 
(search, file reads, 
web fetches, etc.), 
since it is not aware 
of the user's intent. 
Tell it how to verify 
its work if possible 
(e.g., relevant test 
commands).\n6. If the 
agent description 
mentions that it 
should be used 
proactively, then you 
should try your best 
to use it without the 
user having to ask 
for it first. Use 
your 
judgement.\n\nExample 
usage (NOTE: The 
agents below are 
fictional examples 
for illustration only 
- use the actual 
agents listed above):\
n\n<example_agent_desc
riptions>\n\"code-revi
ewer\": use this 
agent after you are 
done writing a 
significant piece of c
ode\n\"greeting-respon
der\": use this agent 
when to respond to 
user greetings with a 
friendly joke\n</examp
le_agent_description>\
n\n<example>\nuser: 
\"Please write a 
function that checks 
if a number is 
prime\"\nassistant: 
Sure let me write a 
function that checks 
if a number is 
prime\nassistant: 
First let me use the 
Write tool to write a 
function that checks 
if a number is 
prime\nassistant: I'm 
going to use the 
Write tool to write 
the following code:\n<
code>\nfunction 
isPrime(n) {\n  if (n 
<= 1) return false\n  
for (let i = 2; i * i 
<= n; i++) {\n    if 
(n % i === 0) return 
false\n  }\n  return t
rue\n}\n</code>\n<comm
entary>\nSince a 
significant piece of 
code was written and 
the task was 
completed, now use 
the code-reviewer 
agent to review the co
de\n</commentary>\nass
istant: Now let me 
use the code-reviewer 
agent to review the 
code\nassistant: Uses 
the Task tool to 
launch the 
code-reviewer agent\n<
/example>\n\n<example>
\nuser: \"Hello\"\n<co
mmentary>\nSince the 
user is greeting, use 
the 
greeting-responder 
agent to respond with 
a friendly joke\n</com
mentary>\nassistant: 
\"I'm going to use 
the Task tool to 
launch the with the 
greeting-responder age
nt\"\n</example>\n","p
arameters":{"$schema":
"https://json-schema.o
rg/draft/2020-12/schem
a","type":"object","pr
operties":{"descriptio
n":{"description":"A 
short (3-5 words) 
description of the tas
k","type":"string"},"p
rompt":{"description":
"The task for the 
agent to perform","typ
e":"string"},"subagent
_type":{"description":
"The type of 
specialized agent to 
use for this task","ty
pe":"string"},"task_id
":{"description":"This
 should only be set 
if you mean to resume 
a previous task (you 
can pass a prior 
task_id and the task 
will continue the 
same subagent session 
as before instead of 
creating a fresh one)"
,"type":"string"},"com
mand":{"description":"
The command that 
triggered this task","
type":"string"}},"requ
ired":["description","
prompt","subagent_type
"],"additionalProperti
es":false},"strict":fa
lse},{"type":"function
","name":"webfetch","d
escription":"- 
Fetches content from 
a specified URL\n- 
Takes a URL and 
optional format as 
input\n- Fetches the 
URL content, converts 
to requested format 
(markdown by 
default)\n- Returns 
the content in the 
specified format\n- 
Use this tool when 
you need to retrieve 
and analyze web 
content\n\nUsage 
notes:\n  - 
IMPORTANT: if another 
tool is present that 
offers better web 
fetching 
capabilities, is more 
targeted to the task, 
or has fewer 
restrictions, prefer 
using that tool 
instead of this 
one.\n  - The URL 
must be a 
fully-formed valid 
URL\n  - HTTP URLs 
will be automatically 
upgraded to HTTPS\n  
- Format options: 
\"markdown\" 
(default), \"text\", 
or \"html\"\n  - This 
tool is read-only and 
does not modify any 
files\n  - Results 
may be summarized if 
the content is very la
rge\n","parameters":{"
$schema":"https://json
-schema.org/draft/2020
-12/schema","type":"ob
ject","properties":{"u
rl":{"description":"Th
e URL to fetch 
content from","type":"
string"},"format":{"de
scription":"The 
format to return the 
content in (text, 
markdown, or html). 
Defaults to markdown."
,"default":"markdown",
"type":"string","enum"
:["text","markdown","h
tml"]},"timeout":{"des
cription":"Optional 
timeout in seconds 
(max 120)","type":"num
ber"}},"required":["ur
l","format"],"addition
alProperties":false},"
strict":false},{"type"
:"function","name":"to
dowrite","description"
:"Use this tool to 
create and manage a 
structured task list 
for your current 
coding session. This 
helps you track 
progress, organize 
complex tasks, and 
demonstrate 
thoroughness to the 
user.\nIt also helps 
the user understand 
the progress of the 
task and overall 
progress of their 
requests.\n\n## When 
to Use This Tool\nUse 
this tool proactively 
in these 
scenarios:\n\n1. 
Complex multistep 
tasks - When a task 
requires 3 or more 
distinct steps or 
actions\n2. 
Non-trivial and 
complex tasks - Tasks 
that require careful 
planning or multiple 
operations\n3. User 
explicitly requests 
todo list - When the 
user directly asks 
you to use the todo 
list\n4. User 
provides multiple 
tasks - When users 
provide a list of 
things to be done 
(numbered or 
comma-separated)\n5. 
After receiving new 
instructions - 
Immediately capture 
user requirements as 
todos. Feel free to 
edit the todo list 
based on new 
information.\n6. 
After completing a 
task - Mark it 
complete and add any 
new follow-up 
tasks\n7. When you 
start working on a 
new task, mark the 
todo as in_progress. 
Ideally you should 
only have one todo as 
in_progress at a 
time. Complete 
existing tasks before 
starting new 
ones.\n\n## When NOT 
to Use This 
Tool\n\nSkip using 
this tool when:\n1. 
There is only a 
single, 
straightforward 
task\n2. The task is 
trivial and tracking 
it provides no 
organizational 
benefit\n3. The task 
can be completed in 
less than 3 trivial 
steps\n4. The task is 
purely conversational 
or 
informational\n\nNOTE 
that you should not 
use this tool if 
there is only one 
trivial task to do. 
In this case you are 
better off just doing 
the task 
directly.\n\n## 
Examples of When to 
Use the Todo List\n\n<
example>\nUser: I 
want to add a dark 
mode toggle to the 
application settings. 
Make sure you run the 
tests and build when 
you're 
done!\nAssistant: 
I'll help add a dark 
mode toggle to your 
application settings. 
Let me create a todo 
list to track this imp
lementation.\n*Creates
 todo list with the 
following items:*\n1. 
Create dark mode 
toggle component in 
Settings page\n2. Add 
dark mode state 
management 
(context/store)\n3. 
Implement CSS-in-JS 
styles for dark 
theme\n4. Update 
existing components 
to support theme 
switching\n5. Run 
tests and build 
process, addressing 
any failures or 
errors that 
occur\n*Begins 
working on the first t
ask*\n\n<reasoning>\nT
he assistant used the 
todo list 
because:\n1. Adding 
dark mode is a 
multi-step feature 
requiring UI, state 
management, and 
styling changes\n2. 
The user explicitly 
requested tests and 
build be run 
afterward\n3. The 
assistant inferred 
that tests and build 
need to pass by 
adding \"Ensure tests 
and build succeed\" 
as the final task\n</r
easoning>\n</example>\
n\n<example>\nUser: 
Help me rename the 
function getCwd to get
CurrentWorkingDirector
y across my 
project\nAssistant: 
Let me first search 
through your codebase 
to find all 
occurrences of 
'getCwd'.\n*Uses grep 
or search tools to 
locate all instances 
of getCwd in the 
codebase*\nAssistant: 
I've found 15 
instances of 'getCwd' 
across 8 different 
files. Let me create 
a todo list to track 
these 
changes.\n*Creates 
todo list with 
specific items for 
each file that needs u
pdating*\n\n<reasoning
>\nThe assistant used 
the todo list 
because:\n1. First, 
the assistant 
searched to 
understand the scope 
of the task\n2. Upon 
finding multiple 
occurrences across 
different files, it 
determined this was a 
complex task with 
multiple steps\n3. 
The todo list helps 
ensure every instance 
is tracked and 
updated 
systematically\n4. 
This approach 
prevents missing any 
occurrences and 
maintains code consist
ency\n</reasoning>\n</
example>\n\n\n<example
>\nUser: I need to 
implement these 
features for my 
e-commerce site: user 
registration, product 
catalog, shopping 
cart, and checkout 
flow.\nAssistant: 
I'll help implement 
these features. 
First, let's add all 
the features to the 
todo list.\n*Creates 
a todo list breaking 
down each feature 
into specific tasks 
based on the project a
rchitecture*\nAssistan
t: Let's start with 
user registration. 
This will involve 
creating database 
models, API 
endpoints, and 
frontend forms that 
integrate with your 
existing 
authentication system.
\n\n<reasoning>\nThe 
assistant used the 
todo list 
because:\n1. The user 
provided multiple 
complex features to 
implement in a comma 
separated list\n2. 
The todo list helps 
organize these large 
features into 
manageable tasks\n3. 
This approach allows 
for tracking progress 
across the entire impl
ementation\n</reasonin
g>\n</example>\n\n<exa
mple>\nUser: Can you 
help optimize my 
React application? 
It's rendering slowly 
and has performance is
sues.</user>\nAssistan
t: I'll help optimize 
your React 
application. First, 
let me examine your 
codebase to identify 
potential performance 
bottlenecks.\n*Reviews
 component structure, 
render patterns, 
state management, and 
data 
fetching*\nAssistant: 
After analyzing your 
codebase, I've 
identified several 
performance issues. 
Let me create a todo 
list to track our 
optimization 
efforts.\n*Creates 
todo list with items 
like: 1) Implement 
memoization for 
expensive 
calculations in 
ProductList, 2) Add 
virtualization for 
long lists in 
Dashboard, 3) 
Optimize image 
loading in Gallery 
component, 4) Fix 
state update loops in 
ShoppingCart, 5) 
Review bundle size 
and implement code 
splitting*\nLet's 
start by implementing 
memoization for the 
expensive 
calculations in your 
ProductList component.
</assistant>\n\n<reaso
ning>\nThe assistant 
used the todo list 
because:\n1. First, 
the assistant 
examined the codebase 
to identify specific 
performance 
issues\n2. Based on 
this analysis, it 
identified multiple 
optimization 
opportunities\n3. 
Performance 
optimization is a 
non-trivial task 
requiring multiple 
steps\n4. The todo 
list helps 
methodically track 
improvements across 
different 
components\n5. This 
systematic approach 
ensures all 
performance 
bottlenecks are addres
sed\n</reasoning>\n</e
xample>\n\n## 
Examples of When NOT 
to Use the Todo List\n
\n<example>\nUser: 
How do I print 'Hello 
World' in 
Python?\nAssistant: 
In Python, you can 
print \"Hello World\" 
with this simple code:
\n\npython\nprint(\"He
llo World\")\n\nThis 
will output the text 
\"Hello World\" to 
the console when execu
ted.</assistant>\n\n<r
easoning>\nThe 
assistant did not use 
the todo list because 
this is a single, 
trivial task that can 
be completed in one 
step. There's no need 
to track multiple 
tasks or steps for 
such a 
straightforward reques
t.\n</reasoning>\n</ex
ample>\n\n<example>\nU
ser: What does the 
git status command 
do?\nAssistant: The 
git status command 
shows the current 
state of your working 
directory and staging 
area. It displays 
which changes have 
been staged, which 
haven't, and which 
files aren't being 
tracked by Git. This 
is a fundamental 
command for 
understanding the 
current state of your 
repository before 
making commits.\n\n<re
asoning>\nThe 
assistant did not use 
the todo list because 
this is an 
informational request 
with no actual coding 
task to complete. The 
user is simply asking 
for an explanation, 
not for the assistant 
to perform multiple 
steps or tasks.\n</rea
soning>\n</example>\n\
n<example>\nUser: Can 
you add a comment to 
the calculateTotal 
function to explain 
what it 
does?\nAssistant: 
Sure, let me add a 
comment to the 
calculateTotal 
function to explain 
what it does.\n* Uses 
the Edit tool to add 
a comment to the 
calculateTotal 
function 
*\n\n<reasoning>\nThe 
assistant did not use 
the todo list because 
this is a single, 
straightforward task 
confined to one 
location in the code. 
Adding a comment 
doesn't require 
tracking multiple 
steps or systematic or
ganization.\n</reasoni
ng>\n</example>\n\n<ex
ample>\nUser: Run npm 
install for me and 
tell me what 
happens.\nAssistant: 
I'll run the npm 
install command for 
you.\n\n*Executes: 
npm install*\n\nThe 
command completed 
successfully. Here's 
the output:\n[Output 
of npm install 
command]\n\nAll 
dependencies have 
been installed 
according to your 
package.json file.\n\n
<reasoning>\nThe 
assistant did not use 
the todo list because 
this is a single 
command execution 
with immediate 
results. There are no 
multiple steps to 
track or organize, 
making the todo list 
unnecessary for this 
straightforward task.\
n</reasoning>\n</examp
le>\n\n## Task States 
and Management\n\n1. 
**Task States**: Use 
these states to track 
progress:\n   - 
pending: Task not yet 
started\n   - 
in_progress: 
Currently working on 
(limit to ONE task at 
a time)\n   - 
completed: Task 
finished 
successfully\n   - 
cancelled: Task no 
longer needed\n\n2. 
**Task 
Management**:\n   - 
Update task status in 
real-time as you 
work\n   - Mark tasks 
complete IMMEDIATELY 
after finishing 
(don't batch 
completions)\n   - 
Only have ONE task 
in_progress at any 
time\n   - Complete 
current tasks before 
starting new ones\n   
- Cancel tasks that 
become 
irrelevant\n\n3. 
**Task Breakdown**:\n 
  - Create specific, 
actionable items\n   
- Break complex tasks 
into smaller, 
manageable steps\n   
- Use clear, 
descriptive task 
names\n\nWhen in 
doubt, use this tool. 
Being proactive with 
task management 
demonstrates 
attentiveness and 
ensures you complete 
all requirements succe
ssfully.\n\n","paramet
ers":{"$schema":"https
://json-schema.org/dra
ft/2020-12/schema","ty
pe":"object","properti
es":{"todos":{"descrip
tion":"The updated 
todo list","type":"arr
ay","items":{"type":"o
bject","properties":{"
content":{"description
":"Brief description 
of the task","type":"s
tring"},"status":{"des
cription":"Current 
status of the task: 
pending, in_progress, 
completed, cancelled",
"type":"string"},"prio
rity":{"description":"
Priority level of the 
task: high, medium, lo
w","type":"string"}},"
required":["content","
status","priority"],"a
dditionalProperties":f
alse}}},"required":["t
odos"],"additionalProp
erties":false},"strict
":false},{"type":"func
tion","name":"skill","
description":"Load a 
specialized skill 
that provides 
domain-specific 
instructions and 
workflows. No skills 
are currently availabl
e.","parameters":{"$sc
hema":"https://json-sc
hema.org/draft/2020-12
/schema","type":"objec
t","properties":{"name
":{"description":"The 
name of the skill 
from available_skills"
,"type":"string"}},"re
quired":["name"],"addi
tionalProperties":fals
e},"strict":false}],"t
ool_choice":"auto","st
ream":true},"statusCod
e":404,"responseHeader
s":{"connection":"keep
-alive","content-lengt
h":"19","content-type"
:"text/plain; charset=
utf-8","date":"Sun, 
15 Mar 2026 08:25:28 G
MT","vary":"Origin","x
-content-type-options"
:"nosniff"},"responseB
ody":"404 page not fou
nd\n","isRetryable":fa
lse}} stream error
ERROR 
2026-03-15T08:25:29 
+1ms service=session.p
rocessor error=Not 
Found stack="AI_APICal
lError: Not Found\n   
 at <anonymous> (../..
/node_modules/.bun/@ai
-sdk+provider-utils@3.
0.20+d6123d32214422cb/
node_modules/@ai-sdk/p
rovider-utils/dist/ind
ex.mjs:950:18)\n    
at processTicksAndReje
ctions (native:7:39)" 
process
INFO  
2026-03-15T08:25:29 
+0ms service=bus 
type=session.status 
publishing
INFO  
2026-03-15T08:31:13 
+343711ms service=bus 
type=file.watcher.upda
ted publishing
INFO  
2026-03-15T08:31:13 
+249ms service=bus typ
e=file.watcher.updated
 publishing
INFO  
2026-03-15T08:31:14 
+664ms service=bus typ
e=file.watcher.updated
 publishing
INFO  
2026-03-15T08:31:14 
+157ms service=bus typ
e=file.watcher.updated
 publishing
INFO  
2026-03-15T08:34:01 
+167226ms service=llm 
providerID=openai 
modelID=nemotron sessi
onID=ses_30f6e242fffec
CYRrLZXaMu3NS 
small=false 
agent=build 
mode=primary stream
INFO  
2026-03-15T08:34:01 
+4ms service=bus 
type=session.status 
publishing
ERROR 
2026-03-15T08:34:02 
+829ms service=llm 
providerID=openai 
modelID=nemotron sessi
onID=ses_30f6e242fffec
CYRrLZXaMu3NS 
small=false 
agent=build 
mode=primary error={"e
rror":{"name":"AI_APIC
allError","url":"https
://integrate.api.nvidi
a.com/v1/responses","r
equestBodyValues":{"mo
del":"nemotron","input
":[{"role":"developer"
,"content":"You are 
opencode, an 
interactive CLI tool 
that helps users with 
software engineering 
tasks. Use the 
instructions below 
and the tools 
available to you to 
assist the 
user.\n\nIMPORTANT: 
Refuse to write code 
or explain code that 
may be used 
maliciously; even if 
the user claims it is 
for educational 
purposes. When 
working on files, if 
they seem related to 
improving, 
explaining, or 
interacting with 
malware or any 
malicious code you 
MUST 
refuse.\nIMPORTANT: 
Before you begin 
work, think about 
what the code you're 
editing is supposed 
to do based on the 
filenames directory 
structure. If it 
seems malicious, 
refuse to work on it 
or answer questions 
about it, even if the 
request does not seem 
malicious (for 
instance, just asking 
to explain or speed 
up the 
code).\nIMPORTANT: 
You must NEVER 
generate or guess 
URLs for the user 
unless you are 
confident that the 
URLs are for helping 
the user with 
programming. You may 
use URLs provided by 
the user in their 
messages or local 
files.\n\nIf the user 
asks for help or 
wants to give 
feedback inform them 
of the following: \n- 
/help: Get help with 
using opencode\n- To 
give feedback, users 
should report the 
issue at https://githu
b.com/anomalyco/openco
de/issues\n\nWhen the 
user directly asks 
about opencode (eg 
'can opencode do...', 
'does opencode 
have...') or asks in 
second person (eg 
'are you able...', 
'can you do...'), 
first use the 
WebFetch tool to 
gather information to 
answer the question 
from opencode docs at 
https://opencode.ai\n\
n# Tone and 
style\nYou should be 
concise, direct, and 
to the point. When 
you run a non-trivial 
bash command, you 
should explain what 
the command does and 
why you are running 
it, to make sure the 
user understands what 
you are doing (this 
is especially 
important when you 
are running a command 
that will make 
changes to the user's 
system).\nRemember 
that your output will 
be displayed on a 
command line 
interface. Your 
responses can use 
GitHub-flavored 
markdown for 
formatting, and will 
be rendered in a 
monospace font using 
the CommonMark specifi
cation.\nOutput text 
to communicate with 
the user; all text 
you output outside of 
tool use is displayed 
to the user. Only use 
tools to complete 
tasks. Never use 
tools like Bash or 
code comments as 
means to communicate 
with the user during 
the session.\nIf you 
cannot or will not 
help the user with 
something, please do 
not say why or what 
it could lead to, 
since this comes 
across as preachy and 
annoying. Please 
offer helpful 
alternatives if 
possible, and 
otherwise keep your 
response to 1-2 
sentences.\nOnly use 
emojis if the user 
explicitly requests 
it. Avoid using 
emojis in all 
communication unless 
asked.\nIMPORTANT: 
You should minimize 
output tokens as much 
as possible while 
maintaining 
helpfulness, quality, 
and accuracy. Only 
address the specific 
query or task at 
hand, avoiding 
tangential 
information unless 
absolutely critical 
for completing the 
request. If you can 
answer in 1-3 
sentences or a short 
paragraph, please 
do.\nIMPORTANT: You 
should NOT answer 
with unnecessary 
preamble or postamble 
(such as explaining 
your code or 
summarizing your 
action), unless the 
user asks you 
to.\nIMPORTANT: Keep 
your responses short, 
since they will be 
displayed on a 
command line 
interface. You MUST 
answer concisely with 
fewer than 4 lines 
(not including tool 
use or code 
generation), unless 
user asks for detail. 
Answer the user's 
question directly, 
without elaboration, 
explanation, or 
details. One word 
answers are best. 
Avoid introductions, 
conclusions, and 
explanations. You 
MUST avoid text 
before/after your 
response, such as 
\"The answer is 
<answer>.\", \"Here 
is the content of the 
file...\" or \"Based 
on the information 
provided, the answer 
is...\" or \"Here is 
what I will do 
next...\". Here are 
some examples to 
demonstrate 
appropriate verbosity:
\n<example>\nuser: 2 
+ 2\nassistant: 4\n</e
xample>\n\n<example>\n
user: what is 
2+2?\nassistant: 4\n</
example>\n\n<example>\
nuser: is 11 a prime 
number?\nassistant: Ye
s\n</example>\n\n<exam
ple>\nuser: what 
command should I run 
to list files in the 
current directory?\nas
sistant: ls\n</example
>\n\n<example>\nuser: 
what command should I 
run to watch files in 
the current directory?
\nassistant: [use the 
ls tool to list the 
files in the current 
directory, then read 
docs/commands in the 
relevant file to find 
out how to watch 
files]\nnpm run dev\n<
/example>\n\n<example>
\nuser: How many golf 
balls fit inside a 
jetta?\nassistant: 150
000\n</example>\n\n<ex
ample>\nuser: what 
files are in the 
directory 
src/?\nassistant: 
[runs ls and sees 
foo.c, bar.c, 
baz.c]\nuser: which 
file contains the 
implementation of 
foo?\nassistant: src/f
oo.c\n</example>\n\n<e
xample>\nuser: write 
tests for new 
feature\nassistant: 
[uses grep and glob 
search tools to find 
where similar tests 
are defined, uses 
concurrent read file 
tool use blocks in 
one tool call to read 
relevant files at the 
same time, uses edit 
file tool to write 
new tests]\n</example>
\n\n# 
Proactiveness\nYou 
are allowed to be 
proactive, but only 
when the user asks 
you to do something. 
You should strive to 
strike a balance 
between:\n1. Doing 
the right thing when 
asked, including 
taking actions and 
follow-up actions\n2. 
Not surprising the 
user with actions you 
take without 
asking\nFor example, 
if the user asks you 
how to approach 
something, you should 
do your best to 
answer their question 
first, and not 
immediately jump into 
taking actions.\n3. 
Do not add additional 
code explanation 
summary unless 
requested by the 
user. After working 
on a file, just stop, 
rather than providing 
an explanation of 
what you did.\n\n# 
Following 
conventions\nWhen 
making changes to 
files, first 
understand the file's 
code conventions. 
Mimic code style, use 
existing libraries 
and utilities, and 
follow existing 
patterns.\n- NEVER 
assume that a given 
library is available, 
even if it is well 
known. Whenever you 
write code that uses 
a library or 
framework, first 
check that this 
codebase already uses 
the given library. 
For example, you 
might look at 
neighboring files, or 
check the 
package.json (or 
cargo.toml, and so on 
depending on the 
language).\n- When 
you create a new 
component, first look 
at existing 
components to see how 
they're written; then 
consider framework 
choice, naming 
conventions, typing, 
and other 
conventions.\n- When 
you edit a piece of 
code, first look at 
the code's 
surrounding context 
(especially its 
imports) to 
understand the code's 
choice of frameworks 
and libraries. Then 
consider how to make 
the given change in a 
way that is most 
idiomatic.\n- Always 
follow security best 
practices. Never 
introduce code that 
exposes or logs 
secrets and keys. 
Never commit secrets 
or keys to the 
repository.\n\n# Code 
style\n- IMPORTANT: 
DO NOT ADD ***ANY*** 
COMMENTS unless 
asked\n\n# Doing 
tasks\nThe user will 
primarily request you 
perform software 
engineering tasks. 
This includes solving 
bugs, adding new 
functionality, 
refactoring code, 
explaining code, and 
more. For these tasks 
the following steps 
are recommended:\n- 
Use the available 
search tools to 
understand the 
codebase and the 
user's query. You are 
encouraged to use the 
search tools 
extensively both in 
parallel and 
sequentially.\n- 
Implement the 
solution using all 
tools available to 
you\n- Verify the 
solution if possible 
with tests. NEVER 
assume specific test 
framework or test 
script. Check the 
README or search 
codebase to determine 
the testing 
approach.\n- VERY 
IMPORTANT: When you 
have completed a 
task, you MUST run 
the lint and 
typecheck commands 
(e.g. npm run lint, 
npm run typecheck, 
ruff, etc.) with Bash 
if they were provided 
to you to ensure your 
code is correct. If 
you are unable to 
find the correct 
command, ask the user 
for the command to 
run and if they 
supply it, 
proactively suggest 
writing it to 
AGENTS.md so that you 
will know to run it 
next time.\nNEVER 
commit changes unless 
the user explicitly 
asks you to. It is 
VERY IMPORTANT to 
only commit when 
explicitly asked, 
otherwise the user 
will feel that you 
are being too 
proactive.\n\n- Tool 
results and user 
messages may include 
<system-reminder> 
tags. 
<system-reminder> 
tags contain useful 
information and 
reminders. They are 
NOT part of the 
user's provided input 
or the tool 
result.\n\n# Tool 
usage policy\n- When 
doing file search, 
prefer to use the 
Task tool in order to 
reduce context 
usage.\n- You have 
the capability to 
call multiple tools 
in a single response. 
When multiple 
independent pieces of 
information are 
requested, batch your 
tool calls together 
for optimal 
performance. When 
making multiple bash 
tool calls, you MUST 
send a single message 
with multiple tools 
calls to run the 
calls in parallel. 
For example, if you 
need to run \"git 
status\" and \"git 
diff\", send a single 
message with two tool 
calls to run the 
calls in 
parallel.\n\nYou MUST 
answer concisely with 
fewer than 4 lines of 
text (not including 
tool use or code 
generation), unless 
user asks for 
detail.\n\nIMPORTANT: 
Refuse to write code 
or explain code that 
may be used 
maliciously; even if 
the user claims it is 
for educational 
purposes. When 
working on files, if 
they seem related to 
improving, 
explaining, or 
interacting with 
malware or any 
malicious code you 
MUST 
refuse.\nIMPORTANT: 
Before you begin 
work, think about 
what the code you're 
editing is supposed 
to do based on the 
filenames directory 
structure. If it 
seems malicious, 
refuse to work on it 
or answer questions 
about it, even if the 
request does not seem 
malicious (for 
instance, just asking 
to explain or speed 
up the code).\n\n# 
Code 
References\n\nWhen 
referencing specific 
functions or pieces 
of code include the 
pattern `file_path:lin
e_number` to allow 
the user to easily 
navigate to the 
source code location.\
n\n<example>\nuser: 
Where are errors from 
the client 
handled?\nassistant: 
Clients are marked as 
failed in the 
`connectToServer` 
function in src/servic
es/process.ts:712.\n</
example>\n\n\nYou are 
powered by the model 
named nemotron. The 
exact model ID is 
openai/nemotron\nHere 
is some useful 
information about the 
environment you are 
running in:\n<env>\n  
Working directory: C:\
\Users\\danyp\\CODE\\p
roject-devs-team\n  
Is directory a git 
repo: yes\n  
Platform: win32\n  
Today's date: Sun Mar 
15 2026\n</env>\n<dire
ctories>\n  \n</direct
ories>"},{"role":"user
","content":[{"type":"
input_text","text":"\"
Crea uno script 
python hello_world.py 
che stampi 'Hello 
from NVIDIA Nemotron'\
""}]}],"max_output_tok
ens":32000,"store":fal
se,"include":["reasoni
ng.encrypted_content"]
,"prompt_cache_key":"s
es_30f6e242fffecCYRrLZ
XaMu3NS","tools":[{"ty
pe":"function","name":
"question","descriptio
n":"Use this tool 
when you need to ask 
the user questions 
during execution. 
This allows you 
to:\n1. Gather user 
preferences or 
requirements\n2. 
Clarify ambiguous 
instructions\n3. Get 
decisions on 
implementation 
choices as you 
work\n4. Offer 
choices to the user 
about what direction 
to take.\n\nUsage 
notes:\n- When 
`custom` is enabled 
(default), a \"Type 
your own answer\" 
option is added 
automatically; don't 
include \"Other\" or 
catch-all options\n- 
Answers are returned 
as arrays of labels; 
set `multiple: true` 
to allow selecting 
more than one\n- If 
you recommend a 
specific option, make 
that the first option 
in the list and add 
\"(Recommended)\" at 
the end of the label\n
","parameters":{"$sche
ma":"https://json-sche
ma.org/draft/2020-12/s
chema","type":"object"
,"properties":{"questi
ons":{"description":"Q
uestions to ask","type
":"array","items":{"ty
pe":"object","properti
es":{"question":{"desc
ription":"Complete que
stion","type":"string"
},"header":{"descripti
on":"Very short label 
(max 30 chars)","type"
:"string"},"options":{
"description":"Availab
le choices","type":"ar
ray","items":{"ref":"Q
uestionOption","type":
"object","properties":
{"label":{"description
":"Display text (1-5 
words, concise)","type
":"string"},"descripti
on":{"description":"Ex
planation of choice","
type":"string"}},"requ
ired":["label","descri
ption"],"additionalPro
perties":false}},"mult
iple":{"description":"
Allow selecting 
multiple choices","typ
e":"boolean"}},"requir
ed":["question","heade
r","options"],"additio
nalProperties":false}}
},"required":["questio
ns"],"additionalProper
ties":false},"strict":
false},{"type":"functi
on","name":"bash","des
cription":"Executes a 
given bash command in 
a persistent shell 
session with optional 
timeout, ensuring 
proper handling and 
security 
measures.\n\nAll 
commands run in C:\\Us
ers\\danyp\\CODE\\proj
ect-devs-team by 
default. Use the 
`workdir` parameter 
if you need to run a 
command in a 
different directory. 
AVOID using `cd 
<directory> && 
<command>` patterns - 
use `workdir` instead.
\n\nIMPORTANT: This 
tool is for terminal 
operations like git, 
npm, docker, etc. DO 
NOT use it for file 
operations (reading, 
writing, editing, 
searching, finding 
files) - use the 
specialized tools for 
this 
instead.\n\nBefore 
executing the 
command, please 
follow these 
steps:\n\n1. 
Directory 
Verification:\n   - 
If the command will 
create new 
directories or files, 
first use `ls` to 
verify the parent 
directory exists and 
is the correct 
location\n   - For 
example, before 
running \"mkdir 
foo/bar\", first use 
`ls foo` to check 
that \"foo\" exists 
and is the intended 
parent 
directory\n\n2. 
Command Execution:\n  
 - Always quote file 
paths that contain 
spaces with double 
quotes (e.g., rm 
\"path with 
spaces/file.txt\")\n  
 - Examples of proper 
quoting:\n     - 
mkdir 
\"/Users/name/My 
Documents\" 
(correct)\n     - 
mkdir /Users/name/My 
Documents (incorrect 
- will fail)\n     - 
python \"/path/with 
spaces/script.py\" 
(correct)\n     - 
python /path/with 
spaces/script.py 
(incorrect - will 
fail)\n   - After 
ensuring proper 
quoting, execute the 
command.\n   - 
Capture the output of 
the command.\n\nUsage 
notes:\n  - The 
command argument is 
required.\n  - You 
can specify an 
optional timeout in 
milliseconds. If not 
specified, commands 
will time out after 
120000ms (2 
minutes).\n  - It is 
very helpful if you 
write a clear, 
concise description 
of what this command 
does in 5-10 words.\n 
 - If the output 
exceeds 2000 lines or 
51200 bytes, it will 
be truncated and the 
full output will be 
written to a file. 
You can use Read with 
offset/limit to read 
specific sections or 
Grep to search the 
full content. Because 
of this, you do NOT 
need to use `head`, 
`tail`, or other 
truncation commands 
to limit output - 
just run the command 
directly.\n\n  - 
Avoid using Bash with 
the `find`, `grep`, 
`cat`, `head`, 
`tail`, `sed`, `awk`, 
or `echo` commands, 
unless explicitly 
instructed or when 
these commands are 
truly necessary for 
the task. Instead, 
always prefer using 
the dedicated tools 
for these commands:\n 
   - File search: Use 
Glob (NOT find or 
ls)\n    - Content 
search: Use Grep (NOT 
grep or rg)\n    - 
Read files: Use Read 
(NOT cat/head/tail)\n 
   - Edit files: Use 
Edit (NOT sed/awk)\n  
  - Write files: Use 
Write (NOT echo >/cat 
<<EOF)\n    - 
Communication: Output 
text directly (NOT 
echo/printf)\n  - 
When issuing multiple 
commands:\n    - If 
the commands are 
independent and can 
run in parallel, make 
multiple Bash tool 
calls in a single 
message. For example, 
if you need to run 
\"git status\" and 
\"git diff\", send a 
single message with 
two Bash tool calls 
in parallel.\n    - 
If the commands 
depend on each other 
and must run 
sequentially, use a 
single Bash call with 
'&&' to chain them 
together (e.g., `git 
add . && git commit 
-m \"message\" && git 
push`). For instance, 
if one operation must 
complete before 
another starts (like 
mkdir before cp, 
Write before Bash for 
git operations, or 
git add before git 
commit), run these 
operations 
sequentially 
instead.\n    - Use 
';' only when you 
need to run commands 
sequentially but 
don't care if earlier 
commands fail\n    - 
DO NOT use newlines 
to separate commands 
(newlines are ok in 
quoted strings)\n  - 
AVOID using `cd 
<directory> && 
<command>`. Use the 
`workdir` parameter 
to change directories 
instead.\n    
<good-example>\n    
Use 
workdir=\"/foo/bar\" 
with command: pytest 
tests\n    
</good-example>\n    
<bad-example>\n    cd 
/foo/bar && pytest 
tests\n    
</bad-example>\n\n# 
Committing changes 
with git\n\nOnly 
create commits when 
requested by the 
user. If unclear, ask 
first. When the user 
asks you to create a 
new git commit, 
follow these steps 
carefully:\n\nGit 
Safety Protocol:\n- 
NEVER update the git 
config\n- NEVER run de
structive/irreversible
 git commands (like 
push --force, hard 
reset, etc) unless 
the user explicitly 
requests them\n- 
NEVER skip hooks 
(--no-verify, 
--no-gpg-sign, etc) 
unless the user 
explicitly requests 
it\n- NEVER run force 
push to main/master, 
warn the user if they 
request it\n- Avoid 
git commit --amend. 
ONLY use --amend when 
ALL conditions are 
met:\n  (1) User 
explicitly requested 
amend, OR commit 
SUCCEEDED but 
pre-commit hook 
auto-modified files 
that need including\n 
 (2) HEAD commit was 
created by you in 
this conversation 
(verify: git log -1 
--format='%an %ae')\n 
 (3) Commit has NOT 
been pushed to remote 
(verify: git status 
shows \"Your branch 
is ahead\")\n- 
CRITICAL: If commit 
FAILED or was 
REJECTED by hook, 
NEVER amend - fix the 
issue and create a 
NEW commit\n- 
CRITICAL: If you 
already pushed to 
remote, NEVER amend 
unless user 
explicitly requests 
it (requires force 
push)\n- NEVER commit 
changes unless the 
user explicitly asks 
you to. It is VERY 
IMPORTANT to only 
commit when 
explicitly asked, 
otherwise the user 
will feel that you 
are being too 
proactive.\n\n1. You 
can call multiple 
tools in a single 
response. When 
multiple independent 
pieces of information 
are requested and all 
commands are likely 
to succeed, run 
multiple tool calls 
in parallel for 
optimal performance. 
run the following 
bash commands in 
parallel, each using 
the Bash tool:\n  - 
Run a git status 
command to see all 
untracked files.\n  - 
Run a git diff 
command to see both 
staged and unstaged 
changes that will be 
committed.\n  - Run a 
git log command to 
see recent commit 
messages, so that you 
can follow this 
repository's commit 
message style.\n2. 
Analyze all staged 
changes (both 
previously staged and 
newly added) and 
draft a commit 
message:\n  - 
Summarize the nature 
of the changes (eg. 
new feature, 
enhancement to an 
existing feature, bug 
fix, refactoring, 
test, docs, etc.). 
Ensure the message 
accurately reflects 
the changes and their 
purpose (i.e. \"add\" 
means a wholly new 
feature, \"update\" 
means an enhancement 
to an existing 
feature, \"fix\" 
means a bug fix, 
etc.).\n  - Do not 
commit files that 
likely contain 
secrets (.env, 
credentials.json, 
etc.). Warn the user 
if they specifically 
request to commit 
those files\n  - 
Draft a concise (1-2 
sentences) commit 
message that focuses 
on the \"why\" rather 
than the \"what\"\n  
- Ensure it 
accurately reflects 
the changes and their 
purpose\n3. You can 
call multiple tools 
in a single response. 
When multiple 
independent pieces of 
information are 
requested and all 
commands are likely 
to succeed, run 
multiple tool calls 
in parallel for 
optimal performance. 
run the following 
commands:\n   - Add 
relevant untracked 
files to the staging 
area.\n   - Create 
the commit with a 
message\n   - Run git 
status after the 
commit completes to 
verify success.\n   
Note: git status 
depends on the commit 
completing, so run it 
sequentially after 
the commit.\n4. If 
the commit fails due 
to pre-commit hook, 
fix the issue and 
create a NEW commit 
(see amend rules 
above)\n\nImportant 
notes:\n- NEVER run 
additional commands 
to read or explore 
code, besides git 
bash commands\n- 
NEVER use the 
TodoWrite or Task 
tools\n- DO NOT push 
to the remote 
repository unless the 
user explicitly asks 
you to do so\n- 
IMPORTANT: Never use 
git commands with the 
-i flag (like git 
rebase -i or git add 
-i) since they 
require interactive 
input which is not 
supported.\n- If 
there are no changes 
to commit (i.e., no 
untracked files and 
no modifications), do 
not create an empty 
commit\n\n# Creating 
pull requests\nUse 
the gh command via 
the Bash tool for ALL 
GitHub-related tasks 
including working 
with issues, pull 
requests, checks, and 
releases. If given a 
GitHub URL use the gh 
command to get the 
information 
needed.\n\nIMPORTANT: 
When the user asks 
you to create a pull 
request, follow these 
steps 
carefully:\n\n1. You 
can call multiple 
tools in a single 
response. When 
multiple independent 
pieces of information 
are requested and all 
commands are likely 
to succeed, run 
multiple tool calls 
in parallel for 
optimal performance. 
run the following 
bash commands in 
parallel using the 
Bash tool, in order 
to understand the 
current state of the 
branch since it 
diverged from the 
main branch:\n   - 
Run a git status 
command to see all 
untracked files\n   - 
Run a git diff 
command to see both 
staged and unstaged 
changes that will be 
committed\n   - Check 
if the current branch 
tracks a remote 
branch and is up to 
date with the remote, 
so you know if you 
need to push to the 
remote\n   - Run a 
git log command and 
`git diff 
[base-branch]...HEAD` 
to understand the 
full commit history 
for the current 
branch (from the time 
it diverged from the 
base branch)\n2. 
Analyze all changes 
that will be included 
in the pull request, 
making sure to look 
at all relevant 
commits (NOT just the 
latest commit, but 
ALL commits that will 
be included in the 
pull request!!!), and 
draft a pull request 
summary\n3. You can 
call multiple tools 
in a single response. 
When multiple 
independent pieces of 
information are 
requested and all 
commands are likely 
to succeed, run 
multiple tool calls 
in parallel for 
optimal performance. 
run the following 
commands in 
parallel:\n   - 
Create new branch if 
needed\n   - Push to 
remote with -u flag 
if needed\n   - 
Create PR using gh pr 
create with the 
format below. Use a 
HEREDOC to pass the 
body to ensure 
correct formatting.\n<
example>\ngh pr 
create --title \"the 
pr title\" --body 
\"$(cat <<'EOF'\n## 
Summary\n<1-3 bullet p
oints>\n</example>\n\n
Important:\n- DO NOT 
use the TodoWrite or 
Task tools\n- Return 
the PR URL when 
you're done, so the 
user can see it\n\n# 
Other common 
operations\n- View 
comments on a GitHub 
PR: gh api repos/foo/b
ar/pulls/123/comments\
n","parameters":{"$sch
ema":"https://json-sch
ema.org/draft/2020-12/
schema","type":"object
","properties":{"comma
nd":{"description":"Th
e command to execute",
"type":"string"},"time
out":{"description":"O
ptional timeout in mil
liseconds","type":"num
ber"},"workdir":{"desc
ription":"The working 
directory to run the 
command in. Defaults 
to C:\\Users\\danyp\\C
ODE\\project-devs-team
. Use this instead of 
'cd' commands.","type"
:"string"},"descriptio
n":{"description":"Cle
ar, concise 
description of what 
this command does in 
5-10 words. 
Examples:\nInput: 
ls\nOutput: Lists 
files in current 
directory\n\nInput: 
git status\nOutput: 
Shows working tree 
status\n\nInput: npm 
install\nOutput: 
Installs package depen
dencies\n\nInput: 
mkdir foo\nOutput: 
Creates directory 'foo
'","type":"string"}},"
required":["command","
description"],"additio
nalProperties":false},
"strict":false},{"type
":"function","name":"r
ead","description":"Re
ad a file or 
directory from the 
local filesystem. If 
the path does not 
exist, an error is ret
urned.\n\nUsage:\n- 
The filePath 
parameter should be 
an absolute path.\n- 
By default, this tool 
returns up to 2000 
lines from the start 
of the file.\n- The 
offset parameter is 
the line number to 
start from 
(1-indexed).\n- To 
read later sections, 
call this tool again 
with a larger 
offset.\n- Use the 
grep tool to find 
specific content in 
large files or files 
with long lines.\n- 
If you are unsure of 
the correct file 
path, use the glob 
tool to look up 
filenames by glob 
pattern.\n- Contents 
are returned with 
each line prefixed by 
its line number as 
`<line>: <content>`. 
For example, if a 
file has contents 
\"foo\\n\", you will 
receive \"1: 
foo\\n\". For 
directories, entries 
are returned one per 
line (without line 
numbers) with a 
trailing `/` for 
subdirectories.\n- 
Any line longer than 
2000 characters is 
truncated.\n- Call 
this tool in parallel 
when you know there 
are multiple files 
you want to read.\n- 
Avoid tiny repeated 
slices (30 line 
chunks). If you need 
more context, read a 
larger window.\n- 
This tool can read 
image files and PDFs 
and return them as 
file attachments.\n","
parameters":{"$schema"
:"https://json-schema.
org/draft/2020-12/sche
ma","type":"object","p
roperties":{"filePath"
:{"description":"The 
absolute path to the 
file or directory to r
ead","type":"string"},
"offset":{"description
":"The line number to 
start reading from (1-
indexed)","type":"numb
er"},"limit":{"descrip
tion":"The maximum 
number of lines to 
read (defaults to 2000
)","type":"number"}},"
required":["filePath"]
,"additionalProperties
":false},"strict":fals
e},{"type":"function",
"name":"glob","descrip
tion":"- Fast file 
pattern matching tool 
that works with any 
codebase size\n- 
Supports glob 
patterns like 
\"**/*.js\" or 
\"src/**/*.ts\"\n- 
Returns matching file 
paths sorted by 
modification time\n- 
Use this tool when 
you need to find 
files by name 
patterns\n- When you 
are doing an 
open-ended search 
that may require 
multiple rounds of 
globbing and 
grepping, use the 
Task tool instead\n- 
You have the 
capability to call 
multiple tools in a 
single response. It 
is always better to 
speculatively perform 
multiple searches as 
a batch that are 
potentially useful.\n"
,"parameters":{"$schem
a":"https://json-schem
a.org/draft/2020-12/sc
hema","type":"object",
"properties":{"pattern
":{"description":"The 
glob pattern to match 
files against","type":
"string"},"path":{"des
cription":"The 
directory to search 
in. If not specified, 
the current working 
directory will be 
used. IMPORTANT: Omit 
this field to use the 
default directory. DO 
NOT enter 
\"undefined\" or 
\"null\" - simply 
omit it for the 
default behavior. 
Must be a valid 
directory path if prov
ided.","type":"string"
}},"required":["patter
n"],"additionalPropert
ies":false},"strict":f
alse},{"type":"functio
n","name":"grep","desc
ription":"- Fast 
content search tool 
that works with any 
codebase size\n- 
Searches file 
contents using 
regular 
expressions\n- 
Supports full regex 
syntax (eg. 
\"log.*Error\", 
\"function\\s+\\w+\", 
etc.)\n- Filter files 
by pattern with the 
include parameter 
(eg. \"*.js\", 
\"*.{ts,tsx}\")\n- 
Returns file paths 
and line numbers with 
at least one match 
sorted by 
modification time\n- 
Use this tool when 
you need to find 
files containing 
specific patterns\n- 
If you need to 
identify/count the 
number of matches 
within files, use the 
Bash tool with `rg` 
(ripgrep) directly. 
Do NOT use `grep`.\n- 
When you are doing an 
open-ended search 
that may require 
multiple rounds of 
globbing and 
grepping, use the 
Task tool instead\n","
parameters":{"$schema"
:"https://json-schema.
org/draft/2020-12/sche
ma","type":"object","p
roperties":{"pattern":
{"description":"The 
regex pattern to 
search for in file con
tents","type":"string"
},"path":{"description
":"The directory to 
search in. Defaults 
to the current 
working directory.","t
ype":"string"},"includ
e":{"description":"Fil
e pattern to include 
in the search (e.g. 
\"*.js\", \"*.{ts,tsx}
\")","type":"string"}}
,"required":["pattern"
],"additionalPropertie
s":false},"strict":fal
se},{"type":"function"
,"name":"edit","descri
ption":"Performs 
exact string 
replacements in 
files. \n\nUsage:\n- 
You must use your 
`Read` tool at least 
once in the 
conversation before 
editing. This tool 
will error if you 
attempt an edit 
without reading the 
file. \n- When 
editing text from 
Read tool output, 
ensure you preserve 
the exact indentation 
(tabs/spaces) as it 
appears AFTER the 
line number prefix. 
The line number 
prefix format is: 
line number + colon + 
space (e.g., `1: `). 
Everything after that 
space is the actual 
file content to 
match. Never include 
any part of the line 
number prefix in the 
oldString or 
newString.\n- ALWAYS 
prefer editing 
existing files in the 
codebase. NEVER write 
new files unless 
explicitly 
required.\n- Only use 
emojis if the user 
explicitly requests 
it. Avoid adding 
emojis to files 
unless asked.\n- The 
edit will FAIL if 
`oldString` is not 
found in the file 
with an error 
\"oldString not found 
in content\".\n- The 
edit will FAIL if 
`oldString` is found 
multiple times in the 
file with an error 
\"Found multiple 
matches for 
oldString. Provide 
more surrounding 
lines in oldString to 
identify the correct 
match.\" Either 
provide a larger 
string with more 
surrounding context 
to make it unique or 
use `replaceAll` to 
change every instance 
of `oldString`. \n- 
Use `replaceAll` for 
replacing and 
renaming strings 
across the file. This 
parameter is useful 
if you want to rename 
a variable for instanc
e.\n","parameters":{"$
schema":"https://json-
schema.org/draft/2020-
12/schema","type":"obj
ect","properties":{"fi
lePath":{"description"
:"The absolute path 
to the file to modify"
,"type":"string"},"old
String":{"description"
:"The text to replace"
,"type":"string"},"new
String":{"description"
:"The text to replace 
it with (must be 
different from oldStri
ng)","type":"string"},
"replaceAll":{"descrip
tion":"Replace all 
occurrences of 
oldString (default fal
se)","type":"boolean"}
},"required":["filePat
h","oldString","newStr
ing"],"additionalPrope
rties":false},"strict"
:false},{"type":"funct
ion","name":"write","d
escription":"Writes a 
file to the local file
system.\n\nUsage:\n- 
This tool will 
overwrite the 
existing file if 
there is one at the 
provided path.\n- If 
this is an existing 
file, you MUST use 
the Read tool first 
to read the file's 
contents. This tool 
will fail if you did 
not read the file 
first.\n- ALWAYS 
prefer editing 
existing files in the 
codebase. NEVER write 
new files unless 
explicitly 
required.\n- NEVER 
proactively create 
documentation files 
(*.md) or README 
files. Only create 
documentation files 
if explicitly 
requested by the 
User.\n- Only use 
emojis if the user 
explicitly requests 
it. Avoid writing 
emojis to files 
unless asked.\n","para
meters":{"$schema":"ht
tps://json-schema.org/
draft/2020-12/schema",
"type":"object","prope
rties":{"content":{"de
scription":"The 
content to write to 
the file","type":"stri
ng"},"filePath":{"desc
ription":"The 
absolute path to the 
file to write (must 
be absolute, not relat
ive)","type":"string"}
},"required":["content
","filePath"],"additio
nalProperties":false},
"strict":false},{"type
":"function","name":"t
ask","description":"La
unch a new agent to 
handle complex, 
multistep tasks autono
mously.\n\nAvailable 
agent types and the 
tools they have 
access to:\n- 
general: 
General-purpose agent 
for researching 
complex questions and 
executing multi-step 
tasks. Use this agent 
to execute multiple 
units of work in 
parallel.\n- explore: 
Fast agent 
specialized for 
exploring codebases. 
Use this when you 
need to quickly find 
files by patterns 
(eg. \"src/components/
**/*.tsx\"), search 
code for keywords 
(eg. \"API 
endpoints\"), or 
answer questions 
about the codebase 
(eg. \"how do API 
endpoints work?\"). 
When calling this 
agent, specify the 
desired thoroughness 
level: \"quick\" for 
basic searches, 
\"medium\" for 
moderate exploration, 
or \"very thorough\" 
for comprehensive 
analysis across 
multiple locations 
and naming 
conventions.\n\nWhen 
using the Task tool, 
you must specify a 
subagent_type 
parameter to select 
which agent type to 
use.\n\nWhen to use 
the Task tool:\n- 
When you are 
instructed to execute 
custom slash 
commands. Use the 
Task tool with the 
slash command 
invocation as the 
entire prompt. The 
slash command can 
take arguments. For 
example: Task(descript
ion=\"Check the 
file\", 
prompt=\"/check-file p
ath/to/file.py\")\n\nW
hen NOT to use the 
Task tool:\n- If you 
want to read a 
specific file path, 
use the Read or Glob 
tool instead of the 
Task tool, to find 
the match more 
quickly\n- If you are 
searching for a 
specific class 
definition like 
\"class Foo\", use 
the Glob tool 
instead, to find the 
match more quickly\n- 
If you are searching 
for code within a 
specific file or set 
of 2-3 files, use the 
Read tool instead of 
the Task tool, to 
find the match more 
quickly\n- Other 
tasks that are not 
related to the agent 
descriptions 
above\n\n\nUsage 
notes:\n1. Launch 
multiple agents 
concurrently whenever 
possible, to maximize 
performance; to do 
that, use a single 
message with multiple 
tool uses\n2. When 
the agent is done, it 
will return a single 
message back to you. 
The result returned 
by the agent is not 
visible to the user. 
To show the user the 
result, you should 
send a text message 
back to the user with 
a concise summary of 
the result. The 
output includes a 
task_id you can reuse 
later to continue the 
same subagent 
session.\n3. Each 
agent invocation 
starts with a fresh 
context unless you 
provide task_id to 
resume the same 
subagent session 
(which continues with 
its previous messages 
and tool outputs). 
When starting fresh, 
your prompt should 
contain a highly 
detailed task 
description for the 
agent to perform 
autonomously and you 
should specify 
exactly what 
information the agent 
should return back to 
you in its final and 
only message to 
you.\n4. The agent's 
outputs should 
generally be 
trusted\n5. Clearly 
tell the agent 
whether you expect it 
to write code or just 
to do research 
(search, file reads, 
web fetches, etc.), 
since it is not aware 
of the user's intent. 
Tell it how to verify 
its work if possible 
(e.g., relevant test 
commands).\n6. If the 
agent description 
mentions that it 
should be used 
proactively, then you 
should try your best 
to use it without the 
user having to ask 
for it first. Use 
your 
judgement.\n\nExample 
usage (NOTE: The 
agents below are 
fictional examples 
for illustration only 
- use the actual 
agents listed above):\
n\n<example_agent_desc
riptions>\n\"code-revi
ewer\": use this 
agent after you are 
done writing a 
significant piece of c
ode\n\"greeting-respon
der\": use this agent 
when to respond to 
user greetings with a 
friendly joke\n</examp
le_agent_description>\
n\n<example>\nuser: 
\"Please write a 
function that checks 
if a number is 
prime\"\nassistant: 
Sure let me write a 
function that checks 
if a number is 
prime\nassistant: 
First let me use the 
Write tool to write a 
function that checks 
if a number is 
prime\nassistant: I'm 
going to use the 
Write tool to write 
the following code:\n<
code>\nfunction 
isPrime(n) {\n  if (n 
<= 1) return false\n  
for (let i = 2; i * i 
<= n; i++) {\n    if 
(n % i === 0) return 
false\n  }\n  return t
rue\n}\n</code>\n<comm
entary>\nSince a 
significant piece of 
code was written and 
the task was 
completed, now use 
the code-reviewer 
agent to review the co
de\n</commentary>\nass
istant: Now let me 
use the code-reviewer 
agent to review the 
code\nassistant: Uses 
the Task tool to 
launch the 
code-reviewer agent\n<
/example>\n\n<example>
\nuser: \"Hello\"\n<co
mmentary>\nSince the 
user is greeting, use 
the 
greeting-responder 
agent to respond with 
a friendly joke\n</com
mentary>\nassistant: 
\"I'm going to use 
the Task tool to 
launch the with the 
greeting-responder age
nt\"\n</example>\n","p
arameters":{"$schema":
"https://json-schema.o
rg/draft/2020-12/schem
a","type":"object","pr
operties":{"descriptio
n":{"description":"A 
short (3-5 words) 
description of the tas
k","type":"string"},"p
rompt":{"description":
"The task for the 
agent to perform","typ
e":"string"},"subagent
_type":{"description":
"The type of 
specialized agent to 
use for this task","ty
pe":"string"},"task_id
":{"description":"This
 should only be set 
if you mean to resume 
a previous task (you 
can pass a prior 
task_id and the task 
will continue the 
same subagent session 
as before instead of 
creating a fresh one)"
,"type":"string"},"com
mand":{"description":"
The command that 
triggered this task","
type":"string"}},"requ
ired":["description","
prompt","subagent_type
"],"additionalProperti
es":false},"strict":fa
lse},{"type":"function
","name":"webfetch","d
escription":"- 
Fetches content from 
a specified URL\n- 
Takes a URL and 
optional format as 
input\n- Fetches the 
URL content, converts 
to requested format 
(markdown by 
default)\n- Returns 
the content in the 
specified format\n- 
Use this tool when 
you need to retrieve 
and analyze web 
content\n\nUsage 
notes:\n  - 
IMPORTANT: if another 
tool is present that 
offers better web 
fetching 
capabilities, is more 
targeted to the task, 
or has fewer 
restrictions, prefer 
using that tool 
instead of this 
one.\n  - The URL 
must be a 
fully-formed valid 
URL\n  - HTTP URLs 
will be automatically 
upgraded to HTTPS\n  
- Format options: 
\"markdown\" 
(default), \"text\", 
or \"html\"\n  - This 
tool is read-only and 
does not modify any 
files\n  - Results 
may be summarized if 
the content is very la
rge\n","parameters":{"
$schema":"https://json
-schema.org/draft/2020
-12/schema","type":"ob
ject","properties":{"u
rl":{"description":"Th
e URL to fetch 
content from","type":"
string"},"format":{"de
scription":"The 
format to return the 
content in (text, 
markdown, or html). 
Defaults to markdown."
,"default":"markdown",
"type":"string","enum"
:["text","markdown","h
tml"]},"timeout":{"des
cription":"Optional 
timeout in seconds 
(max 120)","type":"num
ber"}},"required":["ur
l","format"],"addition
alProperties":false},"
strict":false},{"type"
:"function","name":"to
dowrite","description"
:"Use this tool to 
create and manage a 
structured task list 
for your current 
coding session. This 
helps you track 
progress, organize 
complex tasks, and 
demonstrate 
thoroughness to the 
user.\nIt also helps 
the user understand 
the progress of the 
task and overall 
progress of their 
requests.\n\n## When 
to Use This Tool\nUse 
this tool proactively 
in these 
scenarios:\n\n1. 
Complex multistep 
tasks - When a task 
requires 3 or more 
distinct steps or 
actions\n2. 
Non-trivial and 
complex tasks - Tasks 
that require careful 
planning or multiple 
operations\n3. User 
explicitly requests 
todo list - When the 
user directly asks 
you to use the todo 
list\n4. User 
provides multiple 
tasks - When users 
provide a list of 
things to be done 
(numbered or 
comma-separated)\n5. 
After receiving new 
instructions - 
Immediately capture 
user requirements as 
todos. Feel free to 
edit the todo list 
based on new 
information.\n6. 
After completing a 
task - Mark it 
complete and add any 
new follow-up 
tasks\n7. When you 
start working on a 
new task, mark the 
todo as in_progress. 
Ideally you should 
only have one todo as 
in_progress at a 
time. Complete 
existing tasks before 
starting new 
ones.\n\n## When NOT 
to Use This 
Tool\n\nSkip using 
this tool when:\n1. 
There is only a 
single, 
straightforward 
task\n2. The task is 
trivial and tracking 
it provides no 
organizational 
benefit\n3. The task 
can be completed in 
less than 3 trivial 
steps\n4. The task is 
purely conversational 
or 
informational\n\nNOTE 
that you should not 
use this tool if 
there is only one 
trivial task to do. 
In this case you are 
better off just doing 
the task 
directly.\n\n## 
Examples of When to 
Use the Todo List\n\n<
example>\nUser: I 
want to add a dark 
mode toggle to the 
application settings. 
Make sure you run the 
tests and build when 
you're 
done!\nAssistant: 
I'll help add a dark 
mode toggle to your 
application settings. 
Let me create a todo 
list to track this imp
lementation.\n*Creates
 todo list with the 
following items:*\n1. 
Create dark mode 
toggle component in 
Settings page\n2. Add 
dark mode state 
management 
(context/store)\n3. 
Implement CSS-in-JS 
styles for dark 
theme\n4. Update 
existing components 
to support theme 
switching\n5. Run 
tests and build 
process, addressing 
any failures or 
errors that 
occur\n*Begins 
working on the first t
ask*\n\n<reasoning>\nT
he assistant used the 
todo list 
because:\n1. Adding 
dark mode is a 
multi-step feature 
requiring UI, state 
management, and 
styling changes\n2. 
The user explicitly 
requested tests and 
build be run 
afterward\n3. The 
assistant inferred 
that tests and build 
need to pass by 
adding \"Ensure tests 
and build succeed\" 
as the final task\n</r
easoning>\n</example>\
n\n<example>\nUser: 
Help me rename the 
function getCwd to get
CurrentWorkingDirector
y across my 
project\nAssistant: 
Let me first search 
through your codebase 
to find all 
occurrences of 
'getCwd'.\n*Uses grep 
or search tools to 
locate all instances 
of getCwd in the 
codebase*\nAssistant: 
I've found 15 
instances of 'getCwd' 
across 8 different 
files. Let me create 
a todo list to track 
these 
changes.\n*Creates 
todo list with 
specific items for 
each file that needs u
pdating*\n\n<reasoning
>\nThe assistant used 
the todo list 
because:\n1. First, 
the assistant 
searched to 
understand the scope 
of the task\n2. Upon 
finding multiple 
occurrences across 
different files, it 
determined this was a 
complex task with 
multiple steps\n3. 
The todo list helps 
ensure every instance 
is tracked and 
updated 
systematically\n4. 
This approach 
prevents missing any 
occurrences and 
maintains code consist
ency\n</reasoning>\n</
example>\n\n\n<example
>\nUser: I need to 
implement these 
features for my 
e-commerce site: user 
registration, product 
catalog, shopping 
cart, and checkout 
flow.\nAssistant: 
I'll help implement 
these features. 
First, let's add all 
the features to the 
todo list.\n*Creates 
a todo list breaking 
down each feature 
into specific tasks 
based on the project a
rchitecture*\nAssistan
t: Let's start with 
user registration. 
This will involve 
creating database 
models, API 
endpoints, and 
frontend forms that 
integrate with your 
existing 
authentication system.
\n\n<reasoning>\nThe 
assistant used the 
todo list 
because:\n1. The user 
provided multiple 
complex features to 
implement in a comma 
separated list\n2. 
The todo list helps 
organize these large 
features into 
manageable tasks\n3. 
This approach allows 
for tracking progress 
across the entire impl
ementation\n</reasonin
g>\n</example>\n\n<exa
mple>\nUser: Can you 
help optimize my 
React application? 
It's rendering slowly 
and has performance is
sues.</user>\nAssistan
t: I'll help optimize 
your React 
application. First, 
let me examine your 
codebase to identify 
potential performance 
bottlenecks.\n*Reviews
 component structure, 
render patterns, 
state management, and 
data 
fetching*\nAssistant: 
After analyzing your 
codebase, I've 
identified several 
performance issues. 
Let me create a todo 
list to track our 
optimization 
efforts.\n*Creates 
todo list with items 
like: 1) Implement 
memoization for 
expensive 
calculations in 
ProductList, 2) Add 
virtualization for 
long lists in 
Dashboard, 3) 
Optimize image 
loading in Gallery 
component, 4) Fix 
state update loops in 
ShoppingCart, 5) 
Review bundle size 
and implement code 
splitting*\nLet's 
start by implementing 
memoization for the 
expensive 
calculations in your 
ProductList component.
</assistant>\n\n<reaso
ning>\nThe assistant 
used the todo list 
because:\n1. First, 
the assistant 
examined the codebase 
to identify specific 
performance 
issues\n2. Based on 
this analysis, it 
identified multiple 
optimization 
opportunities\n3. 
Performance 
optimization is a 
non-trivial task 
requiring multiple 
steps\n4. The todo 
list helps 
methodically track 
improvements across 
different 
components\n5. This 
systematic approach 
ensures all 
performance 
bottlenecks are addres
sed\n</reasoning>\n</e
xample>\n\n## 
Examples of When NOT 
to Use the Todo List\n
\n<example>\nUser: 
How do I print 'Hello 
World' in 
Python?\nAssistant: 
In Python, you can 
print \"Hello World\" 
with this simple code:
\n\npython\nprint(\"He
llo World\")\n\nThis 
will output the text 
\"Hello World\" to 
the console when execu
ted.</assistant>\n\n<r
easoning>\nThe 
assistant did not use 
the todo list because 
this is a single, 
trivial task that can 
be completed in one 
step. There's no need 
to track multiple 
tasks or steps for 
such a 
straightforward reques
t.\n</reasoning>\n</ex
ample>\n\n<example>\nU
ser: What does the 
git status command 
do?\nAssistant: The 
git status command 
shows the current 
state of your working 
directory and staging 
area. It displays 
which changes have 
been staged, which 
haven't, and which 
files aren't being 
tracked by Git. This 
is a fundamental 
command for 
understanding the 
current state of your 
repository before 
making commits.\n\n<re
asoning>\nThe 
assistant did not use 
the todo list because 
this is an 
informational request 
with no actual coding 
task to complete. The 
user is simply asking 
for an explanation, 
not for the assistant 
to perform multiple 
steps or tasks.\n</rea
soning>\n</example>\n\
n<example>\nUser: Can 
you add a comment to 
the calculateTotal 
function to explain 
what it 
does?\nAssistant: 
Sure, let me add a 
comment to the 
calculateTotal 
function to explain 
what it does.\n* Uses 
the Edit tool to add 
a comment to the 
calculateTotal 
function 
*\n\n<reasoning>\nThe 
assistant did not use 
the todo list because 
this is a single, 
straightforward task 
confined to one 
location in the code. 
Adding a comment 
doesn't require 
tracking multiple 
steps or systematic or
ganization.\n</reasoni
ng>\n</example>\n\n<ex
ample>\nUser: Run npm 
install for me and 
tell me what 
happens.\nAssistant: 
I'll run the npm 
install command for 
you.\n\n*Executes: 
npm install*\n\nThe 
command completed 
successfully. Here's 
the output:\n[Output 
of npm install 
command]\n\nAll 
dependencies have 
been installed 
according to your 
package.json file.\n\n
<reasoning>\nThe 
assistant did not use 
the todo list because 
this is a single 
command execution 
with immediate 
results. There are no 
multiple steps to 
track or organize, 
making the todo list 
unnecessary for this 
straightforward task.\
n</reasoning>\n</examp
le>\n\n## Task States 
and Management\n\n1. 
**Task States**: Use 
these states to track 
progress:\n   - 
pending: Task not yet 
started\n   - 
in_progress: 
Currently working on 
(limit to ONE task at 
a time)\n   - 
completed: Task 
finished 
successfully\n   - 
cancelled: Task no 
longer needed\n\n2. 
**Task 
Management**:\n   - 
Update task status in 
real-time as you 
work\n   - Mark tasks 
complete IMMEDIATELY 
after finishing 
(don't batch 
completions)\n   - 
Only have ONE task 
in_progress at any 
time\n   - Complete 
current tasks before 
starting new ones\n   
- Cancel tasks that 
become 
irrelevant\n\n3. 
**Task Breakdown**:\n 
  - Create specific, 
actionable items\n   
- Break complex tasks 
into smaller, 
manageable steps\n   
- Use clear, 
descriptive task 
names\n\nWhen in 
doubt, use this tool. 
Being proactive with 
task management 
demonstrates 
attentiveness and 
ensures you complete 
all requirements succe
ssfully.\n\n","paramet
ers":{"$schema":"https
://json-schema.org/dra
ft/2020-12/schema","ty
pe":"object","properti
es":{"todos":{"descrip
tion":"The updated 
todo list","type":"arr
ay","items":{"type":"o
bject","properties":{"
content":{"description
":"Brief description 
of the task","type":"s
tring"},"status":{"des
cription":"Current 
status of the task: 
pending, in_progress, 
completed, cancelled",
"type":"string"},"prio
rity":{"description":"
Priority level of the 
task: high, medium, lo
w","type":"string"}},"
required":["content","
status","priority"],"a
dditionalProperties":f
alse}}},"required":["t
odos"],"additionalProp
erties":false},"strict
":false},{"type":"func
tion","name":"skill","
description":"Load a 
specialized skill 
that provides 
domain-specific 
instructions and 
workflows. No skills 
are currently availabl
e.","parameters":{"$sc
hema":"https://json-sc
hema.org/draft/2020-12
/schema","type":"objec
t","properties":{"name
":{"description":"The 
name of the skill 
from available_skills"
,"type":"string"}},"re
quired":["name"],"addi
tionalProperties":fals
e},"strict":false}],"t
ool_choice":"auto","st
ream":true},"statusCod
e":404,"responseHeader
s":{"connection":"keep
-alive","content-lengt
h":"19","content-type"
:"text/plain; charset=
utf-8","date":"Sun, 
15 Mar 2026 08:34:01 G
MT","vary":"Origin","x
-content-type-options"
:"nosniff"},"responseB
ody":"404 page not fou
nd\n","isRetryable":fa
lse}} stream error
ERROR 
2026-03-15T08:34:02 
+1ms service=session.p
rocessor error=Not 
Found stack="AI_APICal
lError: Not Found\n   
 at <anonymous> (../..
/node_modules/.bun/@ai
-sdk+provider-utils@3.
0.20+d6123d32214422cb/
node_modules/@ai-sdk/p
rovider-utils/dist/ind
ex.mjs:950:18)\n    
at processTicksAndReje
ctions (native:7:39)" 
process
INFO  
2026-03-15T08:34:02 
+0ms service=bus 
type=session.status 
publishing
INFO  
2026-03-17T04:45:41 
+159099278ms 
service=llm 
providerID=openai 
modelID=nemotron sessi
onID=ses_30f6e242fffec
CYRrLZXaMu3NS 
small=false 
agent=build 
mode=primary stream
INFO  
2026-03-17T04:45:41 
+177ms 
service=scheduler 
id=snapshot.cleanup 
run
INFO  
2026-03-17T04:45:41 
+78ms 
service=scheduler id=t
ool.truncation.cleanup
 run
ERROR 
2026-03-17T04:45:42 
+645ms 
service=models.dev 
error=Unable to 
connect. Is the 
computer able to 
access the url? 
Failed to fetch 
models.dev
INFO  
2026-03-17T04:45:42 
+249ms service=bus 
type=session.status 
publishing
ERROR 
2026-03-17T04:45:42 
+58ms service=llm 
providerID=openai 
modelID=nemotron sessi
onID=ses_30f6e242fffec
CYRrLZXaMu3NS 
small=false 
agent=build 
mode=primary error={"e
rror":{"code":"Connect
ionRefused","path":"ht
tps://integrate.api.nv
idia.com/v1/responses"
,"errno":0}} stream 
error
ERROR 
2026-03-17T04:45:42 
+3ms service=session.p
rocessor error=Unable 
to connect. Is the 
computer able to 
access the url? 
process
INFO  
2026-03-17T04:45:42 
+0ms service=bus 
type=session.error 
publishing
INFO  
2026-03-17T04:45:42 
+1ms service=bus 
type=session.status 
publishing
INFO  
2026-03-17T04:45:42 
+0ms service=bus 
type=session.idle 
publishing
INFO  
2026-03-17T04:45:43 
+799ms service=bus 
type=message.updated 
publishing
INFO  
2026-03-17T04:45:43 
+155ms service=session
.compaction pruning
INFO  
2026-03-17T04:45:43 
+59ms service=session.
prompt sessionID=ses_3
0f6e242fffecCYRrLZXaMu
3NS cancel
INFO  
2026-03-17T04:45:43 
+0ms service=bus 
type=session.status 
publishing
INFO  
2026-03-17T04:45:43 
+0ms service=bus 
type=session.idle 
publishing
[91m[1mError: 
[0mError: Unable to 
connect. Is the 
computer able to 
access the url?
INFO  
2026-03-17T04:45:43 
+2ms service=session.c
ompaction pruned=0 
total=0 found
INFO  
2026-03-17T04:45:43 
+2ms service=default d
irectory=C:\Users\dany
p\CODE\project-devs-te
am disposing instance
INFO  
2026-03-17T04:45:43 
+0ms service=state key
=C:\Users\danyp\CODE\p
roject-devs-team 
waiting for state 
disposal to complete
INFO  
2026-03-17T04:45:43 
+2ms service=bus type=
file.watcher.updated 
unsubscribing
INFO  
2026-03-17T04:45:44 
+51ms service=state ke
y=C:\Users\danyp\CODE\
project-devs-team 
state disposal 
completed
